******************************************************************************
            TI ARM Clang Linker PC v4.0.4                      
******************************************************************************
>> Linked Fri May  1 23:15:54 2026

OUTPUT FILE NAME:   <optoelectronicrace_26.out>
ENTRY POINT SYMBOL: "_c_int00_noargs"  address: 00005c25


MEMORY CONFIGURATION

         name            origin    length      used     unused   attr    fill
----------------------  --------  ---------  --------  --------  ----  --------
  FLASH                 00000000   00020000  00006eb8  00019148  R  X
  SRAM                  20200000   00008000  000006e2  0000791e  RW X
  BCR_CONFIG            41c00000   000000ff  00000000  000000ff  R   
  BSL_CONFIG            41c00100   00000080  00000000  00000080  R   


SEGMENT ALLOCATION MAP

run origin  load origin   length   init length attrs members
----------  ----------- ---------- ----------- ----- -------
00000000    00000000    00006eb8   00006eb8    r-x
  00000000    00000000    000000c0   000000c0    r-- .intvecs
  000000c0    000000c0    00006360   00006360    r-x .text
  00006420    00006420    00000a40   00000a40    r-- .rodata
  00006e60    00006e60    00000058   00000058    r-- .cinit
20200000    20200000    000004e5   00000000    rw-
  20200000    20200000    00000379   00000000    rw- .bss
  2020037c    2020037c    00000169   00000000    rw- .data
20207e00    20207e00    00000200   00000000    rw-
  20207e00    20207e00    00000200   00000000    rw- .stack


SECTION ALLOCATION MAP

 output                                  attributes/
section   page    origin      length       input sections
--------  ----  ----------  ----------   ----------------
.intvecs   0    00000000    000000c0     
                  00000000    000000c0     startup_mspm0g350x_ticlang.o (.intvecs)

.text      0    000000c0    00006360     
                  000000c0    000009d0     libc.a : _printfi.c.obj (.text:__TI_printfi)
                  00000a90    000007d0     Easy_Menu_Page.o (.text.Ordinary_Page_Input)
                  00001260    000007c4     Easy_Menu_Item.o (.text.Data_Item_Input)
                  00001a24    000004a0     Easy_Menu.o (.text.Easy_Menu_All_Update)
                  00001ec4    0000042c     Easy_Menu_Page.o (.text.Ordinary_Page_Enter)
                  000022f0    00000364     Easy_Menu_Page.o (.text.Ordinary_Page_Refresh)
                  00002654    00000220     libc.a : _printfi.c.obj (.text._pconv_a)
                  00002874    000001dc            : _printfi.c.obj (.text._pconv_g)
                  00002a50    000001d8     Easy_Menu_Page.o (.text.Ordinary_Page_Display)
                  00002c28    00000192     libclang_rt.builtins.a : adddf3.S.obj (.text.adddf3_subdf3)
                  00002dba    00000002                            : aeabi_div0.c.obj (.text.__aeabi_idiv0)
                  00002dbc    00000188     No_Mcu_Ganv_Grayscale_Sensor.o (.text.No_MCU_Ganv_Sensor_Init)
                  00002f44    0000017c     ti_msp_dl_config.o (.text.SYSCFG_DL_GPIO_init)
                  000030c0    00000154     Easy_Menu_User.o (.text.Easy_Menu_Ui_Init)
                  00003214    0000013c     libc.a : _printfi.c.obj (.text.fcvt)
                  00003350    00000124     Trackline.o (.text.Trackline_Task)
                  00003474    00000120     libc.a : _printfi.c.obj (.text._pconv_e)
                  00003594    00000118     OLED.o (.text.OLED_ShowChar)
                  000036ac    0000010c     libclang_rt.builtins.a : divdf3.S.obj (.text.__divdf3)
                  000037b8    00000104     driverlib.a : dl_timer.o (.text.DL_Timer_initFourCCPWMMode)
                  000038bc    000000fa     OLED.o (.text.OLED_Init)
                  000039b6    000000f6     OLED.o (.text.OLED_ShowNum)
                  00003aac    000000e4     libclang_rt.builtins.a : muldf3.S.obj (.text.__muldf3)
                  00003b90    000000d8     libc.a : s_scalbn.c.obj (.text.scalbn)
                  00003c68    000000d8     libclang_rt.builtins.a : addsf3.S.obj (.text)
                  00003d40    000000cc     Easy_Menu_Item.o (.text.Data_Item_Init)
                  00003e0c    000000b8     No_Mcu_Ganv_Grayscale_Sensor.o (.text.Get_Analog_value)
                  00003ec4    000000aa     No_Mcu_Ganv_Grayscale_Sensor.o (.text.normalizeAnalogValues)
                  00003f6e    00000002     libclang_rt.builtins.a : aeabi_div0.c.obj (.text.__aeabi_ldiv0)
                  00003f70    000000a2                            : udivmoddi4.S.obj (.text)
                  00004012    00000002     --HOLE-- [fill = 0]
                  00004014    000000a0     Knob_drv.o (.text.Knob_get)
                  000040b4    00000090     Easy_Menu.o (.text.Easy_Menu_Area_Clear)
                  00004144    00000090     Easy_Menu_Core.o (.text.Easy_Menu_Goto_Page)
                  000041d4    00000090     ti_msp_dl_config.o (.text.SYSCFG_DL_PWM_0_init)
                  00004264    0000008c     ti_msp_dl_config.o (.text.SYSCFG_DL_initPower)
                  000042f0    00000086     Easy_Menu.o (.text.Easy_Menu_Display_String)
                  00004376    00000002     --HOLE-- [fill = 0]
                  00004378    00000084     ti_msp_dl_config.o (.text.__NVIC_SetPriority)
                  000043fc    00000080     Knob_drv.o (.text.Knob_Tick_1ms)
                  0000447c    00000080     Motor.o (.text.Motor_B_EncoderIRQHandler)
                  000044fc    0000007c     Easy_Menu_Page.o (.text.Ordinary_Page_Init)
                  00004578    0000007c     libc.a : copy_decompress_lzss.c.obj (.text:decompress:lzss)
                  000045f4    00000078     main.o (.text.main)
                  0000466c    00000074     OLED.o (.text.Send_Byte)
                  000046e0    00000074     libclang_rt.builtins.a : comparedf2.c.obj (.text.__gedf2)
                  00004754    00000072     No_Mcu_Ganv_Grayscale_Sensor.o (.text.No_MCU_Ganv_Sensor_Init_Frist)
                  000047c6    00000002     --HOLE-- [fill = 0]
                  000047c8    0000006c     ti_msp_dl_config.o (.text.SYSCFG_DL_ADC_line_detector_init)
                  00004834    0000006c     No_Mcu_Ganv_Grayscale_Sensor.o (.text.convertAnalogToDigital)
                  000048a0    0000006a     OLED.o (.text.OLED_Clear)
                  0000490a    00000002     --HOLE-- [fill = 0]
                  0000490c    00000068     libclang_rt.builtins.a : comparedf2.c.obj (.text.__ledf2)
                  00004974    00000066     libc.a : _printfi.c.obj (.text._mcpy)
                  000049da    00000002     --HOLE-- [fill = 0]
                  000049dc    00000064     ti_msp_dl_config.o (.text.DL_ADC12_initSingleSample)
                  00004a40    00000062     libclang_rt.builtins.a : aeabi_dcmp.S.obj (.text.__aeabi_dcmp)
                  00004aa2    00000002     --HOLE-- [fill = 0]
                  00004aa4    00000062                            : aeabi_fcmp.S.obj (.text.__aeabi_fcmp)
                  00004b06    00000002     --HOLE-- [fill = 0]
                  00004b08    0000005c     Easy_Menu.o (.text.Easy_Menu_All_Clear)
                  00004b64    0000005c     ADC.o (.text.adc_getValue)
                  00004bc0    0000005c     libc.a : s_frexp.c.obj (.text.frexp)
                  00004c1c    00000058     Easy_Menu_Item.o (.text.Switch_Item_Input)
                  00004c74    00000058     libc.a : _ltoa.c.obj (.text.__TI_ltoa)
                  00004ccc    00000058            : _printfi.c.obj (.text._pconv_f)
                  00004d24    00000056     libclang_rt.builtins.a : aeabi_idivmod.S.obj (.text.__aeabi_idivmod)
                  00004d7a    00000054     Easy_Menu.o (.text.Compare_String)
                  00004dce    00000002     --HOLE-- [fill = 0]
                  00004dd0    00000054     ti_msp_dl_config.o (.text.DL_Timer_configQEI)
                  00004e24    00000054     Knob_drv.o (.text.Knob_EXTI_Handler)
                  00004e78    00000054     Trackline.o (.text.Trackline_Init)
                  00004ecc    00000052     libc.a : _printfi.c.obj (.text._ecpy)
                  00004f1e    00000002     --HOLE-- [fill = 0]
                  00004f20    00000050     ti_msp_dl_config.o (.text.SYSCFG_DL_QEI_0_init)
                  00004f70    00000050     ti_msp_dl_config.o (.text.SysTick_Config)
                  00004fc0    0000004e     OLED.o (.text.OLED_WR_Byte)
                  0000500e    00000002     --HOLE-- [fill = 0]
                  00005010    0000004c     driverlib.a : dl_dma.o (.text.DL_DMA_initChannel)
                  0000505c    0000004c     ti_msp_dl_config.o (.text.DL_GPIO_initDigitalInputFeatures)
                  000050a8    0000004c     ti_msp_dl_config.o (.text.DL_UART_setBaudRateDivisor)
                  000050f4    0000004a     ti_msp_dl_config.o (.text.DL_ADC12_configConversionMem)
                  0000513e    00000002     --HOLE-- [fill = 0]
                  00005140    0000004a     libclang_rt.builtins.a : fixdfsi.S.obj (.text.__fixdfsi)
                  0000518a    00000002     --HOLE-- [fill = 0]
                  0000518c    00000048     driverlib.a : dl_uart.o (.text.DL_UART_init)
                  000051d4    00000044     Easy_Menu.o (.text.Easy_Menu_Display_Char)
                  00005218    00000042     No_Mcu_Ganv_Grayscale_Sensor.o (.text.No_Mcu_Ganv_Sensor_Task_Without_tick)
                  0000525a    00000002     --HOLE-- [fill = 0]
                  0000525c    00000040     driverlib.a : dl_adc12.o (.text.DL_ADC12_setClockConfig)
                  0000529c    00000040     ti_msp_dl_config.o (.text.SYSCFG_DL_UART_0_init)
                  000052dc    00000040     ti_msp_dl_config.o (.text.SYSCFG_DL_UART_UP_init)
                  0000531c    00000040     Easy_Menu_Item.o (.text.Switch_Item_Init)
                  0000535c    00000040     libclang_rt.builtins.a : aeabi_uidivmod.S.obj (.text.__aeabi_uidivmod)
                  0000539c    00000040                            : extendsfdf2.S.obj (.text.__extendsfdf2)
                  000053dc    00000040     libc.a : atoi.c.obj (.text.atoi)
                  0000541c    00000040            : vsnprintf.c.obj (.text.vsnprintf)
                  0000545c    0000003c     ti_msp_dl_config.o (.text.DL_Timer_setCounterControl)
                  00005498    0000003c     Easy_Menu_Core.o (.text.Easy_Menu_Init)
                  000054d4    0000003c     Easy_Menu.o (.text.Easy_Menu_Printf)
                  00005510    0000003c     OLED.o (.text.OLED_Set_Pos)
                  0000554c    0000003c     libclang_rt.builtins.a : comparesf2.S.obj (.text.__gtsf2)
                  00005588    0000003c     Uart.o (.text.uart0_send_string)
                  000055c4    0000003c     libc.a : autoinit.c.obj (.text:__TI_auto_init_nobinit_nopinit)
                  00005600    0000003a     libclang_rt.builtins.a : comparesf2.S.obj (.text.__eqsf2)
                  0000563a    00000002     --HOLE-- [fill = 0]
                  0000563c    0000003a                            : muldsi3.S.obj (.text.__muldsi3)
                  00005676    00000038     No_Mcu_Ganv_Grayscale_Sensor.o (.text.Get_Normalize_For_User)
                  000056ae    00000002     --HOLE-- [fill = 0]
                  000056b0    00000038     Motor.o (.text.Motor_Coast)
                  000056e8    00000038     ti_msp_dl_config.o (.text.SYSCFG_DL_init)
                  00005720    00000038     libc.a : sprintf.c.obj (.text.sprintf)
                  00005758    00000036     No_Mcu_Ganv_Grayscale_Sensor.o (.text.Get_Anolog_Value)
                  0000578e    00000002     --HOLE-- [fill = 0]
                  00005790    00000034     Easy_Menu_Item.o (.text.Goto_Item_Init)
                  000057c4    00000034     OLED.o (.text.I2C_Start)
                  000057f8    00000034     ti_msp_dl_config.o (.text.SYSCFG_DL_SYSCTL_init)
                  0000582c    00000030     ti_msp_dl_config.o (.text.DL_DMA_setTransferSize)
                  0000585c    00000030     ti_msp_dl_config.o (.text.DL_GPIO_initDigitalOutputFeatures)
                  0000588c    00000030     Easy_Menu.o (.text.Display_Char_Line)
                  000058bc    00000030     Motor.o (.text.Motor_Init)
                  000058ec    00000030     libc.a : _printfi.c.obj (.text._fcpy)
                  0000591c    00000030            : vsnprintf.c.obj (.text._outs)
                  0000594c    00000030     OLED.o (.text.oled_pow)
                  0000597c    0000002e     Easy_Menu_Item.o (.text.Goto_Item_Input)
                  000059aa    00000002     --HOLE-- [fill = 0]
                  000059ac    0000002c     ti_msp_dl_config.o (.text.DL_ADC12_setDMASamplesCnt)
                  000059d8    0000002c     Knob_drv.o (.text.GROUP1_IRQHandler)
                  00005a04    0000002c     delay.o (.text.SysTick_Handler)
                  00005a30    0000002c     Knob_drv.o (.text.__NVIC_EnableIRQ)
                  00005a5c    0000002c     Motor.o (.text.__NVIC_EnableIRQ)
                  00005a88    0000002c     libclang_rt.builtins.a : floatsidf.S.obj (.text.__floatsidf)
                  00005ab4    0000002c     Uart.o (.text.uart0_send_char)
                  00005ae0    0000002a     Easy_Menu.o (.text.Display_Char)
                  00005b0a    00000028     ti_msp_dl_config.o (.text.DL_Common_updateReg)
                  00005b32    00000002     --HOLE-- [fill = 0]
                  00005b34    00000028     Trackline.o (.text.DL_DMA_setDestAddr)
                  00005b5c    00000028     Trackline.o (.text.DL_DMA_setSrcAddr)
                  00005b84    00000028     Easy_Menu_Core.o (.text.Easy_Menu_Input)
                  00005bac    00000028     OLED.o (.text.I2C_Stop)
                  00005bd4    00000028     OLED.o (.text.I2C_WaitAck)
                  00005bfc    00000028     ti_msp_dl_config.o (.text.SYSCFG_DL_DMA_detector_out_init)
                  00005c24    00000028     libc.a : boot_cortex_m.c.obj (.text:_c_int00_noargs)
                  00005c4c    00000026     Trackline.o (.text.DL_DMA_enableChannel)
                  00005c72    00000002     --HOLE-- [fill = 0]
                  00005c74    00000024     Motor.o (.text.Motor_A_GetEncoderCnt)
                  00005c98    00000024     libclang_rt.builtins.a : floatunsidf.S.obj (.text.__floatunsidf)
                  00005cbc    00000024                            : muldi3.S.obj (.text.__muldi3)
                  00005ce0    00000022     libc.a : memccpy.c.obj (.text.memccpy)
                  00005d02    00000002     --HOLE-- [fill = 0]
                  00005d04    00000020     ti_msp_dl_config.o (.text.DL_GPIO_initPeripheralInputFunction)
                  00005d24    00000020     delay.o (.text.delay_ms)
                  00005d44    0000001e     ti_msp_dl_config.o (.text.DL_UART_setOversampling)
                  00005d62    00000002     --HOLE-- [fill = 0]
                  00005d64    0000001e     libclang_rt.builtins.a : ashldi3.S.obj (.text.__ashldi3)
                  00005d82    00000002     --HOLE-- [fill = 0]
                  00005d84    0000001c     ti_msp_dl_config.o (.text.DL_ADC12_enableDMA)
                  00005da0    0000001c     ti_msp_dl_config.o (.text.DL_ADC12_enableDMATrigger)
                  00005dbc    0000001c     Trackline.o (.text.DL_ADC12_startConversion)
                  00005dd8    0000001c     Knob_drv.o (.text.DL_GPIO_clearInterruptStatus)
                  00005df4    0000001c     Motor.o (.text.DL_GPIO_clearInterruptStatus)
                  00005e10    0000001c     ti_msp_dl_config.o (.text.DL_GPIO_clearInterruptStatus)
                  00005e2c    0000001c     ti_msp_dl_config.o (.text.DL_GPIO_enableInterrupt)
                  00005e48    0000001c     ti_msp_dl_config.o (.text.DL_GPIO_initPeripheralOutputFunction)
                  00005e64    0000001c     ti_msp_dl_config.o (.text.DL_GPIO_setLowerPinsPolarity)
                  00005e80    0000001c     Knob_drv.o (.text.DL_Interrupt_getPendingGroup)
                  00005e9c    0000001c     ti_msp_dl_config.o (.text.DL_SYSCTL_setSYSOSCFreq)
                  00005eb8    0000001c     driverlib.a : dl_timer.o (.text.DL_Timer_setCaptCompUpdateMethod)
                  00005ed4    0000001c                 : dl_timer.o (.text.DL_Timer_setClockConfig)
                  00005ef0    00000018     ti_msp_dl_config.o (.text.DL_ADC12_enablePower)
                  00005f08    00000018     ti_msp_dl_config.o (.text.DL_ADC12_reset)
                  00005f20    00000018     ti_msp_dl_config.o (.text.DL_ADC12_setSampleTime0)
                  00005f38    00000018     ti_msp_dl_config.o (.text.DL_GPIO_enableOutput)
                  00005f50    00000018     ti_msp_dl_config.o (.text.DL_GPIO_enablePower)
                  00005f68    00000018     Knob_drv.o (.text.DL_GPIO_getEnabledInterruptStatus)
                  00005f80    00000018     Motor.o (.text.DL_GPIO_getEnabledInterruptStatus)
                  00005f98    00000018     ti_msp_dl_config.o (.text.DL_GPIO_initDigitalOutput)
                  00005fb0    00000018     ti_msp_dl_config.o (.text.DL_GPIO_reset)
                  00005fc8    00000018     No_Mcu_Ganv_Grayscale_Sensor.o (.text.DL_GPIO_setPins)
                  00005fe0    00000018     OLED.o (.text.DL_GPIO_setPins)
                  00005ff8    00000018     ti_msp_dl_config.o (.text.DL_GPIO_setPins)
                  00006010    00000018     ti_msp_dl_config.o (.text.DL_GPIO_setUpperPinsPolarity)
                  00006028    00000018     ti_msp_dl_config.o (.text.DL_SYSCTL_setBORThreshold)
                  00006040    00000018     ti_msp_dl_config.o (.text.DL_Timer_enablePower)
                  00006058    00000018     ti_msp_dl_config.o (.text.DL_Timer_reset)
                  00006070    00000018     driverlib.a : dl_timer.o (.text.DL_Timer_setCaptureCompareOutCtl)
                  00006088    00000018     ti_msp_dl_config.o (.text.DL_Timer_setLoadValue)
                  000060a0    00000018     ti_msp_dl_config.o (.text.DL_Timer_startCounter)
                  000060b8    00000018     ti_msp_dl_config.o (.text.DL_UART_enablePower)
                  000060d0    00000018     Uart.o (.text.DL_UART_isBusy)
                  000060e8    00000018     ti_msp_dl_config.o (.text.DL_UART_reset)
                  00006100    00000018     libc.a : vsnprintf.c.obj (.text._outc)
                  00006118    00000018            : sprintf.c.obj (.text._outs)
                  00006130    00000016     ti_msp_dl_config.o (.text.DL_ADC12_enableConversions)
                  00006146    00000016     Knob_drv.o (.text.DL_GPIO_readPins)
                  0000615c    00000016     Motor.o (.text.DL_GPIO_readPins)
                  00006172    00000016     ti_msp_dl_config.o (.text.DL_UART_enable)
                  00006188    00000016     Uart.o (.text.DL_UART_transmitData)
                  0000619e    00000016     libc.a : copy_zero_init.c.obj (.text:decompress:ZI:__TI_zero_init_nomemset)
                  000061b4    00000014     Motor.o (.text.DL_GPIO_clearPins)
                  000061c8    00000014     No_Mcu_Ganv_Grayscale_Sensor.o (.text.DL_GPIO_clearPins)
                  000061dc    00000014     OLED.o (.text.DL_GPIO_clearPins)
                  000061f0    00000014     ti_msp_dl_config.o (.text.DL_GPIO_clearPins)
                  00006204    00000014     ti_msp_dl_config.o (.text.DL_SYSCTL_disableSYSPLL)
                  00006218    00000014     ti_msp_dl_config.o (.text.DL_SYSCTL_enableMFCLK)
                  0000622c    00000014     ti_msp_dl_config.o (.text.DL_Timer_enableClock)
                  00006240    00000014     ti_msp_dl_config.o (.text.DL_Timer_setCCPDirection)
                  00006254    00000014     Motor.o (.text.Motor_B_EncoderInit)
                  00006268    00000014     Easy_Menu_Page.o (.text.Ordinary_Page_Exit)
                  0000627c    00000014     libclang_rt.builtins.a : aeabi_uldivmod.S.obj (.text.__aeabi_uldivmod)
                  00006290    00000014     libc.a : _printfi.c.obj (.text.strchr)
                  000062a4    00000012     driverlib.a : dl_uart.o (.text.DL_UART_setClockConfig)
                  000062b6    00000012     libc.a : memcpy16.S.obj (.text:TI_memcpy_small)
                  000062c8    00000012            : copy_decompress_none.c.obj (.text:decompress:none)
                  000062da    00000002     --HOLE-- [fill = 0]
                  000062dc    00000010     ti_msp_dl_config.o (.text.DL_SYSCTL_disableHFXT)
                  000062ec    00000010     Motor.o (.text.DL_Timer_getTimerCount)
                  000062fc    00000010     driverlib.a : dl_timer.o (.text.DL_Timer_setCaptureCompareValue)
                  0000630c    00000010     libc.a : wcslen.c.obj (.text.wcslen)
                  0000631c    0000000e     No_Mcu_Ganv_Grayscale_Sensor.o (.text.Get_Digtal_For_User)
                  0000632a    00000002     --HOLE-- [fill = 0]
                  0000632c    0000000e     libclang_rt.builtins.a : aeabi_memset.S.obj (.text.__aeabi_memset)
                  0000633a    0000000e     libc.a : _printfi.c.obj (.text.strlen)
                  00006348    0000000e            : strlen.c.obj (.text.strlen)
                  00006356    0000000e            : memset16.S.obj (.text:TI_memset_small)
                  00006364    0000000c     Motor.o (.text.Motor_B_GetEncoderCnt)
                  00006370    0000000c     ti_msp_dl_config.o (.text.SYSCFG_DL_SYSTICK_init)
                  0000637c    0000000c     libclang_rt.builtins.a : aeabi_memset.S.obj (.text.__aeabi_memclr)
                  00006388    0000000a     driverlib.a : dl_common.o (.text.DL_Common_delayCycles)
                  00006392    0000000a     Knob_drv.o (.text.Knob_Init)
                  0000639c    0000000a     libc.a : _printfi.c.obj (.text.OUTLINED_FUNCTION_0)
                  000063a6    00000002     --HOLE-- [fill = 0]
                  000063a8    00000010     libclang_rt.builtins.a : adddf3.S.obj (.tramp.__aeabi_dsub.1)
                  000063b8    0000000a     libc.a : _printfi.c.obj (.text.OUTLINED_FUNCTION_1)
                  000063c2    0000000a     Easy_Menu_User.o (.text.Task1_Callback)
                  000063cc    0000000a     Easy_Menu_User.o (.text.Task2_Callback)
                  000063d6    0000000a     libc.a : sprintf.c.obj (.text._outc)
                  000063e0    00000008     ti_msp_dl_config.o (.text.SYSCFG_DL_DMA_init)
                  000063e8    00000008     Easy_Menu_User.o (.text.Speed_Pid__Ki_Callback)
                  000063f0    00000008     Easy_Menu_User.o (.text.Speed_Pid__Kp_Callback)
                  000063f8    00000008     libc.a : aeabi_portable.c.obj (.text.__aeabi_errno_addr)
                  00006400    00000008     libclang_rt.builtins.a : aeabi_memcpy.S.obj (.text.__aeabi_memcpy)
                  00006408    00000006     libc.a : exit.c.obj (.text:abort)
                  0000640e    00000004     startup_mspm0g350x_ticlang.o (.text.Default_Handler)
                  00006412    00000004     libsysbm.a : hostexit.c.obj (.text.HOSTexit)
                  00006416    00000004     startup_mspm0g350x_ticlang.o (.text.Reset_Handler)
                  0000641a    00000004     libc.a : pre_init.c.obj (.text._system_pre_init)
                  0000641e    00000002     --HOLE-- [fill = 0]

.cinit     0    00006e60    00000058     
                  00006e60    0000002d     (.cinit..data.load) [load image, compression = lzss]
                  00006e8d    00000003     --HOLE-- [fill = 0]
                  00006e90    0000000c     (__TI_handler_table)
                  00006e9c    00000008     (.cinit..bss.load) [load image, compression = zero_init]
                  00006ea4    00000010     (__TI_cinit_table)
                  00006eb4    00000004     --HOLE-- [fill = 0]

.rodata    0    00006420    00000a40     
                  00006420    000005f0     OLED.o (.rodata.asc2_1608)
                  00006a10    00000228     OLED.o (.rodata.asc2_0806)
                  00006c38    00000008     ti_msp_dl_config.o (.rodata.gADC_line_detectorClockConfig)
                  00006c40    00000101     libc.a : aeabi_ctype.S.obj (.rodata:__aeabi_ctype_table_)
                  00006d41    00000024     Trackline.o (.rodata.str1.15089383939842815628.1)
                  00006d65    00000021     Trackline.o (.rodata.str1.13662752425357951115.1)
                  00006d86    00000021     Trackline.o (.rodata.str1.17912206550742844991.1)
                  00006da7    00000001     --HOLE-- [fill = 0]
                  00006da8    00000018     ti_msp_dl_config.o (.rodata.gDMA_detector_outConfig)
                  00006dc0    00000011     libc.a : _printfi.c.obj (.rodata.str1.10348868589481759720.1)
                  00006dd1    00000011            : _printfi.c.obj (.rodata.str1.15363888844622738466.1)
                  00006de2    0000000a     ti_msp_dl_config.o (.rodata.gUART_0Config)
                  00006dec    0000000a     ti_msp_dl_config.o (.rodata.gUART_UPConfig)
                  00006df6    0000000a     Easy_Menu_User.o (.rodata.str1.11262980610456716024.1)
                  00006e00    0000000a     Easy_Menu_User.o (.rodata.str1.8423479308304406733.1)
                  00006e0a    00000009     Easy_Menu_User.o (.rodata.str1.14456782623604785242.1)
                  00006e13    00000001     --HOLE-- [fill = 0]
                  00006e14    00000008     ti_msp_dl_config.o (.rodata.gPWM_0Config)
                  00006e1c    00000007     Easy_Menu_Page.o (.rodata.str1.10162903526471618397.1)
                  00006e23    00000006     Easy_Menu_User.o (.rodata.str1.11177260976807265928.1)
                  00006e29    00000006     Easy_Menu_Page.o (.rodata.str1.11602794411890177903.1)
                  00006e2f    00000006     Easy_Menu_User.o (.rodata.str1.16980020722660603416.1)
                  00006e35    00000006     Easy_Menu_User.o (.rodata.str1.17975632479887315808.1)
                  00006e3b    00000005     Easy_Menu_Page.o (.rodata.str1.10541918737141963520.1)
                  00006e40    00000005     Easy_Menu_Page.o (.rodata.str1.14526947901870425149.1)
                  00006e45    00000005     Easy_Menu_Page.o (.rodata.str1.17342757695734682319.1)
                  00006e4a    00000005     Easy_Menu_User.o (.rodata.str1.2484268131311446048.1)
                  00006e4f    00000005     Easy_Menu_Page.o (.rodata.str1.2927598468843798870.1)
                  00006e54    00000003     ti_msp_dl_config.o (.rodata.gPWM_0ClockConfig)
                  00006e57    00000003     ti_msp_dl_config.o (.rodata.gQEI_0ClockConfig)
                  00006e5a    00000002     ti_msp_dl_config.o (.rodata.gUART_0ClockConfig)
                  00006e5c    00000002     ti_msp_dl_config.o (.rodata.gUART_UPClockConfig)
                  00006e5e    00000002     Easy_Menu_Page.o (.rodata.str1.6187967722562398102.1)

.init_array 
*          0    00000000    00000000     UNINITIALIZED

.binit     0    00000000    00000000     

.bss       0    20200000    00000379     UNINITIALIZED
                  20200000    000000b0     Trackline.o (.bss.sensor)
                  202000b0    000000a0     (.common:easy_menu)
                  20200150    000000a0     (.common:gQEI_0Backup)
                  202001f0    00000050     (.common:ADC_VALUE)
                  20200240    0000002c     (.common:speed_pid__ki)
                  2020026c    0000002c     (.common:speed_pid__kp)
                  20200298    00000028     (.common:home_page)
                  202002c0    00000028     (.common:speed_pid__page)
                  202002e8    00000028     (.common:tasks__page)
                  20200310    00000018     (.common:task1)
                  20200328    00000018     (.common:task2)
                  20200340    00000014     (.common:goto__speed_pid__page)
                  20200354    00000014     (.common:goto__tasks__page)
                  20200368    00000010     Trackline.o (.bss.Normal)
                  20200378    00000001     Trackline.o (.bss.Digtal)

.data      0    2020037c    00000169     UNINITIALIZED
                  2020037c    00000100     Trackline.o (.data.rx_buff)
                  2020047c    00000010     Trackline.o (.data.Anolog)
                  2020048c    00000010     Trackline.o (.data.black)
                  2020049c    00000010     Trackline.o (.data.white)
                  202004ac    0000000c     Easy_Menu_User.o (.data.Easy_Menu_Ui_Data)
                  202004b8    00000008     Easy_Menu_User.o (.data.home_page_items)
                  202004c0    00000008     Easy_Menu_User.o (.data.speed_pid__page_items)
                  202004c8    00000008     Easy_Menu_User.o (.data.tasks__page_items)
                  202004d0    00000004     libc.a : aeabi_portable.c.obj (.data.__aeabi_errno)
                  202004d4    00000004     delay.o (.data.delay_times)
                  202004d8    00000004     delay.o (.data.g_SystemTick)
                  202004dc    00000004     Motor.o (.data.g_encoderB_cnt)
                  202004e0    00000002     Knob_drv.o (.data.s_press_cnt)
                  202004e2    00000001     Knob_drv.o (.data.g_KnobEvent)
                  202004e3    00000001     Knob_drv.o (.data.menu_move)
                  202004e4    00000001     Knob_drv.o (.data.s_long_pressed)

.stack     0    20207e00    00000200     UNINITIALIZED
                  20207e00    00000004     libc.a : boot_cortex_m.c.obj (.stack)
                  20207e04    000001fc     --HOLE--

__llvm_prf_cnts 
*          0    20200000    00000000     UNINITIALIZED

__llvm_prf_bits 
*          0    20200000    00000000     UNINITIALIZED

MODULE SUMMARY

       Module                           code    ro data   rw data
       ------                           ----    -------   -------
    .\
       ti_msp_dl_config.o               2812    70        160    
       startup_mspm0g350x_ticlang.o     8       192       0      
       main.o                           120     0         0      
    +--+--------------------------------+-------+---------+---------+
       Total:                           2940    262       160    
                                                                 
    .\APP\
       Trackline.o                      522     102       497    
    +--+--------------------------------+-------+---------+---------+
       Total:                           522     102       497    
                                                                 
    .\BSP\
       Uart.o                           150     0         0      
       delay.o                          76      0         8      
    +--+--------------------------------+-------+---------+---------+
       Total:                           226     0         8      
                                                                 
    .\Drive\Grayscale_Sensor\
       No_Mcu_Ganv_Grayscale_Sensor.o   1202    0         0      
       ADC.o                            92      0         80     
    +--+--------------------------------+-------+---------+---------+
       Total:                           1294    0         80     
                                                                 
    .\Drive\Knob\
       Knob_drv.o                       572     0         5      
    +--+--------------------------------+-------+---------+---------+
       Total:                           572     0         5      
                                                                 
    .\Drive\Motor\
       Motor.o                          454     0         4      
    +--+--------------------------------+-------+---------+---------+
       Total:                           454     0         4      
                                                                 
    .\Drive\OLED_Drv\
       OLED.o                           1360    2072      0      
    +--+--------------------------------+-------+---------+---------+
       Total:                           1360    2072      0      
                                                                 
    .\Menu\
       Easy_Menu_Page.o                 4552    35        0      
       Easy_Menu_Item.o                 2442    0         0      
       Easy_Menu.o                      1856    0         160    
       Easy_Menu_User.o                 376     52        332    
       Easy_Menu_Core.o                 244     0         0      
    +--+--------------------------------+-------+---------+---------+
       Total:                           9470    87        492    
                                                                 
    D:/MSP-SDK/mspm0_sdk_2_10_00_04/source/ti/driverlib/lib/ticlang/m0p/mspm0g1x0x_g3x0x/driverlib.a
       dl_timer.o                       356     0         0      
       dl_uart.o                        90      0         0      
       dl_dma.o                         76      0         0      
       dl_adc12.o                       64      0         0      
       dl_common.o                      10      0         0      
    +--+--------------------------------+-------+---------+---------+
       Total:                           596     0         0      
                                                                 
    D:\CCS\ccs\tools\compiler\ti-cgt-armllvm_4.0.4.LTS\lib\armv6m-ti-none-eabi/c/libc.a
       _printfi.c.obj                   4510    34        0      
       aeabi_ctype.S.obj                0       257       0      
       s_scalbn.c.obj                   216     0         0      
       vsnprintf.c.obj                  136     0         0      
       copy_decompress_lzss.c.obj       124     0         0      
       s_frexp.c.obj                    92      0         0      
       sprintf.c.obj                    90      0         0      
       _ltoa.c.obj                      88      0         0      
       atoi.c.obj                       64      0         0      
       autoinit.c.obj                   60      0         0      
       boot_cortex_m.c.obj              40      0         0      
       memccpy.c.obj                    34      0         0      
       copy_zero_init.c.obj             22      0         0      
       copy_decompress_none.c.obj       18      0         0      
       memcpy16.S.obj                   18      0         0      
       wcslen.c.obj                     16      0         0      
       memset16.S.obj                   14      0         0      
       strlen.c.obj                     14      0         0      
       aeabi_portable.c.obj             8       0         4      
       exit.c.obj                       6       0         0      
       pre_init.c.obj                   4       0         0      
    +--+--------------------------------+-------+---------+---------+
       Total:                           5574    291       4      
                                                                 
    D:\CCS\ccs\tools\compiler\ti-cgt-armllvm_4.0.4.LTS\lib\armv6m-ti-none-eabi/c/libsysbm.a
       hostexit.c.obj                   4       0         0      
    +--+--------------------------------+-------+---------+---------+
       Total:                           4       0         0      
                                                                 
    D:\CCS\ccs\tools\compiler\ti-cgt-armllvm_4.0.4.LTS\lib\armv6m-ti-none-eabi/libclang_rt.builtins.a
       adddf3.S.obj                     418     0         0      
       divdf3.S.obj                     268     0         0      
       muldf3.S.obj                     228     0         0      
       comparedf2.c.obj                 220     0         0      
       addsf3.S.obj                     216     0         0      
       udivmoddi4.S.obj                 162     0         0      
       comparesf2.S.obj                 118     0         0      
       aeabi_dcmp.S.obj                 98      0         0      
       aeabi_fcmp.S.obj                 98      0         0      
       aeabi_idivmod.S.obj              86      0         0      
       fixdfsi.S.obj                    74      0         0      
       aeabi_uidivmod.S.obj             64      0         0      
       extendsfdf2.S.obj                64      0         0      
       muldsi3.S.obj                    58      0         0      
       floatsidf.S.obj                  44      0         0      
       floatunsidf.S.obj                36      0         0      
       muldi3.S.obj                     36      0         0      
       ashldi3.S.obj                    30      0         0      
       aeabi_memset.S.obj               26      0         0      
       aeabi_uldivmod.S.obj             20      0         0      
       aeabi_memcpy.S.obj               8       0         0      
       aeabi_div0.c.obj                 4       0         0      
    +--+--------------------------------+-------+---------+---------+
       Total:                           2376    0         0      
                                                                 
       Stack:                           0       0         512    
       Linker Generated:                0       81        0      
    +--+--------------------------------+-------+---------+---------+
       Grand Total:                     25388   2895      1762   


LINKER GENERATED COPY TABLES

__TI_cinit_table @ 00006ea4 records: 2, size/record: 8, table size: 16
	.data: load addr=00006e60, load size=0000002d bytes, run addr=2020037c, run size=00000169 bytes, compression=lzss
	.bss: load addr=00006e9c, load size=00000008 bytes, run addr=20200000, run size=00000379 bytes, compression=zero_init


LINKER GENERATED HANDLER TABLE

__TI_handler_table @ 00006e90 records: 3, size/record: 4, table size: 12
	index: 0, handler: __TI_decompress_lzss
	index: 1, handler: __TI_decompress_none
	index: 2, handler: __TI_zero_init


FAR CALL TRAMPOLINES

callee name               trampoline name
   callee addr  tramp addr   call addr  call info
--------------  -----------  ---------  ----------------
__aeabi_dsub              $Tramp$TT$L$PI$$__aeabi_dsub
   00002c29     000063a8     000063a4   libc.a : _printfi.c.obj (.text.OUTLINED_FUNCTION_0)

[1 trampolines]
[1 trampoline calls]


GLOBAL SYMBOLS: SORTED ALPHABETICALLY BY Name 

address   name                                
-------   ----                                
0000640f  ADC0_IRQHandler                     
0000640f  ADC1_IRQHandler                     
202001f0  ADC_VALUE                           
0000640f  AES_IRQHandler                      
00006412  C$$EXIT                             
0000640f  CANFD0_IRQHandler                   
00004d7b  Compare_String                      
0000640f  DAC0_IRQHandler                     
0000525d  DL_ADC12_setClockConfig             
00006389  DL_Common_delayCycles               
00005011  DL_DMA_initChannel                  
000037b9  DL_Timer_initFourCCPWMMode          
00005eb9  DL_Timer_setCaptCompUpdateMethod    
00006071  DL_Timer_setCaptureCompareOutCtl    
000062fd  DL_Timer_setCaptureCompareValue     
00005ed5  DL_Timer_setClockConfig             
0000518d  DL_UART_init                        
000062a5  DL_UART_setClockConfig              
0000640f  DMA_IRQHandler                      
00003d41  Data_Item_Init                      
00001261  Data_Item_Input                     
0000640f  Default_Handler                     
00005ae1  Display_Char                        
0000588d  Display_Char_Line                   
00004b09  Easy_Menu_All_Clear                 
00001a25  Easy_Menu_All_Update                
000040b5  Easy_Menu_Area_Clear                
000051d5  Easy_Menu_Display_Char              
000042f1  Easy_Menu_Display_String            
00004145  Easy_Menu_Goto_Page                 
00005499  Easy_Menu_Init                      
00005b85  Easy_Menu_Input                     
000054d5  Easy_Menu_Printf                    
202004ac  Easy_Menu_Ui_Data                   
000030c1  Easy_Menu_Ui_Init                   
0000640f  GROUP0_IRQHandler                   
000059d9  GROUP1_IRQHandler                   
00003e0d  Get_Analog_value                    
00005759  Get_Anolog_Value                    
0000631d  Get_Digtal_For_User                 
00005677  Get_Normalize_For_User              
00005791  Goto_Item_Init                      
0000597d  Goto_Item_Input                     
00006413  HOSTexit                            
0000640f  HardFault_Handler                   
0000640f  I2C0_IRQHandler                     
0000640f  I2C1_IRQHandler                     
000057c5  I2C_Start                           
00005bad  I2C_Stop                            
00005bd5  I2C_WaitAck                         
00004e25  Knob_EXTI_Handler                   
00006393  Knob_Init                           
000043fd  Knob_Tick_1ms                       
00004015  Knob_get                            
00005c75  Motor_A_GetEncoderCnt               
0000447d  Motor_B_EncoderIRQHandler           
00006255  Motor_B_EncoderInit                 
00006365  Motor_B_GetEncoderCnt               
000056b1  Motor_Coast                         
000058bd  Motor_Init                          
0000640f  NMI_Handler                         
00002dbd  No_MCU_Ganv_Sensor_Init             
00004755  No_MCU_Ganv_Sensor_Init_Frist       
00005219  No_Mcu_Ganv_Sensor_Task_Without_tick
000048a1  OLED_Clear                          
000038bd  OLED_Init                           
00005511  OLED_Set_Pos                        
00003595  OLED_ShowChar                       
000039b7  OLED_ShowNum                        
00004fc1  OLED_WR_Byte                        
00002a51  Ordinary_Page_Display               
00001ec5  Ordinary_Page_Enter                 
00006269  Ordinary_Page_Exit                  
000044fd  Ordinary_Page_Init                  
00000a91  Ordinary_Page_Input                 
000022f1  Ordinary_Page_Refresh               
0000640f  PendSV_Handler                      
0000640f  RTC_IRQHandler                      
00006417  Reset_Handler                       
0000640f  SPI0_IRQHandler                     
0000640f  SPI1_IRQHandler                     
0000640f  SVC_Handler                         
000047c9  SYSCFG_DL_ADC_line_detector_init    
00005bfd  SYSCFG_DL_DMA_detector_out_init     
000063e1  SYSCFG_DL_DMA_init                  
00002f45  SYSCFG_DL_GPIO_init                 
000041d5  SYSCFG_DL_PWM_0_init                
00004f21  SYSCFG_DL_QEI_0_init                
000057f9  SYSCFG_DL_SYSCTL_init               
00006371  SYSCFG_DL_SYSTICK_init              
0000529d  SYSCFG_DL_UART_0_init               
000052dd  SYSCFG_DL_UART_UP_init              
000056e9  SYSCFG_DL_init                      
00004265  SYSCFG_DL_initPower                 
0000466d  Send_Byte                           
000063e9  Speed_Pid__Ki_Callback              
000063f1  Speed_Pid__Kp_Callback              
0000531d  Switch_Item_Init                    
00004c1d  Switch_Item_Input                   
00005a05  SysTick_Handler                     
0000640f  TIMA0_IRQHandler                    
0000640f  TIMA1_IRQHandler                    
0000640f  TIMG0_IRQHandler                    
0000640f  TIMG12_IRQHandler                   
0000640f  TIMG6_IRQHandler                    
0000640f  TIMG7_IRQHandler                    
0000640f  TIMG8_IRQHandler                    
000062b7  TI_memcpy_small                     
00006357  TI_memset_small                     
000063c3  Task1_Callback                      
000063cd  Task2_Callback                      
00004e79  Trackline_Init                      
00003351  Trackline_Task                      
0000640f  UART0_IRQHandler                    
0000640f  UART1_IRQHandler                    
0000640f  UART2_IRQHandler                    
0000640f  UART3_IRQHandler                    
20208000  __STACK_END                         
00000200  __STACK_SIZE                        
00000000  __TI_ATRegion0_region_sz            
00000000  __TI_ATRegion0_src_addr             
00000000  __TI_ATRegion0_trg_addr             
00000000  __TI_ATRegion1_region_sz            
00000000  __TI_ATRegion1_src_addr             
00000000  __TI_ATRegion1_trg_addr             
00000000  __TI_ATRegion2_region_sz            
00000000  __TI_ATRegion2_src_addr             
00000000  __TI_ATRegion2_trg_addr             
00006ea4  __TI_CINIT_Base                     
00006eb4  __TI_CINIT_Limit                    
00006eb4  __TI_CINIT_Warm                     
00006e90  __TI_Handler_Table_Base             
00006e9c  __TI_Handler_Table_Limit            
000055c5  __TI_auto_init_nobinit_nopinit      
00004579  __TI_decompress_lzss                
000062c9  __TI_decompress_none                
00004c75  __TI_ltoa                           
ffffffff  __TI_pprof_out_hndl                 
000000c1  __TI_printfi                        
ffffffff  __TI_prof_data_size                 
ffffffff  __TI_prof_data_start                
00000000  __TI_static_base__                  
0000619f  __TI_zero_init_nomemset             
00002c33  __adddf3                            
00003c73  __addsf3                            
00006c40  __aeabi_ctype_table_                
00006c40  __aeabi_ctype_table_C               
00005141  __aeabi_d2iz                        
00002c33  __aeabi_dadd                        
00004a41  __aeabi_dcmpeq                      
00004a7d  __aeabi_dcmpge                      
00004a91  __aeabi_dcmpgt                      
00004a69  __aeabi_dcmple                      
00004a55  __aeabi_dcmplt                      
000036ad  __aeabi_ddiv                        
00003aad  __aeabi_dmul                        
00002c29  __aeabi_dsub                        
202004d0  __aeabi_errno                       
000063f9  __aeabi_errno_addr                  
0000539d  __aeabi_f2d                         
00003c73  __aeabi_fadd                        
00004aa5  __aeabi_fcmpeq                      
00004ae1  __aeabi_fcmpge                      
00004af5  __aeabi_fcmpgt                      
00004acd  __aeabi_fcmple                      
00004ab9  __aeabi_fcmplt                      
00003c69  __aeabi_fsub                        
00005a89  __aeabi_i2d                         
00004d25  __aeabi_idiv                        
00002dbb  __aeabi_idiv0                       
00004d25  __aeabi_idivmod                     
00003f6f  __aeabi_ldiv0                       
00005d65  __aeabi_llsl                        
00005cbd  __aeabi_lmul                        
0000637d  __aeabi_memclr                      
0000637d  __aeabi_memclr4                     
0000637d  __aeabi_memclr8                     
00006401  __aeabi_memcpy                      
00006401  __aeabi_memcpy4                     
00006401  __aeabi_memcpy8                     
0000632d  __aeabi_memset                      
0000632d  __aeabi_memset4                     
0000632d  __aeabi_memset8                     
00005c99  __aeabi_ui2d                        
0000535d  __aeabi_uidiv                       
0000535d  __aeabi_uidivmod                    
0000627d  __aeabi_uldivmod                    
00005d65  __ashldi3                           
ffffffff  __binit__                           
0000490d  __cmpdf2                            
00005601  __cmpsf2                            
000036ad  __divdf3                            
0000490d  __eqdf2                             
00005601  __eqsf2                             
0000539d  __extendsfdf2                       
00005141  __fixdfsi                           
00005a89  __floatsidf                         
00005c99  __floatunsidf                       
000046e1  __gedf2                             
0000554d  __gesf2                             
000046e1  __gtdf2                             
0000554d  __gtsf2                             
0000490d  __ledf2                             
00005601  __lesf2                             
0000490d  __ltdf2                             
00005601  __ltsf2                             
UNDEFED   __mpu_init                          
00003aad  __muldf3                            
00005cbd  __muldi3                            
0000563d  __muldsi3                           
0000490d  __nedf2                             
00005601  __nesf2                             
20207e00  __stack                             
20200000  __start___llvm_prf_bits             
20200000  __start___llvm_prf_cnts             
20200000  __stop___llvm_prf_bits              
20200000  __stop___llvm_prf_cnts              
00002c29  __subdf3                            
00003c69  __subsf3                            
00003f71  __udivmoddi4                        
00005c25  _c_int00_noargs                     
UNDEFED   _system_post_cinit                  
0000641b  _system_pre_init                    
00006409  abort                               
00004b65  adc_getValue                        
00006a10  asc2_0806                           
00006420  asc2_1608                           
000053dd  atoi                                
ffffffff  binit                               
00004835  convertAnalogToDigital              
00005d25  delay_ms                            
202004d4  delay_times                         
202000b0  easy_menu                           
00004bc1  frexp                               
00004bc1  frexpl                              
20200150  gQEI_0Backup                        
202004e2  g_KnobEvent                         
202004d8  g_SystemTick                        
20200340  goto__speed_pid__page               
20200354  goto__tasks__page                   
20200298  home_page                           
202004b8  home_page_items                     
00000000  interruptVectors                    
00003b91  ldexp                               
00003b91  ldexpl                              
000045f5  main                                
00005ce1  memccpy                             
202004e3  menu_move                           
00003ec5  normalizeAnalogValues               
0000594d  oled_pow                            
00003b91  scalbn                              
00003b91  scalbnl                             
20200240  speed_pid__ki                       
2020026c  speed_pid__kp                       
202002c0  speed_pid__page                     
202004c0  speed_pid__page_items               
00005721  sprintf                             
00006349  strlen                              
20200310  task1                               
20200328  task2                               
202002e8  tasks__page                         
202004c8  tasks__page_items                   
00005ab5  uart0_send_char                     
00005589  uart0_send_string                   
0000541d  vsnprintf                           
0000630d  wcslen                              


GLOBAL SYMBOLS: SORTED BY Symbol Address 

address   name                                
-------   ----                                
00000000  __TI_ATRegion0_region_sz            
00000000  __TI_ATRegion0_src_addr             
00000000  __TI_ATRegion0_trg_addr             
00000000  __TI_ATRegion1_region_sz            
00000000  __TI_ATRegion1_src_addr             
00000000  __TI_ATRegion1_trg_addr             
00000000  __TI_ATRegion2_region_sz            
00000000  __TI_ATRegion2_src_addr             
00000000  __TI_ATRegion2_trg_addr             
00000000  __TI_static_base__                  
00000000  interruptVectors                    
000000c1  __TI_printfi                        
00000200  __STACK_SIZE                        
00000a91  Ordinary_Page_Input                 
00001261  Data_Item_Input                     
00001a25  Easy_Menu_All_Update                
00001ec5  Ordinary_Page_Enter                 
000022f1  Ordinary_Page_Refresh               
00002a51  Ordinary_Page_Display               
00002c29  __aeabi_dsub                        
00002c29  __subdf3                            
00002c33  __adddf3                            
00002c33  __aeabi_dadd                        
00002dbb  __aeabi_idiv0                       
00002dbd  No_MCU_Ganv_Sensor_Init             
00002f45  SYSCFG_DL_GPIO_init                 
000030c1  Easy_Menu_Ui_Init                   
00003351  Trackline_Task                      
00003595  OLED_ShowChar                       
000036ad  __aeabi_ddiv                        
000036ad  __divdf3                            
000037b9  DL_Timer_initFourCCPWMMode          
000038bd  OLED_Init                           
000039b7  OLED_ShowNum                        
00003aad  __aeabi_dmul                        
00003aad  __muldf3                            
00003b91  ldexp                               
00003b91  ldexpl                              
00003b91  scalbn                              
00003b91  scalbnl                             
00003c69  __aeabi_fsub                        
00003c69  __subsf3                            
00003c73  __addsf3                            
00003c73  __aeabi_fadd                        
00003d41  Data_Item_Init                      
00003e0d  Get_Analog_value                    
00003ec5  normalizeAnalogValues               
00003f6f  __aeabi_ldiv0                       
00003f71  __udivmoddi4                        
00004015  Knob_get                            
000040b5  Easy_Menu_Area_Clear                
00004145  Easy_Menu_Goto_Page                 
000041d5  SYSCFG_DL_PWM_0_init                
00004265  SYSCFG_DL_initPower                 
000042f1  Easy_Menu_Display_String            
000043fd  Knob_Tick_1ms                       
0000447d  Motor_B_EncoderIRQHandler           
000044fd  Ordinary_Page_Init                  
00004579  __TI_decompress_lzss                
000045f5  main                                
0000466d  Send_Byte                           
000046e1  __gedf2                             
000046e1  __gtdf2                             
00004755  No_MCU_Ganv_Sensor_Init_Frist       
000047c9  SYSCFG_DL_ADC_line_detector_init    
00004835  convertAnalogToDigital              
000048a1  OLED_Clear                          
0000490d  __cmpdf2                            
0000490d  __eqdf2                             
0000490d  __ledf2                             
0000490d  __ltdf2                             
0000490d  __nedf2                             
00004a41  __aeabi_dcmpeq                      
00004a55  __aeabi_dcmplt                      
00004a69  __aeabi_dcmple                      
00004a7d  __aeabi_dcmpge                      
00004a91  __aeabi_dcmpgt                      
00004aa5  __aeabi_fcmpeq                      
00004ab9  __aeabi_fcmplt                      
00004acd  __aeabi_fcmple                      
00004ae1  __aeabi_fcmpge                      
00004af5  __aeabi_fcmpgt                      
00004b09  Easy_Menu_All_Clear                 
00004b65  adc_getValue                        
00004bc1  frexp                               
00004bc1  frexpl                              
00004c1d  Switch_Item_Input                   
00004c75  __TI_ltoa                           
00004d25  __aeabi_idiv                        
00004d25  __aeabi_idivmod                     
00004d7b  Compare_String                      
00004e25  Knob_EXTI_Handler                   
00004e79  Trackline_Init                      
00004f21  SYSCFG_DL_QEI_0_init                
00004fc1  OLED_WR_Byte                        
00005011  DL_DMA_initChannel                  
00005141  __aeabi_d2iz                        
00005141  __fixdfsi                           
0000518d  DL_UART_init                        
000051d5  Easy_Menu_Display_Char              
00005219  No_Mcu_Ganv_Sensor_Task_Without_tick
0000525d  DL_ADC12_setClockConfig             
0000529d  SYSCFG_DL_UART_0_init               
000052dd  SYSCFG_DL_UART_UP_init              
0000531d  Switch_Item_Init                    
0000535d  __aeabi_uidiv                       
0000535d  __aeabi_uidivmod                    
0000539d  __aeabi_f2d                         
0000539d  __extendsfdf2                       
000053dd  atoi                                
0000541d  vsnprintf                           
00005499  Easy_Menu_Init                      
000054d5  Easy_Menu_Printf                    
00005511  OLED_Set_Pos                        
0000554d  __gesf2                             
0000554d  __gtsf2                             
00005589  uart0_send_string                   
000055c5  __TI_auto_init_nobinit_nopinit      
00005601  __cmpsf2                            
00005601  __eqsf2                             
00005601  __lesf2                             
00005601  __ltsf2                             
00005601  __nesf2                             
0000563d  __muldsi3                           
00005677  Get_Normalize_For_User              
000056b1  Motor_Coast                         
000056e9  SYSCFG_DL_init                      
00005721  sprintf                             
00005759  Get_Anolog_Value                    
00005791  Goto_Item_Init                      
000057c5  I2C_Start                           
000057f9  SYSCFG_DL_SYSCTL_init               
0000588d  Display_Char_Line                   
000058bd  Motor_Init                          
0000594d  oled_pow                            
0000597d  Goto_Item_Input                     
000059d9  GROUP1_IRQHandler                   
00005a05  SysTick_Handler                     
00005a89  __aeabi_i2d                         
00005a89  __floatsidf                         
00005ab5  uart0_send_char                     
00005ae1  Display_Char                        
00005b85  Easy_Menu_Input                     
00005bad  I2C_Stop                            
00005bd5  I2C_WaitAck                         
00005bfd  SYSCFG_DL_DMA_detector_out_init     
00005c25  _c_int00_noargs                     
00005c75  Motor_A_GetEncoderCnt               
00005c99  __aeabi_ui2d                        
00005c99  __floatunsidf                       
00005cbd  __aeabi_lmul                        
00005cbd  __muldi3                            
00005ce1  memccpy                             
00005d25  delay_ms                            
00005d65  __aeabi_llsl                        
00005d65  __ashldi3                           
00005eb9  DL_Timer_setCaptCompUpdateMethod    
00005ed5  DL_Timer_setClockConfig             
00006071  DL_Timer_setCaptureCompareOutCtl    
0000619f  __TI_zero_init_nomemset             
00006255  Motor_B_EncoderInit                 
00006269  Ordinary_Page_Exit                  
0000627d  __aeabi_uldivmod                    
000062a5  DL_UART_setClockConfig              
000062b7  TI_memcpy_small                     
000062c9  __TI_decompress_none                
000062fd  DL_Timer_setCaptureCompareValue     
0000630d  wcslen                              
0000631d  Get_Digtal_For_User                 
0000632d  __aeabi_memset                      
0000632d  __aeabi_memset4                     
0000632d  __aeabi_memset8                     
00006349  strlen                              
00006357  TI_memset_small                     
00006365  Motor_B_GetEncoderCnt               
00006371  SYSCFG_DL_SYSTICK_init              
0000637d  __aeabi_memclr                      
0000637d  __aeabi_memclr4                     
0000637d  __aeabi_memclr8                     
00006389  DL_Common_delayCycles               
00006393  Knob_Init                           
000063c3  Task1_Callback                      
000063cd  Task2_Callback                      
000063e1  SYSCFG_DL_DMA_init                  
000063e9  Speed_Pid__Ki_Callback              
000063f1  Speed_Pid__Kp_Callback              
000063f9  __aeabi_errno_addr                  
00006401  __aeabi_memcpy                      
00006401  __aeabi_memcpy4                     
00006401  __aeabi_memcpy8                     
00006409  abort                               
0000640f  ADC0_IRQHandler                     
0000640f  ADC1_IRQHandler                     
0000640f  AES_IRQHandler                      
0000640f  CANFD0_IRQHandler                   
0000640f  DAC0_IRQHandler                     
0000640f  DMA_IRQHandler                      
0000640f  Default_Handler                     
0000640f  GROUP0_IRQHandler                   
0000640f  HardFault_Handler                   
0000640f  I2C0_IRQHandler                     
0000640f  I2C1_IRQHandler                     
0000640f  NMI_Handler                         
0000640f  PendSV_Handler                      
0000640f  RTC_IRQHandler                      
0000640f  SPI0_IRQHandler                     
0000640f  SPI1_IRQHandler                     
0000640f  SVC_Handler                         
0000640f  TIMA0_IRQHandler                    
0000640f  TIMA1_IRQHandler                    
0000640f  TIMG0_IRQHandler                    
0000640f  TIMG12_IRQHandler                   
0000640f  TIMG6_IRQHandler                    
0000640f  TIMG7_IRQHandler                    
0000640f  TIMG8_IRQHandler                    
0000640f  UART0_IRQHandler                    
0000640f  UART1_IRQHandler                    
0000640f  UART2_IRQHandler                    
0000640f  UART3_IRQHandler                    
00006412  C$$EXIT                             
00006413  HOSTexit                            
00006417  Reset_Handler                       
0000641b  _system_pre_init                    
00006420  asc2_1608                           
00006a10  asc2_0806                           
00006c40  __aeabi_ctype_table_                
00006c40  __aeabi_ctype_table_C               
00006e90  __TI_Handler_Table_Base             
00006e9c  __TI_Handler_Table_Limit            
00006ea4  __TI_CINIT_Base                     
00006eb4  __TI_CINIT_Limit                    
00006eb4  __TI_CINIT_Warm                     
20200000  __start___llvm_prf_bits             
20200000  __start___llvm_prf_cnts             
20200000  __stop___llvm_prf_bits              
20200000  __stop___llvm_prf_cnts              
202000b0  easy_menu                           
20200150  gQEI_0Backup                        
202001f0  ADC_VALUE                           
20200240  speed_pid__ki                       
2020026c  speed_pid__kp                       
20200298  home_page                           
202002c0  speed_pid__page                     
202002e8  tasks__page                         
20200310  task1                               
20200328  task2                               
20200340  goto__speed_pid__page               
20200354  goto__tasks__page                   
202004ac  Easy_Menu_Ui_Data                   
202004b8  home_page_items                     
202004c0  speed_pid__page_items               
202004c8  tasks__page_items                   
202004d0  __aeabi_errno                       
202004d4  delay_times                         
202004d8  g_SystemTick                        
202004e2  g_KnobEvent                         
202004e3  menu_move                           
20207e00  __stack                             
20208000  __STACK_END                         
ffffffff  __TI_pprof_out_hndl                 
ffffffff  __TI_prof_data_size                 
ffffffff  __TI_prof_data_start                
ffffffff  __binit__                           
ffffffff  binit                               
UNDEFED   __mpu_init                          
UNDEFED   _system_post_cinit                  

[266 symbols]
