******************************************************************************
            TI ARM Clang Linker PC v4.0.4                      
******************************************************************************
>> Linked Tue Apr 14 23:05:26 2026

OUTPUT FILE NAME:   <optoelectronicrace_26.out>
ENTRY POINT SYMBOL: "_c_int00_noargs"  address: 00003d0d


MEMORY CONFIGURATION

         name            origin    length      used     unused   attr    fill
----------------------  --------  ---------  --------  --------  ----  --------
  FLASH                 00000000   00020000  00004a08  0001b5f8  R  X
  SRAM                  20200000   00008000  00000380  00007c80  RW X
  BCR_CONFIG            41c00000   000000ff  00000000  000000ff  R   
  BSL_CONFIG            41c00100   00000080  00000000  00000080  R   


SEGMENT ALLOCATION MAP

run origin  load origin   length   init length attrs members
----------  ----------- ---------- ----------- ----- -------
00000000    00000000    00004048   00004048    r-x
  00000000    00000000    000000c0   000000c0    r-- .intvecs
  000000c0    000000c0    00003f88   00003f88    r-x .text
00004050    00004050    000009c0   000009c0    r--
  00004050    00004050    00000980   00000980    r-- .rodata
  000049d0    000049d0    00000040   00000040    r-- .cinit
20200000    20200000    00000180   00000000    rw-
  20200000    20200000    00000168   00000000    rw- .bss
  20200168    20200168    00000018   00000000    rw- .data
20207e00    20207e00    00000200   00000000    rw-
  20207e00    20207e00    00000200   00000000    rw- .stack


SECTION ALLOCATION MAP

 output                                  attributes/
section   page    origin      length       input sections
--------  ----  ----------  ----------   ----------------
.intvecs   0    00000000    000000c0     
                  00000000    000000c0     startup_mspm0g350x_ticlang.o (.intvecs)

.text      0    000000c0    00003f88     
                  000000c0    000009d0     libc.a : _printfi.c.obj (.text:__TI_printfi)
                  00000a90    000007d0     Easy_Menu_Page.o (.text.Ordinary_Page_Input)
                  00001260    000004a0     Easy_Menu.o (.text.Easy_Menu_All_Update)
                  00001700    0000042c     Easy_Menu_Page.o (.text.Ordinary_Page_Enter)
                  00001b2c    00000364     Easy_Menu_Page.o (.text.Ordinary_Page_Refresh)
                  00001e90    00000220     libc.a : _printfi.c.obj (.text._pconv_a)
                  000020b0    000001dc            : _printfi.c.obj (.text._pconv_g)
                  0000228c    000001d8     Easy_Menu_Page.o (.text.Ordinary_Page_Display)
                  00002464    00000192     libclang_rt.builtins.a : adddf3.S.obj (.text.adddf3_subdf3)
                  000025f6    00000002                            : aeabi_div0.c.obj (.text.__aeabi_idiv0)
                  000025f8    0000013c     libc.a : _printfi.c.obj (.text.fcvt)
                  00002734    00000120            : _printfi.c.obj (.text._pconv_e)
                  00002854    00000118     OLED.o (.text.OLED_ShowChar)
                  0000296c    0000010c     libclang_rt.builtins.a : divdf3.S.obj (.text.__divdf3)
                  00002a78    000000fa     OLED.o (.text.OLED_Init)
                  00002b72    00000002     libclang_rt.builtins.a : aeabi_div0.c.obj (.text.__aeabi_ldiv0)
                  00002b74    000000e4                            : muldf3.S.obj (.text.__muldf3)
                  00002c58    000000d8     libc.a : s_scalbn.c.obj (.text.scalbn)
                  00002d30    000000b8     Easy_Menu_User.o (.text.Easy_Menu_Ui_Init)
                  00002de8    000000a2     libclang_rt.builtins.a : udivmoddi4.S.obj (.text)
                  00002e8a    00000002     --HOLE-- [fill = 0]
                  00002e8c    00000090     Easy_Menu.o (.text.Easy_Menu_Area_Clear)
                  00002f1c    00000090     Easy_Menu_Core.o (.text.Easy_Menu_Goto_Page)
                  00002fac    00000086     Easy_Menu.o (.text.Easy_Menu_Display_String)
                  00003032    00000002     --HOLE-- [fill = 0]
                  00003034    00000084     ti_msp_dl_config.o (.text.__NVIC_SetPriority)
                  000030b8    0000007c     Easy_Menu_Page.o (.text.Ordinary_Page_Init)
                  00003134    0000007c     libc.a : copy_decompress_lzss.c.obj (.text:decompress:lzss)
                  000031b0    00000074     Easy_Menu_Core.o (.text.Easy_Menu_Display)
                  00003224    00000074     OLED.o (.text.Send_Byte)
                  00003298    00000074     libclang_rt.builtins.a : comparedf2.c.obj (.text.__gedf2)
                  0000330c    0000006a     OLED.o (.text.OLED_Clear)
                  00003376    00000002     --HOLE-- [fill = 0]
                  00003378    00000068     libclang_rt.builtins.a : comparedf2.c.obj (.text.__ledf2)
                  000033e0    00000066     libc.a : _printfi.c.obj (.text._mcpy)
                  00003446    00000002     --HOLE-- [fill = 0]
                  00003448    00000062     libclang_rt.builtins.a : aeabi_dcmp.S.obj (.text.__aeabi_dcmp)
                  000034aa    00000002     --HOLE-- [fill = 0]
                  000034ac    0000005c     Easy_Menu.o (.text.Easy_Menu_All_Clear)
                  00003508    0000005c     Easy_Menu.o (.text.Easy_Menu_Display_Char)
                  00003564    0000005c     libc.a : s_frexp.c.obj (.text.frexp)
                  000035c0    00000058            : _ltoa.c.obj (.text.__TI_ltoa)
                  00003618    00000058            : _printfi.c.obj (.text._pconv_f)
                  00003670    00000056     libclang_rt.builtins.a : aeabi_idivmod.S.obj (.text.__aeabi_idivmod)
                  000036c6    00000054     Easy_Menu.o (.text.Compare_String)
                  0000371a    00000052     libc.a : _printfi.c.obj (.text._ecpy)
                  0000376c    00000050     ti_msp_dl_config.o (.text.SysTick_Config)
                  000037bc    0000004e     OLED.o (.text.OLED_WR_Byte)
                  0000380a    00000002     --HOLE-- [fill = 0]
                  0000380c    0000004a     libclang_rt.builtins.a : fixdfsi.S.obj (.text.__fixdfsi)
                  00003856    00000002     --HOLE-- [fill = 0]
                  00003858    00000040                            : aeabi_uidivmod.S.obj (.text.__aeabi_uidivmod)
                  00003898    00000040                            : extendsfdf2.S.obj (.text.__extendsfdf2)
                  000038d8    00000040     libc.a : atoi.c.obj (.text.atoi)
                  00003918    00000040            : vsnprintf.c.obj (.text.vsnprintf)
                  00003958    0000003c     Easy_Menu_Core.o (.text.Easy_Menu_Init)
                  00003994    0000003c     Easy_Menu.o (.text.Easy_Menu_Printf)
                  000039d0    0000003c     OLED.o (.text.OLED_Set_Pos)
                  00003a0c    0000003c     libc.a : autoinit.c.obj (.text:__TI_auto_init_nobinit_nopinit)
                  00003a48    0000003a     libclang_rt.builtins.a : muldsi3.S.obj (.text.__muldsi3)
                  00003a82    00000002     --HOLE-- [fill = 0]
                  00003a84    00000034     Easy_Menu_Item.o (.text.Goto_Item_Init)
                  00003ab8    00000034     OLED.o (.text.I2C_Start)
                  00003aec    00000034     ti_msp_dl_config.o (.text.SYSCFG_DL_initPower)
                  00003b20    00000034     Easy_Menu_Item.o (.text.Text_Item_Init)
                  00003b54    00000030     libc.a : _printfi.c.obj (.text._fcpy)
                  00003b84    00000030            : vsnprintf.c.obj (.text._outs)
                  00003bb4    00000030     main.o (.text.main)
                  00003be4    0000002e     Easy_Menu_Item.o (.text.Goto_Item_Input)
                  00003c12    00000002     --HOLE-- [fill = 0]
                  00003c14    0000002c     ti_msp_dl_config.o (.text.SYSCFG_DL_GPIO_init)
                  00003c40    0000002c     libclang_rt.builtins.a : floatsidf.S.obj (.text.__floatsidf)
                  00003c6c    00000028     ti_msp_dl_config.o (.text.DL_Common_updateReg)
                  00003c94    00000028     OLED.o (.text.I2C_Stop)
                  00003cbc    00000028     OLED.o (.text.I2C_WaitAck)
                  00003ce4    00000028     Easy_Menu_Item.o (.text.Text_Item_Input)
                  00003d0c    00000028     libc.a : boot_cortex_m.c.obj (.text:_c_int00_noargs)
                  00003d34    00000024     libclang_rt.builtins.a : muldi3.S.obj (.text.__muldi3)
                  00003d58    00000022     libc.a : memccpy.c.obj (.text.memccpy)
                  00003d7a    00000002     --HOLE-- [fill = 0]
                  00003d7c    00000020     delay.o (.text.delay_ms)
                  00003d9c    0000001e     ti_msp_dl_config.o (.text.SYSCFG_DL_SYSCTL_init)
                  00003dba    00000002     --HOLE-- [fill = 0]
                  00003dbc    0000001e     libclang_rt.builtins.a : ashldi3.S.obj (.text.__ashldi3)
                  00003dda    00000002     --HOLE-- [fill = 0]
                  00003ddc    0000001c     ti_msp_dl_config.o (.text.DL_SYSCTL_setSYSOSCFreq)
                  00003df8    0000001c     delay.o (.text.SysTick_Handler)
                  00003e14    00000018     ti_msp_dl_config.o (.text.DL_GPIO_enableOutput)
                  00003e2c    00000018     ti_msp_dl_config.o (.text.DL_GPIO_enablePower)
                  00003e44    00000018     ti_msp_dl_config.o (.text.DL_GPIO_initDigitalOutput)
                  00003e5c    00000018     ti_msp_dl_config.o (.text.DL_GPIO_reset)
                  00003e74    00000018     OLED.o (.text.DL_GPIO_setPins)
                  00003e8c    00000018     ti_msp_dl_config.o (.text.DL_GPIO_setPins)
                  00003ea4    00000018     ti_msp_dl_config.o (.text.DL_SYSCTL_setBORThreshold)
                  00003ebc    00000018     libc.a : vsnprintf.c.obj (.text._outc)
                  00003ed4    00000016            : copy_zero_init.c.obj (.text:decompress:ZI:__TI_zero_init_nomemset)
                  00003eea    00000014     OLED.o (.text.DL_GPIO_clearPins)
                  00003efe    00000002     --HOLE-- [fill = 0]
                  00003f00    00000014     ti_msp_dl_config.o (.text.DL_SYSCTL_disableSYSPLL)
                  00003f14    00000014     Easy_Menu_Page.o (.text.Ordinary_Page_Exit)
                  00003f28    00000014     ti_msp_dl_config.o (.text.SYSCFG_DL_init)
                  00003f3c    00000014     libclang_rt.builtins.a : aeabi_uldivmod.S.obj (.text.__aeabi_uldivmod)
                  00003f50    00000014     libc.a : _printfi.c.obj (.text.strchr)
                  00003f64    00000012            : memcpy16.S.obj (.text:TI_memcpy_small)
                  00003f76    00000012            : copy_decompress_none.c.obj (.text:decompress:none)
                  00003f88    00000010     ti_msp_dl_config.o (.text.DL_SYSCTL_disableHFXT)
                  00003f98    00000010     libc.a : wcslen.c.obj (.text.wcslen)
                  00003fa8    0000000e     libclang_rt.builtins.a : aeabi_memset.S.obj (.text.__aeabi_memset)
                  00003fb6    0000000e     libc.a : _printfi.c.obj (.text.strlen)
                  00003fc4    0000000e            : strlen.c.obj (.text.strlen)
                  00003fd2    0000000e            : memset16.S.obj (.text:TI_memset_small)
                  00003fe0    0000000c     ti_msp_dl_config.o (.text.SYSCFG_DL_SYSTICK_init)
                  00003fec    0000000a     driverlib.a : dl_common.o (.text.DL_Common_delayCycles)
                  00003ff6    0000000a     libc.a : _printfi.c.obj (.text.OUTLINED_FUNCTION_0)
                  00004000    00000010     libclang_rt.builtins.a : adddf3.S.obj (.tramp.__aeabi_dsub.1)
                  00004010    0000000a     libc.a : _printfi.c.obj (.text.OUTLINED_FUNCTION_1)
                  0000401a    00000002     --HOLE-- [fill = 0]
                  0000401c    00000008            : aeabi_portable.c.obj (.text.__aeabi_errno_addr)
                  00004024    00000008     libclang_rt.builtins.a : aeabi_memcpy.S.obj (.text.__aeabi_memcpy)
                  0000402c    00000006     libc.a : exit.c.obj (.text:abort)
                  00004032    00000004     startup_mspm0g350x_ticlang.o (.text.Default_Handler)
                  00004036    00000004     libsysbm.a : hostexit.c.obj (.text.HOSTexit)
                  0000403a    00000004     startup_mspm0g350x_ticlang.o (.text.Reset_Handler)
                  0000403e    00000004     libc.a : pre_init.c.obj (.text._system_pre_init)
                  00004042    00000006     --HOLE-- [fill = 0]

.cinit     0    000049d0    00000040     
                  000049d0    00000015     (.cinit..data.load) [load image, compression = lzss]
                  000049e5    00000003     --HOLE-- [fill = 0]
                  000049e8    0000000c     (__TI_handler_table)
                  000049f4    00000008     (.cinit..bss.load) [load image, compression = zero_init]
                  000049fc    00000010     (__TI_cinit_table)
                  00004a0c    00000004     --HOLE-- [fill = 0]

.rodata    0    00004050    00000980     
                  00004050    000005f0     OLED.o (.rodata.asc2_1608)
                  00004640    00000228     OLED.o (.rodata.asc2_0806)
                  00004868    00000007     Easy_Menu_Page.o (.rodata.str1.10162903526471618397.1)
                  0000486f    00000001     --HOLE-- [fill = 0]
                  00004870    00000101     libc.a : aeabi_ctype.S.obj (.rodata:__aeabi_ctype_table_)
                  00004971    00000011            : _printfi.c.obj (.rodata.str1.10348868589481759720.1)
                  00004982    00000011            : _printfi.c.obj (.rodata.str1.15363888844622738466.1)
                  00004993    0000000c     Easy_Menu_User.o (.rodata.str1.11177260976807265928.1)
                  0000499f    00000006     Easy_Menu_User.o (.rodata.str1.11262980610456716024.1)
                  000049a5    00000006     Easy_Menu_Page.o (.rodata.str1.11602794411890177903.1)
                  000049ab    00000005     Easy_Menu_Page.o (.rodata.str1.10541918737141963520.1)
                  000049b0    00000005     Easy_Menu_Page.o (.rodata.str1.14526947901870425149.1)
                  000049b5    00000005     Easy_Menu_Page.o (.rodata.str1.17342757695734682319.1)
                  000049ba    00000005     Easy_Menu_User.o (.rodata.str1.2484268131311446048.1)
                  000049bf    00000005     Easy_Menu_Page.o (.rodata.str1.2927598468843798870.1)
                  000049c4    00000004     Easy_Menu_User.o (.rodata.str1.8423479308304406733.1)
                  000049c8    00000003     Easy_Menu_User.o (.rodata.str1.14456782623604785242.1)
                  000049cb    00000002     Easy_Menu_Page.o (.rodata.str1.6187967722562398102.1)
                  000049cd    00000003     --HOLE-- [fill = 0]

.init_array 
*          0    00000000    00000000     UNINITIALIZED

.binit     0    00000000    00000000     

.bss       0    20200000    00000168     UNINITIALIZED
                  20200000    000000a0     (.common:easy_menu)
                  202000a0    00000028     (.common:PID_page)
                  202000c8    00000028     (.common:home_page)
                  202000f0    00000028     (.common:task_option_page)
                  20200118    00000014     (.common:goto__PID_page)
                  2020012c    00000014     (.common:goto__task_option_page)
                  20200140    00000014     (.common:kp)
                  20200154    00000014     (.common:task1)

.data      0    20200168    00000018     UNINITIALIZED
                  20200168    00000008     Easy_Menu_User.o (.data.home_page_items)
                  20200170    00000004     Easy_Menu_User.o (.data.PID_page_items)
                  20200174    00000004     libc.a : aeabi_portable.c.obj (.data.__aeabi_errno)
                  20200178    00000004     delay.o (.data.delay_times)
                  2020017c    00000004     Easy_Menu_User.o (.data.task_option_page_items)

.stack     0    20207e00    00000200     UNINITIALIZED
                  20207e00    00000004     libc.a : boot_cortex_m.c.obj (.stack)
                  20207e04    000001fc     --HOLE--

__llvm_prf_cnts 
*          0    20200000    00000000     UNINITIALIZED

__llvm_prf_bits 
*          0    20200000    00000000     UNINITIALIZED

MODULE SUMMARY

       Module                         code    ro data   rw data
       ------                         ----    -------   -------
    .\
       ti_msp_dl_config.o             618     0         0      
       startup_mspm0g350x_ticlang.o   8       192       0      
       main.o                         48      0         0      
    +--+------------------------------+-------+---------+---------+
       Total:                         674     192       0      
                                                               
    .\BSP\
       delay.o                        60      0         4      
    +--+------------------------------+-------+---------+---------+
       Total:                         60      0         4      
                                                               
    .\Drive\OLED_Drv\
       OLED.o                         1066    2072      0      
    +--+------------------------------+-------+---------+---------+
       Total:                         1066    2072      0      
                                                               
    .\Menu\
       Easy_Menu_Page.o               4552    35        0      
       Easy_Menu.o                    1790    0         160    
       Easy_Menu_User.o               184     30        216    
       Easy_Menu_Core.o               320     0         0      
       Easy_Menu_Item.o               190     0         0      
    +--+------------------------------+-------+---------+---------+
       Total:                         7036    65        376    
                                                               
    D:/MSP-SDK/mspm0_sdk_2_10_00_04/source/ti/driverlib/lib/ticlang/m0p/mspm0g1x0x_g3x0x/driverlib.a
       dl_common.o                    10      0         0      
    +--+------------------------------+-------+---------+---------+
       Total:                         10      0         0      
                                                               
    D:\CCS\ccs\tools\compiler\ti-cgt-armllvm_4.0.4.LTS\lib\armv6m-ti-none-eabi/c/libc.a
       _printfi.c.obj                 4510    34        0      
       aeabi_ctype.S.obj              0       257       0      
       s_scalbn.c.obj                 216     0         0      
       vsnprintf.c.obj                136     0         0      
       copy_decompress_lzss.c.obj     124     0         0      
       s_frexp.c.obj                  92      0         0      
       _ltoa.c.obj                    88      0         0      
       atoi.c.obj                     64      0         0      
       autoinit.c.obj                 60      0         0      
       boot_cortex_m.c.obj            40      0         0      
       memccpy.c.obj                  34      0         0      
       copy_zero_init.c.obj           22      0         0      
       copy_decompress_none.c.obj     18      0         0      
       memcpy16.S.obj                 18      0         0      
       wcslen.c.obj                   16      0         0      
       memset16.S.obj                 14      0         0      
       strlen.c.obj                   14      0         0      
       aeabi_portable.c.obj           8       0         4      
       exit.c.obj                     6       0         0      
       pre_init.c.obj                 4       0         0      
    +--+------------------------------+-------+---------+---------+
       Total:                         5484    291       4      
                                                               
    D:\CCS\ccs\tools\compiler\ti-cgt-armllvm_4.0.4.LTS\lib\armv6m-ti-none-eabi/c/libsysbm.a
       hostexit.c.obj                 4       0         0      
    +--+------------------------------+-------+---------+---------+
       Total:                         4       0         0      
                                                               
    D:\CCS\ccs\tools\compiler\ti-cgt-armllvm_4.0.4.LTS\lib\armv6m-ti-none-eabi/libclang_rt.builtins.a
       adddf3.S.obj                   418     0         0      
       divdf3.S.obj                   268     0         0      
       muldf3.S.obj                   228     0         0      
       comparedf2.c.obj               220     0         0      
       udivmoddi4.S.obj               162     0         0      
       aeabi_dcmp.S.obj               98      0         0      
       aeabi_idivmod.S.obj            86      0         0      
       fixdfsi.S.obj                  74      0         0      
       aeabi_uidivmod.S.obj           64      0         0      
       extendsfdf2.S.obj              64      0         0      
       muldsi3.S.obj                  58      0         0      
       floatsidf.S.obj                44      0         0      
       muldi3.S.obj                   36      0         0      
       ashldi3.S.obj                  30      0         0      
       aeabi_uldivmod.S.obj           20      0         0      
       aeabi_memset.S.obj             14      0         0      
       aeabi_memcpy.S.obj             8       0         0      
       aeabi_div0.c.obj               4       0         0      
    +--+------------------------------+-------+---------+---------+
       Total:                         1896    0         0      
                                                               
       Stack:                         0       0         512    
       Linker Generated:              0       57        0      
    +--+------------------------------+-------+---------+---------+
       Grand Total:                   16230   2677      896    


LINKER GENERATED COPY TABLES

__TI_cinit_table @ 000049fc records: 2, size/record: 8, table size: 16
	.data: load addr=000049d0, load size=00000015 bytes, run addr=20200168, run size=00000018 bytes, compression=lzss
	.bss: load addr=000049f4, load size=00000008 bytes, run addr=20200000, run size=00000168 bytes, compression=zero_init


LINKER GENERATED HANDLER TABLE

__TI_handler_table @ 000049e8 records: 3, size/record: 4, table size: 12
	index: 0, handler: __TI_decompress_lzss
	index: 1, handler: __TI_decompress_none
	index: 2, handler: __TI_zero_init


FAR CALL TRAMPOLINES

callee name               trampoline name
   callee addr  tramp addr   call addr  call info
--------------  -----------  ---------  ----------------
__aeabi_dsub              $Tramp$TT$L$PI$$__aeabi_dsub
   00002465     00004000     00003ffe   libc.a : _printfi.c.obj (.text.OUTLINED_FUNCTION_0)

[1 trampolines]
[1 trampoline calls]


GLOBAL SYMBOLS: SORTED ALPHABETICALLY BY Name 

address   name                          
-------   ----                          
00004033  ADC0_IRQHandler               
00004033  ADC1_IRQHandler               
00004033  AES_IRQHandler                
00004036  C$$EXIT                       
00004033  CANFD0_IRQHandler             
000036c7  Compare_String                
00004033  DAC0_IRQHandler               
00003fed  DL_Common_delayCycles         
00004033  DMA_IRQHandler                
00004033  Default_Handler               
000034ad  Easy_Menu_All_Clear           
00001261  Easy_Menu_All_Update          
00002e8d  Easy_Menu_Area_Clear          
000031b1  Easy_Menu_Display             
00003509  Easy_Menu_Display_Char        
00002fad  Easy_Menu_Display_String      
00002f1d  Easy_Menu_Goto_Page           
00003959  Easy_Menu_Init                
00003995  Easy_Menu_Printf              
00002d31  Easy_Menu_Ui_Init             
00004033  GROUP0_IRQHandler             
00004033  GROUP1_IRQHandler             
00003a85  Goto_Item_Init                
00003be5  Goto_Item_Input               
00004037  HOSTexit                      
00004033  HardFault_Handler             
00004033  I2C0_IRQHandler               
00004033  I2C1_IRQHandler               
00003ab9  I2C_Start                     
00003c95  I2C_Stop                      
00003cbd  I2C_WaitAck                   
00004033  NMI_Handler                   
0000330d  OLED_Clear                    
00002a79  OLED_Init                     
000039d1  OLED_Set_Pos                  
00002855  OLED_ShowChar                 
000037bd  OLED_WR_Byte                  
0000228d  Ordinary_Page_Display         
00001701  Ordinary_Page_Enter           
00003f15  Ordinary_Page_Exit            
000030b9  Ordinary_Page_Init            
00000a91  Ordinary_Page_Input           
00001b2d  Ordinary_Page_Refresh         
202000a0  PID_page                      
20200170  PID_page_items                
00004033  PendSV_Handler                
00004033  RTC_IRQHandler                
0000403b  Reset_Handler                 
00004033  SPI0_IRQHandler               
00004033  SPI1_IRQHandler               
00004033  SVC_Handler                   
00003c15  SYSCFG_DL_GPIO_init           
00003d9d  SYSCFG_DL_SYSCTL_init         
00003fe1  SYSCFG_DL_SYSTICK_init        
00003f29  SYSCFG_DL_init                
00003aed  SYSCFG_DL_initPower           
00003225  Send_Byte                     
00003df9  SysTick_Handler               
00004033  TIMA0_IRQHandler              
00004033  TIMA1_IRQHandler              
00004033  TIMG0_IRQHandler              
00004033  TIMG12_IRQHandler             
00004033  TIMG6_IRQHandler              
00004033  TIMG7_IRQHandler              
00004033  TIMG8_IRQHandler              
00003f65  TI_memcpy_small               
00003fd3  TI_memset_small               
00003b21  Text_Item_Init                
00003ce5  Text_Item_Input               
00004033  UART0_IRQHandler              
00004033  UART1_IRQHandler              
00004033  UART2_IRQHandler              
00004033  UART3_IRQHandler              
20208000  __STACK_END                   
00000200  __STACK_SIZE                  
00000000  __TI_ATRegion0_region_sz      
00000000  __TI_ATRegion0_src_addr       
00000000  __TI_ATRegion0_trg_addr       
00000000  __TI_ATRegion1_region_sz      
00000000  __TI_ATRegion1_src_addr       
00000000  __TI_ATRegion1_trg_addr       
00000000  __TI_ATRegion2_region_sz      
00000000  __TI_ATRegion2_src_addr       
00000000  __TI_ATRegion2_trg_addr       
000049fc  __TI_CINIT_Base               
00004a0c  __TI_CINIT_Limit              
00004a0c  __TI_CINIT_Warm               
000049e8  __TI_Handler_Table_Base       
000049f4  __TI_Handler_Table_Limit      
00003a0d  __TI_auto_init_nobinit_nopinit
00003135  __TI_decompress_lzss          
00003f77  __TI_decompress_none          
000035c1  __TI_ltoa                     
ffffffff  __TI_pprof_out_hndl           
000000c1  __TI_printfi                  
ffffffff  __TI_prof_data_size           
ffffffff  __TI_prof_data_start          
00000000  __TI_static_base__            
00003ed5  __TI_zero_init_nomemset       
0000246f  __adddf3                      
00004870  __aeabi_ctype_table_          
00004870  __aeabi_ctype_table_C         
0000380d  __aeabi_d2iz                  
0000246f  __aeabi_dadd                  
00003449  __aeabi_dcmpeq                
00003485  __aeabi_dcmpge                
00003499  __aeabi_dcmpgt                
00003471  __aeabi_dcmple                
0000345d  __aeabi_dcmplt                
0000296d  __aeabi_ddiv                  
00002b75  __aeabi_dmul                  
00002465  __aeabi_dsub                  
20200174  __aeabi_errno                 
0000401d  __aeabi_errno_addr            
00003899  __aeabi_f2d                   
00003c41  __aeabi_i2d                   
00003671  __aeabi_idiv                  
000025f7  __aeabi_idiv0                 
00003671  __aeabi_idivmod               
00002b73  __aeabi_ldiv0                 
00003dbd  __aeabi_llsl                  
00003d35  __aeabi_lmul                  
00004025  __aeabi_memcpy                
00004025  __aeabi_memcpy4               
00004025  __aeabi_memcpy8               
00003fa9  __aeabi_memset                
00003fa9  __aeabi_memset4               
00003fa9  __aeabi_memset8               
00003859  __aeabi_uidiv                 
00003859  __aeabi_uidivmod              
00003f3d  __aeabi_uldivmod              
00003dbd  __ashldi3                     
ffffffff  __binit__                     
00003379  __cmpdf2                      
0000296d  __divdf3                      
00003379  __eqdf2                       
00003899  __extendsfdf2                 
0000380d  __fixdfsi                     
00003c41  __floatsidf                   
00003299  __gedf2                       
00003299  __gtdf2                       
00003379  __ledf2                       
00003379  __ltdf2                       
UNDEFED   __mpu_init                    
00002b75  __muldf3                      
00003d35  __muldi3                      
00003a49  __muldsi3                     
00003379  __nedf2                       
20207e00  __stack                       
20200000  __start___llvm_prf_bits       
20200000  __start___llvm_prf_cnts       
20200000  __stop___llvm_prf_bits        
20200000  __stop___llvm_prf_cnts        
00002465  __subdf3                      
00002de9  __udivmoddi4                  
00003d0d  _c_int00_noargs               
UNDEFED   _system_post_cinit            
0000403f  _system_pre_init              
0000402d  abort                         
00004640  asc2_0806                     
00004050  asc2_1608                     
000038d9  atoi                          
ffffffff  binit                         
00003d7d  delay_ms                      
20200178  delay_times                   
20200000  easy_menu                     
00003565  frexp                         
00003565  frexpl                        
20200118  goto__PID_page                
2020012c  goto__task_option_page        
202000c8  home_page                     
20200168  home_page_items               
00000000  interruptVectors              
20200140  kp                            
00002c59  ldexp                         
00002c59  ldexpl                        
00003bb5  main                          
00003d59  memccpy                       
00002c59  scalbn                        
00002c59  scalbnl                       
00003fc5  strlen                        
20200154  task1                         
202000f0  task_option_page              
2020017c  task_option_page_items        
00003919  vsnprintf                     
00003f99  wcslen                        


GLOBAL SYMBOLS: SORTED BY Symbol Address 

address   name                          
-------   ----                          
00000000  __TI_ATRegion0_region_sz      
00000000  __TI_ATRegion0_src_addr       
00000000  __TI_ATRegion0_trg_addr       
00000000  __TI_ATRegion1_region_sz      
00000000  __TI_ATRegion1_src_addr       
00000000  __TI_ATRegion1_trg_addr       
00000000  __TI_ATRegion2_region_sz      
00000000  __TI_ATRegion2_src_addr       
00000000  __TI_ATRegion2_trg_addr       
00000000  __TI_static_base__            
00000000  interruptVectors              
000000c1  __TI_printfi                  
00000200  __STACK_SIZE                  
00000a91  Ordinary_Page_Input           
00001261  Easy_Menu_All_Update          
00001701  Ordinary_Page_Enter           
00001b2d  Ordinary_Page_Refresh         
0000228d  Ordinary_Page_Display         
00002465  __aeabi_dsub                  
00002465  __subdf3                      
0000246f  __adddf3                      
0000246f  __aeabi_dadd                  
000025f7  __aeabi_idiv0                 
00002855  OLED_ShowChar                 
0000296d  __aeabi_ddiv                  
0000296d  __divdf3                      
00002a79  OLED_Init                     
00002b73  __aeabi_ldiv0                 
00002b75  __aeabi_dmul                  
00002b75  __muldf3                      
00002c59  ldexp                         
00002c59  ldexpl                        
00002c59  scalbn                        
00002c59  scalbnl                       
00002d31  Easy_Menu_Ui_Init             
00002de9  __udivmoddi4                  
00002e8d  Easy_Menu_Area_Clear          
00002f1d  Easy_Menu_Goto_Page           
00002fad  Easy_Menu_Display_String      
000030b9  Ordinary_Page_Init            
00003135  __TI_decompress_lzss          
000031b1  Easy_Menu_Display             
00003225  Send_Byte                     
00003299  __gedf2                       
00003299  __gtdf2                       
0000330d  OLED_Clear                    
00003379  __cmpdf2                      
00003379  __eqdf2                       
00003379  __ledf2                       
00003379  __ltdf2                       
00003379  __nedf2                       
00003449  __aeabi_dcmpeq                
0000345d  __aeabi_dcmplt                
00003471  __aeabi_dcmple                
00003485  __aeabi_dcmpge                
00003499  __aeabi_dcmpgt                
000034ad  Easy_Menu_All_Clear           
00003509  Easy_Menu_Display_Char        
00003565  frexp                         
00003565  frexpl                        
000035c1  __TI_ltoa                     
00003671  __aeabi_idiv                  
00003671  __aeabi_idivmod               
000036c7  Compare_String                
000037bd  OLED_WR_Byte                  
0000380d  __aeabi_d2iz                  
0000380d  __fixdfsi                     
00003859  __aeabi_uidiv                 
00003859  __aeabi_uidivmod              
00003899  __aeabi_f2d                   
00003899  __extendsfdf2                 
000038d9  atoi                          
00003919  vsnprintf                     
00003959  Easy_Menu_Init                
00003995  Easy_Menu_Printf              
000039d1  OLED_Set_Pos                  
00003a0d  __TI_auto_init_nobinit_nopinit
00003a49  __muldsi3                     
00003a85  Goto_Item_Init                
00003ab9  I2C_Start                     
00003aed  SYSCFG_DL_initPower           
00003b21  Text_Item_Init                
00003bb5  main                          
00003be5  Goto_Item_Input               
00003c15  SYSCFG_DL_GPIO_init           
00003c41  __aeabi_i2d                   
00003c41  __floatsidf                   
00003c95  I2C_Stop                      
00003cbd  I2C_WaitAck                   
00003ce5  Text_Item_Input               
00003d0d  _c_int00_noargs               
00003d35  __aeabi_lmul                  
00003d35  __muldi3                      
00003d59  memccpy                       
00003d7d  delay_ms                      
00003d9d  SYSCFG_DL_SYSCTL_init         
00003dbd  __aeabi_llsl                  
00003dbd  __ashldi3                     
00003df9  SysTick_Handler               
00003ed5  __TI_zero_init_nomemset       
00003f15  Ordinary_Page_Exit            
00003f29  SYSCFG_DL_init                
00003f3d  __aeabi_uldivmod              
00003f65  TI_memcpy_small               
00003f77  __TI_decompress_none          
00003f99  wcslen                        
00003fa9  __aeabi_memset                
00003fa9  __aeabi_memset4               
00003fa9  __aeabi_memset8               
00003fc5  strlen                        
00003fd3  TI_memset_small               
00003fe1  SYSCFG_DL_SYSTICK_init        
00003fed  DL_Common_delayCycles         
0000401d  __aeabi_errno_addr            
00004025  __aeabi_memcpy                
00004025  __aeabi_memcpy4               
00004025  __aeabi_memcpy8               
0000402d  abort                         
00004033  ADC0_IRQHandler               
00004033  ADC1_IRQHandler               
00004033  AES_IRQHandler                
00004033  CANFD0_IRQHandler             
00004033  DAC0_IRQHandler               
00004033  DMA_IRQHandler                
00004033  Default_Handler               
00004033  GROUP0_IRQHandler             
00004033  GROUP1_IRQHandler             
00004033  HardFault_Handler             
00004033  I2C0_IRQHandler               
00004033  I2C1_IRQHandler               
00004033  NMI_Handler                   
00004033  PendSV_Handler                
00004033  RTC_IRQHandler                
00004033  SPI0_IRQHandler               
00004033  SPI1_IRQHandler               
00004033  SVC_Handler                   
00004033  TIMA0_IRQHandler              
00004033  TIMA1_IRQHandler              
00004033  TIMG0_IRQHandler              
00004033  TIMG12_IRQHandler             
00004033  TIMG6_IRQHandler              
00004033  TIMG7_IRQHandler              
00004033  TIMG8_IRQHandler              
00004033  UART0_IRQHandler              
00004033  UART1_IRQHandler              
00004033  UART2_IRQHandler              
00004033  UART3_IRQHandler              
00004036  C$$EXIT                       
00004037  HOSTexit                      
0000403b  Reset_Handler                 
0000403f  _system_pre_init              
00004050  asc2_1608                     
00004640  asc2_0806                     
00004870  __aeabi_ctype_table_          
00004870  __aeabi_ctype_table_C         
000049e8  __TI_Handler_Table_Base       
000049f4  __TI_Handler_Table_Limit      
000049fc  __TI_CINIT_Base               
00004a0c  __TI_CINIT_Limit              
00004a0c  __TI_CINIT_Warm               
20200000  __start___llvm_prf_bits       
20200000  __start___llvm_prf_cnts       
20200000  __stop___llvm_prf_bits        
20200000  __stop___llvm_prf_cnts        
20200000  easy_menu                     
202000a0  PID_page                      
202000c8  home_page                     
202000f0  task_option_page              
20200118  goto__PID_page                
2020012c  goto__task_option_page        
20200140  kp                            
20200154  task1                         
20200168  home_page_items               
20200170  PID_page_items                
20200174  __aeabi_errno                 
20200178  delay_times                   
2020017c  task_option_page_items        
20207e00  __stack                       
20208000  __STACK_END                   
ffffffff  __TI_pprof_out_hndl           
ffffffff  __TI_prof_data_size           
ffffffff  __TI_prof_data_start          
ffffffff  __binit__                     
ffffffff  binit                         
UNDEFED   __mpu_init                    
UNDEFED   _system_post_cinit            

[186 symbols]
