******************************************************************************
            TI ARM Clang Linker PC v4.0.4                      
******************************************************************************
>> Linked Sat May  2 00:35:08 2026

OUTPUT FILE NAME:   <optoelectronicrace_26.out>
ENTRY POINT SYMBOL: "_c_int00_noargs"  address: 00005f81


MEMORY CONFIGURATION

         name            origin    length      used     unused   attr    fill
----------------------  --------  ---------  --------  --------  ----  --------
  FLASH                 00000000   00020000  00007168  00018e98  R  X
  SRAM                  20200000   00008000  000005f5  00007a0b  RW X
  BCR_CONFIG            41c00000   000000ff  00000000  000000ff  R   
  BSL_CONFIG            41c00100   00000080  00000000  00000080  R   


SEGMENT ALLOCATION MAP

run origin  load origin   length   init length attrs members
----------  ----------- ---------- ----------- ----- -------
00000000    00000000    00006718   00006718    r-x
  00000000    00000000    000000c0   000000c0    r-- .intvecs
  000000c0    000000c0    00006658   00006658    r-x .text
00006720    00006720    00000a50   00000a50    r--
  00006720    00006720    000009f0   000009f0    r-- .rodata
  00007110    00007110    00000060   00000060    r-- .cinit
20200000    20200000    000003f5   00000000    rw-
  20200000    20200000    00000378   00000000    rw- .bss
  20200378    20200378    0000007d   00000000    rw- .data
20207e00    20207e00    00000200   00000000    rw-
  20207e00    20207e00    00000200   00000000    rw- .stack


SECTION ALLOCATION MAP

 output                                  attributes/
section   page    origin      length       input sections
--------  ----  ----------  ----------   ----------------
.intvecs   0    00000000    000000c0     
                  00000000    000000c0     startup_mspm0g350x_ticlang.o (.intvecs)

.text      0    000000c0    00006658     
                  000000c0    000009d0     libc.a : _printfi.c.obj (.text:__TI_printfi)
                  00000a90    000007d0     Easy_Menu_Page.o (.text.Ordinary_Page_Input)
                  00001260    000007c4     Easy_Menu_Item.o (.text.Data_Item_Input)
                  00001a24    000004a0     Easy_Menu.o (.text.Easy_Menu_All_Update)
                  00001ec4    0000042c     Easy_Menu_Page.o (.text.Ordinary_Page_Enter)
                  000022f0    00000364     Easy_Menu_Page.o (.text.Ordinary_Page_Refresh)
                  00002654    00000220     libc.a : _printfi.c.obj (.text._pconv_a)
                  00002874    00000218     Trackline.o (.text.Trackline_Task)
                  00002a8c    000001dc     libc.a : _printfi.c.obj (.text._pconv_g)
                  00002c68    000001d8     Easy_Menu_Page.o (.text.Ordinary_Page_Display)
                  00002e40    00000192     libclang_rt.builtins.a : adddf3.S.obj (.text.adddf3_subdf3)
                  00002fd2    00000002                            : aeabi_div0.c.obj (.text.__aeabi_idiv0)
                  00002fd4    00000188     No_Mcu_Ganv_Grayscale_Sensor.o (.text.No_MCU_Ganv_Sensor_Init)
                  0000315c    0000017c     ti_msp_dl_config.o (.text.SYSCFG_DL_GPIO_init)
                  000032d8    00000154     Easy_Menu_User.o (.text.Easy_Menu_Ui_Init)
                  0000342c    0000013c     libc.a : _printfi.c.obj (.text.fcvt)
                  00003568    00000120            : _printfi.c.obj (.text._pconv_e)
                  00003688    00000118     OLED.o (.text.OLED_ShowChar)
                  000037a0    0000010c     libclang_rt.builtins.a : divdf3.S.obj (.text.__divdf3)
                  000038ac    00000104     driverlib.a : dl_timer.o (.text.DL_Timer_initFourCCPWMMode)
                  000039b0    000000fa     OLED.o (.text.OLED_Init)
                  00003aaa    00000002     libclang_rt.builtins.a : aeabi_div0.c.obj (.text.__aeabi_ldiv0)
                  00003aac    000000e4                            : muldf3.S.obj (.text.__muldf3)
                  00003b90    000000d8     libc.a : s_scalbn.c.obj (.text.scalbn)
                  00003c68    000000d8     libclang_rt.builtins.a : addsf3.S.obj (.text)
                  00003d40    000000cc     Beep.o (.text.Beep_Tick_1ms)
                  00003e0c    000000cc     Easy_Menu_Item.o (.text.Data_Item_Init)
                  00003ed8    000000b8     No_Mcu_Ganv_Grayscale_Sensor.o (.text.Get_Analog_value)
                  00003f90    000000aa     No_Mcu_Ganv_Grayscale_Sensor.o (.text.normalizeAnalogValues)
                  0000403a    00000002     --HOLE-- [fill = 0]
                  0000403c    000000a2     libclang_rt.builtins.a : udivmoddi4.S.obj (.text)
                  000040de    00000002     --HOLE-- [fill = 0]
                  000040e0    000000a0     Knob_drv.o (.text.Knob_get)
                  00004180    0000009c     Motor.o (.text.Motor_A_SetSpeed)
                  0000421c    0000009c     Motor.o (.text.Motor_B_SetSpeed)
                  000042b8    00000090     Easy_Menu.o (.text.Easy_Menu_Area_Clear)
                  00004348    00000090     Easy_Menu_Core.o (.text.Easy_Menu_Goto_Page)
                  000043d8    00000090     ti_msp_dl_config.o (.text.SYSCFG_DL_PWM_0_init)
                  00004468    0000008c     ti_msp_dl_config.o (.text.SYSCFG_DL_initPower)
                  000044f4    0000008c     libclang_rt.builtins.a : mulsf3.S.obj (.text.__mulsf3)
                  00004580    00000086     Easy_Menu.o (.text.Easy_Menu_Display_String)
                  00004606    00000002     --HOLE-- [fill = 0]
                  00004608    00000084     ti_msp_dl_config.o (.text.__NVIC_SetPriority)
                  0000468c    00000080     Knob_drv.o (.text.Knob_Tick_1ms)
                  0000470c    00000080     Motor.o (.text.Motor_B_EncoderIRQHandler)
                  0000478c    0000007c     Easy_Menu_Page.o (.text.Ordinary_Page_Init)
                  00004808    0000007c     libc.a : copy_decompress_lzss.c.obj (.text:decompress:lzss)
                  00004884    00000074     Easy_Menu_Core.o (.text.Easy_Menu_Display)
                  000048f8    00000074     OLED.o (.text.Send_Byte)
                  0000496c    00000074     libclang_rt.builtins.a : comparedf2.c.obj (.text.__gedf2)
                  000049e0    00000074     Motor.o (.text.clampSpeed)
                  00004a54    00000072     No_Mcu_Ganv_Grayscale_Sensor.o (.text.No_MCU_Ganv_Sensor_Init_Frist)
                  00004ac6    00000002     --HOLE-- [fill = 0]
                  00004ac8    0000006c     ti_msp_dl_config.o (.text.SYSCFG_DL_ADC_line_detector_init)
                  00004b34    0000006c     No_Mcu_Ganv_Grayscale_Sensor.o (.text.convertAnalogToDigital)
                  00004ba0    0000006a     OLED.o (.text.OLED_Clear)
                  00004c0a    00000002     --HOLE-- [fill = 0]
                  00004c0c    00000068     libclang_rt.builtins.a : comparedf2.c.obj (.text.__ledf2)
                  00004c74    00000066     libc.a : _printfi.c.obj (.text._mcpy)
                  00004cda    00000002     --HOLE-- [fill = 0]
                  00004cdc    00000064     ti_msp_dl_config.o (.text.DL_ADC12_initSingleSample)
                  00004d40    00000062     libclang_rt.builtins.a : aeabi_dcmp.S.obj (.text.__aeabi_dcmp)
                  00004da2    00000002     --HOLE-- [fill = 0]
                  00004da4    00000062                            : aeabi_fcmp.S.obj (.text.__aeabi_fcmp)
                  00004e06    00000002     --HOLE-- [fill = 0]
                  00004e08    0000005c     Easy_Menu.o (.text.Easy_Menu_All_Clear)
                  00004e64    0000005c     ADC.o (.text.adc_getValue)
                  00004ec0    0000005c     libc.a : s_frexp.c.obj (.text.frexp)
                  00004f1c    00000058     Easy_Menu_Item.o (.text.Switch_Item_Input)
                  00004f74    00000058     libc.a : _ltoa.c.obj (.text.__TI_ltoa)
                  00004fcc    00000058            : _printfi.c.obj (.text._pconv_f)
                  00005024    00000056     libclang_rt.builtins.a : aeabi_idivmod.S.obj (.text.__aeabi_idivmod)
                  0000507a    00000054     Easy_Menu.o (.text.Compare_String)
                  000050ce    00000002     --HOLE-- [fill = 0]
                  000050d0    00000054     ti_msp_dl_config.o (.text.DL_Timer_configQEI)
                  00005124    00000054     Knob_drv.o (.text.Knob_EXTI_Handler)
                  00005178    00000054     Trackline.o (.text.Trackline_Init)
                  000051cc    00000052     libc.a : _printfi.c.obj (.text._ecpy)
                  0000521e    00000002     --HOLE-- [fill = 0]
                  00005220    00000050     ti_msp_dl_config.o (.text.SYSCFG_DL_QEI_0_init)
                  00005270    00000050     ti_msp_dl_config.o (.text.SysTick_Config)
                  000052c0    0000004e     OLED.o (.text.OLED_WR_Byte)
                  0000530e    00000002     --HOLE-- [fill = 0]
                  00005310    0000004c     driverlib.a : dl_dma.o (.text.DL_DMA_initChannel)
                  0000535c    0000004c     ti_msp_dl_config.o (.text.DL_GPIO_initDigitalInputFeatures)
                  000053a8    0000004c     ti_msp_dl_config.o (.text.DL_UART_setBaudRateDivisor)
                  000053f4    0000004c     main.o (.text.main)
                  00005440    0000004a     ti_msp_dl_config.o (.text.DL_ADC12_configConversionMem)
                  0000548a    00000002     --HOLE-- [fill = 0]
                  0000548c    0000004a     libclang_rt.builtins.a : fixdfsi.S.obj (.text.__fixdfsi)
                  000054d6    00000002     --HOLE-- [fill = 0]
                  000054d8    00000048     driverlib.a : dl_uart.o (.text.DL_UART_init)
                  00005520    00000044     Easy_Menu.o (.text.Easy_Menu_Display_Char)
                  00005564    00000042     No_Mcu_Ganv_Grayscale_Sensor.o (.text.No_Mcu_Ganv_Sensor_Task_Without_tick)
                  000055a6    00000002     --HOLE-- [fill = 0]
                  000055a8    00000040     driverlib.a : dl_adc12.o (.text.DL_ADC12_setClockConfig)
                  000055e8    00000040     ti_msp_dl_config.o (.text.SYSCFG_DL_UART_0_init)
                  00005628    00000040     ti_msp_dl_config.o (.text.SYSCFG_DL_UART_UP_init)
                  00005668    00000040     Easy_Menu_Item.o (.text.Switch_Item_Init)
                  000056a8    00000040     libclang_rt.builtins.a : aeabi_uidivmod.S.obj (.text.__aeabi_uidivmod)
                  000056e8    00000040                            : extendsfdf2.S.obj (.text.__extendsfdf2)
                  00005728    00000040     libc.a : atoi.c.obj (.text.atoi)
                  00005768    00000040            : vsnprintf.c.obj (.text.vsnprintf)
                  000057a8    0000003c     ti_msp_dl_config.o (.text.DL_Timer_setCounterControl)
                  000057e4    0000003c     Easy_Menu_Core.o (.text.Easy_Menu_Init)
                  00005820    0000003c     Easy_Menu.o (.text.Easy_Menu_Printf)
                  0000585c    0000003c     OLED.o (.text.OLED_Set_Pos)
                  00005898    0000003c     libclang_rt.builtins.a : floatsisf.S.obj (.text.__floatsisf)
                  000058d4    0000003c                            : comparesf2.S.obj (.text.__gtsf2)
                  00005910    0000003c     Beep.o (.text.start_off_phase)
                  0000594c    0000003c     Beep.o (.text.start_on_phase)
                  00005988    0000003c     libc.a : autoinit.c.obj (.text:__TI_auto_init_nobinit_nopinit)
                  000059c4    0000003a     libclang_rt.builtins.a : comparesf2.S.obj (.text.__eqsf2)
                  000059fe    00000002     --HOLE-- [fill = 0]
                  00005a00    0000003a                            : muldsi3.S.obj (.text.__muldsi3)
                  00005a3a    00000038     No_Mcu_Ganv_Grayscale_Sensor.o (.text.Get_Normalize_For_User)
                  00005a72    00000002     --HOLE-- [fill = 0]
                  00005a74    00000038     Motor.o (.text.Motor_Coast)
                  00005aac    00000038     ti_msp_dl_config.o (.text.SYSCFG_DL_init)
                  00005ae4    00000038     libclang_rt.builtins.a : fixsfsi.S.obj (.text.__fixsfsi)
                  00005b1c    00000034     Easy_Menu_Item.o (.text.Goto_Item_Init)
                  00005b50    00000034     OLED.o (.text.I2C_Start)
                  00005b84    00000034     ti_msp_dl_config.o (.text.SYSCFG_DL_SYSCTL_init)
                  00005bb8    00000030     ti_msp_dl_config.o (.text.DL_DMA_setTransferSize)
                  00005be8    00000030     ti_msp_dl_config.o (.text.DL_GPIO_initDigitalOutputFeatures)
                  00005c18    00000030     Easy_Menu.o (.text.Display_Char_Line)
                  00005c48    00000030     Motor.o (.text.Motor_Init)
                  00005c78    00000030     delay.o (.text.SysTick_Handler)
                  00005ca8    00000030     libc.a : _printfi.c.obj (.text._fcpy)
                  00005cd8    00000030            : vsnprintf.c.obj (.text._outs)
                  00005d08    0000002e     Easy_Menu_Item.o (.text.Goto_Item_Input)
                  00005d36    00000002     --HOLE-- [fill = 0]
                  00005d38    0000002c     ti_msp_dl_config.o (.text.DL_ADC12_setDMASamplesCnt)
                  00005d64    0000002c     Knob_drv.o (.text.GROUP1_IRQHandler)
                  00005d90    0000002c     Knob_drv.o (.text.__NVIC_EnableIRQ)
                  00005dbc    0000002c     Motor.o (.text.__NVIC_EnableIRQ)
                  00005de8    0000002c     libclang_rt.builtins.a : floatsidf.S.obj (.text.__floatsidf)
                  00005e14    0000002a     Easy_Menu.o (.text.Display_Char)
                  00005e3e    00000028     ti_msp_dl_config.o (.text.DL_Common_updateReg)
                  00005e66    00000002     --HOLE-- [fill = 0]
                  00005e68    00000028     Trackline.o (.text.DL_DMA_setDestAddr)
                  00005e90    00000028     Trackline.o (.text.DL_DMA_setSrcAddr)
                  00005eb8    00000028     Easy_Menu_Core.o (.text.Easy_Menu_Input)
                  00005ee0    00000028     OLED.o (.text.I2C_Stop)
                  00005f08    00000028     OLED.o (.text.I2C_WaitAck)
                  00005f30    00000028     Motor.o (.text.Motor_SetSpeed)
                  00005f58    00000028     ti_msp_dl_config.o (.text.SYSCFG_DL_DMA_detector_out_init)
                  00005f80    00000028     libc.a : boot_cortex_m.c.obj (.text:_c_int00_noargs)
                  00005fa8    00000026     Trackline.o (.text.DL_DMA_enableChannel)
                  00005fce    00000002     --HOLE-- [fill = 0]
                  00005fd0    00000024     libclang_rt.builtins.a : floatunsidf.S.obj (.text.__floatunsidf)
                  00005ff4    00000024                            : muldi3.S.obj (.text.__muldi3)
                  00006018    00000022     libc.a : memccpy.c.obj (.text.memccpy)
                  0000603a    00000002     --HOLE-- [fill = 0]
                  0000603c    00000020     ti_msp_dl_config.o (.text.DL_GPIO_initPeripheralInputFunction)
                  0000605c    00000020     delay.o (.text.delay_ms)
                  0000607c    0000001e     ti_msp_dl_config.o (.text.DL_UART_setOversampling)
                  0000609a    00000002     --HOLE-- [fill = 0]
                  0000609c    0000001e     libclang_rt.builtins.a : ashldi3.S.obj (.text.__ashldi3)
                  000060ba    00000002     --HOLE-- [fill = 0]
                  000060bc    0000001c     ti_msp_dl_config.o (.text.DL_ADC12_enableDMA)
                  000060d8    0000001c     ti_msp_dl_config.o (.text.DL_ADC12_enableDMATrigger)
                  000060f4    0000001c     Trackline.o (.text.DL_ADC12_startConversion)
                  00006110    0000001c     Knob_drv.o (.text.DL_GPIO_clearInterruptStatus)
                  0000612c    0000001c     Motor.o (.text.DL_GPIO_clearInterruptStatus)
                  00006148    0000001c     ti_msp_dl_config.o (.text.DL_GPIO_clearInterruptStatus)
                  00006164    0000001c     ti_msp_dl_config.o (.text.DL_GPIO_enableInterrupt)
                  00006180    0000001c     ti_msp_dl_config.o (.text.DL_GPIO_initPeripheralOutputFunction)
                  0000619c    0000001c     ti_msp_dl_config.o (.text.DL_GPIO_setLowerPinsPolarity)
                  000061b8    0000001c     Knob_drv.o (.text.DL_Interrupt_getPendingGroup)
                  000061d4    0000001c     ti_msp_dl_config.o (.text.DL_SYSCTL_setSYSOSCFreq)
                  000061f0    0000001c     driverlib.a : dl_timer.o (.text.DL_Timer_setCaptCompUpdateMethod)
                  0000620c    0000001c                 : dl_timer.o (.text.DL_Timer_setClockConfig)
                  00006228    00000018     ti_msp_dl_config.o (.text.DL_ADC12_enablePower)
                  00006240    00000018     ti_msp_dl_config.o (.text.DL_ADC12_reset)
                  00006258    00000018     ti_msp_dl_config.o (.text.DL_ADC12_setSampleTime0)
                  00006270    00000018     ti_msp_dl_config.o (.text.DL_GPIO_enableOutput)
                  00006288    00000018     ti_msp_dl_config.o (.text.DL_GPIO_enablePower)
                  000062a0    00000018     Knob_drv.o (.text.DL_GPIO_getEnabledInterruptStatus)
                  000062b8    00000018     Motor.o (.text.DL_GPIO_getEnabledInterruptStatus)
                  000062d0    00000018     ti_msp_dl_config.o (.text.DL_GPIO_initDigitalOutput)
                  000062e8    00000018     ti_msp_dl_config.o (.text.DL_GPIO_reset)
                  00006300    00000018     Beep.o (.text.DL_GPIO_setPins)
                  00006318    00000018     Motor.o (.text.DL_GPIO_setPins)
                  00006330    00000018     No_Mcu_Ganv_Grayscale_Sensor.o (.text.DL_GPIO_setPins)
                  00006348    00000018     OLED.o (.text.DL_GPIO_setPins)
                  00006360    00000018     ti_msp_dl_config.o (.text.DL_GPIO_setPins)
                  00006378    00000018     ti_msp_dl_config.o (.text.DL_GPIO_setUpperPinsPolarity)
                  00006390    00000018     ti_msp_dl_config.o (.text.DL_SYSCTL_setBORThreshold)
                  000063a8    00000018     ti_msp_dl_config.o (.text.DL_Timer_enablePower)
                  000063c0    00000018     ti_msp_dl_config.o (.text.DL_Timer_reset)
                  000063d8    00000018     driverlib.a : dl_timer.o (.text.DL_Timer_setCaptureCompareOutCtl)
                  000063f0    00000018     ti_msp_dl_config.o (.text.DL_Timer_setLoadValue)
                  00006408    00000018     ti_msp_dl_config.o (.text.DL_Timer_startCounter)
                  00006420    00000018     ti_msp_dl_config.o (.text.DL_UART_enablePower)
                  00006438    00000018     ti_msp_dl_config.o (.text.DL_UART_reset)
                  00006450    00000018     libc.a : vsnprintf.c.obj (.text._outc)
                  00006468    00000016     ti_msp_dl_config.o (.text.DL_ADC12_enableConversions)
                  0000647e    00000016     Knob_drv.o (.text.DL_GPIO_readPins)
                  00006494    00000016     Motor.o (.text.DL_GPIO_readPins)
                  000064aa    00000016     ti_msp_dl_config.o (.text.DL_UART_enable)
                  000064c0    00000016     libc.a : copy_zero_init.c.obj (.text:decompress:ZI:__TI_zero_init_nomemset)
                  000064d6    00000014     Beep.o (.text.DL_GPIO_clearPins)
                  000064ea    00000014     Motor.o (.text.DL_GPIO_clearPins)
                  000064fe    00000014     No_Mcu_Ganv_Grayscale_Sensor.o (.text.DL_GPIO_clearPins)
                  00006512    00000014     OLED.o (.text.DL_GPIO_clearPins)
                  00006526    00000014     ti_msp_dl_config.o (.text.DL_GPIO_clearPins)
                  0000653a    00000002     --HOLE-- [fill = 0]
                  0000653c    00000014     ti_msp_dl_config.o (.text.DL_SYSCTL_disableSYSPLL)
                  00006550    00000014     ti_msp_dl_config.o (.text.DL_SYSCTL_enableMFCLK)
                  00006564    00000014     ti_msp_dl_config.o (.text.DL_Timer_enableClock)
                  00006578    00000014     ti_msp_dl_config.o (.text.DL_Timer_setCCPDirection)
                  0000658c    00000014     Motor.o (.text.Motor_B_EncoderInit)
                  000065a0    00000014     Easy_Menu_Page.o (.text.Ordinary_Page_Exit)
                  000065b4    00000014     libclang_rt.builtins.a : aeabi_uldivmod.S.obj (.text.__aeabi_uldivmod)
                  000065c8    00000014     libc.a : _printfi.c.obj (.text.strchr)
                  000065dc    00000012     driverlib.a : dl_uart.o (.text.DL_UART_setClockConfig)
                  000065ee    00000012     libc.a : memcpy16.S.obj (.text:TI_memcpy_small)
                  00006600    00000012            : copy_decompress_none.c.obj (.text:decompress:none)
                  00006612    00000002     --HOLE-- [fill = 0]
                  00006614    00000010     ti_msp_dl_config.o (.text.DL_SYSCTL_disableHFXT)
                  00006624    00000010     driverlib.a : dl_timer.o (.text.DL_Timer_setCaptureCompareValue)
                  00006634    00000010     libc.a : wcslen.c.obj (.text.wcslen)
                  00006644    0000000e     libclang_rt.builtins.a : aeabi_memset.S.obj (.text.__aeabi_memset)
                  00006652    0000000e     libc.a : _printfi.c.obj (.text.strlen)
                  00006660    0000000e            : strlen.c.obj (.text.strlen)
                  0000666e    0000000e            : memset16.S.obj (.text:TI_memset_small)
                  0000667c    0000000c     ti_msp_dl_config.o (.text.SYSCFG_DL_SYSTICK_init)
                  00006688    0000000a     driverlib.a : dl_common.o (.text.DL_Common_delayCycles)
                  00006692    0000000a     Knob_drv.o (.text.Knob_Init)
                  0000669c    0000000a     libc.a : _printfi.c.obj (.text.OUTLINED_FUNCTION_0)
                  000066a6    00000002     --HOLE-- [fill = 0]
                  000066a8    00000010     libclang_rt.builtins.a : adddf3.S.obj (.tramp.__aeabi_dsub.1)
                  000066b8    0000000a     libc.a : _printfi.c.obj (.text.OUTLINED_FUNCTION_1)
                  000066c2    0000000a     Easy_Menu_User.o (.text.Task1_Callback)
                  000066cc    0000000a     Easy_Menu_User.o (.text.Task2_Callback)
                  000066d6    00000008     ti_msp_dl_config.o (.text.SYSCFG_DL_DMA_init)
                  000066de    00000008     Easy_Menu_User.o (.text.Track_Pid__Kd_Callback)
                  000066e6    00000008     Easy_Menu_User.o (.text.Track_Pid__Kp_Callback)
                  000066ee    00000002     --HOLE-- [fill = 0]
                  000066f0    00000008     libc.a : aeabi_portable.c.obj (.text.__aeabi_errno_addr)
                  000066f8    00000008     libclang_rt.builtins.a : aeabi_memcpy.S.obj (.text.__aeabi_memcpy)
                  00006700    00000006     libc.a : exit.c.obj (.text:abort)
                  00006706    00000004     startup_mspm0g350x_ticlang.o (.text.Default_Handler)
                  0000670a    00000004     libsysbm.a : hostexit.c.obj (.text.HOSTexit)
                  0000670e    00000004     startup_mspm0g350x_ticlang.o (.text.Reset_Handler)
                  00006712    00000004     libc.a : pre_init.c.obj (.text._system_pre_init)
                  00006716    00000002     --HOLE-- [fill = 0]

.cinit     0    00007110    00000060     
                  00007110    00000035     (.cinit..data.load) [load image, compression = lzss]
                  00007145    00000003     --HOLE-- [fill = 0]
                  00007148    0000000c     (__TI_handler_table)
                  00007154    00000008     (.cinit..bss.load) [load image, compression = zero_init]
                  0000715c    00000010     (__TI_cinit_table)
                  0000716c    00000004     --HOLE-- [fill = 0]

.rodata    0    00006720    000009f0     
                  00006720    000005f0     OLED.o (.rodata.asc2_1608)
                  00006d10    00000228     OLED.o (.rodata.asc2_0806)
                  00006f38    00000008     ti_msp_dl_config.o (.rodata.gADC_line_detectorClockConfig)
                  00006f40    00000101     libc.a : aeabi_ctype.S.obj (.rodata:__aeabi_ctype_table_)
                  00007041    00000003     ti_msp_dl_config.o (.rodata.gPWM_0ClockConfig)
                  00007044    00000018     ti_msp_dl_config.o (.rodata.gDMA_detector_outConfig)
                  0000705c    00000011     libc.a : _printfi.c.obj (.rodata.str1.10348868589481759720.1)
                  0000706d    00000011            : _printfi.c.obj (.rodata.str1.15363888844622738466.1)
                  0000707e    00000010     Trackline.o (.rodata.WEIGHTS)
                  0000708e    0000000e     Easy_Menu_User.o (.rodata.str1.11177260976807265928.1)
                  0000709c    0000000a     ti_msp_dl_config.o (.rodata.gUART_0Config)
                  000070a6    0000000a     ti_msp_dl_config.o (.rodata.gUART_UPConfig)
                  000070b0    00000009     Easy_Menu_User.o (.rodata.str1.16980020722660603416.1)
                  000070b9    00000009     Easy_Menu_User.o (.rodata.str1.17975632479887315808.1)
                  000070c2    00000002     ti_msp_dl_config.o (.rodata.gUART_0ClockConfig)
                  000070c4    00000008     ti_msp_dl_config.o (.rodata.gPWM_0Config)
                  000070cc    00000007     Easy_Menu_Page.o (.rodata.str1.10162903526471618397.1)
                  000070d3    00000006     Easy_Menu_User.o (.rodata.str1.11262980610456716024.1)
                  000070d9    00000006     Easy_Menu_Page.o (.rodata.str1.11602794411890177903.1)
                  000070df    00000006     Easy_Menu_User.o (.rodata.str1.14456782623604785242.1)
                  000070e5    00000006     Easy_Menu_User.o (.rodata.str1.8423479308304406733.1)
                  000070eb    00000005     Easy_Menu_Page.o (.rodata.str1.10541918737141963520.1)
                  000070f0    00000005     Easy_Menu_Page.o (.rodata.str1.14526947901870425149.1)
                  000070f5    00000005     Easy_Menu_Page.o (.rodata.str1.17342757695734682319.1)
                  000070fa    00000005     Easy_Menu_User.o (.rodata.str1.2484268131311446048.1)
                  000070ff    00000005     Easy_Menu_Page.o (.rodata.str1.2927598468843798870.1)
                  00007104    00000003     ti_msp_dl_config.o (.rodata.gQEI_0ClockConfig)
                  00007107    00000002     ti_msp_dl_config.o (.rodata.gUART_UPClockConfig)
                  00007109    00000002     Easy_Menu_Page.o (.rodata.str1.6187967722562398102.1)
                  0000710b    00000005     --HOLE-- [fill = 0]

.init_array 
*          0    00000000    00000000     UNINITIALIZED

.binit     0    00000000    00000000     

.bss       0    20200000    00000378     UNINITIALIZED
                  20200000    000000b0     Trackline.o (.bss.sensor)
                  202000b0    000000a0     (.common:easy_menu)
                  20200150    000000a0     (.common:gQEI_0Backup)
                  202001f0    00000050     (.common:ADC_VALUE)
                  20200240    0000002c     (.common:track_pid__kd)
                  2020026c    0000002c     (.common:track_pid__kp)
                  20200298    00000028     (.common:home_page)
                  202002c0    00000028     (.common:tasks__page)
                  202002e8    00000028     (.common:trackline_pid__page)
                  20200310    00000018     (.common:task1)
                  20200328    00000018     (.common:task2)
                  20200340    00000014     (.common:goto__tasks__page)
                  20200354    00000014     (.common:goto__trackline_pid__page)
                  20200368    00000010     Trackline.o (.bss.Normal)

.data      0    20200378    0000007d     UNINITIALIZED
                  20200378    00000018     Trackline.o (.data.g_Trackline)
                  20200390    00000010     Trackline.o (.data.black)
                  202003a0    00000010     Trackline.o (.data.white)
                  202003b0    0000000c     Easy_Menu_User.o (.data.Easy_Menu_Ui_Data)
                  202003bc    00000008     Easy_Menu_User.o (.data.home_page_items)
                  202003c4    00000008     Easy_Menu_User.o (.data.tasks__page_items)
                  202003cc    00000008     Easy_Menu_User.o (.data.trackline_pid__page_items)
                  202003d4    00000004     libc.a : aeabi_portable.c.obj (.data.__aeabi_errno)
                  202003d8    00000004     delay.o (.data.delay_times)
                  202003dc    00000004     delay.o (.data.g_SystemTick)
                  202003e0    00000004     Motor.o (.data.g_encoderB_cnt)
                  202003e4    00000004     Beep.o (.data.s_tick_start)
                  202003e8    00000002     Beep.o (.data.s_off_time)
                  202003ea    00000002     Beep.o (.data.s_on_time)
                  202003ec    00000002     Knob_drv.o (.data.s_press_cnt)
                  202003ee    00000001     Knob_drv.o (.data.g_KnobEvent)
                  202003ef    00000001     Knob_drv.o (.data.menu_move)
                  202003f0    00000001     Beep.o (.data.s_cycle_cnt)
                  202003f1    00000001     Beep.o (.data.s_cycle_target)
                  202003f2    00000001     Knob_drv.o (.data.s_long_pressed)
                  202003f3    00000001     Beep.o (.data.s_mode)
                  202003f4    00000001     Beep.o (.data.s_state)

.stack     0    20207e00    00000200     UNINITIALIZED
                  20207e00    00000004     libc.a : boot_cortex_m.c.obj (.stack)
                  20207e04    000001fc     --HOLE--

__llvm_prf_cnts 
*          0    20200000    00000000     UNINITIALIZED

__llvm_prf_bits 
*          0    20200000    00000000     UNINITIALIZED

MODULE SUMMARY

       Module                           code    ro data   rw data
       ------                           ----    -------   -------
    .\
       ti_msp_dl_config.o               2812    70        160    
       startup_mspm0g350x_ticlang.o     8       192       0      
       main.o                           76      0         0      
    +--+--------------------------------+-------+---------+---------+
       Total:                           2896    262       160    
                                                                 
    .\APP\
       Trackline.o                      766     16        248    
    +--+--------------------------------+-------+---------+---------+
       Total:                           766     16        248    
                                                                 
    .\BSP\
       delay.o                          80      0         8      
    +--+--------------------------------+-------+---------+---------+
       Total:                           80      0         8      
                                                                 
    .\Drive\Beep\
       Beep.o                           368     0         12     
    +--+--------------------------------+-------+---------+---------+
       Total:                           368     0         12     
                                                                 
    .\Drive\Grayscale_Sensor\
       No_Mcu_Ganv_Grayscale_Sensor.o   1134    0         0      
       ADC.o                            92      0         80     
    +--+--------------------------------+-------+---------+---------+
       Total:                           1226    0         80     
                                                                 
    .\Drive\Knob\
       Knob_drv.o                       572     0         5      
    +--+--------------------------------+-------+---------+---------+
       Total:                           572     0         5      
                                                                 
    .\Drive\Motor\
       Motor.o                          882     0         4      
    +--+--------------------------------+-------+---------+---------+
       Total:                           882     0         4      
                                                                 
    .\Drive\OLED_Drv\
       OLED.o                           1066    2072      0      
    +--+--------------------------------+-------+---------+---------+
       Total:                           1066    2072      0      
                                                                 
    .\Menu\
       Easy_Menu_Page.o                 4552    35        0      
       Easy_Menu_Item.o                 2442    0         0      
       Easy_Menu.o                      1856    0         160    
       Easy_Menu_User.o                 376     55        332    
       Easy_Menu_Core.o                 360     0         0      
    +--+--------------------------------+-------+---------+---------+
       Total:                           9586    90        492    
                                                                 
    D:/MSP-SDK/mspm0_sdk_2_10_00_04/source/ti/driverlib/lib/ticlang/m0p/mspm0g1x0x_g3x0x/driverlib.a
       dl_timer.o                       356     0         0      
       dl_uart.o                        90      0         0      
       dl_dma.o                         76      0         0      
       dl_adc12.o                       64      0         0      
       dl_common.o                      10      0         0      
    +--+--------------------------------+-------+---------+---------+
       Total:                           596     0         0      
                                                                 
    D:\CCS\ccs\tools\compiler\ti-cgt-armllvm_4.0.4.LTS\lib\armv6m-ti-none-eabi/c/libc.a
       _printfi.c.obj                   4510    34        0      
       aeabi_ctype.S.obj                0       257       0      
       s_scalbn.c.obj                   216     0         0      
       vsnprintf.c.obj                  136     0         0      
       copy_decompress_lzss.c.obj       124     0         0      
       s_frexp.c.obj                    92      0         0      
       _ltoa.c.obj                      88      0         0      
       atoi.c.obj                       64      0         0      
       autoinit.c.obj                   60      0         0      
       boot_cortex_m.c.obj              40      0         0      
       memccpy.c.obj                    34      0         0      
       copy_zero_init.c.obj             22      0         0      
       copy_decompress_none.c.obj       18      0         0      
       memcpy16.S.obj                   18      0         0      
       wcslen.c.obj                     16      0         0      
       memset16.S.obj                   14      0         0      
       strlen.c.obj                     14      0         0      
       aeabi_portable.c.obj             8       0         4      
       exit.c.obj                       6       0         0      
       pre_init.c.obj                   4       0         0      
    +--+--------------------------------+-------+---------+---------+
       Total:                           5484    291       4      
                                                                 
    D:\CCS\ccs\tools\compiler\ti-cgt-armllvm_4.0.4.LTS\lib\armv6m-ti-none-eabi/c/libsysbm.a
       hostexit.c.obj                   4       0         0      
    +--+--------------------------------+-------+---------+---------+
       Total:                           4       0         0      
                                                                 
    D:\CCS\ccs\tools\compiler\ti-cgt-armllvm_4.0.4.LTS\lib\armv6m-ti-none-eabi/libclang_rt.builtins.a
       adddf3.S.obj                     418     0         0      
       divdf3.S.obj                     268     0         0      
       muldf3.S.obj                     228     0         0      
       comparedf2.c.obj                 220     0         0      
       addsf3.S.obj                     216     0         0      
       udivmoddi4.S.obj                 162     0         0      
       mulsf3.S.obj                     140     0         0      
       comparesf2.S.obj                 118     0         0      
       aeabi_dcmp.S.obj                 98      0         0      
       aeabi_fcmp.S.obj                 98      0         0      
       aeabi_idivmod.S.obj              86      0         0      
       fixdfsi.S.obj                    74      0         0      
       aeabi_uidivmod.S.obj             64      0         0      
       extendsfdf2.S.obj                64      0         0      
       floatsisf.S.obj                  60      0         0      
       muldsi3.S.obj                    58      0         0      
       fixsfsi.S.obj                    56      0         0      
       floatsidf.S.obj                  44      0         0      
       floatunsidf.S.obj                36      0         0      
       muldi3.S.obj                     36      0         0      
       ashldi3.S.obj                    30      0         0      
       aeabi_uldivmod.S.obj             20      0         0      
       aeabi_memset.S.obj               14      0         0      
       aeabi_memcpy.S.obj               8       0         0      
       aeabi_div0.c.obj                 4       0         0      
    +--+--------------------------------+-------+---------+---------+
       Total:                           2620    0         0      
                                                                 
       Stack:                           0       0         512    
       Linker Generated:                0       89        0      
    +--+--------------------------------+-------+---------+---------+
       Grand Total:                     26146   2820      1525   


LINKER GENERATED COPY TABLES

__TI_cinit_table @ 0000715c records: 2, size/record: 8, table size: 16
	.data: load addr=00007110, load size=00000035 bytes, run addr=20200378, run size=0000007d bytes, compression=lzss
	.bss: load addr=00007154, load size=00000008 bytes, run addr=20200000, run size=00000378 bytes, compression=zero_init


LINKER GENERATED HANDLER TABLE

__TI_handler_table @ 00007148 records: 3, size/record: 4, table size: 12
	index: 0, handler: __TI_decompress_lzss
	index: 1, handler: __TI_decompress_none
	index: 2, handler: __TI_zero_init


FAR CALL TRAMPOLINES

callee name               trampoline name
   callee addr  tramp addr   call addr  call info
--------------  -----------  ---------  ----------------
__aeabi_dsub              $Tramp$TT$L$PI$$__aeabi_dsub
   00002e41     000066a8     000066a4   libc.a : _printfi.c.obj (.text.OUTLINED_FUNCTION_0)

[1 trampolines]
[1 trampoline calls]


GLOBAL SYMBOLS: SORTED ALPHABETICALLY BY Name 

address   name                                
-------   ----                                
00006707  ADC0_IRQHandler                     
00006707  ADC1_IRQHandler                     
202001f0  ADC_VALUE                           
00006707  AES_IRQHandler                      
00003d41  Beep_Tick_1ms                       
0000670a  C$$EXIT                             
00006707  CANFD0_IRQHandler                   
0000507b  Compare_String                      
00006707  DAC0_IRQHandler                     
000055a9  DL_ADC12_setClockConfig             
00006689  DL_Common_delayCycles               
00005311  DL_DMA_initChannel                  
000038ad  DL_Timer_initFourCCPWMMode          
000061f1  DL_Timer_setCaptCompUpdateMethod    
000063d9  DL_Timer_setCaptureCompareOutCtl    
00006625  DL_Timer_setCaptureCompareValue     
0000620d  DL_Timer_setClockConfig             
000054d9  DL_UART_init                        
000065dd  DL_UART_setClockConfig              
00006707  DMA_IRQHandler                      
00003e0d  Data_Item_Init                      
00001261  Data_Item_Input                     
00006707  Default_Handler                     
00005e15  Display_Char                        
00005c19  Display_Char_Line                   
00004e09  Easy_Menu_All_Clear                 
00001a25  Easy_Menu_All_Update                
000042b9  Easy_Menu_Area_Clear                
00004885  Easy_Menu_Display                   
00005521  Easy_Menu_Display_Char              
00004581  Easy_Menu_Display_String            
00004349  Easy_Menu_Goto_Page                 
000057e5  Easy_Menu_Init                      
00005eb9  Easy_Menu_Input                     
00005821  Easy_Menu_Printf                    
202003b0  Easy_Menu_Ui_Data                   
000032d9  Easy_Menu_Ui_Init                   
00006707  GROUP0_IRQHandler                   
00005d65  GROUP1_IRQHandler                   
00003ed9  Get_Analog_value                    
00005a3b  Get_Normalize_For_User              
00005b1d  Goto_Item_Init                      
00005d09  Goto_Item_Input                     
0000670b  HOSTexit                            
00006707  HardFault_Handler                   
00006707  I2C0_IRQHandler                     
00006707  I2C1_IRQHandler                     
00005b51  I2C_Start                           
00005ee1  I2C_Stop                            
00005f09  I2C_WaitAck                         
00005125  Knob_EXTI_Handler                   
00006693  Knob_Init                           
0000468d  Knob_Tick_1ms                       
000040e1  Knob_get                            
00004181  Motor_A_SetSpeed                    
0000470d  Motor_B_EncoderIRQHandler           
0000658d  Motor_B_EncoderInit                 
0000421d  Motor_B_SetSpeed                    
00005a75  Motor_Coast                         
00005c49  Motor_Init                          
00005f31  Motor_SetSpeed                      
00006707  NMI_Handler                         
00002fd5  No_MCU_Ganv_Sensor_Init             
00004a55  No_MCU_Ganv_Sensor_Init_Frist       
00005565  No_Mcu_Ganv_Sensor_Task_Without_tick
00004ba1  OLED_Clear                          
000039b1  OLED_Init                           
0000585d  OLED_Set_Pos                        
00003689  OLED_ShowChar                       
000052c1  OLED_WR_Byte                        
00002c69  Ordinary_Page_Display               
00001ec5  Ordinary_Page_Enter                 
000065a1  Ordinary_Page_Exit                  
0000478d  Ordinary_Page_Init                  
00000a91  Ordinary_Page_Input                 
000022f1  Ordinary_Page_Refresh               
00006707  PendSV_Handler                      
00006707  RTC_IRQHandler                      
0000670f  Reset_Handler                       
00006707  SPI0_IRQHandler                     
00006707  SPI1_IRQHandler                     
00006707  SVC_Handler                         
00004ac9  SYSCFG_DL_ADC_line_detector_init    
00005f59  SYSCFG_DL_DMA_detector_out_init     
000066d7  SYSCFG_DL_DMA_init                  
0000315d  SYSCFG_DL_GPIO_init                 
000043d9  SYSCFG_DL_PWM_0_init                
00005221  SYSCFG_DL_QEI_0_init                
00005b85  SYSCFG_DL_SYSCTL_init               
0000667d  SYSCFG_DL_SYSTICK_init              
000055e9  SYSCFG_DL_UART_0_init               
00005629  SYSCFG_DL_UART_UP_init              
00005aad  SYSCFG_DL_init                      
00004469  SYSCFG_DL_initPower                 
000048f9  Send_Byte                           
00005669  Switch_Item_Init                    
00004f1d  Switch_Item_Input                   
00005c79  SysTick_Handler                     
00006707  TIMA0_IRQHandler                    
00006707  TIMA1_IRQHandler                    
00006707  TIMG0_IRQHandler                    
00006707  TIMG12_IRQHandler                   
00006707  TIMG6_IRQHandler                    
00006707  TIMG7_IRQHandler                    
00006707  TIMG8_IRQHandler                    
000065ef  TI_memcpy_small                     
0000666f  TI_memset_small                     
000066c3  Task1_Callback                      
000066cd  Task2_Callback                      
000066df  Track_Pid__Kd_Callback              
000066e7  Track_Pid__Kp_Callback              
00005179  Trackline_Init                      
00002875  Trackline_Task                      
00006707  UART0_IRQHandler                    
00006707  UART1_IRQHandler                    
00006707  UART2_IRQHandler                    
00006707  UART3_IRQHandler                    
20208000  __STACK_END                         
00000200  __STACK_SIZE                        
00000000  __TI_ATRegion0_region_sz            
00000000  __TI_ATRegion0_src_addr             
00000000  __TI_ATRegion0_trg_addr             
00000000  __TI_ATRegion1_region_sz            
00000000  __TI_ATRegion1_src_addr             
00000000  __TI_ATRegion1_trg_addr             
00000000  __TI_ATRegion2_region_sz            
00000000  __TI_ATRegion2_src_addr             
00000000  __TI_ATRegion2_trg_addr             
0000715c  __TI_CINIT_Base                     
0000716c  __TI_CINIT_Limit                    
0000716c  __TI_CINIT_Warm                     
00007148  __TI_Handler_Table_Base             
00007154  __TI_Handler_Table_Limit            
00005989  __TI_auto_init_nobinit_nopinit      
00004809  __TI_decompress_lzss                
00006601  __TI_decompress_none                
00004f75  __TI_ltoa                           
ffffffff  __TI_pprof_out_hndl                 
000000c1  __TI_printfi                        
ffffffff  __TI_prof_data_size                 
ffffffff  __TI_prof_data_start                
00000000  __TI_static_base__                  
000064c1  __TI_zero_init_nomemset             
00002e4b  __adddf3                            
00003c73  __addsf3                            
00006f40  __aeabi_ctype_table_                
00006f40  __aeabi_ctype_table_C               
0000548d  __aeabi_d2iz                        
00002e4b  __aeabi_dadd                        
00004d41  __aeabi_dcmpeq                      
00004d7d  __aeabi_dcmpge                      
00004d91  __aeabi_dcmpgt                      
00004d69  __aeabi_dcmple                      
00004d55  __aeabi_dcmplt                      
000037a1  __aeabi_ddiv                        
00003aad  __aeabi_dmul                        
00002e41  __aeabi_dsub                        
202003d4  __aeabi_errno                       
000066f1  __aeabi_errno_addr                  
000056e9  __aeabi_f2d                         
00005ae5  __aeabi_f2iz                        
00003c73  __aeabi_fadd                        
00004da5  __aeabi_fcmpeq                      
00004de1  __aeabi_fcmpge                      
00004df5  __aeabi_fcmpgt                      
00004dcd  __aeabi_fcmple                      
00004db9  __aeabi_fcmplt                      
000044f5  __aeabi_fmul                        
00003c69  __aeabi_fsub                        
00005de9  __aeabi_i2d                         
00005899  __aeabi_i2f                         
00005025  __aeabi_idiv                        
00002fd3  __aeabi_idiv0                       
00005025  __aeabi_idivmod                     
00003aab  __aeabi_ldiv0                       
0000609d  __aeabi_llsl                        
00005ff5  __aeabi_lmul                        
000066f9  __aeabi_memcpy                      
000066f9  __aeabi_memcpy4                     
000066f9  __aeabi_memcpy8                     
00006645  __aeabi_memset                      
00006645  __aeabi_memset4                     
00006645  __aeabi_memset8                     
00005fd1  __aeabi_ui2d                        
000056a9  __aeabi_uidiv                       
000056a9  __aeabi_uidivmod                    
000065b5  __aeabi_uldivmod                    
0000609d  __ashldi3                           
ffffffff  __binit__                           
00004c0d  __cmpdf2                            
000059c5  __cmpsf2                            
000037a1  __divdf3                            
00004c0d  __eqdf2                             
000059c5  __eqsf2                             
000056e9  __extendsfdf2                       
0000548d  __fixdfsi                           
00005ae5  __fixsfsi                           
00005de9  __floatsidf                         
00005899  __floatsisf                         
00005fd1  __floatunsidf                       
0000496d  __gedf2                             
000058d5  __gesf2                             
0000496d  __gtdf2                             
000058d5  __gtsf2                             
00004c0d  __ledf2                             
000059c5  __lesf2                             
00004c0d  __ltdf2                             
000059c5  __ltsf2                             
UNDEFED   __mpu_init                          
00003aad  __muldf3                            
00005ff5  __muldi3                            
00005a01  __muldsi3                           
000044f5  __mulsf3                            
00004c0d  __nedf2                             
000059c5  __nesf2                             
20207e00  __stack                             
20200000  __start___llvm_prf_bits             
20200000  __start___llvm_prf_cnts             
20200000  __stop___llvm_prf_bits              
20200000  __stop___llvm_prf_cnts              
00002e41  __subdf3                            
00003c69  __subsf3                            
0000403d  __udivmoddi4                        
00005f81  _c_int00_noargs                     
UNDEFED   _system_post_cinit                  
00006713  _system_pre_init                    
00006701  abort                               
00004e65  adc_getValue                        
00006d10  asc2_0806                           
00006720  asc2_1608                           
00005729  atoi                                
ffffffff  binit                               
00004b35  convertAnalogToDigital              
0000605d  delay_ms                            
202003d8  delay_times                         
202000b0  easy_menu                           
00004ec1  frexp                               
00004ec1  frexpl                              
20200150  gQEI_0Backup                        
202003ee  g_KnobEvent                         
202003dc  g_SystemTick                        
20200378  g_Trackline                         
20200340  goto__tasks__page                   
20200354  goto__trackline_pid__page           
20200298  home_page                           
202003bc  home_page_items                     
00000000  interruptVectors                    
00003b91  ldexp                               
00003b91  ldexpl                              
000053f5  main                                
00006019  memccpy                             
202003ef  menu_move                           
00003f91  normalizeAnalogValues               
00003b91  scalbn                              
00003b91  scalbnl                             
00006661  strlen                              
20200310  task1                               
20200328  task2                               
202002c0  tasks__page                         
202003c4  tasks__page_items                   
20200240  track_pid__kd                       
2020026c  track_pid__kp                       
202002e8  trackline_pid__page                 
202003cc  trackline_pid__page_items           
00005769  vsnprintf                           
00006635  wcslen                              


GLOBAL SYMBOLS: SORTED BY Symbol Address 

address   name                                
-------   ----                                
00000000  __TI_ATRegion0_region_sz            
00000000  __TI_ATRegion0_src_addr             
00000000  __TI_ATRegion0_trg_addr             
00000000  __TI_ATRegion1_region_sz            
00000000  __TI_ATRegion1_src_addr             
00000000  __TI_ATRegion1_trg_addr             
00000000  __TI_ATRegion2_region_sz            
00000000  __TI_ATRegion2_src_addr             
00000000  __TI_ATRegion2_trg_addr             
00000000  __TI_static_base__                  
00000000  interruptVectors                    
000000c1  __TI_printfi                        
00000200  __STACK_SIZE                        
00000a91  Ordinary_Page_Input                 
00001261  Data_Item_Input                     
00001a25  Easy_Menu_All_Update                
00001ec5  Ordinary_Page_Enter                 
000022f1  Ordinary_Page_Refresh               
00002875  Trackline_Task                      
00002c69  Ordinary_Page_Display               
00002e41  __aeabi_dsub                        
00002e41  __subdf3                            
00002e4b  __adddf3                            
00002e4b  __aeabi_dadd                        
00002fd3  __aeabi_idiv0                       
00002fd5  No_MCU_Ganv_Sensor_Init             
0000315d  SYSCFG_DL_GPIO_init                 
000032d9  Easy_Menu_Ui_Init                   
00003689  OLED_ShowChar                       
000037a1  __aeabi_ddiv                        
000037a1  __divdf3                            
000038ad  DL_Timer_initFourCCPWMMode          
000039b1  OLED_Init                           
00003aab  __aeabi_ldiv0                       
00003aad  __aeabi_dmul                        
00003aad  __muldf3                            
00003b91  ldexp                               
00003b91  ldexpl                              
00003b91  scalbn                              
00003b91  scalbnl                             
00003c69  __aeabi_fsub                        
00003c69  __subsf3                            
00003c73  __addsf3                            
00003c73  __aeabi_fadd                        
00003d41  Beep_Tick_1ms                       
00003e0d  Data_Item_Init                      
00003ed9  Get_Analog_value                    
00003f91  normalizeAnalogValues               
0000403d  __udivmoddi4                        
000040e1  Knob_get                            
00004181  Motor_A_SetSpeed                    
0000421d  Motor_B_SetSpeed                    
000042b9  Easy_Menu_Area_Clear                
00004349  Easy_Menu_Goto_Page                 
000043d9  SYSCFG_DL_PWM_0_init                
00004469  SYSCFG_DL_initPower                 
000044f5  __aeabi_fmul                        
000044f5  __mulsf3                            
00004581  Easy_Menu_Display_String            
0000468d  Knob_Tick_1ms                       
0000470d  Motor_B_EncoderIRQHandler           
0000478d  Ordinary_Page_Init                  
00004809  __TI_decompress_lzss                
00004885  Easy_Menu_Display                   
000048f9  Send_Byte                           
0000496d  __gedf2                             
0000496d  __gtdf2                             
00004a55  No_MCU_Ganv_Sensor_Init_Frist       
00004ac9  SYSCFG_DL_ADC_line_detector_init    
00004b35  convertAnalogToDigital              
00004ba1  OLED_Clear                          
00004c0d  __cmpdf2                            
00004c0d  __eqdf2                             
00004c0d  __ledf2                             
00004c0d  __ltdf2                             
00004c0d  __nedf2                             
00004d41  __aeabi_dcmpeq                      
00004d55  __aeabi_dcmplt                      
00004d69  __aeabi_dcmple                      
00004d7d  __aeabi_dcmpge                      
00004d91  __aeabi_dcmpgt                      
00004da5  __aeabi_fcmpeq                      
00004db9  __aeabi_fcmplt                      
00004dcd  __aeabi_fcmple                      
00004de1  __aeabi_fcmpge                      
00004df5  __aeabi_fcmpgt                      
00004e09  Easy_Menu_All_Clear                 
00004e65  adc_getValue                        
00004ec1  frexp                               
00004ec1  frexpl                              
00004f1d  Switch_Item_Input                   
00004f75  __TI_ltoa                           
00005025  __aeabi_idiv                        
00005025  __aeabi_idivmod                     
0000507b  Compare_String                      
00005125  Knob_EXTI_Handler                   
00005179  Trackline_Init                      
00005221  SYSCFG_DL_QEI_0_init                
000052c1  OLED_WR_Byte                        
00005311  DL_DMA_initChannel                  
000053f5  main                                
0000548d  __aeabi_d2iz                        
0000548d  __fixdfsi                           
000054d9  DL_UART_init                        
00005521  Easy_Menu_Display_Char              
00005565  No_Mcu_Ganv_Sensor_Task_Without_tick
000055a9  DL_ADC12_setClockConfig             
000055e9  SYSCFG_DL_UART_0_init               
00005629  SYSCFG_DL_UART_UP_init              
00005669  Switch_Item_Init                    
000056a9  __aeabi_uidiv                       
000056a9  __aeabi_uidivmod                    
000056e9  __aeabi_f2d                         
000056e9  __extendsfdf2                       
00005729  atoi                                
00005769  vsnprintf                           
000057e5  Easy_Menu_Init                      
00005821  Easy_Menu_Printf                    
0000585d  OLED_Set_Pos                        
00005899  __aeabi_i2f                         
00005899  __floatsisf                         
000058d5  __gesf2                             
000058d5  __gtsf2                             
00005989  __TI_auto_init_nobinit_nopinit      
000059c5  __cmpsf2                            
000059c5  __eqsf2                             
000059c5  __lesf2                             
000059c5  __ltsf2                             
000059c5  __nesf2                             
00005a01  __muldsi3                           
00005a3b  Get_Normalize_For_User              
00005a75  Motor_Coast                         
00005aad  SYSCFG_DL_init                      
00005ae5  __aeabi_f2iz                        
00005ae5  __fixsfsi                           
00005b1d  Goto_Item_Init                      
00005b51  I2C_Start                           
00005b85  SYSCFG_DL_SYSCTL_init               
00005c19  Display_Char_Line                   
00005c49  Motor_Init                          
00005c79  SysTick_Handler                     
00005d09  Goto_Item_Input                     
00005d65  GROUP1_IRQHandler                   
00005de9  __aeabi_i2d                         
00005de9  __floatsidf                         
00005e15  Display_Char                        
00005eb9  Easy_Menu_Input                     
00005ee1  I2C_Stop                            
00005f09  I2C_WaitAck                         
00005f31  Motor_SetSpeed                      
00005f59  SYSCFG_DL_DMA_detector_out_init     
00005f81  _c_int00_noargs                     
00005fd1  __aeabi_ui2d                        
00005fd1  __floatunsidf                       
00005ff5  __aeabi_lmul                        
00005ff5  __muldi3                            
00006019  memccpy                             
0000605d  delay_ms                            
0000609d  __aeabi_llsl                        
0000609d  __ashldi3                           
000061f1  DL_Timer_setCaptCompUpdateMethod    
0000620d  DL_Timer_setClockConfig             
000063d9  DL_Timer_setCaptureCompareOutCtl    
000064c1  __TI_zero_init_nomemset             
0000658d  Motor_B_EncoderInit                 
000065a1  Ordinary_Page_Exit                  
000065b5  __aeabi_uldivmod                    
000065dd  DL_UART_setClockConfig              
000065ef  TI_memcpy_small                     
00006601  __TI_decompress_none                
00006625  DL_Timer_setCaptureCompareValue     
00006635  wcslen                              
00006645  __aeabi_memset                      
00006645  __aeabi_memset4                     
00006645  __aeabi_memset8                     
00006661  strlen                              
0000666f  TI_memset_small                     
0000667d  SYSCFG_DL_SYSTICK_init              
00006689  DL_Common_delayCycles               
00006693  Knob_Init                           
000066c3  Task1_Callback                      
000066cd  Task2_Callback                      
000066d7  SYSCFG_DL_DMA_init                  
000066df  Track_Pid__Kd_Callback              
000066e7  Track_Pid__Kp_Callback              
000066f1  __aeabi_errno_addr                  
000066f9  __aeabi_memcpy                      
000066f9  __aeabi_memcpy4                     
000066f9  __aeabi_memcpy8                     
00006701  abort                               
00006707  ADC0_IRQHandler                     
00006707  ADC1_IRQHandler                     
00006707  AES_IRQHandler                      
00006707  CANFD0_IRQHandler                   
00006707  DAC0_IRQHandler                     
00006707  DMA_IRQHandler                      
00006707  Default_Handler                     
00006707  GROUP0_IRQHandler                   
00006707  HardFault_Handler                   
00006707  I2C0_IRQHandler                     
00006707  I2C1_IRQHandler                     
00006707  NMI_Handler                         
00006707  PendSV_Handler                      
00006707  RTC_IRQHandler                      
00006707  SPI0_IRQHandler                     
00006707  SPI1_IRQHandler                     
00006707  SVC_Handler                         
00006707  TIMA0_IRQHandler                    
00006707  TIMA1_IRQHandler                    
00006707  TIMG0_IRQHandler                    
00006707  TIMG12_IRQHandler                   
00006707  TIMG6_IRQHandler                    
00006707  TIMG7_IRQHandler                    
00006707  TIMG8_IRQHandler                    
00006707  UART0_IRQHandler                    
00006707  UART1_IRQHandler                    
00006707  UART2_IRQHandler                    
00006707  UART3_IRQHandler                    
0000670a  C$$EXIT                             
0000670b  HOSTexit                            
0000670f  Reset_Handler                       
00006713  _system_pre_init                    
00006720  asc2_1608                           
00006d10  asc2_0806                           
00006f40  __aeabi_ctype_table_                
00006f40  __aeabi_ctype_table_C               
00007148  __TI_Handler_Table_Base             
00007154  __TI_Handler_Table_Limit            
0000715c  __TI_CINIT_Base                     
0000716c  __TI_CINIT_Limit                    
0000716c  __TI_CINIT_Warm                     
20200000  __start___llvm_prf_bits             
20200000  __start___llvm_prf_cnts             
20200000  __stop___llvm_prf_bits              
20200000  __stop___llvm_prf_cnts              
202000b0  easy_menu                           
20200150  gQEI_0Backup                        
202001f0  ADC_VALUE                           
20200240  track_pid__kd                       
2020026c  track_pid__kp                       
20200298  home_page                           
202002c0  tasks__page                         
202002e8  trackline_pid__page                 
20200310  task1                               
20200328  task2                               
20200340  goto__tasks__page                   
20200354  goto__trackline_pid__page           
20200378  g_Trackline                         
202003b0  Easy_Menu_Ui_Data                   
202003bc  home_page_items                     
202003c4  tasks__page_items                   
202003cc  trackline_pid__page_items           
202003d4  __aeabi_errno                       
202003d8  delay_times                         
202003dc  g_SystemTick                        
202003ee  g_KnobEvent                         
202003ef  menu_move                           
20207e00  __stack                             
20208000  __STACK_END                         
ffffffff  __TI_pprof_out_hndl                 
ffffffff  __TI_prof_data_size                 
ffffffff  __TI_prof_data_start                
ffffffff  __binit__                           
ffffffff  binit                               
UNDEFED   __mpu_init                          
UNDEFED   _system_post_cinit                  

[266 symbols]
