<?xml version="1.0" encoding="ISO-8859-1" ?>
<link_info>
   <banner>TI ARM Clang Linker PC v4.0.4.LTS</banner>
   <copyright>Copyright (c) 1996-2018 Texas Instruments Incorporated</copyright>
   <command_line>D:\CCS\ccs\tools\compiler\ti-cgt-armllvm_4.0.4.LTS\bin\tiarmlnk -ID:\CCS\ccs\tools\compiler\ti-cgt-armllvm_4.0.4.LTS\lib -o optoelectronicrace_26.out -moptoelectronicrace_26.map -iD:/MSP-SDK/mspm0_sdk_2_10_00_04/source -iD:/MSP-SDK/CCS_project/optoelectronicrace_26 -iD:/MSP-SDK/CCS_project/optoelectronicrace_26/Debug/syscfg -iD:/CCS/ccs/tools/compiler/ti-cgt-armllvm_4.0.4.LTS/lib --diag_wrap=off --display_error_number --warn_sections --xml_link_info=optoelectronicrace_26_linkInfo.xml --rom_model ./main.o ./ti_msp_dl_config.o ./startup_mspm0g350x_ticlang.o ./APP/JY62.o ./APP/Laser.o ./APP/Trackline.o ./APP/gimbal.o ./APP/k230_track.o ./BSP/Uart.o ./BSP/delay.o ./Drive/Beep/Beep.o ./Drive/Grayscale_Sensor/ADC.o ./Drive/Grayscale_Sensor/No_Mcu_Ganv_Grayscale_Sensor.o ./Drive/Knob/Knob_drv.o ./Drive/Motor/Motor.o ./Drive/OLED_Drv/OLED.o ./Menu/Easy_Menu.o ./Menu/Easy_Menu_Core.o ./Menu/Easy_Menu_Item.o ./Menu/Easy_Menu_Page.o ./Menu/Easy_Menu_User.o -l./device_linker.cmd -ldevice.cmd.genlibs -llibc.a --start-group -llibc++.a -llibc++abi.a -llibc.a -llibsys.a -llibsysbm.a -llibclang_rt.builtins.a -llibclang_rt.profile.a --end-group --cg_opt_level=0</command_line>
   <link_time>0x6a0f5512</link_time>
   <link_errors>0x0</link_errors>
   <output_file>D:\MSP-SDK\CCS_project\optoelectronicrace_26\Debug\optoelectronicrace_26.out</output_file>
   <entry_point>
      <name>_c_int00_noargs</name>
      <address>0x8465</address>
   </entry_point>
   <input_file_list>
      <input_file id="fl-1">
         <path>D:\MSP-SDK\CCS_project\optoelectronicrace_26\Debug\.\</path>
         <kind>object</kind>
         <file>main.o</file>
         <name>main.o</name>
      </input_file>
      <input_file id="fl-2">
         <path>D:\MSP-SDK\CCS_project\optoelectronicrace_26\Debug\.\</path>
         <kind>object</kind>
         <file>ti_msp_dl_config.o</file>
         <name>ti_msp_dl_config.o</name>
      </input_file>
      <input_file id="fl-3">
         <path>D:\MSP-SDK\CCS_project\optoelectronicrace_26\Debug\.\</path>
         <kind>object</kind>
         <file>startup_mspm0g350x_ticlang.o</file>
         <name>startup_mspm0g350x_ticlang.o</name>
      </input_file>
      <input_file id="fl-4">
         <path>D:\MSP-SDK\CCS_project\optoelectronicrace_26\Debug\.\APP\</path>
         <kind>object</kind>
         <file>JY62.o</file>
         <name>JY62.o</name>
      </input_file>
      <input_file id="fl-5">
         <path>D:\MSP-SDK\CCS_project\optoelectronicrace_26\Debug\.\APP\</path>
         <kind>object</kind>
         <file>Laser.o</file>
         <name>Laser.o</name>
      </input_file>
      <input_file id="fl-6">
         <path>D:\MSP-SDK\CCS_project\optoelectronicrace_26\Debug\.\APP\</path>
         <kind>object</kind>
         <file>Trackline.o</file>
         <name>Trackline.o</name>
      </input_file>
      <input_file id="fl-7">
         <path>D:\MSP-SDK\CCS_project\optoelectronicrace_26\Debug\.\APP\</path>
         <kind>object</kind>
         <file>gimbal.o</file>
         <name>gimbal.o</name>
      </input_file>
      <input_file id="fl-8">
         <path>D:\MSP-SDK\CCS_project\optoelectronicrace_26\Debug\.\APP\</path>
         <kind>object</kind>
         <file>k230_track.o</file>
         <name>k230_track.o</name>
      </input_file>
      <input_file id="fl-9">
         <path>D:\MSP-SDK\CCS_project\optoelectronicrace_26\Debug\.\BSP\</path>
         <kind>object</kind>
         <file>Uart.o</file>
         <name>Uart.o</name>
      </input_file>
      <input_file id="fl-a">
         <path>D:\MSP-SDK\CCS_project\optoelectronicrace_26\Debug\.\BSP\</path>
         <kind>object</kind>
         <file>delay.o</file>
         <name>delay.o</name>
      </input_file>
      <input_file id="fl-b">
         <path>D:\MSP-SDK\CCS_project\optoelectronicrace_26\Debug\.\Drive\Beep\</path>
         <kind>object</kind>
         <file>Beep.o</file>
         <name>Beep.o</name>
      </input_file>
      <input_file id="fl-c">
         <path>D:\MSP-SDK\CCS_project\optoelectronicrace_26\Debug\.\Drive\Grayscale_Sensor\</path>
         <kind>object</kind>
         <file>ADC.o</file>
         <name>ADC.o</name>
      </input_file>
      <input_file id="fl-d">
         <path>D:\MSP-SDK\CCS_project\optoelectronicrace_26\Debug\.\Drive\Grayscale_Sensor\</path>
         <kind>object</kind>
         <file>No_Mcu_Ganv_Grayscale_Sensor.o</file>
         <name>No_Mcu_Ganv_Grayscale_Sensor.o</name>
      </input_file>
      <input_file id="fl-e">
         <path>D:\MSP-SDK\CCS_project\optoelectronicrace_26\Debug\.\Drive\Knob\</path>
         <kind>object</kind>
         <file>Knob_drv.o</file>
         <name>Knob_drv.o</name>
      </input_file>
      <input_file id="fl-f">
         <path>D:\MSP-SDK\CCS_project\optoelectronicrace_26\Debug\.\Drive\Motor\</path>
         <kind>object</kind>
         <file>Motor.o</file>
         <name>Motor.o</name>
      </input_file>
      <input_file id="fl-10">
         <path>D:\MSP-SDK\CCS_project\optoelectronicrace_26\Debug\.\Drive\OLED_Drv\</path>
         <kind>object</kind>
         <file>OLED.o</file>
         <name>OLED.o</name>
      </input_file>
      <input_file id="fl-11">
         <path>D:\MSP-SDK\CCS_project\optoelectronicrace_26\Debug\.\Menu\</path>
         <kind>object</kind>
         <file>Easy_Menu.o</file>
         <name>Easy_Menu.o</name>
      </input_file>
      <input_file id="fl-12">
         <path>D:\MSP-SDK\CCS_project\optoelectronicrace_26\Debug\.\Menu\</path>
         <kind>object</kind>
         <file>Easy_Menu_Core.o</file>
         <name>Easy_Menu_Core.o</name>
      </input_file>
      <input_file id="fl-13">
         <path>D:\MSP-SDK\CCS_project\optoelectronicrace_26\Debug\.\Menu\</path>
         <kind>object</kind>
         <file>Easy_Menu_Item.o</file>
         <name>Easy_Menu_Item.o</name>
      </input_file>
      <input_file id="fl-14">
         <path>D:\MSP-SDK\CCS_project\optoelectronicrace_26\Debug\.\Menu\</path>
         <kind>object</kind>
         <file>Easy_Menu_Page.o</file>
         <name>Easy_Menu_Page.o</name>
      </input_file>
      <input_file id="fl-15">
         <path>D:\MSP-SDK\CCS_project\optoelectronicrace_26\Debug\.\Menu\</path>
         <kind>object</kind>
         <file>Easy_Menu_User.o</file>
         <name>Easy_Menu_User.o</name>
      </input_file>
      <input_file id="fl-22">
         <path>D:\MSP-SDK\CCS_project\optoelectronicrace_26\Debug\</path>
         <kind>object</kind>
         <file>&lt;internal&gt;</file>
         <name>&lt;internal&gt;</name>
      </input_file>
      <input_file id="fl-23">
         <path>D:\MSP-SDK\mspm0_sdk_2_10_00_04\source\ti\driverlib\lib\ticlang\m0p\mspm0g1x0x_g3x0x\</path>
         <kind>archive</kind>
         <file>driverlib.a</file>
         <name>dl_adc12.o</name>
      </input_file>
      <input_file id="fl-24">
         <path>D:\MSP-SDK\mspm0_sdk_2_10_00_04\source\ti\driverlib\lib\ticlang\m0p\mspm0g1x0x_g3x0x\</path>
         <kind>archive</kind>
         <file>driverlib.a</file>
         <name>dl_common.o</name>
      </input_file>
      <input_file id="fl-25">
         <path>D:\MSP-SDK\mspm0_sdk_2_10_00_04\source\ti\driverlib\lib\ticlang\m0p\mspm0g1x0x_g3x0x\</path>
         <kind>archive</kind>
         <file>driverlib.a</file>
         <name>dl_dma.o</name>
      </input_file>
      <input_file id="fl-26">
         <path>D:\MSP-SDK\mspm0_sdk_2_10_00_04\source\ti\driverlib\lib\ticlang\m0p\mspm0g1x0x_g3x0x\</path>
         <kind>archive</kind>
         <file>driverlib.a</file>
         <name>dl_timer.o</name>
      </input_file>
      <input_file id="fl-27">
         <path>D:\MSP-SDK\mspm0_sdk_2_10_00_04\source\ti\driverlib\lib\ticlang\m0p\mspm0g1x0x_g3x0x\</path>
         <kind>archive</kind>
         <file>driverlib.a</file>
         <name>dl_uart.o</name>
      </input_file>
      <input_file id="fl-3e">
         <path>D:\CCS\ccs\tools\compiler\ti-cgt-armllvm_4.0.4.LTS\lib\armv6m-ti-none-eabi\c\</path>
         <kind>archive</kind>
         <file>libc.a</file>
         <name>sprintf.c.obj</name>
      </input_file>
      <input_file id="fl-3f">
         <path>D:\CCS\ccs\tools\compiler\ti-cgt-armllvm_4.0.4.LTS\lib\armv6m-ti-none-eabi\c\</path>
         <kind>archive</kind>
         <file>libc.a</file>
         <name>vsnprintf.c.obj</name>
      </input_file>
      <input_file id="fl-40">
         <path>D:\CCS\ccs\tools\compiler\ti-cgt-armllvm_4.0.4.LTS\lib\armv6m-ti-none-eabi\c\</path>
         <kind>archive</kind>
         <file>libc.a</file>
         <name>strcpy.c.obj</name>
      </input_file>
      <input_file id="fl-41">
         <path>D:\CCS\ccs\tools\compiler\ti-cgt-armllvm_4.0.4.LTS\lib\armv6m-ti-none-eabi\c\</path>
         <kind>archive</kind>
         <file>libc.a</file>
         <name>strlen.c.obj</name>
      </input_file>
      <input_file id="fl-42">
         <path>D:\CCS\ccs\tools\compiler\ti-cgt-armllvm_4.0.4.LTS\lib\armv6m-ti-none-eabi\c\</path>
         <kind>archive</kind>
         <file>libc.a</file>
         <name>boot_cortex_m.c.obj</name>
      </input_file>
      <input_file id="fl-43">
         <path>D:\CCS\ccs\tools\compiler\ti-cgt-armllvm_4.0.4.LTS\lib\armv6m-ti-none-eabi\c\</path>
         <kind>archive</kind>
         <file>libc.a</file>
         <name>mathacl_init.c.obj</name>
      </input_file>
      <input_file id="fl-44">
         <path>D:\CCS\ccs\tools\compiler\ti-cgt-armllvm_4.0.4.LTS\lib\armv6m-ti-none-eabi\c\</path>
         <kind>archive</kind>
         <file>libc.a</file>
         <name>autoinit.c.obj</name>
      </input_file>
      <input_file id="fl-45">
         <path>D:\CCS\ccs\tools\compiler\ti-cgt-armllvm_4.0.4.LTS\lib\armv6m-ti-none-eabi\c\</path>
         <kind>archive</kind>
         <file>libc.a</file>
         <name>pre_init.c.obj</name>
      </input_file>
      <input_file id="fl-46">
         <path>D:\CCS\ccs\tools\compiler\ti-cgt-armllvm_4.0.4.LTS\lib\armv6m-ti-none-eabi\c\</path>
         <kind>archive</kind>
         <file>libc.a</file>
         <name>cpy_tbl.c.obj</name>
      </input_file>
      <input_file id="fl-47">
         <path>D:\CCS\ccs\tools\compiler\ti-cgt-armllvm_4.0.4.LTS\lib\armv6m-ti-none-eabi\c\</path>
         <kind>archive</kind>
         <file>libc.a</file>
         <name>copy_zero_init.c.obj</name>
      </input_file>
      <input_file id="fl-48">
         <path>D:\CCS\ccs\tools\compiler\ti-cgt-armllvm_4.0.4.LTS\lib\armv6m-ti-none-eabi\c\</path>
         <kind>archive</kind>
         <file>libc.a</file>
         <name>copy_decompress_none.c.obj</name>
      </input_file>
      <input_file id="fl-49">
         <path>D:\CCS\ccs\tools\compiler\ti-cgt-armllvm_4.0.4.LTS\lib\armv6m-ti-none-eabi\c\</path>
         <kind>archive</kind>
         <file>libc.a</file>
         <name>copy_decompress_lzss.c.obj</name>
      </input_file>
      <input_file id="fl-4a">
         <path>D:\CCS\ccs\tools\compiler\ti-cgt-armllvm_4.0.4.LTS\lib\armv6m-ti-none-eabi\c\</path>
         <kind>archive</kind>
         <file>libc.a</file>
         <name>_printfi.c.obj</name>
      </input_file>
      <input_file id="fl-4b">
         <path>D:\CCS\ccs\tools\compiler\ti-cgt-armllvm_4.0.4.LTS\lib\armv6m-ti-none-eabi\c\</path>
         <kind>archive</kind>
         <file>libc.a</file>
         <name>aeabi_portable.c.obj</name>
      </input_file>
      <input_file id="fl-4c">
         <path>D:\CCS\ccs\tools\compiler\ti-cgt-armllvm_4.0.4.LTS\lib\armv6m-ti-none-eabi\c\</path>
         <kind>archive</kind>
         <file>libc.a</file>
         <name>exit.c.obj</name>
      </input_file>
      <input_file id="fl-4d">
         <path>D:\CCS\ccs\tools\compiler\ti-cgt-armllvm_4.0.4.LTS\lib\armv6m-ti-none-eabi\c\</path>
         <kind>archive</kind>
         <file>libc.a</file>
         <name>_lock.c.obj</name>
      </input_file>
      <input_file id="fl-4e">
         <path>D:\CCS\ccs\tools\compiler\ti-cgt-armllvm_4.0.4.LTS\lib\armv6m-ti-none-eabi\c\</path>
         <kind>archive</kind>
         <file>libc.a</file>
         <name>_ltoa.c.obj</name>
      </input_file>
      <input_file id="fl-4f">
         <path>D:\CCS\ccs\tools\compiler\ti-cgt-armllvm_4.0.4.LTS\lib\armv6m-ti-none-eabi\c\</path>
         <kind>archive</kind>
         <file>libc.a</file>
         <name>args_main.c.obj</name>
      </input_file>
      <input_file id="fl-50">
         <path>D:\CCS\ccs\tools\compiler\ti-cgt-armllvm_4.0.4.LTS\lib\armv6m-ti-none-eabi\c\</path>
         <kind>archive</kind>
         <file>libc.a</file>
         <name>assert.c.obj</name>
      </input_file>
      <input_file id="fl-51">
         <path>D:\CCS\ccs\tools\compiler\ti-cgt-armllvm_4.0.4.LTS\lib\armv6m-ti-none-eabi\c\</path>
         <kind>archive</kind>
         <file>libc.a</file>
         <name>atoi.c.obj</name>
      </input_file>
      <input_file id="fl-52">
         <path>D:\CCS\ccs\tools\compiler\ti-cgt-armllvm_4.0.4.LTS\lib\armv6m-ti-none-eabi\c\</path>
         <kind>archive</kind>
         <file>libc.a</file>
         <name>defs.c.obj</name>
      </input_file>
      <input_file id="fl-53">
         <path>D:\CCS\ccs\tools\compiler\ti-cgt-armllvm_4.0.4.LTS\lib\armv6m-ti-none-eabi\c\</path>
         <kind>archive</kind>
         <file>libc.a</file>
         <name>memccpy.c.obj</name>
      </input_file>
      <input_file id="fl-54">
         <path>D:\CCS\ccs\tools\compiler\ti-cgt-armllvm_4.0.4.LTS\lib\armv6m-ti-none-eabi\c\</path>
         <kind>archive</kind>
         <file>libc.a</file>
         <name>memory.c.obj</name>
      </input_file>
      <input_file id="fl-55">
         <path>D:\CCS\ccs\tools\compiler\ti-cgt-armllvm_4.0.4.LTS\lib\armv6m-ti-none-eabi\c\</path>
         <kind>archive</kind>
         <file>libc.a</file>
         <name>s_frexp.c.obj</name>
      </input_file>
      <input_file id="fl-56">
         <path>D:\CCS\ccs\tools\compiler\ti-cgt-armllvm_4.0.4.LTS\lib\armv6m-ti-none-eabi\c\</path>
         <kind>archive</kind>
         <file>libc.a</file>
         <name>s_scalbn.c.obj</name>
      </input_file>
      <input_file id="fl-57">
         <path>D:\CCS\ccs\tools\compiler\ti-cgt-armllvm_4.0.4.LTS\lib\armv6m-ti-none-eabi\c\</path>
         <kind>archive</kind>
         <file>libc.a</file>
         <name>wcslen.c.obj</name>
      </input_file>
      <input_file id="fl-58">
         <path>D:\CCS\ccs\tools\compiler\ti-cgt-armllvm_4.0.4.LTS\lib\armv6m-ti-none-eabi\c\</path>
         <kind>archive</kind>
         <file>libc.a</file>
         <name>fflush.c.obj</name>
      </input_file>
      <input_file id="fl-59">
         <path>D:\CCS\ccs\tools\compiler\ti-cgt-armllvm_4.0.4.LTS\lib\armv6m-ti-none-eabi\c\</path>
         <kind>archive</kind>
         <file>libc.a</file>
         <name>fputs.c.obj</name>
      </input_file>
      <input_file id="fl-5a">
         <path>D:\CCS\ccs\tools\compiler\ti-cgt-armllvm_4.0.4.LTS\lib\armv6m-ti-none-eabi\c\</path>
         <kind>archive</kind>
         <file>libc.a</file>
         <name>_io_perm.c.obj</name>
      </input_file>
      <input_file id="fl-5b">
         <path>D:\CCS\ccs\tools\compiler\ti-cgt-armllvm_4.0.4.LTS\lib\armv6m-ti-none-eabi\c\</path>
         <kind>archive</kind>
         <file>libc.a</file>
         <name>setvbuf.c.obj</name>
      </input_file>
      <input_file id="fl-5c">
         <path>D:\CCS\ccs\tools\compiler\ti-cgt-armllvm_4.0.4.LTS\lib\armv6m-ti-none-eabi\c\</path>
         <kind>archive</kind>
         <file>libc.a</file>
         <name>aeabi_ctype.S.obj</name>
      </input_file>
      <input_file id="fl-5d">
         <path>D:\CCS\ccs\tools\compiler\ti-cgt-armllvm_4.0.4.LTS\lib\armv6m-ti-none-eabi\c\</path>
         <kind>archive</kind>
         <file>libc.a</file>
         <name>fopen.c.obj</name>
      </input_file>
      <input_file id="fl-5e">
         <path>D:\CCS\ccs\tools\compiler\ti-cgt-armllvm_4.0.4.LTS\lib\armv6m-ti-none-eabi\c\</path>
         <kind>archive</kind>
         <file>libc.a</file>
         <name>fseek.c.obj</name>
      </input_file>
      <input_file id="fl-5f">
         <path>D:\CCS\ccs\tools\compiler\ti-cgt-armllvm_4.0.4.LTS\lib\armv6m-ti-none-eabi\c\</path>
         <kind>archive</kind>
         <file>libc.a</file>
         <name>fclose.c.obj</name>
      </input_file>
      <input_file id="fl-ff">
         <path>D:\CCS\ccs\tools\compiler\ti-cgt-armllvm_4.0.4.LTS\lib\armv6m-ti-none-eabi\c\</path>
         <kind>archive</kind>
         <file>libsysbm.a</file>
         <name>hostexit.c.obj</name>
      </input_file>
      <input_file id="fl-100">
         <path>D:\CCS\ccs\tools\compiler\ti-cgt-armllvm_4.0.4.LTS\lib\armv6m-ti-none-eabi\c\</path>
         <kind>archive</kind>
         <file>libsysbm.a</file>
         <name>write.c.obj</name>
      </input_file>
      <input_file id="fl-101">
         <path>D:\CCS\ccs\tools\compiler\ti-cgt-armllvm_4.0.4.LTS\lib\armv6m-ti-none-eabi\c\</path>
         <kind>archive</kind>
         <file>libsysbm.a</file>
         <name>host_device.c.obj</name>
      </input_file>
      <input_file id="fl-102">
         <path>D:\CCS\ccs\tools\compiler\ti-cgt-armllvm_4.0.4.LTS\lib\armv6m-ti-none-eabi\c\</path>
         <kind>archive</kind>
         <file>libsysbm.a</file>
         <name>remove.c.obj</name>
      </input_file>
      <input_file id="fl-103">
         <path>D:\CCS\ccs\tools\compiler\ti-cgt-armllvm_4.0.4.LTS\lib\armv6m-ti-none-eabi\c\</path>
         <kind>archive</kind>
         <file>libsysbm.a</file>
         <name>open.c.obj</name>
      </input_file>
      <input_file id="fl-104">
         <path>D:\CCS\ccs\tools\compiler\ti-cgt-armllvm_4.0.4.LTS\lib\armv6m-ti-none-eabi\c\</path>
         <kind>archive</kind>
         <file>libsysbm.a</file>
         <name>lseek.c.obj</name>
      </input_file>
      <input_file id="fl-105">
         <path>D:\CCS\ccs\tools\compiler\ti-cgt-armllvm_4.0.4.LTS\lib\armv6m-ti-none-eabi\c\</path>
         <kind>archive</kind>
         <file>libsysbm.a</file>
         <name>close.c.obj</name>
      </input_file>
      <input_file id="fl-106">
         <path>D:\CCS\ccs\tools\compiler\ti-cgt-armllvm_4.0.4.LTS\lib\armv6m-ti-none-eabi\c\</path>
         <kind>archive</kind>
         <file>libsysbm.a</file>
         <name>unlink.c.obj</name>
      </input_file>
      <input_file id="fl-107">
         <path>D:\CCS\ccs\tools\compiler\ti-cgt-armllvm_4.0.4.LTS\lib\armv6m-ti-none-eabi\c\</path>
         <kind>archive</kind>
         <file>libsysbm.a</file>
         <name>hostclose.c.obj</name>
      </input_file>
      <input_file id="fl-108">
         <path>D:\CCS\ccs\tools\compiler\ti-cgt-armllvm_4.0.4.LTS\lib\armv6m-ti-none-eabi\c\</path>
         <kind>archive</kind>
         <file>libsysbm.a</file>
         <name>hostlseek.c.obj</name>
      </input_file>
      <input_file id="fl-109">
         <path>D:\CCS\ccs\tools\compiler\ti-cgt-armllvm_4.0.4.LTS\lib\armv6m-ti-none-eabi\c\</path>
         <kind>archive</kind>
         <file>libsysbm.a</file>
         <name>hostopen.c.obj</name>
      </input_file>
      <input_file id="fl-10a">
         <path>D:\CCS\ccs\tools\compiler\ti-cgt-armllvm_4.0.4.LTS\lib\armv6m-ti-none-eabi\c\</path>
         <kind>archive</kind>
         <file>libsysbm.a</file>
         <name>hostread.c.obj</name>
      </input_file>
      <input_file id="fl-10b">
         <path>D:\CCS\ccs\tools\compiler\ti-cgt-armllvm_4.0.4.LTS\lib\armv6m-ti-none-eabi\c\</path>
         <kind>archive</kind>
         <file>libsysbm.a</file>
         <name>hostrename.c.obj</name>
      </input_file>
      <input_file id="fl-10c">
         <path>D:\CCS\ccs\tools\compiler\ti-cgt-armllvm_4.0.4.LTS\lib\armv6m-ti-none-eabi\c\</path>
         <kind>archive</kind>
         <file>libsysbm.a</file>
         <name>hostunlink.c.obj</name>
      </input_file>
      <input_file id="fl-10d">
         <path>D:\CCS\ccs\tools\compiler\ti-cgt-armllvm_4.0.4.LTS\lib\armv6m-ti-none-eabi\c\</path>
         <kind>archive</kind>
         <file>libsysbm.a</file>
         <name>hostwrite.c.obj</name>
      </input_file>
      <input_file id="fl-10e">
         <path>D:\CCS\ccs\tools\compiler\ti-cgt-armllvm_4.0.4.LTS\lib\armv6m-ti-none-eabi\c\</path>
         <kind>archive</kind>
         <file>libsysbm.a</file>
         <name>trgmsg.c.obj</name>
      </input_file>
      <input_file id="fl-10f">
         <path>D:\CCS\ccs\tools\compiler\ti-cgt-armllvm_4.0.4.LTS\lib\armv6m-ti-none-eabi\</path>
         <kind>archive</kind>
         <file>libclang_rt.builtins.a</file>
         <name>addsf3.S.obj</name>
      </input_file>
      <input_file id="fl-110">
         <path>D:\CCS\ccs\tools\compiler\ti-cgt-armllvm_4.0.4.LTS\lib\armv6m-ti-none-eabi\</path>
         <kind>archive</kind>
         <file>libclang_rt.builtins.a</file>
         <name>adddf3.S.obj</name>
      </input_file>
      <input_file id="fl-111">
         <path>D:\CCS\ccs\tools\compiler\ti-cgt-armllvm_4.0.4.LTS\lib\armv6m-ti-none-eabi\</path>
         <kind>archive</kind>
         <file>libclang_rt.builtins.a</file>
         <name>muldf3.S.obj</name>
      </input_file>
      <input_file id="fl-112">
         <path>D:\CCS\ccs\tools\compiler\ti-cgt-armllvm_4.0.4.LTS\lib\armv6m-ti-none-eabi\</path>
         <kind>archive</kind>
         <file>libclang_rt.builtins.a</file>
         <name>muldsi3.S.obj</name>
      </input_file>
      <input_file id="fl-113">
         <path>D:\CCS\ccs\tools\compiler\ti-cgt-armllvm_4.0.4.LTS\lib\armv6m-ti-none-eabi\</path>
         <kind>archive</kind>
         <file>libclang_rt.builtins.a</file>
         <name>mulsf3.S.obj</name>
      </input_file>
      <input_file id="fl-114">
         <path>D:\CCS\ccs\tools\compiler\ti-cgt-armllvm_4.0.4.LTS\lib\armv6m-ti-none-eabi\</path>
         <kind>archive</kind>
         <file>libclang_rt.builtins.a</file>
         <name>divsf3.S.obj</name>
      </input_file>
      <input_file id="fl-115">
         <path>D:\CCS\ccs\tools\compiler\ti-cgt-armllvm_4.0.4.LTS\lib\armv6m-ti-none-eabi\</path>
         <kind>archive</kind>
         <file>libclang_rt.builtins.a</file>
         <name>divdf3.S.obj</name>
      </input_file>
      <input_file id="fl-116">
         <path>D:\CCS\ccs\tools\compiler\ti-cgt-armllvm_4.0.4.LTS\lib\armv6m-ti-none-eabi\</path>
         <kind>archive</kind>
         <file>libclang_rt.builtins.a</file>
         <name>extendsfdf2.S.obj</name>
      </input_file>
      <input_file id="fl-117">
         <path>D:\CCS\ccs\tools\compiler\ti-cgt-armllvm_4.0.4.LTS\lib\armv6m-ti-none-eabi\</path>
         <kind>archive</kind>
         <file>libclang_rt.builtins.a</file>
         <name>fixdfsi.S.obj</name>
      </input_file>
      <input_file id="fl-118">
         <path>D:\CCS\ccs\tools\compiler\ti-cgt-armllvm_4.0.4.LTS\lib\armv6m-ti-none-eabi\</path>
         <kind>archive</kind>
         <file>libclang_rt.builtins.a</file>
         <name>fixsfsi.S.obj</name>
      </input_file>
      <input_file id="fl-119">
         <path>D:\CCS\ccs\tools\compiler\ti-cgt-armllvm_4.0.4.LTS\lib\armv6m-ti-none-eabi\</path>
         <kind>archive</kind>
         <file>libclang_rt.builtins.a</file>
         <name>floatsidf.S.obj</name>
      </input_file>
      <input_file id="fl-11a">
         <path>D:\CCS\ccs\tools\compiler\ti-cgt-armllvm_4.0.4.LTS\lib\armv6m-ti-none-eabi\</path>
         <kind>archive</kind>
         <file>libclang_rt.builtins.a</file>
         <name>floatsisf.S.obj</name>
      </input_file>
      <input_file id="fl-11b">
         <path>D:\CCS\ccs\tools\compiler\ti-cgt-armllvm_4.0.4.LTS\lib\armv6m-ti-none-eabi\</path>
         <kind>archive</kind>
         <file>libclang_rt.builtins.a</file>
         <name>floatunsidf.S.obj</name>
      </input_file>
      <input_file id="fl-11c">
         <path>D:\CCS\ccs\tools\compiler\ti-cgt-armllvm_4.0.4.LTS\lib\armv6m-ti-none-eabi\</path>
         <kind>archive</kind>
         <file>libclang_rt.builtins.a</file>
         <name>floatunsisf.S.obj</name>
      </input_file>
      <input_file id="fl-11d">
         <path>D:\CCS\ccs\tools\compiler\ti-cgt-armllvm_4.0.4.LTS\lib\armv6m-ti-none-eabi\</path>
         <kind>archive</kind>
         <file>libclang_rt.builtins.a</file>
         <name>muldi3.S.obj</name>
      </input_file>
      <input_file id="fl-11e">
         <path>D:\CCS\ccs\tools\compiler\ti-cgt-armllvm_4.0.4.LTS\lib\armv6m-ti-none-eabi\</path>
         <kind>archive</kind>
         <file>libclang_rt.builtins.a</file>
         <name>aeabi_dcmp.S.obj</name>
      </input_file>
      <input_file id="fl-11f">
         <path>D:\CCS\ccs\tools\compiler\ti-cgt-armllvm_4.0.4.LTS\lib\armv6m-ti-none-eabi\</path>
         <kind>archive</kind>
         <file>libclang_rt.builtins.a</file>
         <name>aeabi_fcmp.S.obj</name>
      </input_file>
      <input_file id="fl-120">
         <path>D:\CCS\ccs\tools\compiler\ti-cgt-armllvm_4.0.4.LTS\lib\armv6m-ti-none-eabi\</path>
         <kind>archive</kind>
         <file>libclang_rt.builtins.a</file>
         <name>aeabi_idivmod.S.obj</name>
      </input_file>
      <input_file id="fl-121">
         <path>D:\CCS\ccs\tools\compiler\ti-cgt-armllvm_4.0.4.LTS\lib\armv6m-ti-none-eabi\</path>
         <kind>archive</kind>
         <file>libclang_rt.builtins.a</file>
         <name>aeabi_memcpy.S.obj</name>
      </input_file>
      <input_file id="fl-122">
         <path>D:\CCS\ccs\tools\compiler\ti-cgt-armllvm_4.0.4.LTS\lib\armv6m-ti-none-eabi\</path>
         <kind>archive</kind>
         <file>libclang_rt.builtins.a</file>
         <name>aeabi_memset.S.obj</name>
      </input_file>
      <input_file id="fl-123">
         <path>D:\CCS\ccs\tools\compiler\ti-cgt-armllvm_4.0.4.LTS\lib\armv6m-ti-none-eabi\</path>
         <kind>archive</kind>
         <file>libclang_rt.builtins.a</file>
         <name>aeabi_uidivmod.S.obj</name>
      </input_file>
      <input_file id="fl-124">
         <path>D:\CCS\ccs\tools\compiler\ti-cgt-armllvm_4.0.4.LTS\lib\armv6m-ti-none-eabi\</path>
         <kind>archive</kind>
         <file>libclang_rt.builtins.a</file>
         <name>aeabi_uldivmod.S.obj</name>
      </input_file>
      <input_file id="fl-125">
         <path>D:\CCS\ccs\tools\compiler\ti-cgt-armllvm_4.0.4.LTS\lib\armv6m-ti-none-eabi\</path>
         <kind>archive</kind>
         <file>libclang_rt.builtins.a</file>
         <name>comparesf2.S.obj</name>
      </input_file>
      <input_file id="fl-126">
         <path>D:\CCS\ccs\tools\compiler\ti-cgt-armllvm_4.0.4.LTS\lib\armv6m-ti-none-eabi\</path>
         <kind>archive</kind>
         <file>libclang_rt.builtins.a</file>
         <name>udivmoddi4.S.obj</name>
      </input_file>
      <input_file id="fl-127">
         <path>D:\CCS\ccs\tools\compiler\ti-cgt-armllvm_4.0.4.LTS\lib\armv6m-ti-none-eabi\</path>
         <kind>archive</kind>
         <file>libclang_rt.builtins.a</file>
         <name>ashldi3.S.obj</name>
      </input_file>
      <input_file id="fl-128">
         <path>D:\CCS\ccs\tools\compiler\ti-cgt-armllvm_4.0.4.LTS\lib\armv6m-ti-none-eabi\</path>
         <kind>archive</kind>
         <file>libclang_rt.builtins.a</file>
         <name>comparedf2.c.obj</name>
      </input_file>
      <input_file id="fl-129">
         <path>D:\CCS\ccs\tools\compiler\ti-cgt-armllvm_4.0.4.LTS\lib\armv6m-ti-none-eabi\</path>
         <kind>archive</kind>
         <file>libclang_rt.builtins.a</file>
         <name>aeabi_div0.c.obj</name>
      </input_file>
      <input_file id="fl-12a">
         <path>D:\CCS\ccs\tools\compiler\ti-cgt-armllvm_4.0.4.LTS\lib\armv6m-ti-none-eabi\c\</path>
         <kind>archive</kind>
         <file>libc.a</file>
         <name>getdevice.c.obj</name>
      </input_file>
      <input_file id="fl-12b">
         <path>D:\CCS\ccs\tools\compiler\ti-cgt-armllvm_4.0.4.LTS\lib\armv6m-ti-none-eabi\c\</path>
         <kind>archive</kind>
         <file>libc.a</file>
         <name>memcpy16.S.obj</name>
      </input_file>
      <input_file id="fl-12c">
         <path>D:\CCS\ccs\tools\compiler\ti-cgt-armllvm_4.0.4.LTS\lib\armv6m-ti-none-eabi\c\</path>
         <kind>archive</kind>
         <file>libc.a</file>
         <name>memset16.S.obj</name>
      </input_file>
      <input_file id="fl-12d">
         <path>D:\CCS\ccs\tools\compiler\ti-cgt-armllvm_4.0.4.LTS\lib\armv6m-ti-none-eabi\c\</path>
         <kind>archive</kind>
         <file>libc.a</file>
         <name>strcmp-armv6m.S.obj</name>
      </input_file>
   </input_file_list>
   <object_component_list>
      <object_component id="oc-18">
         <name>.intvecs</name>
         <load_address>0x0</load_address>
         <readonly>true</readonly>
         <run_address>0x0</run_address>
         <size>0xc0</size>
         <alignment>0x4</alignment>
         <input_file_ref idref="fl-3"/>
      </object_component>
      <object_component id="oc-361">
         <name>.text:__TI_printfi</name>
         <load_address>0xc0</load_address>
         <readonly>true</readonly>
         <executable>true</executable>
         <run_address>0xc0</run_address>
         <size>0x9d0</size>
         <alignment>0x4</alignment>
         <input_file_ref idref="fl-4a"/>
      </object_component>
      <object_component id="oc-10a">
         <name>.text.Trackline_Task</name>
         <load_address>0xa90</load_address>
         <readonly>true</readonly>
         <executable>true</executable>
         <run_address>0xa90</run_address>
         <size>0x804</size>
         <alignment>0x4</alignment>
         <input_file_ref idref="fl-6"/>
      </object_component>
      <object_component id="oc-2f5">
         <name>.text.Ordinary_Page_Input</name>
         <load_address>0x1294</load_address>
         <readonly>true</readonly>
         <executable>true</executable>
         <run_address>0x1294</run_address>
         <size>0x7d0</size>
         <alignment>0x4</alignment>
         <input_file_ref idref="fl-14"/>
      </object_component>
      <object_component id="oc-2fe">
         <name>.text.Data_Item_Input</name>
         <load_address>0x1a64</load_address>
         <readonly>true</readonly>
         <executable>true</executable>
         <run_address>0x1a64</run_address>
         <size>0x7c4</size>
         <alignment>0x4</alignment>
         <input_file_ref idref="fl-13"/>
      </object_component>
      <object_component id="oc-32d">
         <name>.text.Easy_Menu_All_Update</name>
         <load_address>0x2228</load_address>
         <readonly>true</readonly>
         <executable>true</executable>
         <run_address>0x2228</run_address>
         <size>0x4a0</size>
         <alignment>0x4</alignment>
         <input_file_ref idref="fl-11"/>
      </object_component>
      <object_component id="oc-10b">
         <name>.text.K230_DrawRect_Task</name>
         <load_address>0x26c8</load_address>
         <readonly>true</readonly>
         <executable>true</executable>
         <run_address>0x26c8</run_address>
         <size>0x434</size>
         <alignment>0x4</alignment>
         <input_file_ref idref="fl-8"/>
      </object_component>
      <object_component id="oc-2f3">
         <name>.text.Ordinary_Page_Enter</name>
         <load_address>0x2afc</load_address>
         <readonly>true</readonly>
         <executable>true</executable>
         <run_address>0x2afc</run_address>
         <size>0x42c</size>
         <alignment>0x4</alignment>
         <input_file_ref idref="fl-14"/>
      </object_component>
      <object_component id="oc-162">
         <name>.text.Easy_Menu_Ui_Init</name>
         <load_address>0x2f28</load_address>
         <readonly>true</readonly>
         <executable>true</executable>
         <run_address>0x2f28</run_address>
         <size>0x3d4</size>
         <alignment>0x4</alignment>
         <input_file_ref idref="fl-15"/>
      </object_component>
      <object_component id="oc-10d">
         <name>.text.K230_Aim_Task</name>
         <load_address>0x32fc</load_address>
         <readonly>true</readonly>
         <executable>true</executable>
         <run_address>0x32fc</run_address>
         <size>0x398</size>
         <alignment>0x4</alignment>
         <input_file_ref idref="fl-8"/>
      </object_component>
      <object_component id="oc-2f7">
         <name>.text.Ordinary_Page_Refresh</name>
         <load_address>0x3694</load_address>
         <readonly>true</readonly>
         <executable>true</executable>
         <run_address>0x3694</run_address>
         <size>0x364</size>
         <alignment>0x4</alignment>
         <input_file_ref idref="fl-14"/>
      </object_component>
      <object_component id="oc-7f">
         <name>.text.JY62_ProcessData</name>
         <load_address>0x39f8</load_address>
         <readonly>true</readonly>
         <executable>true</executable>
         <run_address>0x39f8</run_address>
         <size>0x2b0</size>
         <alignment>0x4</alignment>
         <input_file_ref idref="fl-4"/>
      </object_component>
      <object_component id="oc-381">
         <name>.text._pconv_a</name>
         <load_address>0x3ca8</load_address>
         <readonly>true</readonly>
         <executable>true</executable>
         <run_address>0x3ca8</run_address>
         <size>0x220</size>
         <alignment>0x4</alignment>
         <input_file_ref idref="fl-4a"/>
      </object_component>
      <object_component id="oc-1be">
         <name>.text.trackline_pid_apply</name>
         <load_address>0x3ec8</load_address>
         <readonly>true</readonly>
         <executable>true</executable>
         <run_address>0x3ec8</run_address>
         <size>0x1f8</size>
         <alignment>0x4</alignment>
         <input_file_ref idref="fl-6"/>
      </object_component>
      <object_component id="oc-382">
         <name>.text._pconv_g</name>
         <load_address>0x40c0</load_address>
         <readonly>true</readonly>
         <executable>true</executable>
         <run_address>0x40c0</run_address>
         <size>0x1dc</size>
         <alignment>0x4</alignment>
         <input_file_ref idref="fl-4a"/>
      </object_component>
      <object_component id="oc-2f4">
         <name>.text.Ordinary_Page_Display</name>
         <load_address>0x429c</load_address>
         <readonly>true</readonly>
         <executable>true</executable>
         <run_address>0x429c</run_address>
         <size>0x1d8</size>
         <alignment>0x4</alignment>
         <input_file_ref idref="fl-14"/>
      </object_component>
      <object_component id="oc-1bb">
         <name>.text.Motor_SpeedControl</name>
         <load_address>0x4474</load_address>
         <readonly>true</readonly>
         <executable>true</executable>
         <run_address>0x4474</run_address>
         <size>0x1d0</size>
         <alignment>0x4</alignment>
         <input_file_ref idref="fl-f"/>
      </object_component>
      <object_component id="oc-14f">
         <name>.text.SYSCFG_DL_GPIO_init</name>
         <load_address>0x4644</load_address>
         <readonly>true</readonly>
         <executable>true</executable>
         <run_address>0x4644</run_address>
         <size>0x1ac</size>
         <alignment>0x4</alignment>
         <input_file_ref idref="fl-2"/>
      </object_component>
      <object_component id="oc-29e">
         <name>.text.adddf3_subdf3</name>
         <load_address>0x47f0</load_address>
         <readonly>true</readonly>
         <executable>true</executable>
         <run_address>0x47f0</run_address>
         <size>0x192</size>
         <alignment>0x4</alignment>
         <input_file_ref idref="fl-110"/>
      </object_component>
      <object_component id="oc-2b5">
         <name>.text.__aeabi_idiv0</name>
         <load_address>0x4982</load_address>
         <readonly>true</readonly>
         <executable>true</executable>
         <run_address>0x4982</run_address>
         <size>0x2</size>
         <alignment>0x2</alignment>
         <input_file_ref idref="fl-129"/>
      </object_component>
      <object_component id="oc-171">
         <name>.text.No_MCU_Ganv_Sensor_Init</name>
         <load_address>0x4984</load_address>
         <readonly>true</readonly>
         <executable>true</executable>
         <run_address>0x4984</run_address>
         <size>0x188</size>
         <alignment>0x4</alignment>
         <input_file_ref idref="fl-d"/>
      </object_component>
      <object_component id="oc-98">
         <name>.text.main</name>
         <load_address>0x4b0c</load_address>
         <readonly>true</readonly>
         <executable>true</executable>
         <run_address>0x4b0c</run_address>
         <size>0x158</size>
         <alignment>0x4</alignment>
         <input_file_ref idref="fl-1"/>
      </object_component>
      <object_component id="oc-3aa">
         <name>.text.fcvt</name>
         <load_address>0x4c64</load_address>
         <readonly>true</readonly>
         <executable>true</executable>
         <run_address>0x4c64</run_address>
         <size>0x13c</size>
         <alignment>0x4</alignment>
         <input_file_ref idref="fl-4a"/>
      </object_component>
      <object_component id="oc-43">
         <name>.text.UART0_IRQHandler</name>
         <load_address>0x4da0</load_address>
         <readonly>true</readonly>
         <executable>true</executable>
         <run_address>0x4da0</run_address>
         <size>0x130</size>
         <alignment>0x4</alignment>
         <input_file_ref idref="fl-8"/>
      </object_component>
      <object_component id="oc-384">
         <name>.text._pconv_e</name>
         <load_address>0x4ed0</load_address>
         <readonly>true</readonly>
         <executable>true</executable>
         <run_address>0x4ed0</run_address>
         <size>0x120</size>
         <alignment>0x4</alignment>
         <input_file_ref idref="fl-4a"/>
      </object_component>
      <object_component id="oc-1e5">
         <name>.text.OLED_ShowChar</name>
         <load_address>0x4ff0</load_address>
         <readonly>true</readonly>
         <executable>true</executable>
         <run_address>0x4ff0</run_address>
         <size>0x118</size>
         <alignment>0x4</alignment>
         <input_file_ref idref="fl-10"/>
      </object_component>
      <object_component id="oc-2a2">
         <name>.text.__divdf3</name>
         <load_address>0x5108</load_address>
         <readonly>true</readonly>
         <executable>true</executable>
         <run_address>0x5108</run_address>
         <size>0x10c</size>
         <alignment>0x4</alignment>
         <input_file_ref idref="fl-115"/>
      </object_component>
      <object_component id="oc-217">
         <name>.text.DL_Timer_initFourCCPWMMode</name>
         <load_address>0x5214</load_address>
         <readonly>true</readonly>
         <executable>true</executable>
         <run_address>0x5214</run_address>
         <size>0x104</size>
         <alignment>0x4</alignment>
         <input_file_ref idref="fl-26"/>
      </object_component>
      <object_component id="oc-ed">
         <name>.text.OLED_Init</name>
         <load_address>0x5318</load_address>
         <readonly>true</readonly>
         <executable>true</executable>
         <run_address>0x5318</run_address>
         <size>0xfa</size>
         <alignment>0x2</alignment>
         <input_file_ref idref="fl-10"/>
      </object_component>
      <object_component id="oc-3ac">
         <name>.text.__aeabi_ldiv0</name>
         <load_address>0x5412</load_address>
         <readonly>true</readonly>
         <executable>true</executable>
         <run_address>0x5412</run_address>
         <size>0x2</size>
         <alignment>0x2</alignment>
         <input_file_ref idref="fl-129"/>
      </object_component>
      <object_component id="oc-316">
         <name>.text.__muldf3</name>
         <load_address>0x5414</load_address>
         <readonly>true</readonly>
         <executable>true</executable>
         <run_address>0x5414</run_address>
         <size>0xe4</size>
         <alignment>0x4</alignment>
         <input_file_ref idref="fl-111"/>
      </object_component>
      <object_component id="oc-19d">
         <name>.text.JY62_ConfigMode</name>
         <load_address>0x54f8</load_address>
         <readonly>true</readonly>
         <executable>true</executable>
         <run_address>0x54f8</run_address>
         <size>0xe0</size>
         <alignment>0x4</alignment>
         <input_file_ref idref="fl-4"/>
      </object_component>
      <object_component id="oc-39d">
         <name>.text.scalbn</name>
         <load_address>0x55d8</load_address>
         <readonly>true</readonly>
         <executable>true</executable>
         <run_address>0x55d8</run_address>
         <size>0xd8</size>
         <alignment>0x4</alignment>
         <input_file_ref idref="fl-56"/>
      </object_component>
      <object_component id="oc-c8">
         <name>.text</name>
         <load_address>0x56b0</load_address>
         <readonly>true</readonly>
         <executable>true</executable>
         <run_address>0x56b0</run_address>
         <size>0xd8</size>
         <alignment>0x4</alignment>
         <input_file_ref idref="fl-10f"/>
      </object_component>
      <object_component id="oc-6b">
         <name>.text.Beep_Tick_1ms</name>
         <load_address>0x5788</load_address>
         <readonly>true</readonly>
         <executable>true</executable>
         <run_address>0x5788</run_address>
         <size>0xcc</size>
         <alignment>0x4</alignment>
         <input_file_ref idref="fl-b"/>
      </object_component>
      <object_component id="oc-24c">
         <name>.text.Data_Item_Init</name>
         <load_address>0x5854</load_address>
         <readonly>true</readonly>
         <executable>true</executable>
         <run_address>0x5854</run_address>
         <size>0xcc</size>
         <alignment>0x4</alignment>
         <input_file_ref idref="fl-13"/>
      </object_component>
      <object_component id="oc-6a">
         <name>.text.Knob_Tick_1ms</name>
         <load_address>0x5920</load_address>
         <readonly>true</readonly>
         <executable>true</executable>
         <run_address>0x5920</run_address>
         <size>0xc4</size>
         <alignment>0x4</alignment>
         <input_file_ref idref="fl-e"/>
      </object_component>
      <object_component id="oc-2bb">
         <name>.text.Get_Analog_value</name>
         <load_address>0x59e4</load_address>
         <readonly>true</readonly>
         <executable>true</executable>
         <run_address>0x59e4</run_address>
         <size>0xbc</size>
         <alignment>0x4</alignment>
         <input_file_ref idref="fl-d"/>
      </object_component>
      <object_component id="oc-28c">
         <name>.text.Jy62_Yaw_Acc_Callback</name>
         <load_address>0x5aa0</load_address>
         <readonly>true</readonly>
         <executable>true</executable>
         <run_address>0x5aa0</run_address>
         <size>0xb8</size>
         <alignment>0x4</alignment>
         <input_file_ref idref="fl-15"/>
      </object_component>
      <object_component id="oc-1bd">
         <name>.text.Beep_Trigger</name>
         <load_address>0x5b58</load_address>
         <readonly>true</readonly>
         <executable>true</executable>
         <run_address>0x5b58</run_address>
         <size>0xb4</size>
         <alignment>0x4</alignment>
         <input_file_ref idref="fl-b"/>
      </object_component>
      <object_component id="oc-2bd">
         <name>.text.normalizeAnalogValues</name>
         <load_address>0x5c0c</load_address>
         <readonly>true</readonly>
         <executable>true</executable>
         <run_address>0x5c0c</run_address>
         <size>0xaa</size>
         <alignment>0x2</alignment>
         <input_file_ref idref="fl-d"/>
      </object_component>
      <object_component id="oc-394">
         <name>.text</name>
         <load_address>0x5cb8</load_address>
         <readonly>true</readonly>
         <executable>true</executable>
         <run_address>0x5cb8</run_address>
         <size>0xa2</size>
         <alignment>0x4</alignment>
         <input_file_ref idref="fl-126"/>
      </object_component>
      <object_component id="oc-106">
         <name>.text.Knob_get</name>
         <load_address>0x5d5c</load_address>
         <readonly>true</readonly>
         <executable>true</executable>
         <run_address>0x5d5c</run_address>
         <size>0xa0</size>
         <alignment>0x4</alignment>
         <input_file_ref idref="fl-e"/>
      </object_component>
      <object_component id="oc-2b3">
         <name>.text.Motor_A_SetSpeed</name>
         <load_address>0x5dfc</load_address>
         <readonly>true</readonly>
         <executable>true</executable>
         <run_address>0x5dfc</run_address>
         <size>0x9c</size>
         <alignment>0x4</alignment>
         <input_file_ref idref="fl-f"/>
      </object_component>
      <object_component id="oc-2b4">
         <name>.text.Motor_B_SetSpeed</name>
         <load_address>0x5e98</load_address>
         <readonly>true</readonly>
         <executable>true</executable>
         <run_address>0x5e98</run_address>
         <size>0x9c</size>
         <alignment>0x4</alignment>
         <input_file_ref idref="fl-f"/>
      </object_component>
      <object_component id="oc-14e">
         <name>.text.SYSCFG_DL_initPower</name>
         <load_address>0x5f34</load_address>
         <readonly>true</readonly>
         <executable>true</executable>
         <run_address>0x5f34</run_address>
         <size>0x9c</size>
         <alignment>0x4</alignment>
         <input_file_ref idref="fl-2"/>
      </object_component>
      <object_component id="oc-1ce">
         <name>.text.Gimbal_MovePosition</name>
         <load_address>0x5fd0</load_address>
         <readonly>true</readonly>
         <executable>true</executable>
         <run_address>0x5fd0</run_address>
         <size>0x98</size>
         <alignment>0x2</alignment>
         <input_file_ref idref="fl-7"/>
      </object_component>
      <object_component id="oc-1c9">
         <name>.text.Motor_YawIsAtTarget</name>
         <load_address>0x6068</load_address>
         <readonly>true</readonly>
         <executable>true</executable>
         <run_address>0x6068</run_address>
         <size>0x98</size>
         <alignment>0x4</alignment>
         <input_file_ref idref="fl-f"/>
      </object_component>
      <object_component id="oc-334">
         <name>.text.Easy_Menu_Area_Clear</name>
         <load_address>0x6100</load_address>
         <readonly>true</readonly>
         <executable>true</executable>
         <run_address>0x6100</run_address>
         <size>0x90</size>
         <alignment>0x4</alignment>
         <input_file_ref idref="fl-11"/>
      </object_component>
      <object_component id="oc-24e">
         <name>.text.Easy_Menu_Goto_Page</name>
         <load_address>0x6190</load_address>
         <readonly>true</readonly>
         <executable>true</executable>
         <run_address>0x6190</run_address>
         <size>0x90</size>
         <alignment>0x4</alignment>
         <input_file_ref idref="fl-12"/>
      </object_component>
      <object_component id="oc-151">
         <name>.text.SYSCFG_DL_PWM_0_init</name>
         <load_address>0x6220</load_address>
         <readonly>true</readonly>
         <executable>true</executable>
         <run_address>0x6220</run_address>
         <size>0x90</size>
         <alignment>0x4</alignment>
         <input_file_ref idref="fl-2"/>
      </object_component>
      <object_component id="oc-cc">
         <name>.text.__mulsf3</name>
         <load_address>0x62b0</load_address>
         <readonly>true</readonly>
         <executable>true</executable>
         <run_address>0x62b0</run_address>
         <size>0x8c</size>
         <alignment>0x4</alignment>
         <input_file_ref idref="fl-113"/>
      </object_component>
      <object_component id="oc-326">
         <name>.text.Easy_Menu_Display_String</name>
         <load_address>0x633c</load_address>
         <readonly>true</readonly>
         <executable>true</executable>
         <run_address>0x633c</run_address>
         <size>0x86</size>
         <alignment>0x2</alignment>
         <input_file_ref idref="fl-11"/>
      </object_component>
      <object_component id="oc-215">
         <name>.text.__NVIC_SetPriority</name>
         <load_address>0x63c4</load_address>
         <readonly>true</readonly>
         <executable>true</executable>
         <run_address>0x63c4</run_address>
         <size>0x84</size>
         <alignment>0x4</alignment>
         <input_file_ref idref="fl-2"/>
      </object_component>
      <object_component id="oc-c4">
         <name>.text.__divsf3</name>
         <load_address>0x6448</load_address>
         <readonly>true</readonly>
         <executable>true</executable>
         <run_address>0x6448</run_address>
         <size>0x82</size>
         <alignment>0x4</alignment>
         <input_file_ref idref="fl-114"/>
      </object_component>
      <object_component id="oc-76">
         <name>.text.Motor_B_EncoderIRQHandler</name>
         <load_address>0x64cc</load_address>
         <readonly>true</readonly>
         <executable>true</executable>
         <run_address>0x64cc</run_address>
         <size>0x80</size>
         <alignment>0x4</alignment>
         <input_file_ref idref="fl-f"/>
      </object_component>
      <object_component id="oc-241">
         <name>.text.Ordinary_Page_Init</name>
         <load_address>0x654c</load_address>
         <readonly>true</readonly>
         <executable>true</executable>
         <run_address>0x654c</run_address>
         <size>0x7c</size>
         <alignment>0x4</alignment>
         <input_file_ref idref="fl-14"/>
      </object_component>
      <object_component id="oc-1c">
         <name>.text:decompress:lzss</name>
         <load_address>0x65c8</load_address>
         <readonly>true</readonly>
         <executable>true</executable>
         <run_address>0x65c8</run_address>
         <size>0x7c</size>
         <alignment>0x4</alignment>
         <input_file_ref idref="fl-49"/>
      </object_component>
      <object_component id="oc-104">
         <name>.text.JY62_Init</name>
         <load_address>0x6644</load_address>
         <readonly>true</readonly>
         <executable>true</executable>
         <run_address>0x6644</run_address>
         <size>0x78</size>
         <alignment>0x4</alignment>
         <input_file_ref idref="fl-4"/>
      </object_component>
      <object_component id="oc-108">
         <name>.text.Easy_Menu_Display</name>
         <load_address>0x66bc</load_address>
         <readonly>true</readonly>
         <executable>true</executable>
         <run_address>0x66bc</run_address>
         <size>0x74</size>
         <alignment>0x4</alignment>
         <input_file_ref idref="fl-12"/>
      </object_component>
      <object_component id="oc-23e">
         <name>.text.Send_Byte</name>
         <load_address>0x6730</load_address>
         <readonly>true</readonly>
         <executable>true</executable>
         <run_address>0x6730</run_address>
         <size>0x74</size>
         <alignment>0x4</alignment>
         <input_file_ref idref="fl-10"/>
      </object_component>
      <object_component id="oc-342">
         <name>.text.__gedf2</name>
         <load_address>0x67a4</load_address>
         <readonly>true</readonly>
         <executable>true</executable>
         <run_address>0x67a4</run_address>
         <size>0x74</size>
         <alignment>0x4</alignment>
         <input_file_ref idref="fl-128"/>
      </object_component>
      <object_component id="oc-30a">
         <name>.text.clampSpeed</name>
         <load_address>0x6818</load_address>
         <readonly>true</readonly>
         <executable>true</executable>
         <run_address>0x6818</run_address>
         <size>0x74</size>
         <alignment>0x4</alignment>
         <input_file_ref idref="fl-f"/>
      </object_component>
      <object_component id="oc-299">
         <name>.text.No_MCU_Ganv_Sensor_Init_Frist</name>
         <load_address>0x688c</load_address>
         <readonly>true</readonly>
         <executable>true</executable>
         <run_address>0x688c</run_address>
         <size>0x72</size>
         <alignment>0x2</alignment>
         <input_file_ref idref="fl-d"/>
      </object_component>
      <object_component id="oc-75">
         <name>.text.Knob_EXTI_Handler</name>
         <load_address>0x6900</load_address>
         <readonly>true</readonly>
         <executable>true</executable>
         <run_address>0x6900</run_address>
         <size>0x6c</size>
         <alignment>0x4</alignment>
         <input_file_ref idref="fl-e"/>
      </object_component>
      <object_component id="oc-156">
         <name>.text.SYSCFG_DL_ADC_line_detector_init</name>
         <load_address>0x696c</load_address>
         <readonly>true</readonly>
         <executable>true</executable>
         <run_address>0x696c</run_address>
         <size>0x6c</size>
         <alignment>0x4</alignment>
         <input_file_ref idref="fl-2"/>
      </object_component>
      <object_component id="oc-300">
         <name>.text.Trackline_Calibrate_Black</name>
         <load_address>0x69d8</load_address>
         <readonly>true</readonly>
         <executable>true</executable>
         <run_address>0x69d8</run_address>
         <size>0x6c</size>
         <alignment>0x4</alignment>
         <input_file_ref idref="fl-6"/>
      </object_component>
      <object_component id="oc-2bc">
         <name>.text.convertAnalogToDigital</name>
         <load_address>0x6a44</load_address>
         <readonly>true</readonly>
         <executable>true</executable>
         <run_address>0x6a44</run_address>
         <size>0x6c</size>
         <alignment>0x2</alignment>
         <input_file_ref idref="fl-d"/>
      </object_component>
      <object_component id="oc-15d">
         <name>.text.OLED_Clear</name>
         <load_address>0x6ab0</load_address>
         <readonly>true</readonly>
         <executable>true</executable>
         <run_address>0x6ab0</run_address>
         <size>0x6a</size>
         <alignment>0x2</alignment>
         <input_file_ref idref="fl-10"/>
      </object_component>
      <object_component id="oc-33c">
         <name>.text.__ledf2</name>
         <load_address>0x6b1c</load_address>
         <readonly>true</readonly>
         <executable>true</executable>
         <run_address>0x6b1c</run_address>
         <size>0x68</size>
         <alignment>0x4</alignment>
         <input_file_ref idref="fl-128"/>
      </object_component>
      <object_component id="oc-3a9">
         <name>.text._mcpy</name>
         <load_address>0x6b84</load_address>
         <readonly>true</readonly>
         <executable>true</executable>
         <run_address>0x6b84</run_address>
         <size>0x66</size>
         <alignment>0x2</alignment>
         <input_file_ref idref="fl-4a"/>
      </object_component>
      <object_component id="oc-232">
         <name>.text.DL_ADC12_initSingleSample</name>
         <load_address>0x6bec</load_address>
         <readonly>true</readonly>
         <executable>true</executable>
         <run_address>0x6bec</run_address>
         <size>0x64</size>
         <alignment>0x4</alignment>
         <input_file_ref idref="fl-2"/>
      </object_component>
      <object_component id="oc-31e">
         <name>.text.__aeabi_dcmp</name>
         <load_address>0x6c50</load_address>
         <readonly>true</readonly>
         <executable>true</executable>
         <run_address>0x6c50</run_address>
         <size>0x62</size>
         <alignment>0x4</alignment>
         <input_file_ref idref="fl-11e"/>
      </object_component>
      <object_component id="oc-1b3">
         <name>.text.__aeabi_fcmp</name>
         <load_address>0x6cb4</load_address>
         <readonly>true</readonly>
         <executable>true</executable>
         <run_address>0x6cb4</run_address>
         <size>0x62</size>
         <alignment>0x4</alignment>
         <input_file_ref idref="fl-11f"/>
      </object_component>
      <object_component id="oc-109">
         <name>.text.Trackline_Reset</name>
         <load_address>0x6d18</load_address>
         <readonly>true</readonly>
         <executable>true</executable>
         <run_address>0x6d18</run_address>
         <size>0x60</size>
         <alignment>0x4</alignment>
         <input_file_ref idref="fl-6"/>
      </object_component>
      <object_component id="oc-161">
         <name>.text.Easy_Menu_All_Clear</name>
         <load_address>0x6d78</load_address>
         <readonly>true</readonly>
         <executable>true</executable>
         <run_address>0x6d78</run_address>
         <size>0x5c</size>
         <alignment>0x4</alignment>
         <input_file_ref idref="fl-11"/>
      </object_component>
      <object_component id="oc-310">
         <name>.text.adc_getValue</name>
         <load_address>0x6dd4</load_address>
         <readonly>true</readonly>
         <executable>true</executable>
         <run_address>0x6dd4</run_address>
         <size>0x5c</size>
         <alignment>0x4</alignment>
         <input_file_ref idref="fl-c"/>
      </object_component>
      <object_component id="oc-399">
         <name>.text.frexp</name>
         <load_address>0x6e30</load_address>
         <readonly>true</readonly>
         <executable>true</executable>
         <run_address>0x6e30</run_address>
         <size>0x5c</size>
         <alignment>0x4</alignment>
         <input_file_ref idref="fl-55"/>
      </object_component>
      <object_component id="oc-2fd">
         <name>.text.Switch_Item_Input</name>
         <load_address>0x6e8c</load_address>
         <readonly>true</readonly>
         <executable>true</executable>
         <run_address>0x6e8c</run_address>
         <size>0x58</size>
         <alignment>0x2</alignment>
         <input_file_ref idref="fl-13"/>
      </object_component>
      <object_component id="oc-2ff">
         <name>.text.Trackline_Calibrate_White</name>
         <load_address>0x6ee4</load_address>
         <readonly>true</readonly>
         <executable>true</executable>
         <run_address>0x6ee4</run_address>
         <size>0x58</size>
         <alignment>0x4</alignment>
         <input_file_ref idref="fl-6"/>
      </object_component>
      <object_component id="oc-3a1">
         <name>.text.__TI_ltoa</name>
         <load_address>0x6f3c</load_address>
         <readonly>true</readonly>
         <executable>true</executable>
         <run_address>0x6f3c</run_address>
         <size>0x58</size>
         <alignment>0x2</alignment>
         <input_file_ref idref="fl-4e"/>
      </object_component>
      <object_component id="oc-383">
         <name>.text._pconv_f</name>
         <load_address>0x6f94</load_address>
         <readonly>true</readonly>
         <executable>true</executable>
         <run_address>0x6f94</run_address>
         <size>0x58</size>
         <alignment>0x2</alignment>
         <input_file_ref idref="fl-4a"/>
      </object_component>
      <object_component id="oc-1bf">
         <name>.text.__aeabi_idivmod</name>
         <load_address>0x6fec</load_address>
         <readonly>true</readonly>
         <executable>true</executable>
         <run_address>0x6fec</run_address>
         <size>0x56</size>
         <alignment>0x4</alignment>
         <input_file_ref idref="fl-120"/>
      </object_component>
      <object_component id="oc-34f">
         <name>.text.Compare_String</name>
         <load_address>0x7042</load_address>
         <readonly>true</readonly>
         <executable>true</executable>
         <run_address>0x7042</run_address>
         <size>0x54</size>
         <alignment>0x2</alignment>
         <input_file_ref idref="fl-11"/>
      </object_component>
      <object_component id="oc-21f">
         <name>.text.DL_Timer_configQEI</name>
         <load_address>0x7098</load_address>
         <readonly>true</readonly>
         <executable>true</executable>
         <run_address>0x7098</run_address>
         <size>0x54</size>
         <alignment>0x4</alignment>
         <input_file_ref idref="fl-2"/>
      </object_component>
      <object_component id="oc-f9">
         <name>.text.Trackline_Init</name>
         <load_address>0x70ec</load_address>
         <readonly>true</readonly>
         <executable>true</executable>
         <run_address>0x70ec</run_address>
         <size>0x54</size>
         <alignment>0x4</alignment>
         <input_file_ref idref="fl-6"/>
      </object_component>
      <object_component id="oc-24d">
         <name>.text.Show_Item_Init</name>
         <load_address>0x7140</load_address>
         <readonly>true</readonly>
         <executable>true</executable>
         <run_address>0x7140</run_address>
         <size>0x52</size>
         <alignment>0x2</alignment>
         <input_file_ref idref="fl-13"/>
      </object_component>
      <object_component id="oc-3a7">
         <name>.text._ecpy</name>
         <load_address>0x7192</load_address>
         <readonly>true</readonly>
         <executable>true</executable>
         <run_address>0x7192</run_address>
         <size>0x52</size>
         <alignment>0x2</alignment>
         <input_file_ref idref="fl-4a"/>
      </object_component>
      <object_component id="oc-152">
         <name>.text.SYSCFG_DL_QEI_0_init</name>
         <load_address>0x71e4</load_address>
         <readonly>true</readonly>
         <executable>true</executable>
         <run_address>0x71e4</run_address>
         <size>0x50</size>
         <alignment>0x4</alignment>
         <input_file_ref idref="fl-2"/>
      </object_component>
      <object_component id="oc-23c">
         <name>.text.SysTick_Config</name>
         <load_address>0x7234</load_address>
         <readonly>true</readonly>
         <executable>true</executable>
         <run_address>0x7234</run_address>
         <size>0x50</size>
         <alignment>0x4</alignment>
         <input_file_ref idref="fl-2"/>
      </object_component>
      <object_component id="oc-15c">
         <name>.text.OLED_WR_Byte</name>
         <load_address>0x7284</load_address>
         <readonly>true</readonly>
         <executable>true</executable>
         <run_address>0x7284</run_address>
         <size>0x4e</size>
         <alignment>0x2</alignment>
         <input_file_ref idref="fl-10"/>
      </object_component>
      <object_component id="oc-2eb">
         <name>.text.DL_DMA_initChannel</name>
         <load_address>0x72d4</load_address>
         <readonly>true</readonly>
         <executable>true</executable>
         <run_address>0x72d4</run_address>
         <size>0x4c</size>
         <alignment>0x4</alignment>
         <input_file_ref idref="fl-25"/>
      </object_component>
      <object_component id="oc-209">
         <name>.text.DL_GPIO_initDigitalInputFeatures</name>
         <load_address>0x7320</load_address>
         <readonly>true</readonly>
         <executable>true</executable>
         <run_address>0x7320</run_address>
         <size>0x4c</size>
         <alignment>0x4</alignment>
         <input_file_ref idref="fl-2"/>
      </object_component>
      <object_component id="oc-198">
         <name>.text.DL_UART_setBaudRateDivisor</name>
         <load_address>0x736c</load_address>
         <readonly>true</readonly>
         <executable>true</executable>
         <run_address>0x736c</run_address>
         <size>0x4c</size>
         <alignment>0x4</alignment>
         <input_file_ref idref="fl-4"/>
      </object_component>
      <object_component id="oc-224">
         <name>.text.DL_UART_setBaudRateDivisor</name>
         <load_address>0x73b8</load_address>
         <readonly>true</readonly>
         <executable>true</executable>
         <run_address>0x73b8</run_address>
         <size>0x4c</size>
         <alignment>0x4</alignment>
         <input_file_ref idref="fl-2"/>
      </object_component>
      <object_component id="oc-1b2">
         <name>.text.line_mask_from_normal</name>
         <load_address>0x7404</load_address>
         <readonly>true</readonly>
         <executable>true</executable>
         <run_address>0x7404</run_address>
         <size>0x4c</size>
         <alignment>0x4</alignment>
         <input_file_ref idref="fl-6"/>
      </object_component>
      <object_component id="oc-233">
         <name>.text.DL_ADC12_configConversionMem</name>
         <load_address>0x7450</load_address>
         <readonly>true</readonly>
         <executable>true</executable>
         <run_address>0x7450</run_address>
         <size>0x4a</size>
         <alignment>0x2</alignment>
         <input_file_ref idref="fl-2"/>
      </object_component>
      <object_component id="oc-31a">
         <name>.text.__fixdfsi</name>
         <load_address>0x749c</load_address>
         <readonly>true</readonly>
         <executable>true</executable>
         <run_address>0x749c</run_address>
         <size>0x4a</size>
         <alignment>0x4</alignment>
         <input_file_ref idref="fl-117"/>
      </object_component>
      <object_component id="oc-196">
         <name>.text.DL_UART_init</name>
         <load_address>0x74e8</load_address>
         <readonly>true</readonly>
         <executable>true</executable>
         <run_address>0x74e8</run_address>
         <size>0x48</size>
         <alignment>0x4</alignment>
         <input_file_ref idref="fl-27"/>
      </object_component>
      <object_component id="oc-10c">
         <name>.text.K230_DrawRect_Reset</name>
         <load_address>0x7530</load_address>
         <readonly>true</readonly>
         <executable>true</executable>
         <run_address>0x7530</run_address>
         <size>0x48</size>
         <alignment>0x4</alignment>
         <input_file_ref idref="fl-8"/>
      </object_component>
      <object_component id="oc-1dd">
         <name>.text.gimbal_send_frame</name>
         <load_address>0x7578</load_address>
         <readonly>true</readonly>
         <executable>true</executable>
         <run_address>0x7578</run_address>
         <size>0x48</size>
         <alignment>0x2</alignment>
         <input_file_ref idref="fl-7"/>
      </object_component>
      <object_component id="oc-32c">
         <name>.text.Easy_Menu_Display_Char</name>
         <load_address>0x75c0</load_address>
         <readonly>true</readonly>
         <executable>true</executable>
         <run_address>0x75c0</run_address>
         <size>0x44</size>
         <alignment>0x4</alignment>
         <input_file_ref idref="fl-11"/>
      </object_component>
      <object_component id="oc-1b0">
         <name>.text.No_Mcu_Ganv_Sensor_Task_Without_tick</name>
         <load_address>0x7604</load_address>
         <readonly>true</readonly>
         <executable>true</executable>
         <run_address>0x7604</run_address>
         <size>0x42</size>
         <alignment>0x2</alignment>
         <input_file_ref idref="fl-d"/>
      </object_component>
      <object_component id="oc-1cd">
         <name>.text.pixel_to_pulse</name>
         <load_address>0x7646</load_address>
         <readonly>true</readonly>
         <executable>true</executable>
         <run_address>0x7646</run_address>
         <size>0x42</size>
         <alignment>0x2</alignment>
         <input_file_ref idref="fl-8"/>
      </object_component>
      <object_component id="oc-22c">
         <name>.text.DL_ADC12_setClockConfig</name>
         <load_address>0x7688</load_address>
         <readonly>true</readonly>
         <executable>true</executable>
         <run_address>0x7688</run_address>
         <size>0x40</size>
         <alignment>0x4</alignment>
         <input_file_ref idref="fl-23"/>
      </object_component>
      <object_component id="oc-154">
         <name>.text.SYSCFG_DL_UART_0_init</name>
         <load_address>0x76c8</load_address>
         <readonly>true</readonly>
         <executable>true</executable>
         <run_address>0x76c8</run_address>
         <size>0x40</size>
         <alignment>0x4</alignment>
         <input_file_ref idref="fl-2"/>
      </object_component>
      <object_component id="oc-155">
         <name>.text.SYSCFG_DL_UART_JY62_init</name>
         <load_address>0x7708</load_address>
         <readonly>true</readonly>
         <executable>true</executable>
         <run_address>0x7708</run_address>
         <size>0x40</size>
         <alignment>0x4</alignment>
         <input_file_ref idref="fl-2"/>
      </object_component>
      <object_component id="oc-153">
         <name>.text.SYSCFG_DL_UART_UP_init</name>
         <load_address>0x7748</load_address>
         <readonly>true</readonly>
         <executable>true</executable>
         <run_address>0x7748</run_address>
         <size>0x40</size>
         <alignment>0x4</alignment>
         <input_file_ref idref="fl-2"/>
      </object_component>
      <object_component id="oc-24b">
         <name>.text.Switch_Item_Init</name>
         <load_address>0x7788</load_address>
         <readonly>true</readonly>
         <executable>true</executable>
         <run_address>0x7788</run_address>
         <size>0x40</size>
         <alignment>0x4</alignment>
         <input_file_ref idref="fl-13"/>
      </object_component>
      <object_component id="oc-1ac">
         <name>.text.__aeabi_uidivmod</name>
         <load_address>0x77c8</load_address>
         <readonly>true</readonly>
         <executable>true</executable>
         <run_address>0x77c8</run_address>
         <size>0x40</size>
         <alignment>0x4</alignment>
         <input_file_ref idref="fl-123"/>
      </object_component>
      <object_component id="oc-328">
         <name>.text.__extendsfdf2</name>
         <load_address>0x7808</load_address>
         <readonly>true</readonly>
         <executable>true</executable>
         <run_address>0x7808</run_address>
         <size>0x40</size>
         <alignment>0x4</alignment>
         <input_file_ref idref="fl-116"/>
      </object_component>
      <object_component id="oc-36b">
         <name>.text.atoi</name>
         <load_address>0x7848</load_address>
         <readonly>true</readonly>
         <executable>true</executable>
         <run_address>0x7848</run_address>
         <size>0x40</size>
         <alignment>0x4</alignment>
         <input_file_ref idref="fl-51"/>
      </object_component>
      <object_component id="oc-348">
         <name>.text.vsnprintf</name>
         <load_address>0x7888</load_address>
         <readonly>true</readonly>
         <executable>true</executable>
         <run_address>0x7888</run_address>
         <size>0x40</size>
         <alignment>0x4</alignment>
         <input_file_ref idref="fl-3f"/>
      </object_component>
      <object_component id="oc-218">
         <name>.text.DL_Timer_setCounterControl</name>
         <load_address>0x78c8</load_address>
         <readonly>true</readonly>
         <executable>true</executable>
         <run_address>0x78c8</run_address>
         <size>0x3c</size>
         <alignment>0x4</alignment>
         <input_file_ref idref="fl-2"/>
      </object_component>
      <object_component id="oc-f3">
         <name>.text.Easy_Menu_Init</name>
         <load_address>0x7904</load_address>
         <readonly>true</readonly>
         <executable>true</executable>
         <run_address>0x7904</run_address>
         <size>0x3c</size>
         <alignment>0x4</alignment>
         <input_file_ref idref="fl-12"/>
      </object_component>
      <object_component id="oc-327">
         <name>.text.Easy_Menu_Printf</name>
         <load_address>0x7940</load_address>
         <readonly>true</readonly>
         <executable>true</executable>
         <run_address>0x7940</run_address>
         <size>0x3c</size>
         <alignment>0x2</alignment>
         <input_file_ref idref="fl-11"/>
      </object_component>
      <object_component id="oc-2d3">
         <name>.text.Gimbal_Enable</name>
         <load_address>0x797c</load_address>
         <readonly>true</readonly>
         <executable>true</executable>
         <run_address>0x797c</run_address>
         <size>0x3c</size>
         <alignment>0x2</alignment>
         <input_file_ref idref="fl-7"/>
      </object_component>
      <object_component id="oc-2d9">
         <name>.text.OLED_Set_Pos</name>
         <load_address>0x79b8</load_address>
         <readonly>true</readonly>
         <executable>true</executable>
         <run_address>0x79b8</run_address>
         <size>0x3c</size>
         <alignment>0x2</alignment>
         <input_file_ref idref="fl-10"/>
      </object_component>
      <object_component id="oc-e8">
         <name>.text.SYSCFG_DL_init</name>
         <load_address>0x79f4</load_address>
         <readonly>true</readonly>
         <executable>true</executable>
         <run_address>0x79f4</run_address>
         <size>0x3c</size>
         <alignment>0x4</alignment>
         <input_file_ref idref="fl-2"/>
      </object_component>
      <object_component id="oc-c0">
         <name>.text.__floatsisf</name>
         <load_address>0x7a30</load_address>
         <readonly>true</readonly>
         <executable>true</executable>
         <run_address>0x7a30</run_address>
         <size>0x3c</size>
         <alignment>0x4</alignment>
         <input_file_ref idref="fl-11a"/>
      </object_component>
      <object_component id="oc-2c3">
         <name>.text.__gtsf2</name>
         <load_address>0x7a6c</load_address>
         <readonly>true</readonly>
         <executable>true</executable>
         <run_address>0x7a6c</run_address>
         <size>0x3c</size>
         <alignment>0x4</alignment>
         <input_file_ref idref="fl-125"/>
      </object_component>
      <object_component id="oc-ad">
         <name>.text.start_off_phase</name>
         <load_address>0x7aa8</load_address>
         <readonly>true</readonly>
         <executable>true</executable>
         <run_address>0x7aa8</run_address>
         <size>0x3c</size>
         <alignment>0x4</alignment>
         <input_file_ref idref="fl-b"/>
      </object_component>
      <object_component id="oc-ae">
         <name>.text.start_on_phase</name>
         <load_address>0x7ae4</load_address>
         <readonly>true</readonly>
         <executable>true</executable>
         <run_address>0x7ae4</run_address>
         <size>0x3c</size>
         <alignment>0x4</alignment>
         <input_file_ref idref="fl-b"/>
      </object_component>
      <object_component id="oc-12c">
         <name>.text:__TI_auto_init_nobinit_nopinit</name>
         <load_address>0x7b20</load_address>
         <readonly>true</readonly>
         <executable>true</executable>
         <run_address>0x7b20</run_address>
         <size>0x3c</size>
         <alignment>0x4</alignment>
         <input_file_ref idref="fl-44"/>
      </object_component>
      <object_component id="oc-2be">
         <name>.text.__eqsf2</name>
         <load_address>0x7b5c</load_address>
         <readonly>true</readonly>
         <executable>true</executable>
         <run_address>0x7b5c</run_address>
         <size>0x3a</size>
         <alignment>0x4</alignment>
         <input_file_ref idref="fl-125"/>
      </object_component>
      <object_component id="oc-142">
         <name>.text.__muldsi3</name>
         <load_address>0x7b98</load_address>
         <readonly>true</readonly>
         <executable>true</executable>
         <run_address>0x7b98</run_address>
         <size>0x3a</size>
         <alignment>0x4</alignment>
         <input_file_ref idref="fl-112"/>
      </object_component>
      <object_component id="oc-1b1">
         <name>.text.Get_Normalize_For_User</name>
         <load_address>0x7bd2</load_address>
         <readonly>true</readonly>
         <executable>true</executable>
         <run_address>0x7bd2</run_address>
         <size>0x38</size>
         <alignment>0x2</alignment>
         <input_file_ref idref="fl-d"/>
      </object_component>
      <object_component id="oc-114">
         <name>.text.K230_Aim_Reset</name>
         <load_address>0x7c0c</load_address>
         <readonly>true</readonly>
         <executable>true</executable>
         <run_address>0x7c0c</run_address>
         <size>0x38</size>
         <alignment>0x4</alignment>
         <input_file_ref idref="fl-8"/>
      </object_component>
      <object_component id="oc-1c3">
         <name>.text.Motor_Brake</name>
         <load_address>0x7c44</load_address>
         <readonly>true</readonly>
         <executable>true</executable>
         <run_address>0x7c44</run_address>
         <size>0x38</size>
         <alignment>0x4</alignment>
         <input_file_ref idref="fl-f"/>
      </object_component>
      <object_component id="oc-16f">
         <name>.text.Motor_Coast</name>
         <load_address>0x7c7c</load_address>
         <readonly>true</readonly>
         <executable>true</executable>
         <run_address>0x7c7c</run_address>
         <size>0x38</size>
         <alignment>0x4</alignment>
         <input_file_ref idref="fl-f"/>
      </object_component>
      <object_component id="oc-1b7">
         <name>.text.__fixsfsi</name>
         <load_address>0x7cb4</load_address>
         <readonly>true</readonly>
         <executable>true</executable>
         <run_address>0x7cb4</run_address>
         <size>0x38</size>
         <alignment>0x4</alignment>
         <input_file_ref idref="fl-118"/>
      </object_component>
      <object_component id="oc-336">
         <name>.text.Get_Anolog_Value</name>
         <load_address>0x7cec</load_address>
         <readonly>true</readonly>
         <executable>true</executable>
         <run_address>0x7cec</run_address>
         <size>0x36</size>
         <alignment>0x2</alignment>
         <input_file_ref idref="fl-d"/>
      </object_component>
      <object_component id="oc-246">
         <name>.text.Goto_Item_Init</name>
         <load_address>0x7d24</load_address>
         <readonly>true</readonly>
         <executable>true</executable>
         <run_address>0x7d24</run_address>
         <size>0x34</size>
         <alignment>0x4</alignment>
         <input_file_ref idref="fl-13"/>
      </object_component>
      <object_component id="oc-23d">
         <name>.text.I2C_Start</name>
         <load_address>0x7d58</load_address>
         <readonly>true</readonly>
         <executable>true</executable>
         <run_address>0x7d58</run_address>
         <size>0x34</size>
         <alignment>0x4</alignment>
         <input_file_ref idref="fl-10"/>
      </object_component>
      <object_component id="oc-150">
         <name>.text.SYSCFG_DL_SYSCTL_init</name>
         <load_address>0x7d8c</load_address>
         <readonly>true</readonly>
         <executable>true</executable>
         <run_address>0x7d8c</run_address>
         <size>0x34</size>
         <alignment>0x2</alignment>
         <input_file_ref idref="fl-2"/>
      </object_component>
      <object_component id="oc-2ea">
         <name>.text.DL_DMA_setTransferSize</name>
         <load_address>0x7dc0</load_address>
         <readonly>true</readonly>
         <executable>true</executable>
         <run_address>0x7dc0</run_address>
         <size>0x30</size>
         <alignment>0x4</alignment>
         <input_file_ref idref="fl-2"/>
      </object_component>
      <object_component id="oc-207">
         <name>.text.DL_GPIO_initDigitalOutputFeatures</name>
         <load_address>0x7df0</load_address>
         <readonly>true</readonly>
         <executable>true</executable>
         <run_address>0x7df0</run_address>
         <size>0x30</size>
         <alignment>0x4</alignment>
         <input_file_ref idref="fl-2"/>
      </object_component>
      <object_component id="oc-11a">
         <name>.text.Display_Char_Line</name>
         <load_address>0x7e20</load_address>
         <readonly>true</readonly>
         <executable>true</executable>
         <run_address>0x7e20</run_address>
         <size>0x30</size>
         <alignment>0x2</alignment>
         <input_file_ref idref="fl-11"/>
      </object_component>
[...]
         <value>0x2020049c</value>
      </symbol>
      <symbol id="sm-524">
         <name>Lspeed</name>
         <value>0x20200430</value>
      </symbol>
      <symbol id="sm-525">
         <name>Rspeed</name>
         <value>0x20200454</value>
      </symbol>
      <symbol id="sm-526">
         <name>__TI_ATRegion0_src_addr</name>
         <value>0x0</value>
      </symbol>
      <symbol id="sm-527">
         <name>__TI_ATRegion0_trg_addr</name>
         <value>0x0</value>
      </symbol>
      <symbol id="sm-528">
         <name>__TI_ATRegion0_region_sz</name>
         <value>0x0</value>
      </symbol>
      <symbol id="sm-529">
         <name>__TI_ATRegion1_src_addr</name>
         <value>0x0</value>
      </symbol>
      <symbol id="sm-52a">
         <name>__TI_ATRegion1_trg_addr</name>
         <value>0x0</value>
      </symbol>
      <symbol id="sm-52b">
         <name>__TI_ATRegion1_region_sz</name>
         <value>0x0</value>
      </symbol>
      <symbol id="sm-52c">
         <name>__TI_ATRegion2_src_addr</name>
         <value>0x0</value>
      </symbol>
      <symbol id="sm-52d">
         <name>__TI_ATRegion2_trg_addr</name>
         <value>0x0</value>
      </symbol>
      <symbol id="sm-52e">
         <name>__TI_ATRegion2_region_sz</name>
         <value>0x0</value>
      </symbol>
      <symbol id="sm-539">
         <name>DL_ADC12_setClockConfig</name>
         <value>0x7689</value>
         <object_component_ref idref="oc-22c"/>
      </symbol>
      <symbol id="sm-542">
         <name>DL_Common_delayCycles</name>
         <value>0x8ef7</value>
         <object_component_ref idref="oc-18a"/>
      </symbol>
      <symbol id="sm-54c">
         <name>DL_DMA_initChannel</name>
         <value>0x72d5</value>
         <object_component_ref idref="oc-2eb"/>
      </symbol>
      <symbol id="sm-563">
         <name>DL_Timer_setClockConfig</name>
         <value>0x87d5</value>
         <object_component_ref idref="oc-216"/>
      </symbol>
      <symbol id="sm-564">
         <name>DL_Timer_setCaptureCompareValue</name>
         <value>0x8e39</value>
         <object_component_ref idref="oc-169"/>
      </symbol>
      <symbol id="sm-565">
         <name>DL_Timer_setCaptCompUpdateMethod</name>
         <value>0x87b9</value>
         <object_component_ref idref="oc-21a"/>
      </symbol>
      <symbol id="sm-566">
         <name>DL_Timer_setCaptureCompareOutCtl</name>
         <value>0x8a79</value>
         <object_component_ref idref="oc-219"/>
      </symbol>
      <symbol id="sm-567">
         <name>DL_Timer_initFourCCPWMMode</name>
         <value>0x5215</value>
         <object_component_ref idref="oc-217"/>
      </symbol>
      <symbol id="sm-577">
         <name>DL_UART_init</name>
         <value>0x74e9</value>
         <object_component_ref idref="oc-196"/>
      </symbol>
      <symbol id="sm-578">
         <name>DL_UART_setClockConfig</name>
         <value>0x8de1</value>
         <object_component_ref idref="oc-190"/>
      </symbol>
      <symbol id="sm-579">
         <name>DL_UART_receiveDataCheck</name>
         <value>0x8845</value>
         <object_component_ref idref="oc-1a2"/>
      </symbol>
      <symbol id="sm-58b">
         <name>vsnprintf</name>
         <value>0x7889</value>
         <object_component_ref idref="oc-348"/>
      </symbol>
      <symbol id="sm-595">
         <name>strlen</name>
         <value>0x8e95</value>
         <object_component_ref idref="oc-344"/>
      </symbol>
      <symbol id="sm-5a0">
         <name>_c_int00_noargs</name>
         <value>0x8465</value>
         <object_component_ref idref="oc-63"/>
      </symbol>
      <symbol id="sm-5a1">
         <name>__stack</name>
         <value>0x20207e00</value>
         <object_component_ref idref="oc-1a"/>
      </symbol>
      <symbol id="sm-5b0">
         <name>__TI_auto_init_nobinit_nopinit</name>
         <value>0x7b21</value>
         <object_component_ref idref="oc-12c"/>
      </symbol>
      <symbol id="sm-5b8">
         <name>_system_pre_init</name>
         <value>0x8f81</value>
         <object_component_ref idref="oc-94"/>
      </symbol>
      <symbol id="sm-5c3">
         <name>__TI_zero_init</name>
         <value>0x8e69</value>
         <object_component_ref idref="oc-60"/>
      </symbol>
      <symbol id="sm-5cc">
         <name>__TI_decompress_none</name>
         <value>0x8e05</value>
         <object_component_ref idref="oc-20"/>
      </symbol>
      <symbol id="sm-5d7">
         <name>__TI_decompress_lzss</name>
         <value>0x65c9</value>
         <object_component_ref idref="oc-1c"/>
      </symbol>
      <symbol id="sm-620">
         <name>__TI_printfi</name>
         <value>0xc1</value>
         <object_component_ref idref="oc-361"/>
      </symbol>
      <symbol id="sm-62b">
         <name>__aeabi_errno_addr</name>
         <value>0x8f4d</value>
         <object_component_ref idref="oc-373"/>
      </symbol>
      <symbol id="sm-62c">
         <name>__aeabi_errno</name>
         <value>0x202006d4</value>
         <object_component_ref idref="oc-38f"/>
      </symbol>
      <symbol id="sm-636">
         <name>abort</name>
         <value>0x8f5d</value>
         <object_component_ref idref="oc-125"/>
      </symbol>
      <symbol id="sm-640">
         <name>__TI_ltoa</name>
         <value>0x6f3d</value>
         <object_component_ref idref="oc-3a1"/>
      </symbol>
      <symbol id="sm-64c">
         <name>atoi</name>
         <value>0x7849</value>
         <object_component_ref idref="oc-36b"/>
      </symbol>
      <symbol id="sm-656">
         <name>memccpy</name>
         <value>0x8569</value>
         <object_component_ref idref="oc-364"/>
      </symbol>
      <symbol id="sm-661">
         <name>frexp</name>
         <value>0x6e31</value>
         <object_component_ref idref="oc-399"/>
      </symbol>
      <symbol id="sm-662">
         <name>frexpl</name>
         <value>0x6e31</value>
         <object_component_ref idref="oc-399"/>
      </symbol>
      <symbol id="sm-66c">
         <name>scalbn</name>
         <value>0x55d9</value>
         <object_component_ref idref="oc-39d"/>
      </symbol>
      <symbol id="sm-66d">
         <name>ldexp</name>
         <value>0x55d9</value>
         <object_component_ref idref="oc-39d"/>
      </symbol>
      <symbol id="sm-66e">
         <name>scalbnl</name>
         <value>0x55d9</value>
         <object_component_ref idref="oc-39d"/>
      </symbol>
      <symbol id="sm-66f">
         <name>ldexpl</name>
         <value>0x55d9</value>
         <object_component_ref idref="oc-39d"/>
      </symbol>
      <symbol id="sm-678">
         <name>wcslen</name>
         <value>0x8e59</value>
         <object_component_ref idref="oc-36f"/>
      </symbol>
      <symbol id="sm-67d">
         <name>__aeabi_ctype_table_</name>
         <value>0x97b0</value>
         <object_component_ref idref="oc-388"/>
      </symbol>
      <symbol id="sm-67e">
         <name>__aeabi_ctype_table_C</name>
         <value>0x97b0</value>
         <object_component_ref idref="oc-388"/>
      </symbol>
      <symbol id="sm-689">
         <name>HOSTexit</name>
         <value>0x8f67</value>
         <object_component_ref idref="oc-1ea"/>
      </symbol>
      <symbol id="sm-68a">
         <name>C$$EXIT</name>
         <value>0x8f66</value>
         <object_component_ref idref="oc-1ea"/>
      </symbol>
      <symbol id="sm-69f">
         <name>__aeabi_fadd</name>
         <value>0x56bb</value>
         <object_component_ref idref="oc-c8"/>
      </symbol>
      <symbol id="sm-6a0">
         <name>__addsf3</name>
         <value>0x56bb</value>
         <object_component_ref idref="oc-c8"/>
      </symbol>
      <symbol id="sm-6a1">
         <name>__aeabi_fsub</name>
         <value>0x56b1</value>
         <object_component_ref idref="oc-c8"/>
      </symbol>
      <symbol id="sm-6a2">
         <name>__subsf3</name>
         <value>0x56b1</value>
         <object_component_ref idref="oc-c8"/>
      </symbol>
      <symbol id="sm-6a8">
         <name>__aeabi_dadd</name>
         <value>0x47fb</value>
         <object_component_ref idref="oc-29e"/>
      </symbol>
      <symbol id="sm-6a9">
         <name>__adddf3</name>
         <value>0x47fb</value>
         <object_component_ref idref="oc-29e"/>
      </symbol>
      <symbol id="sm-6aa">
         <name>__aeabi_dsub</name>
         <value>0x47f1</value>
         <object_component_ref idref="oc-29e"/>
      </symbol>
      <symbol id="sm-6ab">
         <name>__subdf3</name>
         <value>0x47f1</value>
         <object_component_ref idref="oc-29e"/>
      </symbol>
      <symbol id="sm-6b4">
         <name>__aeabi_dmul</name>
         <value>0x5415</value>
         <object_component_ref idref="oc-316"/>
      </symbol>
      <symbol id="sm-6b5">
         <name>__muldf3</name>
         <value>0x5415</value>
         <object_component_ref idref="oc-316"/>
      </symbol>
      <symbol id="sm-6bb">
         <name>__muldsi3</name>
         <value>0x7b99</value>
         <object_component_ref idref="oc-142"/>
      </symbol>
      <symbol id="sm-6c1">
         <name>__aeabi_fmul</name>
         <value>0x62b1</value>
         <object_component_ref idref="oc-cc"/>
      </symbol>
      <symbol id="sm-6c2">
         <name>__mulsf3</name>
         <value>0x62b1</value>
         <object_component_ref idref="oc-cc"/>
      </symbol>
      <symbol id="sm-6c8">
         <name>__aeabi_fdiv</name>
         <value>0x6449</value>
         <object_component_ref idref="oc-c4"/>
      </symbol>
      <symbol id="sm-6c9">
         <name>__divsf3</name>
         <value>0x6449</value>
         <object_component_ref idref="oc-c4"/>
      </symbol>
      <symbol id="sm-6cf">
         <name>__aeabi_ddiv</name>
         <value>0x5109</value>
         <object_component_ref idref="oc-2a2"/>
      </symbol>
      <symbol id="sm-6d0">
         <name>__divdf3</name>
         <value>0x5109</value>
         <object_component_ref idref="oc-2a2"/>
      </symbol>
      <symbol id="sm-6d6">
         <name>__aeabi_f2d</name>
         <value>0x7809</value>
         <object_component_ref idref="oc-328"/>
      </symbol>
      <symbol id="sm-6d7">
         <name>__extendsfdf2</name>
         <value>0x7809</value>
         <object_component_ref idref="oc-328"/>
      </symbol>
      <symbol id="sm-6dd">
         <name>__aeabi_d2iz</name>
         <value>0x749d</value>
         <object_component_ref idref="oc-31a"/>
      </symbol>
      <symbol id="sm-6de">
         <name>__fixdfsi</name>
         <value>0x749d</value>
         <object_component_ref idref="oc-31a"/>
      </symbol>
      <symbol id="sm-6e4">
         <name>__aeabi_f2iz</name>
         <value>0x7cb5</value>
         <object_component_ref idref="oc-1b7"/>
      </symbol>
      <symbol id="sm-6e5">
         <name>__fixsfsi</name>
         <value>0x7cb5</value>
         <object_component_ref idref="oc-1b7"/>
      </symbol>
      <symbol id="sm-6eb">
         <name>__aeabi_i2d</name>
         <value>0x8161</value>
         <object_component_ref idref="oc-312"/>
      </symbol>
      <symbol id="sm-6ec">
         <name>__floatsidf</name>
         <value>0x8161</value>
         <object_component_ref idref="oc-312"/>
      </symbol>
      <symbol id="sm-6f2">
         <name>__aeabi_i2f</name>
         <value>0x7a31</value>
         <object_component_ref idref="oc-c0"/>
      </symbol>
      <symbol id="sm-6f3">
         <name>__floatsisf</name>
         <value>0x7a31</value>
         <object_component_ref idref="oc-c0"/>
      </symbol>
      <symbol id="sm-6f9">
         <name>__aeabi_ui2d</name>
         <value>0x8521</value>
         <object_component_ref idref="oc-29a"/>
      </symbol>
      <symbol id="sm-6fa">
         <name>__floatunsidf</name>
         <value>0x8521</value>
         <object_component_ref idref="oc-29a"/>
      </symbol>
      <symbol id="sm-700">
         <name>__aeabi_ui2f</name>
         <value>0x843d</value>
         <object_component_ref idref="oc-301"/>
      </symbol>
      <symbol id="sm-701">
         <name>__floatunsisf</name>
         <value>0x843d</value>
         <object_component_ref idref="oc-301"/>
      </symbol>
      <symbol id="sm-707">
         <name>__aeabi_lmul</name>
         <value>0x8545</value>
         <object_component_ref idref="oc-378"/>
      </symbol>
      <symbol id="sm-708">
         <name>__muldi3</name>
         <value>0x8545</value>
         <object_component_ref idref="oc-378"/>
      </symbol>
      <symbol id="sm-70e">
         <name>__aeabi_dcmpeq</name>
         <value>0x6c51</value>
         <object_component_ref idref="oc-31e"/>
      </symbol>
      <symbol id="sm-70f">
         <name>__aeabi_dcmplt</name>
         <value>0x6c65</value>
         <object_component_ref idref="oc-31e"/>
      </symbol>
      <symbol id="sm-710">
         <name>__aeabi_dcmple</name>
         <value>0x6c79</value>
         <object_component_ref idref="oc-31e"/>
      </symbol>
      <symbol id="sm-711">
         <name>__aeabi_dcmpge</name>
         <value>0x6c8d</value>
         <object_component_ref idref="oc-31e"/>
      </symbol>
      <symbol id="sm-712">
         <name>__aeabi_dcmpgt</name>
         <value>0x6ca1</value>
         <object_component_ref idref="oc-31e"/>
      </symbol>
      <symbol id="sm-718">
         <name>__aeabi_fcmpeq</name>
         <value>0x6cb5</value>
         <object_component_ref idref="oc-1b3"/>
      </symbol>
      <symbol id="sm-719">
         <name>__aeabi_fcmplt</name>
         <value>0x6cc9</value>
         <object_component_ref idref="oc-1b3"/>
      </symbol>
      <symbol id="sm-71a">
         <name>__aeabi_fcmple</name>
         <value>0x6cdd</value>
         <object_component_ref idref="oc-1b3"/>
      </symbol>
      <symbol id="sm-71b">
         <name>__aeabi_fcmpge</name>
         <value>0x6cf1</value>
         <object_component_ref idref="oc-1b3"/>
      </symbol>
      <symbol id="sm-71c">
         <name>__aeabi_fcmpgt</name>
         <value>0x6d05</value>
         <object_component_ref idref="oc-1b3"/>
      </symbol>
      <symbol id="sm-722">
         <name>__aeabi_idiv</name>
         <value>0x6fed</value>
         <object_component_ref idref="oc-1bf"/>
      </symbol>
      <symbol id="sm-723">
         <name>__aeabi_idivmod</name>
         <value>0x6fed</value>
         <object_component_ref idref="oc-1bf"/>
      </symbol>
      <symbol id="sm-729">
         <name>__aeabi_memcpy</name>
         <value>0x8f55</value>
         <object_component_ref idref="oc-53"/>
      </symbol>
      <symbol id="sm-72a">
         <name>__aeabi_memcpy4</name>
         <value>0x8f55</value>
         <object_component_ref idref="oc-53"/>
      </symbol>
      <symbol id="sm-72b">
         <name>__aeabi_memcpy8</name>
         <value>0x8f55</value>
         <object_component_ref idref="oc-53"/>
      </symbol>
      <symbol id="sm-734">
         <name>__aeabi_memset</name>
         <value>0x8e79</value>
         <object_component_ref idref="oc-363"/>
      </symbol>
      <symbol id="sm-735">
         <name>__aeabi_memset4</name>
         <value>0x8e79</value>
         <object_component_ref idref="oc-363"/>
      </symbol>
      <symbol id="sm-736">
         <name>__aeabi_memset8</name>
         <value>0x8e79</value>
         <object_component_ref idref="oc-363"/>
      </symbol>
      <symbol id="sm-737">
         <name>__aeabi_memclr</name>
         <value>0x8ee1</value>
         <object_component_ref idref="oc-8f"/>
      </symbol>
      <symbol id="sm-738">
         <name>__aeabi_memclr4</name>
         <value>0x8ee1</value>
         <object_component_ref idref="oc-8f"/>
      </symbol>
      <symbol id="sm-739">
         <name>__aeabi_memclr8</name>
         <value>0x8ee1</value>
         <object_component_ref idref="oc-8f"/>
      </symbol>
      <symbol id="sm-73f">
         <name>__aeabi_uidiv</name>
         <value>0x77c9</value>
         <object_component_ref idref="oc-1ac"/>
      </symbol>
      <symbol id="sm-740">
         <name>__aeabi_uidivmod</name>
         <value>0x77c9</value>
         <object_component_ref idref="oc-1ac"/>
      </symbol>
      <symbol id="sm-746">
         <name>__aeabi_uldivmod</name>
         <value>0x8d95</value>
         <object_component_ref idref="oc-37d"/>
      </symbol>
      <symbol id="sm-74f">
         <name>__eqsf2</name>
         <value>0x7b5d</value>
         <object_component_ref idref="oc-2be"/>
      </symbol>
      <symbol id="sm-750">
         <name>__lesf2</name>
         <value>0x7b5d</value>
         <object_component_ref idref="oc-2be"/>
      </symbol>
      <symbol id="sm-751">
         <name>__ltsf2</name>
         <value>0x7b5d</value>
         <object_component_ref idref="oc-2be"/>
      </symbol>
      <symbol id="sm-752">
         <name>__nesf2</name>
         <value>0x7b5d</value>
         <object_component_ref idref="oc-2be"/>
      </symbol>
      <symbol id="sm-753">
         <name>__cmpsf2</name>
         <value>0x7b5d</value>
         <object_component_ref idref="oc-2be"/>
      </symbol>
      <symbol id="sm-754">
         <name>__gtsf2</name>
         <value>0x7a6d</value>
         <object_component_ref idref="oc-2c3"/>
      </symbol>
      <symbol id="sm-755">
         <name>__gesf2</name>
         <value>0x7a6d</value>
         <object_component_ref idref="oc-2c3"/>
      </symbol>
      <symbol id="sm-75b">
         <name>__udivmoddi4</name>
         <value>0x5cb9</value>
         <object_component_ref idref="oc-394"/>
      </symbol>
      <symbol id="sm-761">
         <name>__aeabi_llsl</name>
         <value>0x8649</value>
         <object_component_ref idref="oc-3ad"/>
      </symbol>
      <symbol id="sm-762">
         <name>__ashldi3</name>
         <value>0x8649</value>
         <object_component_ref idref="oc-3ad"/>
      </symbol>
      <symbol id="sm-770">
         <name>__ledf2</name>
         <value>0x6b1d</value>
         <object_component_ref idref="oc-33c"/>
      </symbol>
      <symbol id="sm-771">
         <name>__gedf2</name>
         <value>0x67a5</value>
         <object_component_ref idref="oc-342"/>
      </symbol>
      <symbol id="sm-772">
         <name>__cmpdf2</name>
         <value>0x6b1d</value>
         <object_component_ref idref="oc-33c"/>
      </symbol>
      <symbol id="sm-773">
         <name>__eqdf2</name>
         <value>0x6b1d</value>
         <object_component_ref idref="oc-33c"/>
      </symbol>
      <symbol id="sm-774">
         <name>__ltdf2</name>
         <value>0x6b1d</value>
         <object_component_ref idref="oc-33c"/>
      </symbol>
      <symbol id="sm-775">
         <name>__nedf2</name>
         <value>0x6b1d</value>
         <object_component_ref idref="oc-33c"/>
      </symbol>
      <symbol id="sm-776">
         <name>__gtdf2</name>
         <value>0x67a5</value>
         <object_component_ref idref="oc-342"/>
      </symbol>
      <symbol id="sm-782">
         <name>__aeabi_idiv0</name>
         <value>0x4983</value>
         <object_component_ref idref="oc-2b5"/>
      </symbol>
      <symbol id="sm-783">
         <name>__aeabi_ldiv0</name>
         <value>0x5413</value>
         <object_component_ref idref="oc-3ac"/>
      </symbol>
      <symbol id="sm-78d">
         <name>TI_memcpy_small</name>
         <value>0x8df3</value>
         <object_component_ref idref="oc-de"/>
      </symbol>
      <symbol id="sm-796">
         <name>TI_memset_small</name>
         <value>0x8ea3</value>
         <object_component_ref idref="oc-148"/>
      </symbol>
      <symbol id="sm-797">
         <name>__TI_static_base__</name>
         <value>0x0</value>
      </symbol>
      <symbol id="sm-79b">
         <name>__mpu_init</name>
         <value>0x0</value>
      </symbol>
      <symbol id="sm-79c">
         <name>_system_post_cinit</name>
         <value>0x0</value>
      </symbol>
   </symbol_table>
   <title>Link successful</title>
</link_info>
