******************************************************************************
            TI ARM Clang Linker PC v4.0.4                      
******************************************************************************
>> Linked Fri May 22 22:52:47 2026

OUTPUT FILE NAME:   <optoelectronicrace_26.out>
ENTRY POINT SYMBOL: "_c_int00_noargs"  address: 0000850d


MEMORY CONFIGURATION

         name            origin    length      used     unused   attr    fill
----------------------  --------  ---------  --------  --------  ----  --------
  FLASH                 00000000   00020000  00009b70  00016490  R  X
  SRAM                  20200000   00008000  00000961  0000769f  RW X
  BCR_CONFIG            41c00000   000000ff  00000000  000000ff  R   
  BSL_CONFIG            41c00100   00000080  00000000  00000080  R   


SEGMENT ALLOCATION MAP

run origin  load origin   length   init length attrs members
----------  ----------- ---------- ----------- ----- -------
00000000    00000000    00009b70   00009b70    r-x
  00000000    00000000    000000c0   000000c0    r-- .intvecs
  000000c0    000000c0    00008f70   00008f70    r-x .text
  00009030    00009030    00000a90   00000a90    r-- .rodata
  00009ac0    00009ac0    000000b0   000000b0    r-- .cinit
20200000    20200000    00000764   00000000    rw-
  20200000    20200000    000005f9   00000000    rw- .bss
  202005fc    202005fc    00000168   00000000    rw- .data
20207e00    20207e00    00000200   00000000    rw-
  20207e00    20207e00    00000200   00000000    rw- .stack


SECTION ALLOCATION MAP

 output                                  attributes/
section   page    origin      length       input sections
--------  ----  ----------  ----------   ----------------
.intvecs   0    00000000    000000c0     
                  00000000    000000c0     startup_mspm0g350x_ticlang.o (.intvecs)

.text      0    000000c0    00008f70     
                  000000c0    000009d0     libc.a : _printfi.c.obj (.text:__TI_printfi)
                  00000a90    0000092c     Trackline.o (.text.Trackline_Task)
                  000013bc    000007d0     Easy_Menu_Page.o (.text.Ordinary_Page_Input)
                  00001b8c    000007c4     Easy_Menu_Item.o (.text.Data_Item_Input)
                  00002350    000004a0     Easy_Menu.o (.text.Easy_Menu_All_Update)
                  000027f0    00000434     k230_track.o (.text.K230_DrawRect_Task)
                  00002c24    0000042c     Easy_Menu_Page.o (.text.Ordinary_Page_Enter)
                  00003050    000003d4     Easy_Menu_User.o (.text.Easy_Menu_Ui_Init)
                  00003424    00000398     k230_track.o (.text.K230_Aim_Task)
                  000037bc    00000364     Easy_Menu_Page.o (.text.Ordinary_Page_Refresh)
                  00003b20    000002b0     JY62.o (.text.JY62_ProcessData)
                  00003dd0    00000220     libc.a : _printfi.c.obj (.text._pconv_a)
                  00003ff0    000001dc            : _printfi.c.obj (.text._pconv_g)
                  000041cc    000001d8     Easy_Menu_Page.o (.text.Ordinary_Page_Display)
                  000043a4    000001d0     Motor.o (.text.Motor_SpeedControl)
                  00004574    000001ac     ti_msp_dl_config.o (.text.SYSCFG_DL_GPIO_init)
                  00004720    00000192     libclang_rt.builtins.a : adddf3.S.obj (.text.adddf3_subdf3)
                  000048b2    00000002                            : aeabi_div0.c.obj (.text.__aeabi_idiv0)
                  000048b4    00000188     No_Mcu_Ganv_Grayscale_Sensor.o (.text.No_MCU_Ganv_Sensor_Init)
                  00004a3c    00000180     Motor.o (.text.Motor_YawControl)
                  00004bbc    00000158     main.o (.text.main)
                  00004d14    0000013c     libc.a : _printfi.c.obj (.text.fcvt)
                  00004e50    00000130     k230_track.o (.text.UART0_IRQHandler)
                  00004f80    00000120     libc.a : _printfi.c.obj (.text._pconv_e)
                  000050a0    00000118     OLED.o (.text.OLED_ShowChar)
                  000051b8    0000010c     libclang_rt.builtins.a : divdf3.S.obj (.text.__divdf3)
                  000052c4    00000104     driverlib.a : dl_timer.o (.text.DL_Timer_initFourCCPWMMode)
                  000053c8    000000fa     OLED.o (.text.OLED_Init)
                  000054c2    00000002     libclang_rt.builtins.a : aeabi_div0.c.obj (.text.__aeabi_ldiv0)
                  000054c4    000000e4                            : muldf3.S.obj (.text.__muldf3)
                  000055a8    000000e0     JY62.o (.text.JY62_ConfigMode)
                  00005688    000000d8     libc.a : s_scalbn.c.obj (.text.scalbn)
                  00005760    000000d8     libclang_rt.builtins.a : addsf3.S.obj (.text)
                  00005838    000000cc     Beep.o (.text.Beep_Tick_1ms)
                  00005904    000000cc     Easy_Menu_Item.o (.text.Data_Item_Init)
                  000059d0    000000c4     Knob_drv.o (.text.Knob_Tick_1ms)
                  00005a94    000000bc     No_Mcu_Ganv_Grayscale_Sensor.o (.text.Get_Analog_value)
                  00005b50    000000b8     Easy_Menu_User.o (.text.Jy62_Yaw_Acc_Callback)
                  00005c08    000000b4     Beep.o (.text.Beep_Trigger)
                  00005cbc    000000aa     No_Mcu_Ganv_Grayscale_Sensor.o (.text.normalizeAnalogValues)
                  00005d66    00000002     --HOLE-- [fill = 0]
                  00005d68    000000a2     libclang_rt.builtins.a : udivmoddi4.S.obj (.text)
                  00005e0a    00000002     --HOLE-- [fill = 0]
                  00005e0c    000000a0     Knob_drv.o (.text.Knob_get)
                  00005eac    0000009c     Motor.o (.text.Motor_A_SetSpeed)
                  00005f48    0000009c     Motor.o (.text.Motor_B_SetSpeed)
                  00005fe4    0000009c     ti_msp_dl_config.o (.text.SYSCFG_DL_initPower)
                  00006080    00000098     gimbal.o (.text.Gimbal_MovePosition)
                  00006118    00000098     Motor.o (.text.Motor_YawIsAtTarget)
                  000061b0    00000090     Easy_Menu.o (.text.Easy_Menu_Area_Clear)
                  00006240    00000090     Easy_Menu_Core.o (.text.Easy_Menu_Goto_Page)
                  000062d0    00000090     ti_msp_dl_config.o (.text.SYSCFG_DL_PWM_0_init)
                  00006360    0000008c     libclang_rt.builtins.a : mulsf3.S.obj (.text.__mulsf3)
                  000063ec    00000086     Easy_Menu.o (.text.Easy_Menu_Display_String)
                  00006472    00000002     --HOLE-- [fill = 0]
                  00006474    00000084     ti_msp_dl_config.o (.text.__NVIC_SetPriority)
                  000064f8    00000082     libclang_rt.builtins.a : divsf3.S.obj (.text.__divsf3)
                  0000657a    00000002     --HOLE-- [fill = 0]
                  0000657c    00000080     Motor.o (.text.Motor_B_EncoderIRQHandler)
                  000065fc    0000007c     Easy_Menu_Page.o (.text.Ordinary_Page_Init)
                  00006678    0000007c     libc.a : copy_decompress_lzss.c.obj (.text:decompress:lzss)
                  000066f4    00000078     JY62.o (.text.JY62_Init)
                  0000676c    00000074     Easy_Menu_Core.o (.text.Easy_Menu_Display)
                  000067e0    00000074     OLED.o (.text.Send_Byte)
                  00006854    00000074     libclang_rt.builtins.a : comparedf2.c.obj (.text.__gedf2)
                  000068c8    00000074     Motor.o (.text.clampSpeed)
                  0000693c    00000072     No_Mcu_Ganv_Grayscale_Sensor.o (.text.No_MCU_Ganv_Sensor_Init_Frist)
                  000069ae    00000002     --HOLE-- [fill = 0]
                  000069b0    0000006c     Knob_drv.o (.text.Knob_EXTI_Handler)
                  00006a1c    0000006c     ti_msp_dl_config.o (.text.SYSCFG_DL_ADC_line_detector_init)
                  00006a88    0000006c     Trackline.o (.text.Trackline_Calibrate_Black)
                  00006af4    0000006c     No_Mcu_Ganv_Grayscale_Sensor.o (.text.convertAnalogToDigital)
                  00006b60    0000006a     OLED.o (.text.OLED_Clear)
                  00006bca    00000002     --HOLE-- [fill = 0]
                  00006bcc    00000068     libclang_rt.builtins.a : comparedf2.c.obj (.text.__ledf2)
                  00006c34    00000066     libc.a : _printfi.c.obj (.text._mcpy)
                  00006c9a    00000002     --HOLE-- [fill = 0]
                  00006c9c    00000064     ti_msp_dl_config.o (.text.DL_ADC12_initSingleSample)
                  00006d00    00000062     libclang_rt.builtins.a : aeabi_dcmp.S.obj (.text.__aeabi_dcmp)
                  00006d62    00000002     --HOLE-- [fill = 0]
                  00006d64    00000062                            : aeabi_fcmp.S.obj (.text.__aeabi_fcmp)
                  00006dc6    00000002     --HOLE-- [fill = 0]
                  00006dc8    0000005c     Easy_Menu.o (.text.Easy_Menu_All_Clear)
                  00006e24    0000005c     ADC.o (.text.adc_getValue)
                  00006e80    0000005c     libc.a : s_frexp.c.obj (.text.frexp)
                  00006edc    00000058     Easy_Menu_Item.o (.text.Switch_Item_Input)
                  00006f34    00000058     Trackline.o (.text.Trackline_Calibrate_White)
                  00006f8c    00000058     Trackline.o (.text.Trackline_Reset)
                  00006fe4    00000058     libc.a : _ltoa.c.obj (.text.__TI_ltoa)
                  0000703c    00000058            : _printfi.c.obj (.text._pconv_f)
                  00007094    00000056     libclang_rt.builtins.a : aeabi_idivmod.S.obj (.text.__aeabi_idivmod)
                  000070ea    00000054     Easy_Menu.o (.text.Compare_String)
                  0000713e    00000002     --HOLE-- [fill = 0]
                  00007140    00000054     ti_msp_dl_config.o (.text.DL_Timer_configQEI)
                  00007194    00000054     Trackline.o (.text.Trackline_Init)
                  000071e8    00000052     Easy_Menu_Item.o (.text.Show_Item_Init)
                  0000723a    00000052     libc.a : _printfi.c.obj (.text._ecpy)
                  0000728c    00000050     ti_msp_dl_config.o (.text.SYSCFG_DL_QEI_0_init)
                  000072dc    00000050     ti_msp_dl_config.o (.text.SysTick_Config)
                  0000732c    0000004e     OLED.o (.text.OLED_WR_Byte)
                  0000737a    00000002     --HOLE-- [fill = 0]
                  0000737c    0000004c     driverlib.a : dl_dma.o (.text.DL_DMA_initChannel)
                  000073c8    0000004c     ti_msp_dl_config.o (.text.DL_GPIO_initDigitalInputFeatures)
                  00007414    0000004c     JY62.o (.text.DL_UART_setBaudRateDivisor)
                  00007460    0000004c     ti_msp_dl_config.o (.text.DL_UART_setBaudRateDivisor)
                  000074ac    0000004c     Trackline.o (.text.line_mask_from_normal)
                  000074f8    0000004a     ti_msp_dl_config.o (.text.DL_ADC12_configConversionMem)
                  00007542    00000002     --HOLE-- [fill = 0]
                  00007544    0000004a     libclang_rt.builtins.a : fixdfsi.S.obj (.text.__fixdfsi)
                  0000758e    00000002     --HOLE-- [fill = 0]
                  00007590    00000048     driverlib.a : dl_uart.o (.text.DL_UART_init)
                  000075d8    00000048     k230_track.o (.text.K230_DrawRect_Reset)
                  00007620    00000048     gimbal.o (.text.gimbal_send_frame)
                  00007668    00000044     Easy_Menu.o (.text.Easy_Menu_Display_Char)
                  000076ac    00000042     No_Mcu_Ganv_Grayscale_Sensor.o (.text.No_Mcu_Ganv_Sensor_Task_Without_tick)
                  000076ee    00000042     k230_track.o (.text.pixel_to_pulse)
                  00007730    00000040     driverlib.a : dl_adc12.o (.text.DL_ADC12_setClockConfig)
                  00007770    00000040     ti_msp_dl_config.o (.text.SYSCFG_DL_UART_0_init)
                  000077b0    00000040     ti_msp_dl_config.o (.text.SYSCFG_DL_UART_JY62_init)
                  000077f0    00000040     ti_msp_dl_config.o (.text.SYSCFG_DL_UART_UP_init)
                  00007830    00000040     Easy_Menu_Item.o (.text.Switch_Item_Init)
                  00007870    00000040     libclang_rt.builtins.a : aeabi_uidivmod.S.obj (.text.__aeabi_uidivmod)
                  000078b0    00000040                            : extendsfdf2.S.obj (.text.__extendsfdf2)
                  000078f0    00000040     libc.a : atoi.c.obj (.text.atoi)
                  00007930    00000040            : vsnprintf.c.obj (.text.vsnprintf)
                  00007970    0000003c     ti_msp_dl_config.o (.text.DL_Timer_setCounterControl)
                  000079ac    0000003c     Easy_Menu_Core.o (.text.Easy_Menu_Init)
                  000079e8    0000003c     Easy_Menu.o (.text.Easy_Menu_Printf)
                  00007a24    0000003c     gimbal.o (.text.Gimbal_Enable)
                  00007a60    0000003c     OLED.o (.text.OLED_Set_Pos)
                  00007a9c    0000003c     ti_msp_dl_config.o (.text.SYSCFG_DL_init)
                  00007ad8    0000003c     libclang_rt.builtins.a : floatsisf.S.obj (.text.__floatsisf)
                  00007b14    0000003c                            : comparesf2.S.obj (.text.__gtsf2)
                  00007b50    0000003c     Beep.o (.text.start_off_phase)
                  00007b8c    0000003c     Beep.o (.text.start_on_phase)
                  00007bc8    0000003c     libc.a : autoinit.c.obj (.text:__TI_auto_init_nobinit_nopinit)
                  00007c04    0000003a     libclang_rt.builtins.a : comparesf2.S.obj (.text.__eqsf2)
                  00007c3e    00000002     --HOLE-- [fill = 0]
                  00007c40    0000003a                            : muldsi3.S.obj (.text.__muldsi3)
                  00007c7a    00000038     No_Mcu_Ganv_Grayscale_Sensor.o (.text.Get_Normalize_For_User)
                  00007cb2    00000002     --HOLE-- [fill = 0]
                  00007cb4    00000038     k230_track.o (.text.K230_Aim_Reset)
                  00007cec    00000038     Motor.o (.text.Motor_Brake)
                  00007d24    00000038     Motor.o (.text.Motor_Coast)
                  00007d5c    00000038     libclang_rt.builtins.a : fixsfsi.S.obj (.text.__fixsfsi)
                  00007d94    00000036     No_Mcu_Ganv_Grayscale_Sensor.o (.text.Get_Anolog_Value)
                  00007dca    00000002     --HOLE-- [fill = 0]
                  00007dcc    00000034     Easy_Menu_Item.o (.text.Goto_Item_Init)
                  00007e00    00000034     OLED.o (.text.I2C_Start)
                  00007e34    00000034     ti_msp_dl_config.o (.text.SYSCFG_DL_SYSCTL_init)
                  00007e68    00000030     ti_msp_dl_config.o (.text.DL_DMA_setTransferSize)
                  00007e98    00000030     ti_msp_dl_config.o (.text.DL_GPIO_initDigitalOutputFeatures)
                  00007ec8    00000030     Easy_Menu.o (.text.Display_Char_Line)
                  00007ef8    00000030     gimbal.o (.text.Gimbal_Stop)
                  00007f28    00000030     k230_track.o (.text.K230_Track_Init)
                  00007f58    00000030     Motor.o (.text.Motor_Init)
                  00007f88    00000030     Motor.o (.text.Motor_ResetSpeedControl)
                  00007fb8    00000030     delay.o (.text.SysTick_Handler)
                  00007fe8    00000030     JY62.o (.text.UART1_IRQHandler)
                  00008018    00000030     libc.a : _printfi.c.obj (.text._fcpy)
                  00008048    00000030            : vsnprintf.c.obj (.text._outs)
                  00008078    0000002e     Easy_Menu_Item.o (.text.Goto_Item_Input)
                  000080a6    00000002     --HOLE-- [fill = 0]
                  000080a8    0000002c     ti_msp_dl_config.o (.text.DL_ADC12_setDMASamplesCnt)
                  000080d4    0000002c     Knob_drv.o (.text.GROUP1_IRQHandler)
                  00008100    0000002c     JY62.o (.text.__NVIC_ClearPendingIRQ)
                  0000812c    0000002c     k230_track.o (.text.__NVIC_ClearPendingIRQ)
                  00008158    0000002c     JY62.o (.text.__NVIC_EnableIRQ)
                  00008184    0000002c     Knob_drv.o (.text.__NVIC_EnableIRQ)
                  000081b0    0000002c     Motor.o (.text.__NVIC_EnableIRQ)
                  000081dc    0000002c     k230_track.o (.text.__NVIC_EnableIRQ)
                  00008208    0000002c     libclang_rt.builtins.a : floatsidf.S.obj (.text.__floatsidf)
                  00008234    0000002c     Uart.o (.text.uart0_send_char)
                  00008260    0000002a     Easy_Menu.o (.text.Display_Char)
                  0000828a    00000002     --HOLE-- [fill = 0]
                  0000828c    00000028     Easy_Menu_User.o (.text.Cal_Black_Callback)
                  000082b4    00000028     Easy_Menu_User.o (.text.Cal_White_Callback)
                  000082dc    00000028     JY62.o (.text.DL_Common_updateReg)
                  00008304    00000028     ti_msp_dl_config.o (.text.DL_Common_updateReg)
                  0000832c    00000028     Trackline.o (.text.DL_DMA_setDestAddr)
                  00008354    00000028     Trackline.o (.text.DL_DMA_setSrcAddr)
                  0000837c    00000028     Easy_Menu_Core.o (.text.Easy_Menu_Input)
                  000083a4    00000028     OLED.o (.text.I2C_Stop)
                  000083cc    00000028     OLED.o (.text.I2C_WaitAck)
                  000083f4    00000028     JY62.o (.text.JY62_Task)
                  0000841c    00000028     Easy_Menu_User.o (.text.Lspeed_Callback)
                  00008444    00000028     Motor.o (.text.Motor_SetSpeed)
                  0000846c    00000028     Easy_Menu_User.o (.text.Rspeed_Callback)
                  00008494    00000028     ti_msp_dl_config.o (.text.SYSCFG_DL_DMA_detector_out_init)
                  000084bc    00000028     Easy_Menu_User.o (.text.Trackline__Round_Callback)
                  000084e4    00000028     libclang_rt.builtins.a : floatunsisf.S.obj (.text.__floatunsisf)
                  0000850c    00000028     libc.a : boot_cortex_m.c.obj (.text:_c_int00_noargs)
                  00008534    00000026     Trackline.o (.text.DL_DMA_enableChannel)
                  0000855a    00000002     --HOLE-- [fill = 0]
                  0000855c    00000024     Beep.o (.text.Beep_Stop)
                  00008580    00000024     Laser.o (.text.Laser_Init)
                  000085a4    00000024     Motor.o (.text.Motor_A_GetEncoderCnt)
                  000085c8    00000024     libclang_rt.builtins.a : floatunsidf.S.obj (.text.__floatunsidf)
                  000085ec    00000024                            : muldi3.S.obj (.text.__muldi3)
                  00008610    00000022     libc.a : memccpy.c.obj (.text.memccpy)
                  00008632    00000002     --HOLE-- [fill = 0]
                  00008634    00000020     JY62.o (.text.DL_GPIO_initPeripheralInputFunction)
                  00008654    00000020     ti_msp_dl_config.o (.text.DL_GPIO_initPeripheralInputFunction)
                  00008674    00000020     Easy_Menu_User.o (.text.Trackline_Start_Callback)
                  00008694    00000020     delay.o (.text.delay_ms)
                  000086b4    0000001e     JY62.o (.text.DL_UART_setOversampling)
                  000086d2    0000001e     ti_msp_dl_config.o (.text.DL_UART_setOversampling)
                  000086f0    0000001e     libclang_rt.builtins.a : ashldi3.S.obj (.text.__ashldi3)
                  0000870e    00000002     --HOLE-- [fill = 0]
                  00008710    0000001c     ti_msp_dl_config.o (.text.DL_ADC12_enableDMA)
                  0000872c    0000001c     ti_msp_dl_config.o (.text.DL_ADC12_enableDMATrigger)
                  00008748    0000001c     Trackline.o (.text.DL_ADC12_startConversion)
                  00008764    0000001c     Knob_drv.o (.text.DL_GPIO_clearInterruptStatus)
                  00008780    0000001c     Motor.o (.text.DL_GPIO_clearInterruptStatus)
                  0000879c    0000001c     ti_msp_dl_config.o (.text.DL_GPIO_clearInterruptStatus)
                  000087b8    0000001c     ti_msp_dl_config.o (.text.DL_GPIO_enableInterrupt)
                  000087d4    0000001c     JY62.o (.text.DL_GPIO_initPeripheralOutputFunction)
                  000087f0    0000001c     ti_msp_dl_config.o (.text.DL_GPIO_initPeripheralOutputFunction)
                  0000880c    0000001c     ti_msp_dl_config.o (.text.DL_GPIO_setLowerPinsPolarity)
                  00008828    0000001c     Knob_drv.o (.text.DL_Interrupt_getPendingGroup)
                  00008844    0000001c     ti_msp_dl_config.o (.text.DL_SYSCTL_setSYSOSCFreq)
                  00008860    0000001c     driverlib.a : dl_timer.o (.text.DL_Timer_setCaptCompUpdateMethod)
                  0000887c    0000001c                 : dl_timer.o (.text.DL_Timer_setClockConfig)
                  00008898    0000001c     k230_track.o (.text.DL_UART_disableDMAReceiveEvent)
                  000088b4    0000001c     JY62.o (.text.DL_UART_enableInterrupt)
                  000088d0    0000001c     k230_track.o (.text.DL_UART_enableInterrupt)
                  000088ec    0000001c     driverlib.a : dl_uart.o (.text.DL_UART_receiveDataCheck)
                  00008908    0000001c     Motor.o (.text.Motor_YawSetTarget)
                  00008924    0000001a     gimbal.o (.text.Gimbal_Enable_All)
                  0000893e    00000002     --HOLE-- [fill = 0]
                  00008940    00000018     ti_msp_dl_config.o (.text.DL_ADC12_enablePower)
                  00008958    00000018     ti_msp_dl_config.o (.text.DL_ADC12_reset)
                  00008970    00000018     ti_msp_dl_config.o (.text.DL_ADC12_setSampleTime0)
                  00008988    00000018     Laser.o (.text.DL_GPIO_enableOutput)
                  000089a0    00000018     ti_msp_dl_config.o (.text.DL_GPIO_enableOutput)
                  000089b8    00000018     ti_msp_dl_config.o (.text.DL_GPIO_enablePower)
                  000089d0    00000018     Knob_drv.o (.text.DL_GPIO_getEnabledInterruptStatus)
                  000089e8    00000018     Motor.o (.text.DL_GPIO_getEnabledInterruptStatus)
                  00008a00    00000018     ti_msp_dl_config.o (.text.DL_GPIO_initDigitalOutput)
                  00008a18    00000018     ti_msp_dl_config.o (.text.DL_GPIO_reset)
                  00008a30    00000018     Beep.o (.text.DL_GPIO_setPins)
                  00008a48    00000018     Laser.o (.text.DL_GPIO_setPins)
                  00008a60    00000018     Motor.o (.text.DL_GPIO_setPins)
                  00008a78    00000018     No_Mcu_Ganv_Grayscale_Sensor.o (.text.DL_GPIO_setPins)
                  00008a90    00000018     OLED.o (.text.DL_GPIO_setPins)
                  00008aa8    00000018     ti_msp_dl_config.o (.text.DL_GPIO_setPins)
                  00008ac0    00000018     ti_msp_dl_config.o (.text.DL_GPIO_setUpperPinsPolarity)
                  00008ad8    00000018     ti_msp_dl_config.o (.text.DL_SYSCTL_setBORThreshold)
                  00008af0    00000018     ti_msp_dl_config.o (.text.DL_Timer_enablePower)
                  00008b08    00000018     ti_msp_dl_config.o (.text.DL_Timer_reset)
                  00008b20    00000018     driverlib.a : dl_timer.o (.text.DL_Timer_setCaptureCompareOutCtl)
                  00008b38    00000018     ti_msp_dl_config.o (.text.DL_Timer_setLoadValue)
                  00008b50    00000018     ti_msp_dl_config.o (.text.DL_Timer_startCounter)
                  00008b68    00000018     JY62.o (.text.DL_UART_enablePower)
                  00008b80    00000018     ti_msp_dl_config.o (.text.DL_UART_enablePower)
                  00008b98    00000018     JY62.o (.text.DL_UART_isBusy)
                  00008bb0    00000018     Uart.o (.text.DL_UART_isBusy)
                  00008bc8    00000018     ti_msp_dl_config.o (.text.DL_UART_reset)
                  00008be0    00000018     ti_msp_dl_config.o (.text.SYSCFG_DL_DMA_CH0_init)
                  00008bf8    00000018     libc.a : vsnprintf.c.obj (.text._outc)
                  00008c10    00000016     ti_msp_dl_config.o (.text.DL_ADC12_enableConversions)
                  00008c26    00000016     Knob_drv.o (.text.DL_GPIO_readPins)
                  00008c3c    00000016     Motor.o (.text.DL_GPIO_readPins)
                  00008c52    00000016     JY62.o (.text.DL_UART_enable)
                  00008c68    00000016     ti_msp_dl_config.o (.text.DL_UART_enable)
                  00008c7e    00000016     JY62.o (.text.DL_UART_transmitData)
                  00008c94    00000016     Uart.o (.text.DL_UART_transmitData)
                  00008caa    00000014     Beep.o (.text.DL_GPIO_clearPins)
                  00008cbe    00000014     Laser.o (.text.DL_GPIO_clearPins)
                  00008cd2    00000014     Motor.o (.text.DL_GPIO_clearPins)
                  00008ce6    00000014     No_Mcu_Ganv_Grayscale_Sensor.o (.text.DL_GPIO_clearPins)
                  00008cfa    00000014     OLED.o (.text.DL_GPIO_clearPins)
                  00008d0e    00000014     ti_msp_dl_config.o (.text.DL_GPIO_clearPins)
                  00008d22    00000002     --HOLE-- [fill = 0]
                  00008d24    00000014     ti_msp_dl_config.o (.text.DL_SYSCTL_disableSYSPLL)
                  00008d38    00000014     ti_msp_dl_config.o (.text.DL_SYSCTL_enableMFCLK)
                  00008d4c    00000014     ti_msp_dl_config.o (.text.DL_Timer_enableClock)
                  00008d60    00000014     ti_msp_dl_config.o (.text.DL_Timer_setCCPDirection)
                  00008d74    00000014     Motor.o (.text.DL_Timer_setTimerCount)
                  00008d88    00000014     JY62.o (.text.DL_UART_receiveData)
                  00008d9c    00000014     k230_track.o (.text.DL_UART_receiveData)
                  00008db0    00000014     Easy_Menu_User.o (.text.Jy62_Yaw_Callback)
                  00008dc4    00000014     Laser.o (.text.Laser_Off)
                  00008dd8    00000014     Laser.o (.text.Laser_On)
                  00008dec    00000014     Motor.o (.text.Motor_B_EncoderInit)
                  00008e00    00000014     Easy_Menu_Page.o (.text.Ordinary_Page_Exit)
                  00008e14    00000014     Easy_Menu_User.o (.text.Track_Pid__Kd_Callback)
                  00008e28    00000014     Easy_Menu_User.o (.text.Track_Pid__Kp_Callback)
                  00008e3c    00000014     libclang_rt.builtins.a : aeabi_uldivmod.S.obj (.text.__aeabi_uldivmod)
                  00008e50    00000014     libc.a : _printfi.c.obj (.text.strchr)
                  00008e64    00000012     JY62.o (.text.DL_UART_getPendingInterrupt)
                  00008e76    00000012     k230_track.o (.text.DL_UART_getPendingInterrupt)
                  00008e88    00000012     driverlib.a : dl_uart.o (.text.DL_UART_setClockConfig)
                  00008e9a    00000012     libc.a : memcpy16.S.obj (.text:TI_memcpy_small)
                  00008eac    00000012            : copy_decompress_none.c.obj (.text:decompress:none)
                  00008ebe    00000002     --HOLE-- [fill = 0]
                  00008ec0    00000010     ti_msp_dl_config.o (.text.DL_SYSCTL_disableHFXT)
                  00008ed0    00000010     Motor.o (.text.DL_Timer_getTimerCount)
                  00008ee0    00000010     driverlib.a : dl_timer.o (.text.DL_Timer_setCaptureCompareValue)
                  00008ef0    00000010     Motor.o (.text.Motor_A_ResetEncoder)
                  00008f00    00000010     libc.a : wcslen.c.obj (.text.wcslen)
                  00008f10    00000010            : copy_zero_init.c.obj (.text:decompress:ZI)
                  00008f20    0000000e     libclang_rt.builtins.a : aeabi_memset.S.obj (.text.__aeabi_memset)
                  00008f2e    0000000e     libc.a : _printfi.c.obj (.text.strlen)
                  00008f3c    0000000e            : strlen.c.obj (.text.strlen)
                  00008f4a    0000000e            : memset16.S.obj (.text:TI_memset_small)
                  00008f58    0000000c     Motor.o (.text.Motor_B_GetEncoderCnt)
                  00008f64    0000000c     Motor.o (.text.Motor_B_ResetEncoder)
                  00008f70    0000000c     ti_msp_dl_config.o (.text.SYSCFG_DL_DMA_init)
                  00008f7c    0000000c     ti_msp_dl_config.o (.text.SYSCFG_DL_SYSTICK_init)
                  00008f88    0000000c     libclang_rt.builtins.a : aeabi_memset.S.obj (.text.__aeabi_memclr)
                  00008f94    0000000a     Easy_Menu_User.o (.text.Centeraim__Start_Callback)
                  00008f9e    0000000a     driverlib.a : dl_common.o (.text.DL_Common_delayCycles)
                  00008fa8    0000000a     Knob_drv.o (.text.Knob_Init)
                  00008fb2    0000000a     libc.a : _printfi.c.obj (.text.OUTLINED_FUNCTION_0)
                  00008fbc    00000010     libclang_rt.builtins.a : adddf3.S.obj (.tramp.__aeabi_dsub.1)
                  00008fcc    0000000a     libc.a : _printfi.c.obj (.text.OUTLINED_FUNCTION_1)
                  00008fd6    0000000a     Easy_Menu_User.o (.text.Still_Aim_Callback)
                  00008fe0    0000000a     Easy_Menu_User.o (.text.Still_Aim_Draw_Rectangle_Callback)
                  00008fea    00000008     Easy_Menu_User.o (.text.Center_Aim_Round_Callback)
                  00008ff2    00000002     --HOLE-- [fill = 0]
                  00008ff4    00000008     libc.a : aeabi_portable.c.obj (.text.__aeabi_errno_addr)
                  00008ffc    00000008     libclang_rt.builtins.a : aeabi_memcpy.S.obj (.text.__aeabi_memcpy)
                  00009004    00000006     libc.a : exit.c.obj (.text:abort)
                  0000900a    00000004     startup_mspm0g350x_ticlang.o (.text.Default_Handler)
                  0000900e    00000004     libsysbm.a : hostexit.c.obj (.text.HOSTexit)
                  00009012    00000004     startup_mspm0g350x_ticlang.o (.text.Reset_Handler)
                  00009016    00000002     --HOLE-- [fill = 0]
                  00009018    00000010     libc.a : boot_cortex_m.c.obj (.tramp._c_int00_noargs.1)
                  00009028    00000004            : pre_init.c.obj (.text._system_pre_init)
                  0000902c    00000004     --HOLE-- [fill = 0]

.cinit     0    00009ac0    000000b0     
                  00009ac0    00000087     (.cinit..data.load) [load image, compression = lzss]
                  00009b47    00000001     --HOLE-- [fill = 0]
                  00009b48    0000000c     (__TI_handler_table)
                  00009b54    00000008     (.cinit..bss.load) [load image, compression = zero_init]
                  00009b5c    00000010     (__TI_cinit_table)
                  00009b6c    00000004     --HOLE-- [fill = 0]

.rodata    0    00009030    00000a90     
                  00009030    000005f0     OLED.o (.rodata.asc2_1608)
                  00009620    00000228     OLED.o (.rodata.asc2_0806)
                  00009848    00000008     ti_msp_dl_config.o (.rodata.gADC_line_detectorClockConfig)
                  00009850    00000101     libc.a : aeabi_ctype.S.obj (.rodata:__aeabi_ctype_table_)
                  00009951    00000003     ti_msp_dl_config.o (.rodata.gPWM_0ClockConfig)
                  00009954    00000018     ti_msp_dl_config.o (.rodata.gDMA_CH0Config)
                  0000996c    00000018     ti_msp_dl_config.o (.rodata.gDMA_detector_outConfig)
                  00009984    00000011     libc.a : _printfi.c.obj (.rodata.str1.10348868589481759720.1)
                  00009995    00000011            : _printfi.c.obj (.rodata.str1.15363888844622738466.1)
                  000099a6    00000010     Trackline.o (.rodata.WEIGHTS)
                  000099b6    0000000f     Easy_Menu_User.o (.rodata.str1.8128223861994239923.1)
                  000099c5    0000000e     Easy_Menu_User.o (.rodata.str1.17975632479887315808.1)
                  000099d3    0000000b     Easy_Menu_User.o (.rodata.str1.8423479308304406733.1)
                  000099de    0000000a     JY62.o (.rodata.gJY62UartConfig)
                  000099e8    0000000a     ti_msp_dl_config.o (.rodata.gUART_0Config)
                  000099f2    0000000a     ti_msp_dl_config.o (.rodata.gUART_JY62Config)
                  000099fc    0000000a     ti_msp_dl_config.o (.rodata.gUART_UPConfig)
                  00009a06    0000000a     Easy_Menu_User.o (.rodata.str1.11177260976807265928.1)
                  00009a10    0000000a     Easy_Menu_User.o (.rodata.str1.14456782623604785242.1)
                  00009a1a    0000000a     Easy_Menu_User.o (.rodata.str1.15320261422703930955.1)
                  00009a24    0000000a     Easy_Menu_User.o (.rodata.str1.16881440453266969404.1)
                  00009a2e    0000000a     Easy_Menu_User.o (.rodata.str1.3897238317517470892.1)
                  00009a38    00000009     Easy_Menu_User.o (.rodata.str1.13332061176481328327.1)
                  00009a41    00000009     Easy_Menu_User.o (.rodata.str1.2853082316097330648.1)
                  00009a4a    00000002     JY62.o (.rodata.gJY62UartClockConfig)
                  00009a4c    00000008     ti_msp_dl_config.o (.rodata.gPWM_0Config)
                  00009a54    00000008     Easy_Menu_User.o (.rodata.str1.11262980610456716024.1)
                  00009a5c    00000008     Easy_Menu_User.o (.rodata.str1.18047220919239444222.1)
                  00009a64    00000007     Easy_Menu_Page.o (.rodata.str1.10162903526471618397.1)
                  00009a6b    00000007     Easy_Menu_User.o (.rodata.str1.3961208515143357932.1)
                  00009a72    00000007     Easy_Menu_User.o (.rodata.str1.8156445364985626389.1)
                  00009a79    00000006     Easy_Menu_User.o (.rodata.str1.10308413330439174504.1)
                  00009a7f    00000006     Easy_Menu_Page.o (.rodata.str1.11602794411890177903.1)
                  00009a85    00000006     Easy_Menu_User.o (.rodata.str1.1318127491109019352.1)
                  00009a8b    00000005     Easy_Menu_Page.o (.rodata.str1.10541918737141963520.1)
                  00009a90    00000005     Easy_Menu_Page.o (.rodata.str1.14526947901870425149.1)
                  00009a95    00000005     Easy_Menu_User.o (.rodata.str1.16980020722660603416.1)
                  00009a9a    00000005     Easy_Menu_Page.o (.rodata.str1.17342757695734682319.1)
                  00009a9f    00000005     Easy_Menu_User.o (.rodata.str1.2484268131311446048.1)
                  00009aa4    00000005     Easy_Menu_Page.o (.rodata.str1.2927598468843798870.1)
                  00009aa9    00000004     Easy_Menu_User.o (.rodata.str1.4408185141669307452.1)
                  00009aad    00000003     ti_msp_dl_config.o (.rodata.gQEI_0ClockConfig)
                  00009ab0    00000002     ti_msp_dl_config.o (.rodata.gUART_0ClockConfig)
                  00009ab2    00000002     ti_msp_dl_config.o (.rodata.gUART_JY62ClockConfig)
                  00009ab4    00000002     ti_msp_dl_config.o (.rodata.gUART_UPClockConfig)
                  00009ab6    00000002     Easy_Menu_Page.o (.rodata.str1.6187967722562398102.1)
                  00009ab8    00000008     --HOLE-- [fill = 0]

.init_array 
*          0    00000000    00000000     UNINITIALIZED

.binit     0    00000000    00000000     

.bss       0    20200000    000005f9     UNINITIALIZED
                  20200000    000000b0     Trackline.o (.bss.sensor)
                  202000b0    000000a0     (.common:easy_menu)
                  20200150    000000a0     (.common:gQEI_0Backup)
                  202001f0    00000050     (.common:ADC_VALUE)
                  20200240    0000002c     (.common:center_aim_round)
                  2020026c    0000002c     (.common:track_pid__kd)
                  20200298    0000002c     (.common:track_pid__kp)
                  202002c4    0000002c     (.common:trackline__round)
                  202002f0    00000028     (.common:Cal_page)
                  20200318    00000028     (.common:JY62_page)
                  20200340    00000028     (.common:centeraim)
                  20200368    00000028     (.common:home_page)
                  20200390    00000028     (.common:mov_aim)
                  202003b8    00000028     (.common:still_aim_task)
                  202003e0    00000028     (.common:trackline)
                  20200408    00000028     (.common:trackline_pid__page)
                  20200430    00000024     (.common:Lspeed)
                  20200454    00000024     (.common:Rspeed)
                  20200478    00000024     (.common:jy62_yaw)
                  2020049c    00000024     (.common:jy62_yaw_acc)
                  202004c0    00000018     (.common:Cal_black)
                  202004d8    00000018     (.common:Cal_white)
                  202004f0    00000018     (.common:centeraim__start)
                  20200508    00000018     (.common:still_aim)
                  20200520    00000018     (.common:still_aim_draw_Rectangle)
                  20200538    00000018     (.common:trackline_start)
                  20200550    00000014     (.common:goto__Cal_page)
                  20200564    00000014     (.common:goto__JY62_page)
                  20200578    00000014     (.common:goto__centeraim)
                  2020058c    00000014     (.common:goto__mov_aim)
                  202005a0    00000014     (.common:goto__still_aim_task)
                  202005b4    00000014     (.common:goto__trackline)
                  202005c8    00000014     (.common:goto__trackline_pid__page)
                  202005dc    00000010     Trackline.o (.bss.Normal)
                  202005ec    0000000d     k230_track.o (.bss.g_rx_buf)

.data      0    202005fc    00000168     UNINITIALIZED
                  202005fc    0000001c     Easy_Menu_User.o (.data.Easy_Menu_Ui_Data)
                  20200618    00000018     Trackline.o (.data.g_Trackline)
                  20200630    00000018     Easy_Menu_User.o (.data.home_page_items)
                  20200648    00000010     Trackline.o (.data.Anolog)
                  20200658    00000010     Easy_Menu_User.o (.data.JY62_page_items)
                  20200668    00000010     Trackline.o (.data.black)
                  20200678    00000010     Trackline.o (.data.white)
                  20200688    0000000b     JY62.o (.data.rx_buffer)
                  20200693    0000000a     k230_track.o (.data.g_k230_data)
                  2020069d    00000001     JY62.o (.data.data_index)
                  2020069e    00000002     Trackline.o (.data.g_approachPulses)
                  202006a0    00000008     Easy_Menu_User.o (.data.Cal_page_items)
                  202006a8    00000008     Easy_Menu_User.o (.data.centeraim_items)
                  202006b0    00000008     Easy_Menu_User.o (.data.still_aim_task_items)
                  202006b8    00000008     Easy_Menu_User.o (.data.trackline_items)
                  202006c0    00000008     Easy_Menu_User.o (.data.trackline_pid__page_items)
                  202006c8    00000004     Easy_Menu_User.o (.data.Lspeed_Callback.lastEncA)
                  202006cc    00000004     Easy_Menu_User.o (.data.Rspeed_Callback.lastEncB)
                  202006d0    00000004     libc.a : aeabi_portable.c.obj (.data.__aeabi_errno)
                  202006d4    00000004     JY62.o (.data.ax)
                  202006d8    00000004     JY62.o (.data.ay)
                  202006dc    00000004     JY62.o (.data.az)
                  202006e0    00000004     delay.o (.data.delay_times)
                  202006e4    00000004     delay.o (.data.g_SystemTick)
                  202006e8    00000004     Trackline.o (.data.g_approachTargetYaw)
                  202006ec    00000004     k230_track.o (.data.g_dr_pitch)
                  202006f0    00000004     Motor.o (.data.g_encoderB_cnt)
                  202006f4    00000004     Trackline.o (.data.g_initialYaw)
                  202006f8    00000004     Motor.o (.data.g_lastEncA)
                  202006fc    00000004     Motor.o (.data.g_lastEncB)
                  20200700    00000004     k230_track.o (.data.g_pitch_pos)
                  20200704    00000004     Trackline.o (.data.g_straightTargetYaw)
                  20200708    00000004     Motor.o (.data.g_velIntA)
                  2020070c    00000004     Motor.o (.data.g_velIntB)
                  20200710    00000004     Motor.o (.data.g_yawLastError)
                  20200714    00000004     Motor.o (.data.g_yawTarget)
                  20200718    00000004     Easy_Menu_User.o (.data.mov_aim_items)
                  2020071c    00000004     JY62.o (.data.pitch_angle)
                  20200720    00000004     JY62.o (.data.roll_angle)
                  20200724    00000004     Beep.o (.data.s_tick_start)
                  20200728    00000004     JY62.o (.data.temperature)
                  2020072c    00000004     JY62.o (.data.wx)
                  20200730    00000004     JY62.o (.data.wy)
                  20200734    00000004     JY62.o (.data.wz)
                  20200738    00000004     JY62.o (.data.yaw_angle)
                  2020073c    00000002     Beep.o (.data.s_off_time)
                  2020073e    00000002     Beep.o (.data.s_on_time)
                  20200740    00000002     Knob_drv.o (.data.s_press_cnt)
                  20200742    00000001     JY62.o (.data.frame_started)
                  20200743    00000001     Knob_drv.o (.data.g_KnobEvent)
                  20200744    00000001     k230_track.o (.data.g_aim_state)
                  20200745    00000001     Trackline.o (.data.g_cornerCount)
                  20200746    00000001     k230_track.o (.data.g_dr_laser)
                  20200747    00000001     k230_track.o (.data.g_dr_stable)
                  20200748    00000001     k230_track.o (.data.g_dr_state)
                  20200749    00000001     k230_track.o (.data.g_dr_tries)
                  2020074a    00000001     k230_track.o (.data.g_dr_wait)
                  2020074b    00000001     k230_track.o (.data.g_fine_tries)
                  2020074c    00000001     k230_track.o (.data.g_k230_new_frame)
                  2020074d    00000001     Trackline.o (.data.g_laps)
                  2020074e    00000001     k230_track.o (.data.g_laser_latched)
                  2020074f    00000001     Trackline.o (.data.g_lineDebounce)
                  20200750    00000001     Trackline.o (.data.g_phase)
                  20200751    00000001     k230_track.o (.data.g_rx_idx)
                  20200752    00000001     k230_track.o (.data.g_rx_state)
                  20200753    00000001     k230_track.o (.data.g_stable_cnt)
                  20200754    00000001     Trackline.o (.data.g_turnDir)
                  20200755    00000001     k230_track.o (.data.g_wait_cnt)
                  20200756    00000001     JY62.o (.data.jy62_new_data)
                  20200757    00000001     main.o (.data.main.aim_off_cnt)
                  20200758    00000001     main.o (.data.main.dr_off_cnt)
                  20200759    00000001     main.o (.data.main.last_start)
                  2020075a    00000001     main.o (.data.main.prev_aim)
                  2020075b    00000001     main.o (.data.main.prev_dr)
                  2020075c    00000001     Knob_drv.o (.data.menu_move)
                  2020075d    00000001     Beep.o (.data.s_cycle_cnt)
                  2020075e    00000001     Beep.o (.data.s_cycle_target)
                  2020075f    00000001     Knob_drv.o (.data.s_debounce_cnt)
                  20200760    00000001     Knob_drv.o (.data.s_long_pressed)
                  20200761    00000001     Beep.o (.data.s_mode)
                  20200762    00000001     Knob_drv.o (.data.s_release_cnt)
                  20200763    00000001     Beep.o (.data.s_state)

.stack     0    20207e00    00000200     UNINITIALIZED
                  20207e00    00000004     libc.a : boot_cortex_m.c.obj (.stack)
                  20207e04    000001fc     --HOLE--

__llvm_prf_cnts 
*          0    20200000    00000000     UNINITIALIZED

__llvm_prf_bits 
*          0    20200000    00000000     UNINITIALIZED

MODULE SUMMARY

       Module                           code    ro data   rw data
       ------                           ----    -------   -------
    .\
       ti_msp_dl_config.o               2972    106       160    
       main.o                           344     0         5      
       startup_mspm0g350x_ticlang.o     8       192       0      
    +--+--------------------------------+-------+---------+---------+
       Total:                           3324    298       165    
                                                                 
    .\APP\
       Trackline.o                      2938    16        283    
       k230_track.o                     2724    0         44     
       JY62.o                           1572    12        54     
       gimbal.o                         358     0         0      
       Laser.o                          144     0         0      
    +--+--------------------------------+-------+---------+---------+
       Total:                           7736    28        381    
                                                                 
    .\BSP\
       Uart.o                           90      0         0      
       delay.o                          80      0         8      
    +--+--------------------------------+-------+---------+---------+
       Total:                           170     0         8      
                                                                 
    .\Drive\Beep\
       Beep.o                           584     0         12     
    +--+--------------------------------+-------+---------+---------+
       Total:                           584     0         12     
                                                                 
    .\Drive\Grayscale_Sensor\
       No_Mcu_Ganv_Grayscale_Sensor.o   1192    0         0      
       ADC.o                            92      0         80     
    +--+--------------------------------+-------+---------+---------+
       Total:                           1284    0         80     
                                                                 
    .\Drive\Knob\
       Knob_drv.o                       664     0         7      
    +--+--------------------------------+-------+---------+---------+
       Total:                           664     0         7      
                                                                 
    .\Drive\Motor\
       Motor.o                          2126    0         28     
    +--+--------------------------------+-------+---------+---------+
       Total:                           2126    0         28     
                                                                 
    .\Drive\OLED_Drv\
       OLED.o                           1066    2072      0      
    +--+--------------------------------+-------+---------+---------+
       Total:                           1066    2072      0      
                                                                 
    .\Menu\
       Easy_Menu_Page.o                 4552    35        0      
       Easy_Menu_User.o                 1494    164       1044   
       Easy_Menu_Item.o                 2524    0         0      
       Easy_Menu.o                      1856    0         160    
       Easy_Menu_Core.o                 360     0         0      
    +--+--------------------------------+-------+---------+---------+
       Total:                           10786   199       1204   
                                                                 
    D:/MSP-SDK/mspm0_sdk_2_10_00_04/source/ti/driverlib/lib/ticlang/m0p/mspm0g1x0x_g3x0x/driverlib.a
       dl_timer.o                       356     0         0      
       dl_uart.o                        118     0         0      
       dl_dma.o                         76      0         0      
       dl_adc12.o                       64      0         0      
       dl_common.o                      10      0         0      
    +--+--------------------------------+-------+---------+---------+
       Total:                           624     0         0      
                                                                 
    D:\CCS\ccs\tools\compiler\ti-cgt-armllvm_4.0.4.LTS\lib\armv6m-ti-none-eabi/c/libc.a
       _printfi.c.obj                   4510    34        0      
       aeabi_ctype.S.obj                0       257       0      
       s_scalbn.c.obj                   216     0         0      
       vsnprintf.c.obj                  136     0         0      
       copy_decompress_lzss.c.obj       124     0         0      
       s_frexp.c.obj                    92      0         0      
       _ltoa.c.obj                      88      0         0      
       atoi.c.obj                       64      0         0      
       autoinit.c.obj                   60      0         0      
       boot_cortex_m.c.obj              56      0         0      
       memccpy.c.obj                    34      0         0      
       copy_decompress_none.c.obj       18      0         0      
       memcpy16.S.obj                   18      0         0      
       copy_zero_init.c.obj             16      0         0      
       wcslen.c.obj                     16      0         0      
       memset16.S.obj                   14      0         0      
       strlen.c.obj                     14      0         0      
       aeabi_portable.c.obj             8       0         4      
       exit.c.obj                       6       0         0      
       pre_init.c.obj                   4       0         0      
    +--+--------------------------------+-------+---------+---------+
       Total:                           5494    291       4      
                                                                 
    D:\CCS\ccs\tools\compiler\ti-cgt-armllvm_4.0.4.LTS\lib\armv6m-ti-none-eabi/c/libsysbm.a
       hostexit.c.obj                   4       0         0      
    +--+--------------------------------+-------+---------+---------+
       Total:                           4       0         0      
                                                                 
    D:\CCS\ccs\tools\compiler\ti-cgt-armllvm_4.0.4.LTS\lib\armv6m-ti-none-eabi/libclang_rt.builtins.a
       adddf3.S.obj                     418     0         0      
       divdf3.S.obj                     268     0         0      
       muldf3.S.obj                     228     0         0      
       comparedf2.c.obj                 220     0         0      
       addsf3.S.obj                     216     0         0      
       udivmoddi4.S.obj                 162     0         0      
       mulsf3.S.obj                     140     0         0      
       divsf3.S.obj                     130     0         0      
       comparesf2.S.obj                 118     0         0      
       aeabi_dcmp.S.obj                 98      0         0      
       aeabi_fcmp.S.obj                 98      0         0      
       aeabi_idivmod.S.obj              86      0         0      
       fixdfsi.S.obj                    74      0         0      
       aeabi_uidivmod.S.obj             64      0         0      
       extendsfdf2.S.obj                64      0         0      
       floatsisf.S.obj                  60      0         0      
       muldsi3.S.obj                    58      0         0      
       fixsfsi.S.obj                    56      0         0      
       floatsidf.S.obj                  44      0         0      
       floatunsisf.S.obj                40      0         0      
       floatunsidf.S.obj                36      0         0      
       muldi3.S.obj                     36      0         0      
       ashldi3.S.obj                    30      0         0      
       aeabi_memset.S.obj               26      0         0      
       aeabi_uldivmod.S.obj             20      0         0      
       aeabi_memcpy.S.obj               8       0         0      
       aeabi_div0.c.obj                 4       0         0      
    +--+--------------------------------+-------+---------+---------+
       Total:                           2802    0         0      
                                                                 
       Stack:                           0       0         512    
       Linker Generated:                0       171       0      
    +--+--------------------------------+-------+---------+---------+
       Grand Total:                     36664   3059      2401   


LINKER GENERATED COPY TABLES

__TI_cinit_table @ 00009b5c records: 2, size/record: 8, table size: 16
	.data: load addr=00009ac0, load size=00000087 bytes, run addr=202005fc, run size=00000168 bytes, compression=lzss
	.bss: load addr=00009b54, load size=00000008 bytes, run addr=20200000, run size=000005f9 bytes, compression=zero_init


LINKER GENERATED HANDLER TABLE

__TI_handler_table @ 00009b48 records: 3, size/record: 4, table size: 12
	index: 0, handler: __TI_decompress_lzss
	index: 1, handler: __TI_decompress_none
	index: 2, handler: __TI_zero_init


FAR CALL TRAMPOLINES

callee name               trampoline name
   callee addr  tramp addr   call addr  call info
--------------  -----------  ---------  ----------------
__aeabi_dsub              $Tramp$TT$L$PI$$__aeabi_dsub
   00004721     00008fbc     00008fba   libc.a : _printfi.c.obj (.text.OUTLINED_FUNCTION_0)
_c_int00_noargs           $Tramp$TT$L$PI$$_c_int00_noargs
   0000850d     00009018     00009012   startup_mspm0g350x_ticlang.o (.text.Reset_Handler)

[2 trampolines]
[2 trampoline calls]


GLOBAL SYMBOLS: SORTED ALPHABETICALLY BY Name 

address   name                                
-------   ----                                
0000900b  ADC0_IRQHandler                     
0000900b  ADC1_IRQHandler                     
202001f0  ADC_VALUE                           
0000900b  AES_IRQHandler                      
0000855d  Beep_Stop                           
00005839  Beep_Tick_1ms                       
00005c09  Beep_Trigger                        
0000900e  C$$EXIT                             
0000900b  CANFD0_IRQHandler                   
0000828d  Cal_Black_Callback                  
000082b5  Cal_White_Callback                  
202004c0  Cal_black                           
202002f0  Cal_page                            
202006a0  Cal_page_items                      
202004d8  Cal_white                           
00008feb  Center_Aim_Round_Callback           
00008f95  Centeraim__Start_Callback           
000070eb  Compare_String                      
0000900b  DAC0_IRQHandler                     
00007731  DL_ADC12_setClockConfig             
00008f9f  DL_Common_delayCycles               
0000737d  DL_DMA_initChannel                  
000052c5  DL_Timer_initFourCCPWMMode          
00008861  DL_Timer_setCaptCompUpdateMethod    
00008b21  DL_Timer_setCaptureCompareOutCtl    
00008ee1  DL_Timer_setCaptureCompareValue     
0000887d  DL_Timer_setClockConfig             
00007591  DL_UART_init                        
000088ed  DL_UART_receiveDataCheck            
00008e89  DL_UART_setClockConfig              
0000900b  DMA_IRQHandler                      
00005905  Data_Item_Init                      
00001b8d  Data_Item_Input                     
0000900b  Default_Handler                     
00008261  Display_Char                        
00007ec9  Display_Char_Line                   
00006dc9  Easy_Menu_All_Clear                 
00002351  Easy_Menu_All_Update                
000061b1  Easy_Menu_Area_Clear                
0000676d  Easy_Menu_Display                   
00007669  Easy_Menu_Display_Char              
000063ed  Easy_Menu_Display_String            
00006241  Easy_Menu_Goto_Page                 
000079ad  Easy_Menu_Init                      
0000837d  Easy_Menu_Input                     
000079e9  Easy_Menu_Printf                    
202005fc  Easy_Menu_Ui_Data                   
00003051  Easy_Menu_Ui_Init                   
0000900b  GROUP0_IRQHandler                   
000080d5  GROUP1_IRQHandler                   
00005a95  Get_Analog_value                    
00007d95  Get_Anolog_Value                    
00007c7b  Get_Normalize_For_User              
00007a25  Gimbal_Enable                       
00008925  Gimbal_Enable_All                   
00006081  Gimbal_MovePosition                 
00007ef9  Gimbal_Stop                         
00007dcd  Goto_Item_Init                      
00008079  Goto_Item_Input                     
0000900f  HOSTexit                            
0000900b  HardFault_Handler                   
0000900b  I2C0_IRQHandler                     
0000900b  I2C1_IRQHandler                     
00007e01  I2C_Start                           
000083a5  I2C_Stop                            
000083cd  I2C_WaitAck                         
000055a9  JY62_ConfigMode                     
000066f5  JY62_Init                           
00003b21  JY62_ProcessData                    
000083f5  JY62_Task                           
20200318  JY62_page                           
20200658  JY62_page_items                     
00005b51  Jy62_Yaw_Acc_Callback               
00008db1  Jy62_Yaw_Callback                   
00007cb5  K230_Aim_Reset                      
00003425  K230_Aim_Task                       
000075d9  K230_DrawRect_Reset                 
000027f1  K230_DrawRect_Task                  
00007f29  K230_Track_Init                     
000069b1  Knob_EXTI_Handler                   
00008fa9  Knob_Init                           
000059d1  Knob_Tick_1ms                       
00005e0d  Knob_get                            
00008581  Laser_Init                          
00008dc5  Laser_Off                           
00008dd9  Laser_On                            
20200430  Lspeed                              
0000841d  Lspeed_Callback                     
000085a5  Motor_A_GetEncoderCnt               
00008ef1  Motor_A_ResetEncoder                
00005ead  Motor_A_SetSpeed                    
0000657d  Motor_B_EncoderIRQHandler           
00008ded  Motor_B_EncoderInit                 
00008f59  Motor_B_GetEncoderCnt               
00008f65  Motor_B_ResetEncoder                
00005f49  Motor_B_SetSpeed                    
00007ced  Motor_Brake                         
00007d25  Motor_Coast                         
00007f59  Motor_Init                          
00007f89  Motor_ResetSpeedControl             
00008445  Motor_SetSpeed                      
000043a5  Motor_SpeedControl                  
00004a3d  Motor_YawControl                    
00006119  Motor_YawIsAtTarget                 
00008909  Motor_YawSetTarget                  
0000900b  NMI_Handler                         
000048b5  No_MCU_Ganv_Sensor_Init             
0000693d  No_MCU_Ganv_Sensor_Init_Frist       
000076ad  No_Mcu_Ganv_Sensor_Task_Without_tick
00006b61  OLED_Clear                          
000053c9  OLED_Init                           
00007a61  OLED_Set_Pos                        
000050a1  OLED_ShowChar                       
0000732d  OLED_WR_Byte                        
000041cd  Ordinary_Page_Display               
00002c25  Ordinary_Page_Enter                 
00008e01  Ordinary_Page_Exit                  
000065fd  Ordinary_Page_Init                  
000013bd  Ordinary_Page_Input                 
000037bd  Ordinary_Page_Refresh               
0000900b  PendSV_Handler                      
0000900b  RTC_IRQHandler                      
00009013  Reset_Handler                       
20200454  Rspeed                              
0000846d  Rspeed_Callback                     
0000900b  SPI0_IRQHandler                     
0000900b  SPI1_IRQHandler                     
0000900b  SVC_Handler                         
00006a1d  SYSCFG_DL_ADC_line_detector_init    
00008be1  SYSCFG_DL_DMA_CH0_init              
00008495  SYSCFG_DL_DMA_detector_out_init     
00008f71  SYSCFG_DL_DMA_init                  
00004575  SYSCFG_DL_GPIO_init                 
000062d1  SYSCFG_DL_PWM_0_init                
0000728d  SYSCFG_DL_QEI_0_init                
00007e35  SYSCFG_DL_SYSCTL_init               
00008f7d  SYSCFG_DL_SYSTICK_init              
00007771  SYSCFG_DL_UART_0_init               
000077b1  SYSCFG_DL_UART_JY62_init            
000077f1  SYSCFG_DL_UART_UP_init              
00007a9d  SYSCFG_DL_init                      
00005fe5  SYSCFG_DL_initPower                 
000067e1  Send_Byte                           
000071e9  Show_Item_Init                      
00008fd7  Still_Aim_Callback                  
00008fe1  Still_Aim_Draw_Rectangle_Callback   
00007831  Switch_Item_Init                    
00006edd  Switch_Item_Input                   
00007fb9  SysTick_Handler                     
0000900b  TIMA0_IRQHandler                    
0000900b  TIMA1_IRQHandler                    
0000900b  TIMG0_IRQHandler                    
0000900b  TIMG12_IRQHandler                   
0000900b  TIMG6_IRQHandler                    
0000900b  TIMG7_IRQHandler                    
0000900b  TIMG8_IRQHandler                    
00008e9b  TI_memcpy_small                     
00008f4b  TI_memset_small                     
00008e15  Track_Pid__Kd_Callback              
00008e29  Track_Pid__Kp_Callback              
00006a89  Trackline_Calibrate_Black           
00006f35  Trackline_Calibrate_White           
00007195  Trackline_Init                      
00006f8d  Trackline_Reset                     
00008675  Trackline_Start_Callback            
00000a91  Trackline_Task                      
000084bd  Trackline__Round_Callback           
00004e51  UART0_IRQHandler                    
00007fe9  UART1_IRQHandler                    
0000900b  UART2_IRQHandler                    
0000900b  UART3_IRQHandler                    
20208000  __STACK_END                         
00000200  __STACK_SIZE                        
00000000  __TI_ATRegion0_region_sz            
00000000  __TI_ATRegion0_src_addr             
00000000  __TI_ATRegion0_trg_addr             
00000000  __TI_ATRegion1_region_sz            
00000000  __TI_ATRegion1_src_addr             
00000000  __TI_ATRegion1_trg_addr             
00000000  __TI_ATRegion2_region_sz            
00000000  __TI_ATRegion2_src_addr             
00000000  __TI_ATRegion2_trg_addr             
00009b5c  __TI_CINIT_Base                     
00009b6c  __TI_CINIT_Limit                    
00009b6c  __TI_CINIT_Warm                     
00009b48  __TI_Handler_Table_Base             
00009b54  __TI_Handler_Table_Limit            
00007bc9  __TI_auto_init_nobinit_nopinit      
00006679  __TI_decompress_lzss                
00008ead  __TI_decompress_none                
00006fe5  __TI_ltoa                           
ffffffff  __TI_pprof_out_hndl                 
000000c1  __TI_printfi                        
ffffffff  __TI_prof_data_size                 
ffffffff  __TI_prof_data_start                
00000000  __TI_static_base__                  
00008f11  __TI_zero_init                      
0000472b  __adddf3                            
0000576b  __addsf3                            
00009850  __aeabi_ctype_table_                
00009850  __aeabi_ctype_table_C               
00007545  __aeabi_d2iz                        
0000472b  __aeabi_dadd                        
00006d01  __aeabi_dcmpeq                      
00006d3d  __aeabi_dcmpge                      
00006d51  __aeabi_dcmpgt                      
00006d29  __aeabi_dcmple                      
00006d15  __aeabi_dcmplt                      
000051b9  __aeabi_ddiv                        
000054c5  __aeabi_dmul                        
00004721  __aeabi_dsub                        
202006d0  __aeabi_errno                       
00008ff5  __aeabi_errno_addr                  
000078b1  __aeabi_f2d                         
00007d5d  __aeabi_f2iz                        
0000576b  __aeabi_fadd                        
00006d65  __aeabi_fcmpeq                      
00006da1  __aeabi_fcmpge                      
00006db5  __aeabi_fcmpgt                      
00006d8d  __aeabi_fcmple                      
00006d79  __aeabi_fcmplt                      
000064f9  __aeabi_fdiv                        
00006361  __aeabi_fmul                        
00005761  __aeabi_fsub                        
00008209  __aeabi_i2d                         
00007ad9  __aeabi_i2f                         
00007095  __aeabi_idiv                        
000048b3  __aeabi_idiv0                       
00007095  __aeabi_idivmod                     
000054c3  __aeabi_ldiv0                       
000086f1  __aeabi_llsl                        
000085ed  __aeabi_lmul                        
00008f89  __aeabi_memclr                      
00008f89  __aeabi_memclr4                     
00008f89  __aeabi_memclr8                     
00008ffd  __aeabi_memcpy                      
00008ffd  __aeabi_memcpy4                     
00008ffd  __aeabi_memcpy8                     
00008f21  __aeabi_memset                      
00008f21  __aeabi_memset4                     
00008f21  __aeabi_memset8                     
000085c9  __aeabi_ui2d                        
000084e5  __aeabi_ui2f                        
00007871  __aeabi_uidiv                       
00007871  __aeabi_uidivmod                    
00008e3d  __aeabi_uldivmod                    
000086f1  __ashldi3                           
ffffffff  __binit__                           
00006bcd  __cmpdf2                            
00007c05  __cmpsf2                            
000051b9  __divdf3                            
000064f9  __divsf3                            
00006bcd  __eqdf2                             
00007c05  __eqsf2                             
000078b1  __extendsfdf2                       
00007545  __fixdfsi                           
00007d5d  __fixsfsi                           
00008209  __floatsidf                         
00007ad9  __floatsisf                         
000085c9  __floatunsidf                       
000084e5  __floatunsisf                       
00006855  __gedf2                             
00007b15  __gesf2                             
00006855  __gtdf2                             
00007b15  __gtsf2                             
00006bcd  __ledf2                             
00007c05  __lesf2                             
00006bcd  __ltdf2                             
00007c05  __ltsf2                             
UNDEFED   __mpu_init                          
000054c5  __muldf3                            
000085ed  __muldi3                            
00007c41  __muldsi3                           
00006361  __mulsf3                            
00006bcd  __nedf2                             
00007c05  __nesf2                             
20207e00  __stack                             
20200000  __start___llvm_prf_bits             
20200000  __start___llvm_prf_cnts             
20200000  __stop___llvm_prf_bits              
20200000  __stop___llvm_prf_cnts              
00004721  __subdf3                            
00005761  __subsf3                            
00005d69  __udivmoddi4                        
0000850d  _c_int00_noargs                     
UNDEFED   _system_post_cinit                  
00009029  _system_pre_init                    
00009005  abort                               
00006e25  adc_getValue                        
00009620  asc2_0806                           
00009030  asc2_1608                           
000078f1  atoi                                
202006d4  ax                                  
202006d8  ay                                  
202006dc  az                                  
ffffffff  binit                               
20200240  center_aim_round                    
20200340  centeraim                           
202004f0  centeraim__start                    
202006a8  centeraim_items                     
00006af5  convertAnalogToDigital              
00008695  delay_ms                            
202006e0  delay_times                         
202000b0  easy_menu                           
00006e81  frexp                               
00006e81  frexpl                              
20200150  gQEI_0Backup                        
20200743  g_KnobEvent                         
202006e4  g_SystemTick                        
20200618  g_Trackline                         
20200693  g_k230_data                         
2020074c  g_k230_new_frame                    
2020074d  g_laps                              
20200550  goto__Cal_page                      
20200564  goto__JY62_page                     
20200578  goto__centeraim                     
2020058c  goto__mov_aim                       
202005a0  goto__still_aim_task                
202005b4  goto__trackline                     
202005c8  goto__trackline_pid__page           
20200368  home_page                           
20200630  home_page_items                     
00000000  interruptVectors                    
20200756  jy62_new_data                       
20200478  jy62_yaw                            
2020049c  jy62_yaw_acc                        
00005689  ldexp                               
00005689  ldexpl                              
00004bbd  main                                
00008611  memccpy                             
2020075c  menu_move                           
20200390  mov_aim                             
20200718  mov_aim_items                       
00005cbd  normalizeAnalogValues               
2020071c  pitch_angle                         
20200720  roll_angle                          
00005689  scalbn                              
00005689  scalbnl                             
20200508  still_aim                           
20200520  still_aim_draw_Rectangle            
202003b8  still_aim_task                      
202006b0  still_aim_task_items                
00008f3d  strlen                              
20200728  temperature                         
2020026c  track_pid__kd                       
20200298  track_pid__kp                       
202003e0  trackline                           
202002c4  trackline__round                    
202006b8  trackline_items                     
20200408  trackline_pid__page                 
202006c0  trackline_pid__page_items           
20200538  trackline_start                     
00008235  uart0_send_char                     
00007931  vsnprintf                           
00008f01  wcslen                              
2020072c  wx                                  
20200730  wy                                  
20200734  wz                                  
20200738  yaw_angle                           


GLOBAL SYMBOLS: SORTED BY Symbol Address 

address   name                                
-------   ----                                
00000000  __TI_ATRegion0_region_sz            
00000000  __TI_ATRegion0_src_addr             
00000000  __TI_ATRegion0_trg_addr             
00000000  __TI_ATRegion1_region_sz            
00000000  __TI_ATRegion1_src_addr             
00000000  __TI_ATRegion1_trg_addr             
00000000  __TI_ATRegion2_region_sz            
00000000  __TI_ATRegion2_src_addr             
00000000  __TI_ATRegion2_trg_addr             
00000000  __TI_static_base__                  
00000000  interruptVectors                    
000000c1  __TI_printfi                        
00000200  __STACK_SIZE                        
00000a91  Trackline_Task                      
000013bd  Ordinary_Page_Input                 
00001b8d  Data_Item_Input                     
00002351  Easy_Menu_All_Update                
000027f1  K230_DrawRect_Task                  
00002c25  Ordinary_Page_Enter                 
00003051  Easy_Menu_Ui_Init                   
00003425  K230_Aim_Task                       
000037bd  Ordinary_Page_Refresh               
00003b21  JY62_ProcessData                    
000041cd  Ordinary_Page_Display               
000043a5  Motor_SpeedControl                  
00004575  SYSCFG_DL_GPIO_init                 
00004721  __aeabi_dsub                        
00004721  __subdf3                            
0000472b  __adddf3                            
0000472b  __aeabi_dadd                        
000048b3  __aeabi_idiv0                       
000048b5  No_MCU_Ganv_Sensor_Init             
00004a3d  Motor_YawControl                    
00004bbd  main                                
00004e51  UART0_IRQHandler                    
000050a1  OLED_ShowChar                       
000051b9  __aeabi_ddiv                        
000051b9  __divdf3                            
000052c5  DL_Timer_initFourCCPWMMode          
000053c9  OLED_Init                           
000054c3  __aeabi_ldiv0                       
000054c5  __aeabi_dmul                        
000054c5  __muldf3                            
000055a9  JY62_ConfigMode                     
00005689  ldexp                               
00005689  ldexpl                              
00005689  scalbn                              
00005689  scalbnl                             
00005761  __aeabi_fsub                        
00005761  __subsf3                            
0000576b  __addsf3                            
0000576b  __aeabi_fadd                        
00005839  Beep_Tick_1ms                       
00005905  Data_Item_Init                      
000059d1  Knob_Tick_1ms                       
00005a95  Get_Analog_value                    
00005b51  Jy62_Yaw_Acc_Callback               
00005c09  Beep_Trigger                        
00005cbd  normalizeAnalogValues               
00005d69  __udivmoddi4                        
00005e0d  Knob_get                            
00005ead  Motor_A_SetSpeed                    
00005f49  Motor_B_SetSpeed                    
00005fe5  SYSCFG_DL_initPower                 
00006081  Gimbal_MovePosition                 
00006119  Motor_YawIsAtTarget                 
000061b1  Easy_Menu_Area_Clear                
00006241  Easy_Menu_Goto_Page                 
000062d1  SYSCFG_DL_PWM_0_init                
00006361  __aeabi_fmul                        
00006361  __mulsf3                            
000063ed  Easy_Menu_Display_String            
000064f9  __aeabi_fdiv                        
000064f9  __divsf3                            
0000657d  Motor_B_EncoderIRQHandler           
000065fd  Ordinary_Page_Init                  
00006679  __TI_decompress_lzss                
000066f5  JY62_Init                           
0000676d  Easy_Menu_Display                   
000067e1  Send_Byte                           
00006855  __gedf2                             
00006855  __gtdf2                             
0000693d  No_MCU_Ganv_Sensor_Init_Frist       
000069b1  Knob_EXTI_Handler                   
00006a1d  SYSCFG_DL_ADC_line_detector_init    
00006a89  Trackline_Calibrate_Black           
00006af5  convertAnalogToDigital              
00006b61  OLED_Clear                          
00006bcd  __cmpdf2                            
00006bcd  __eqdf2                             
00006bcd  __ledf2                             
00006bcd  __ltdf2                             
00006bcd  __nedf2                             
00006d01  __aeabi_dcmpeq                      
00006d15  __aeabi_dcmplt                      
00006d29  __aeabi_dcmple                      
00006d3d  __aeabi_dcmpge                      
00006d51  __aeabi_dcmpgt                      
00006d65  __aeabi_fcmpeq                      
00006d79  __aeabi_fcmplt                      
00006d8d  __aeabi_fcmple                      
00006da1  __aeabi_fcmpge                      
00006db5  __aeabi_fcmpgt                      
00006dc9  Easy_Menu_All_Clear                 
00006e25  adc_getValue                        
00006e81  frexp                               
00006e81  frexpl                              
00006edd  Switch_Item_Input                   
00006f35  Trackline_Calibrate_White           
00006f8d  Trackline_Reset                     
00006fe5  __TI_ltoa                           
00007095  __aeabi_idiv                        
00007095  __aeabi_idivmod                     
000070eb  Compare_String                      
00007195  Trackline_Init                      
000071e9  Show_Item_Init                      
0000728d  SYSCFG_DL_QEI_0_init                
0000732d  OLED_WR_Byte                        
0000737d  DL_DMA_initChannel                  
00007545  __aeabi_d2iz                        
00007545  __fixdfsi                           
00007591  DL_UART_init                        
000075d9  K230_DrawRect_Reset                 
00007669  Easy_Menu_Display_Char              
000076ad  No_Mcu_Ganv_Sensor_Task_Without_tick
00007731  DL_ADC12_setClockConfig             
00007771  SYSCFG_DL_UART_0_init               
000077b1  SYSCFG_DL_UART_JY62_init            
000077f1  SYSCFG_DL_UART_UP_init              
00007831  Switch_Item_Init                    
00007871  __aeabi_uidiv                       
00007871  __aeabi_uidivmod                    
000078b1  __aeabi_f2d                         
000078b1  __extendsfdf2                       
000078f1  atoi                                
00007931  vsnprintf                           
000079ad  Easy_Menu_Init                      
000079e9  Easy_Menu_Printf                    
00007a25  Gimbal_Enable                       
00007a61  OLED_Set_Pos                        
00007a9d  SYSCFG_DL_init                      
00007ad9  __aeabi_i2f                         
00007ad9  __floatsisf                         
00007b15  __gesf2                             
00007b15  __gtsf2                             
00007bc9  __TI_auto_init_nobinit_nopinit      
00007c05  __cmpsf2                            
00007c05  __eqsf2                             
00007c05  __lesf2                             
00007c05  __ltsf2                             
00007c05  __nesf2                             
00007c41  __muldsi3                           
00007c7b  Get_Normalize_For_User              
00007cb5  K230_Aim_Reset                      
00007ced  Motor_Brake                         
00007d25  Motor_Coast                         
00007d5d  __aeabi_f2iz                        
00007d5d  __fixsfsi                           
00007d95  Get_Anolog_Value                    
00007dcd  Goto_Item_Init                      
00007e01  I2C_Start                           
00007e35  SYSCFG_DL_SYSCTL_init               
00007ec9  Display_Char_Line                   
00007ef9  Gimbal_Stop                         
00007f29  K230_Track_Init                     
00007f59  Motor_Init                          
00007f89  Motor_ResetSpeedControl             
00007fb9  SysTick_Handler                     
00007fe9  UART1_IRQHandler                    
00008079  Goto_Item_Input                     
000080d5  GROUP1_IRQHandler                   
00008209  __aeabi_i2d                         
00008209  __floatsidf                         
00008235  uart0_send_char                     
00008261  Display_Char                        
0000828d  Cal_Black_Callback                  
000082b5  Cal_White_Callback                  
0000837d  Easy_Menu_Input                     
000083a5  I2C_Stop                            
000083cd  I2C_WaitAck                         
000083f5  JY62_Task                           
0000841d  Lspeed_Callback                     
00008445  Motor_SetSpeed                      
0000846d  Rspeed_Callback                     
00008495  SYSCFG_DL_DMA_detector_out_init     
000084bd  Trackline__Round_Callback           
000084e5  __aeabi_ui2f                        
000084e5  __floatunsisf                       
0000850d  _c_int00_noargs                     
0000855d  Beep_Stop                           
00008581  Laser_Init                          
000085a5  Motor_A_GetEncoderCnt               
000085c9  __aeabi_ui2d                        
000085c9  __floatunsidf                       
000085ed  __aeabi_lmul                        
000085ed  __muldi3                            
00008611  memccpy                             
00008675  Trackline_Start_Callback            
00008695  delay_ms                            
000086f1  __aeabi_llsl                        
000086f1  __ashldi3                           
00008861  DL_Timer_setCaptCompUpdateMethod    
0000887d  DL_Timer_setClockConfig             
000088ed  DL_UART_receiveDataCheck            
00008909  Motor_YawSetTarget                  
00008925  Gimbal_Enable_All                   
00008b21  DL_Timer_setCaptureCompareOutCtl    
00008be1  SYSCFG_DL_DMA_CH0_init              
00008db1  Jy62_Yaw_Callback                   
00008dc5  Laser_Off                           
00008dd9  Laser_On                            
00008ded  Motor_B_EncoderInit                 
00008e01  Ordinary_Page_Exit                  
00008e15  Track_Pid__Kd_Callback              
00008e29  Track_Pid__Kp_Callback              
00008e3d  __aeabi_uldivmod                    
00008e89  DL_UART_setClockConfig              
00008e9b  TI_memcpy_small                     
00008ead  __TI_decompress_none                
00008ee1  DL_Timer_setCaptureCompareValue     
00008ef1  Motor_A_ResetEncoder                
00008f01  wcslen                              
00008f11  __TI_zero_init                      
00008f21  __aeabi_memset                      
00008f21  __aeabi_memset4                     
00008f21  __aeabi_memset8                     
00008f3d  strlen                              
00008f4b  TI_memset_small                     
00008f59  Motor_B_GetEncoderCnt               
00008f65  Motor_B_ResetEncoder                
00008f71  SYSCFG_DL_DMA_init                  
00008f7d  SYSCFG_DL_SYSTICK_init              
00008f89  __aeabi_memclr                      
00008f89  __aeabi_memclr4                     
00008f89  __aeabi_memclr8                     
00008f95  Centeraim__Start_Callback           
00008f9f  DL_Common_delayCycles               
00008fa9  Knob_Init                           
00008fd7  Still_Aim_Callback                  
00008fe1  Still_Aim_Draw_Rectangle_Callback   
00008feb  Center_Aim_Round_Callback           
00008ff5  __aeabi_errno_addr                  
00008ffd  __aeabi_memcpy                      
00008ffd  __aeabi_memcpy4                     
00008ffd  __aeabi_memcpy8                     
00009005  abort                               
0000900b  ADC0_IRQHandler                     
0000900b  ADC1_IRQHandler                     
0000900b  AES_IRQHandler                      
0000900b  CANFD0_IRQHandler                   
0000900b  DAC0_IRQHandler                     
0000900b  DMA_IRQHandler                      
0000900b  Default_Handler                     
0000900b  GROUP0_IRQHandler                   
0000900b  HardFault_Handler                   
0000900b  I2C0_IRQHandler                     
0000900b  I2C1_IRQHandler                     
0000900b  NMI_Handler                         
0000900b  PendSV_Handler                      
0000900b  RTC_IRQHandler                      
0000900b  SPI0_IRQHandler                     
0000900b  SPI1_IRQHandler                     
0000900b  SVC_Handler                         
0000900b  TIMA0_IRQHandler                    
0000900b  TIMA1_IRQHandler                    
0000900b  TIMG0_IRQHandler                    
0000900b  TIMG12_IRQHandler                   
0000900b  TIMG6_IRQHandler                    
0000900b  TIMG7_IRQHandler                    
0000900b  TIMG8_IRQHandler                    
0000900b  UART2_IRQHandler                    
0000900b  UART3_IRQHandler                    
0000900e  C$$EXIT                             
0000900f  HOSTexit                            
00009013  Reset_Handler                       
00009029  _system_pre_init                    
00009030  asc2_1608                           
00009620  asc2_0806                           
00009850  __aeabi_ctype_table_                
00009850  __aeabi_ctype_table_C               
00009b48  __TI_Handler_Table_Base             
00009b54  __TI_Handler_Table_Limit            
00009b5c  __TI_CINIT_Base                     
00009b6c  __TI_CINIT_Limit                    
00009b6c  __TI_CINIT_Warm                     
20200000  __start___llvm_prf_bits             
20200000  __start___llvm_prf_cnts             
20200000  __stop___llvm_prf_bits              
20200000  __stop___llvm_prf_cnts              
202000b0  easy_menu                           
20200150  gQEI_0Backup                        
202001f0  ADC_VALUE                           
20200240  center_aim_round                    
2020026c  track_pid__kd                       
20200298  track_pid__kp                       
202002c4  trackline__round                    
202002f0  Cal_page                            
20200318  JY62_page                           
20200340  centeraim                           
20200368  home_page                           
20200390  mov_aim                             
202003b8  still_aim_task                      
202003e0  trackline                           
20200408  trackline_pid__page                 
20200430  Lspeed                              
20200454  Rspeed                              
20200478  jy62_yaw                            
2020049c  jy62_yaw_acc                        
202004c0  Cal_black                           
202004d8  Cal_white                           
202004f0  centeraim__start                    
20200508  still_aim                           
20200520  still_aim_draw_Rectangle            
20200538  trackline_start                     
20200550  goto__Cal_page                      
20200564  goto__JY62_page                     
20200578  goto__centeraim                     
2020058c  goto__mov_aim                       
202005a0  goto__still_aim_task                
202005b4  goto__trackline                     
202005c8  goto__trackline_pid__page           
202005fc  Easy_Menu_Ui_Data                   
20200618  g_Trackline                         
20200630  home_page_items                     
20200658  JY62_page_items                     
20200693  g_k230_data                         
202006a0  Cal_page_items                      
202006a8  centeraim_items                     
202006b0  still_aim_task_items                
202006b8  trackline_items                     
202006c0  trackline_pid__page_items           
202006d0  __aeabi_errno                       
202006d4  ax                                  
202006d8  ay                                  
202006dc  az                                  
202006e0  delay_times                         
202006e4  g_SystemTick                        
20200718  mov_aim_items                       
2020071c  pitch_angle                         
20200720  roll_angle                          
20200728  temperature                         
2020072c  wx                                  
20200730  wy                                  
20200734  wz                                  
20200738  yaw_angle                           
20200743  g_KnobEvent                         
2020074c  g_k230_new_frame                    
2020074d  g_laps                              
20200756  jy62_new_data                       
2020075c  menu_move                           
20207e00  __stack                             
20208000  __STACK_END                         
ffffffff  __TI_pprof_out_hndl                 
ffffffff  __TI_prof_data_size                 
ffffffff  __TI_prof_data_start                
ffffffff  __binit__                           
ffffffff  binit                               
UNDEFED   __mpu_init                          
UNDEFED   _system_post_cinit                  

[359 symbols]
