******************************************************************************
            TI ARM Clang Linker PC v4.0.4                      
******************************************************************************
>> Linked Mon May 18 22:01:25 2026

OUTPUT FILE NAME:   <optoelectronicrace_26.out>
ENTRY POINT SYMBOL: "_c_int00_noargs"  address: 00007315


MEMORY CONFIGURATION

         name            origin    length      used     unused   attr    fill
----------------------  --------  ---------  --------  --------  ----  --------
  FLASH                 00000000   00020000  00008880  00017780  R  X
  SRAM                  20200000   00008000  00000849  000077b7  RW X
  BCR_CONFIG            41c00000   000000ff  00000000  000000ff  R   
  BSL_CONFIG            41c00100   00000080  00000000  00000080  R   


SEGMENT ALLOCATION MAP

run origin  load origin   length   init length attrs members
----------  ----------- ---------- ----------- ----- -------
00000000    00000000    00008880   00008880    r-x
  00000000    00000000    000000c0   000000c0    r-- .intvecs
  000000c0    000000c0    00007cc0   00007cc0    r-x .text
  00007d80    00007d80    00000a70   00000a70    r-- .rodata
  000087f0    000087f0    00000090   00000090    r-- .cinit
20200000    20200000    0000064b   00000000    rw-
  20200000    20200000    00000522   00000000    rw- .bss
  20200524    20200524    00000127   00000000    rw- .data
20207e00    20207e00    00000200   00000000    rw-
  20207e00    20207e00    00000200   00000000    rw- .stack


SECTION ALLOCATION MAP

 output                                  attributes/
section   page    origin      length       input sections
--------  ----  ----------  ----------   ----------------
.intvecs   0    00000000    000000c0     
                  00000000    000000c0     startup_mspm0g350x_ticlang.o (.intvecs)

.text      0    000000c0    00007cc0     
                  000000c0    000009d0     libc.a : _printfi.c.obj (.text:__TI_printfi)
                  00000a90    000007d0     Easy_Menu_Page.o (.text.Ordinary_Page_Input)
                  00001260    000007c4     Easy_Menu_Item.o (.text.Data_Item_Input)
                  00001a24    000004a8     Trackline.o (.text.Trackline_Task)
                  00001ecc    000004a0     Easy_Menu.o (.text.Easy_Menu_All_Update)
                  0000236c    0000042c     Easy_Menu_Page.o (.text.Ordinary_Page_Enter)
                  00002798    00000364     Easy_Menu_Page.o (.text.Ordinary_Page_Refresh)
                  00002afc    000002e0     Easy_Menu_User.o (.text.Easy_Menu_Ui_Init)
                  00002ddc    000002b0     JY62.o (.text.JY62_ProcessData)
                  0000308c    00000220     libc.a : _printfi.c.obj (.text._pconv_a)
                  000032ac    000001dc            : _printfi.c.obj (.text._pconv_g)
                  00003488    000001d8     Easy_Menu_Page.o (.text.Ordinary_Page_Display)
                  00003660    000001d0     Motor.o (.text.Motor_SpeedControl)
                  00003830    00000192     libclang_rt.builtins.a : adddf3.S.obj (.text.adddf3_subdf3)
                  000039c2    00000002                            : aeabi_div0.c.obj (.text.__aeabi_idiv0)
                  000039c4    0000018c     ti_msp_dl_config.o (.text.SYSCFG_DL_GPIO_init)
                  00003b50    00000188     Motor.o (.text.Motor_YawControl)
                  00003cd8    00000188     No_Mcu_Ganv_Grayscale_Sensor.o (.text.No_MCU_Ganv_Sensor_Init)
                  00003e60    0000013c     libc.a : _printfi.c.obj (.text.fcvt)
                  00003f9c    00000120            : _printfi.c.obj (.text._pconv_e)
                  000040bc    00000118     OLED.o (.text.OLED_ShowChar)
                  000041d4    0000010c     libclang_rt.builtins.a : divdf3.S.obj (.text.__divdf3)
                  000042e0    00000104     driverlib.a : dl_timer.o (.text.DL_Timer_initFourCCPWMMode)
                  000043e4    000000fa     OLED.o (.text.OLED_Init)
                  000044de    00000002     libclang_rt.builtins.a : aeabi_div0.c.obj (.text.__aeabi_ldiv0)
                  000044e0    000000e4                            : muldf3.S.obj (.text.__muldf3)
                  000045c4    000000e0     JY62.o (.text.JY62_ConfigMode)
                  000046a4    000000d8     libc.a : s_scalbn.c.obj (.text.scalbn)
                  0000477c    000000d8     libclang_rt.builtins.a : addsf3.S.obj (.text)
                  00004854    000000cc     Beep.o (.text.Beep_Tick_1ms)
                  00004920    000000cc     Easy_Menu_Item.o (.text.Data_Item_Init)
                  000049ec    000000b8     No_Mcu_Ganv_Grayscale_Sensor.o (.text.Get_Analog_value)
                  00004aa4    000000b8     Easy_Menu_User.o (.text.Jy62_Yaw_Acc_Callback)
                  00004b5c    000000b4     Beep.o (.text.Beep_Trigger)
                  00004c10    000000aa     No_Mcu_Ganv_Grayscale_Sensor.o (.text.normalizeAnalogValues)
                  00004cba    00000002     --HOLE-- [fill = 0]
                  00004cbc    000000a2     libclang_rt.builtins.a : udivmoddi4.S.obj (.text)
                  00004d5e    00000002     --HOLE-- [fill = 0]
                  00004d60    000000a0     Knob_drv.o (.text.Knob_get)
                  00004e00    0000009c     Motor.o (.text.Motor_A_SetSpeed)
                  00004e9c    0000009c     Motor.o (.text.Motor_B_SetSpeed)
                  00004f38    0000009c     ti_msp_dl_config.o (.text.SYSCFG_DL_initPower)
                  00004fd4    00000098     Knob_drv.o (.text.Knob_Tick_1ms)
                  0000506c    00000098     Motor.o (.text.Motor_YawIsAtTarget)
                  00005104    00000094     main.o (.text.main)
                  00005198    00000090     Easy_Menu.o (.text.Easy_Menu_Area_Clear)
                  00005228    00000090     Easy_Menu_Core.o (.text.Easy_Menu_Goto_Page)
                  000052b8    00000090     ti_msp_dl_config.o (.text.SYSCFG_DL_PWM_0_init)
                  00005348    0000008c     libclang_rt.builtins.a : mulsf3.S.obj (.text.__mulsf3)
                  000053d4    00000086     Easy_Menu.o (.text.Easy_Menu_Display_String)
                  0000545a    00000002     --HOLE-- [fill = 0]
                  0000545c    00000084     ti_msp_dl_config.o (.text.__NVIC_SetPriority)
                  000054e0    00000084     gimbal.o (.text.gimbal_parse_response)
                  00005564    00000082     libclang_rt.builtins.a : divsf3.S.obj (.text.__divsf3)
                  000055e6    00000002     --HOLE-- [fill = 0]
                  000055e8    00000080     Motor.o (.text.Motor_B_EncoderIRQHandler)
                  00005668    0000007c     Easy_Menu_Page.o (.text.Ordinary_Page_Init)
                  000056e4    0000007c     libc.a : copy_decompress_lzss.c.obj (.text:decompress:lzss)
                  00005760    00000078     JY62.o (.text.JY62_Init)
                  000057d8    00000074     Easy_Menu_Core.o (.text.Easy_Menu_Display)
                  0000584c    00000074     OLED.o (.text.Send_Byte)
                  000058c0    00000074     libclang_rt.builtins.a : comparedf2.c.obj (.text.__gedf2)
                  00005934    00000074     Motor.o (.text.clampSpeed)
                  000059a8    00000072     No_Mcu_Ganv_Grayscale_Sensor.o (.text.No_MCU_Ganv_Sensor_Init_Frist)
                  00005a1a    00000002     --HOLE-- [fill = 0]
                  00005a1c    0000006c     Knob_drv.o (.text.Knob_EXTI_Handler)
                  00005a88    0000006c     ti_msp_dl_config.o (.text.SYSCFG_DL_ADC_line_detector_init)
                  00005af4    0000006c     Trackline.o (.text.Trackline_Calibrate_Black)
                  00005b60    0000006c     No_Mcu_Ganv_Grayscale_Sensor.o (.text.convertAnalogToDigital)
                  00005bcc    0000006a     OLED.o (.text.OLED_Clear)
                  00005c36    00000002     --HOLE-- [fill = 0]
                  00005c38    00000068     libclang_rt.builtins.a : comparedf2.c.obj (.text.__ledf2)
                  00005ca0    00000066     libc.a : _printfi.c.obj (.text._mcpy)
                  00005d06    00000002     --HOLE-- [fill = 0]
                  00005d08    00000064     ti_msp_dl_config.o (.text.DL_ADC12_initSingleSample)
                  00005d6c    00000062     libclang_rt.builtins.a : aeabi_dcmp.S.obj (.text.__aeabi_dcmp)
                  00005dce    00000002     --HOLE-- [fill = 0]
                  00005dd0    00000062                            : aeabi_fcmp.S.obj (.text.__aeabi_fcmp)
                  00005e32    00000002     --HOLE-- [fill = 0]
                  00005e34    0000005c     Easy_Menu.o (.text.Easy_Menu_All_Clear)
                  00005e90    0000005c     ADC.o (.text.adc_getValue)
                  00005eec    0000005c     libc.a : s_frexp.c.obj (.text.frexp)
                  00005f48    00000058     Easy_Menu_Item.o (.text.Switch_Item_Input)
                  00005fa0    00000058     Trackline.o (.text.Trackline_Calibrate_White)
                  00005ff8    00000058     libc.a : _ltoa.c.obj (.text.__TI_ltoa)
                  00006050    00000058            : _printfi.c.obj (.text._pconv_f)
                  000060a8    00000056     libclang_rt.builtins.a : aeabi_idivmod.S.obj (.text.__aeabi_idivmod)
                  000060fe    00000054     Easy_Menu.o (.text.Compare_String)
                  00006152    00000002     --HOLE-- [fill = 0]
                  00006154    00000054     ti_msp_dl_config.o (.text.DL_Timer_configQEI)
                  000061a8    00000054     Trackline.o (.text.Trackline_Init)
                  000061fc    00000052     Easy_Menu_Item.o (.text.Show_Item_Init)
                  0000624e    00000052     libc.a : _printfi.c.obj (.text._ecpy)
                  000062a0    00000050     ti_msp_dl_config.o (.text.SYSCFG_DL_QEI_0_init)
                  000062f0    00000050     ti_msp_dl_config.o (.text.SysTick_Config)
                  00006340    0000004e     OLED.o (.text.OLED_WR_Byte)
                  0000638e    00000002     --HOLE-- [fill = 0]
                  00006390    0000004c     driverlib.a : dl_dma.o (.text.DL_DMA_initChannel)
                  000063dc    0000004c     ti_msp_dl_config.o (.text.DL_GPIO_initDigitalInputFeatures)
                  00006428    0000004c     JY62.o (.text.DL_UART_setBaudRateDivisor)
                  00006474    0000004c     ti_msp_dl_config.o (.text.DL_UART_setBaudRateDivisor)
                  000064c0    0000004a     ti_msp_dl_config.o (.text.DL_ADC12_configConversionMem)
                  0000650a    00000002     --HOLE-- [fill = 0]
                  0000650c    0000004a     libclang_rt.builtins.a : fixdfsi.S.obj (.text.__fixdfsi)
                  00006556    00000002     --HOLE-- [fill = 0]
                  00006558    00000048     driverlib.a : dl_uart.o (.text.DL_UART_init)
                  000065a0    00000048     ti_msp_dl_config.o (.text.SYSCFG_DL_UART_0_init)
                  000065e8    00000048     gimbal.o (.text.UART0_IRQHandler)
                  00006630    00000044     Easy_Menu.o (.text.Easy_Menu_Display_Char)
                  00006674    00000042     No_Mcu_Ganv_Grayscale_Sensor.o (.text.No_Mcu_Ganv_Sensor_Task_Without_tick)
                  000066b6    00000002     --HOLE-- [fill = 0]
                  000066b8    00000040     driverlib.a : dl_adc12.o (.text.DL_ADC12_setClockConfig)
                  000066f8    00000040     ti_msp_dl_config.o (.text.SYSCFG_DL_UART_JY62_init)
                  00006738    00000040     ti_msp_dl_config.o (.text.SYSCFG_DL_UART_UP_init)
                  00006778    00000040     Easy_Menu_Item.o (.text.Switch_Item_Init)
                  000067b8    00000040     Trackline.o (.text.Trackline_Reset)
                  000067f8    00000040     libclang_rt.builtins.a : aeabi_uidivmod.S.obj (.text.__aeabi_uidivmod)
                  00006838    00000040                            : extendsfdf2.S.obj (.text.__extendsfdf2)
                  00006878    00000040     libc.a : atoi.c.obj (.text.atoi)
                  000068b8    00000040            : vsnprintf.c.obj (.text.vsnprintf)
                  000068f8    0000003c     ti_msp_dl_config.o (.text.DL_Timer_setCounterControl)
                  00006934    0000003c     Easy_Menu_Core.o (.text.Easy_Menu_Init)
                  00006970    0000003c     Easy_Menu.o (.text.Easy_Menu_Printf)
                  000069ac    0000003c     OLED.o (.text.OLED_Set_Pos)
                  000069e8    0000003c     ti_msp_dl_config.o (.text.SYSCFG_DL_init)
                  00006a24    0000003c     libclang_rt.builtins.a : floatsisf.S.obj (.text.__floatsisf)
                  00006a60    0000003c                            : comparesf2.S.obj (.text.__gtsf2)
                  00006a9c    0000003c     Beep.o (.text.start_off_phase)
                  00006ad8    0000003c     Beep.o (.text.start_on_phase)
                  00006b14    0000003c     libc.a : autoinit.c.obj (.text:__TI_auto_init_nobinit_nopinit)
                  00006b50    0000003a     libclang_rt.builtins.a : comparesf2.S.obj (.text.__eqsf2)
                  00006b8a    00000002     --HOLE-- [fill = 0]
                  00006b8c    0000003a                            : muldsi3.S.obj (.text.__muldsi3)
                  00006bc6    00000038     No_Mcu_Ganv_Grayscale_Sensor.o (.text.Get_Normalize_For_User)
                  00006bfe    00000002     --HOLE-- [fill = 0]
                  00006c00    00000038     Motor.o (.text.Motor_Brake)
                  00006c38    00000038     Motor.o (.text.Motor_Coast)
                  00006c70    00000038     libclang_rt.builtins.a : fixsfsi.S.obj (.text.__fixsfsi)
                  00006ca8    00000036     No_Mcu_Ganv_Grayscale_Sensor.o (.text.Get_Anolog_Value)
                  00006cde    00000002     --HOLE-- [fill = 0]
                  00006ce0    00000034     Easy_Menu_Item.o (.text.Goto_Item_Init)
                  00006d14    00000034     OLED.o (.text.I2C_Start)
                  00006d48    00000034     ti_msp_dl_config.o (.text.SYSCFG_DL_SYSCTL_init)
                  00006d7c    00000030     ti_msp_dl_config.o (.text.DL_DMA_setTransferSize)
                  00006dac    00000030     ti_msp_dl_config.o (.text.DL_GPIO_initDigitalOutputFeatures)
                  00006ddc    00000030     Easy_Menu.o (.text.Display_Char_Line)
                  00006e0c    00000030     Motor.o (.text.Motor_Init)
                  00006e3c    00000030     Motor.o (.text.Motor_ResetSpeedControl)
                  00006e6c    00000030     delay.o (.text.SysTick_Handler)
                  00006e9c    00000030     JY62.o (.text.UART1_IRQHandler)
                  00006ecc    00000030     libc.a : _printfi.c.obj (.text._fcpy)
                  00006efc    00000030            : vsnprintf.c.obj (.text._outs)
                  00006f2c    0000002e     Easy_Menu_Item.o (.text.Goto_Item_Input)
                  00006f5a    00000002     --HOLE-- [fill = 0]
                  00006f5c    0000002c     ti_msp_dl_config.o (.text.DL_ADC12_setDMASamplesCnt)
                  00006f88    0000002c     Knob_drv.o (.text.GROUP1_IRQHandler)
                  00006fb4    0000002c     JY62.o (.text.__NVIC_ClearPendingIRQ)
                  00006fe0    0000002c     JY62.o (.text.__NVIC_EnableIRQ)
                  0000700c    0000002c     Knob_drv.o (.text.__NVIC_EnableIRQ)
                  00007038    0000002c     Motor.o (.text.__NVIC_EnableIRQ)
                  00007064    0000002c     libclang_rt.builtins.a : floatsidf.S.obj (.text.__floatsidf)
                  00007090    0000002a     Easy_Menu.o (.text.Display_Char)
                  000070ba    00000002     --HOLE-- [fill = 0]
                  000070bc    00000028     Easy_Menu_User.o (.text.Cal_Black_Callback)
                  000070e4    00000028     Easy_Menu_User.o (.text.Cal_White_Callback)
                  0000710c    00000028     JY62.o (.text.DL_Common_updateReg)
                  00007134    00000028     ti_msp_dl_config.o (.text.DL_Common_updateReg)
                  0000715c    00000028     Trackline.o (.text.DL_DMA_setDestAddr)
                  00007184    00000028     Trackline.o (.text.DL_DMA_setSrcAddr)
                  000071ac    00000028     Easy_Menu_Core.o (.text.Easy_Menu_Input)
                  000071d4    00000028     OLED.o (.text.I2C_Stop)
                  000071fc    00000028     OLED.o (.text.I2C_WaitAck)
                  00007224    00000028     JY62.o (.text.JY62_Task)
                  0000724c    00000028     Easy_Menu_User.o (.text.Lspeed_Callback)
                  00007274    00000028     Motor.o (.text.Motor_SetSpeed)
                  0000729c    00000028     Easy_Menu_User.o (.text.Rspeed_Callback)
                  000072c4    00000028     ti_msp_dl_config.o (.text.SYSCFG_DL_DMA_detector_out_init)
                  000072ec    00000028     libclang_rt.builtins.a : floatunsisf.S.obj (.text.__floatunsisf)
                  00007314    00000028     libc.a : boot_cortex_m.c.obj (.text:_c_int00_noargs)
                  0000733c    00000026     gimbal.o (.text.DL_DMA_disableChannel)
                  00007362    00000026     Trackline.o (.text.DL_DMA_enableChannel)
                  00007388    00000024     Beep.o (.text.Beep_Stop)
                  000073ac    00000024     gimbal.o (.text.DL_DMA_getTransferSize)
                  000073d0    00000024     Motor.o (.text.Motor_A_GetEncoderCnt)
                  000073f4    00000024     libclang_rt.builtins.a : floatunsidf.S.obj (.text.__floatunsidf)
                  00007418    00000024                            : muldi3.S.obj (.text.__muldi3)
                  0000743c    00000022     libc.a : memccpy.c.obj (.text.memccpy)
                  0000745e    00000002     --HOLE-- [fill = 0]
                  00007460    00000020     JY62.o (.text.DL_GPIO_initPeripheralInputFunction)
                  00007480    00000020     ti_msp_dl_config.o (.text.DL_GPIO_initPeripheralInputFunction)
                  000074a0    00000020     Easy_Menu_User.o (.text.Trackline_Start_Callback)
                  000074c0    00000020     delay.o (.text.delay_ms)
                  000074e0    00000020     gimbal.o (.text.gimbal_flush_rx)
                  00007500    0000001e     JY62.o (.text.DL_UART_setOversampling)
                  0000751e    0000001e     ti_msp_dl_config.o (.text.DL_UART_setOversampling)
                  0000753c    0000001e     libclang_rt.builtins.a : ashldi3.S.obj (.text.__ashldi3)
                  0000755a    00000002     --HOLE-- [fill = 0]
                  0000755c    0000001c     ti_msp_dl_config.o (.text.DL_ADC12_enableDMA)
                  00007578    0000001c     ti_msp_dl_config.o (.text.DL_ADC12_enableDMATrigger)
                  00007594    0000001c     Trackline.o (.text.DL_ADC12_startConversion)
                  000075b0    0000001c     Knob_drv.o (.text.DL_GPIO_clearInterruptStatus)
                  000075cc    0000001c     Motor.o (.text.DL_GPIO_clearInterruptStatus)
                  000075e8    0000001c     ti_msp_dl_config.o (.text.DL_GPIO_clearInterruptStatus)
                  00007604    0000001c     ti_msp_dl_config.o (.text.DL_GPIO_enableInterrupt)
                  00007620    0000001c     JY62.o (.text.DL_GPIO_initPeripheralOutputFunction)
                  0000763c    0000001c     ti_msp_dl_config.o (.text.DL_GPIO_initPeripheralOutputFunction)
                  00007658    0000001c     ti_msp_dl_config.o (.text.DL_GPIO_setLowerPinsPolarity)
                  00007674    0000001c     Knob_drv.o (.text.DL_Interrupt_getPendingGroup)
                  00007690    0000001c     ti_msp_dl_config.o (.text.DL_SYSCTL_setSYSOSCFreq)
                  000076ac    0000001c     driverlib.a : dl_timer.o (.text.DL_Timer_setCaptCompUpdateMethod)
                  000076c8    0000001c                 : dl_timer.o (.text.DL_Timer_setClockConfig)
                  000076e4    0000001c     JY62.o (.text.DL_UART_enableInterrupt)
                  00007700    0000001c     driverlib.a : dl_uart.o (.text.DL_UART_receiveDataCheck)
                  0000771c    0000001c     Motor.o (.text.Motor_YawSetTarget)
                  00007738    00000018     ti_msp_dl_config.o (.text.DL_ADC12_enablePower)
                  00007750    00000018     ti_msp_dl_config.o (.text.DL_ADC12_reset)
                  00007768    00000018     ti_msp_dl_config.o (.text.DL_ADC12_setSampleTime0)
                  00007780    00000018     ti_msp_dl_config.o (.text.DL_GPIO_enableOutput)
                  00007798    00000018     ti_msp_dl_config.o (.text.DL_GPIO_enablePower)
                  000077b0    00000018     Knob_drv.o (.text.DL_GPIO_getEnabledInterruptStatus)
                  000077c8    00000018     Motor.o (.text.DL_GPIO_getEnabledInterruptStatus)
                  000077e0    00000018     ti_msp_dl_config.o (.text.DL_GPIO_initDigitalOutput)
                  000077f8    00000018     ti_msp_dl_config.o (.text.DL_GPIO_reset)
                  00007810    00000018     Beep.o (.text.DL_GPIO_setPins)
                  00007828    00000018     Motor.o (.text.DL_GPIO_setPins)
                  00007840    00000018     No_Mcu_Ganv_Grayscale_Sensor.o (.text.DL_GPIO_setPins)
                  00007858    00000018     OLED.o (.text.DL_GPIO_setPins)
                  00007870    00000018     ti_msp_dl_config.o (.text.DL_GPIO_setPins)
                  00007888    00000018     ti_msp_dl_config.o (.text.DL_GPIO_setUpperPinsPolarity)
                  000078a0    00000018     ti_msp_dl_config.o (.text.DL_SYSCTL_setBORThreshold)
                  000078b8    00000018     ti_msp_dl_config.o (.text.DL_Timer_enablePower)
                  000078d0    00000018     ti_msp_dl_config.o (.text.DL_Timer_reset)
                  000078e8    00000018     driverlib.a : dl_timer.o (.text.DL_Timer_setCaptureCompareOutCtl)
                  00007900    00000018     ti_msp_dl_config.o (.text.DL_Timer_setLoadValue)
                  00007918    00000018     ti_msp_dl_config.o (.text.DL_Timer_startCounter)
                  00007930    00000018     ti_msp_dl_config.o (.text.DL_UART_enableDMAReceiveEvent)
                  00007948    00000018     JY62.o (.text.DL_UART_enablePower)
                  00007960    00000018     ti_msp_dl_config.o (.text.DL_UART_enablePower)
                  00007978    00000018     JY62.o (.text.DL_UART_isBusy)
                  00007990    00000018     ti_msp_dl_config.o (.text.DL_UART_reset)
                  000079a8    00000018     ti_msp_dl_config.o (.text.SYSCFG_DL_DMA_CH0_init)
                  000079c0    00000018     libc.a : vsnprintf.c.obj (.text._outc)
                  000079d8    00000016     ti_msp_dl_config.o (.text.DL_ADC12_enableConversions)
                  000079ee    00000016     Knob_drv.o (.text.DL_GPIO_readPins)
                  00007a04    00000016     Motor.o (.text.DL_GPIO_readPins)
                  00007a1a    00000016     JY62.o (.text.DL_UART_enable)
                  00007a30    00000016     ti_msp_dl_config.o (.text.DL_UART_enable)
                  00007a46    00000016     JY62.o (.text.DL_UART_transmitData)
                  00007a5c    00000014     Beep.o (.text.DL_GPIO_clearPins)
                  00007a70    00000014     Motor.o (.text.DL_GPIO_clearPins)
                  00007a84    00000014     No_Mcu_Ganv_Grayscale_Sensor.o (.text.DL_GPIO_clearPins)
                  00007a98    00000014     OLED.o (.text.DL_GPIO_clearPins)
                  00007aac    00000014     ti_msp_dl_config.o (.text.DL_GPIO_clearPins)
                  00007ac0    00000014     ti_msp_dl_config.o (.text.DL_SYSCTL_disableSYSPLL)
                  00007ad4    00000014     ti_msp_dl_config.o (.text.DL_SYSCTL_enableMFCLK)
                  00007ae8    00000014     ti_msp_dl_config.o (.text.DL_Timer_enableClock)
                  00007afc    00000014     ti_msp_dl_config.o (.text.DL_Timer_setCCPDirection)
                  00007b10    00000014     Motor.o (.text.DL_Timer_setTimerCount)
                  00007b24    00000014     JY62.o (.text.DL_UART_receiveData)
                  00007b38    00000014     Easy_Menu_User.o (.text.Jy62_Yaw_Callback)
                  00007b4c    00000014     Motor.o (.text.Motor_B_EncoderInit)
                  00007b60    00000014     Easy_Menu_Page.o (.text.Ordinary_Page_Exit)
                  00007b74    00000014     Easy_Menu_User.o (.text.Track_Pid__Kd_Callback)
                  00007b88    00000014     Easy_Menu_User.o (.text.Track_Pid__Kp_Callback)
                  00007b9c    00000014     libclang_rt.builtins.a : aeabi_uldivmod.S.obj (.text.__aeabi_uldivmod)
                  00007bb0    00000014     libc.a : _printfi.c.obj (.text.strchr)
                  00007bc4    00000012     JY62.o (.text.DL_UART_getPendingInterrupt)
                  00007bd6    00000012     gimbal.o (.text.DL_UART_getPendingInterrupt)
                  00007be8    00000012     driverlib.a : dl_uart.o (.text.DL_UART_setClockConfig)
                  00007bfa    00000012     libc.a : memcpy16.S.obj (.text:TI_memcpy_small)
                  00007c0c    00000012            : copy_decompress_none.c.obj (.text:decompress:none)
                  00007c1e    00000002     --HOLE-- [fill = 0]
                  00007c20    00000010     ti_msp_dl_config.o (.text.DL_SYSCTL_disableHFXT)
                  00007c30    00000010     Motor.o (.text.DL_Timer_getTimerCount)
                  00007c40    00000010     driverlib.a : dl_timer.o (.text.DL_Timer_setCaptureCompareValue)
                  00007c50    00000010     Motor.o (.text.Motor_A_ResetEncoder)
                  00007c60    00000010     libc.a : wcslen.c.obj (.text.wcslen)
                  00007c70    00000010            : copy_zero_init.c.obj (.text:decompress:ZI)
                  00007c80    0000000e     No_Mcu_Ganv_Grayscale_Sensor.o (.text.Get_Digtal_For_User)
                  00007c8e    00000002     --HOLE-- [fill = 0]
                  00007c90    0000000e     libclang_rt.builtins.a : aeabi_memset.S.obj (.text.__aeabi_memset)
                  00007c9e    0000000e     libc.a : _printfi.c.obj (.text.strlen)
                  00007cac    0000000e            : strlen.c.obj (.text.strlen)
                  00007cba    0000000e            : memset16.S.obj (.text:TI_memset_small)
                  00007cc8    0000000c     Motor.o (.text.Motor_B_GetEncoderCnt)
                  00007cd4    0000000c     Motor.o (.text.Motor_B_ResetEncoder)
                  00007ce0    0000000c     ti_msp_dl_config.o (.text.SYSCFG_DL_DMA_init)
                  00007cec    0000000c     ti_msp_dl_config.o (.text.SYSCFG_DL_SYSTICK_init)
                  00007cf8    0000000c     libclang_rt.builtins.a : aeabi_memset.S.obj (.text.__aeabi_memclr)
                  00007d04    0000000a     driverlib.a : dl_common.o (.text.DL_Common_delayCycles)
                  00007d0e    0000000a     Knob_drv.o (.text.Knob_Init)
                  00007d18    0000000a     libc.a : _printfi.c.obj (.text.OUTLINED_FUNCTION_0)
                  00007d22    00000002     --HOLE-- [fill = 0]
                  00007d24    00000010     libclang_rt.builtins.a : adddf3.S.obj (.tramp.__aeabi_dsub.1)
                  00007d34    0000000a     libc.a : _printfi.c.obj (.text.OUTLINED_FUNCTION_1)
                  00007d3e    00000008     Easy_Menu_User.o (.text.Trackline__Round_Callback)
                  00007d46    00000002     --HOLE-- [fill = 0]
                  00007d48    00000008     libc.a : aeabi_portable.c.obj (.text.__aeabi_errno_addr)
                  00007d50    00000008     libclang_rt.builtins.a : aeabi_memcpy.S.obj (.text.__aeabi_memcpy)
                  00007d58    00000006     libc.a : exit.c.obj (.text:abort)
                  00007d5e    00000004     startup_mspm0g350x_ticlang.o (.text.Default_Handler)
                  00007d62    00000004     libsysbm.a : hostexit.c.obj (.text.HOSTexit)
                  00007d66    00000004     startup_mspm0g350x_ticlang.o (.text.Reset_Handler)
                  00007d6a    00000002     --HOLE-- [fill = 0]
                  00007d6c    00000010     libc.a : boot_cortex_m.c.obj (.tramp._c_int00_noargs.1)
                  00007d7c    00000004            : pre_init.c.obj (.text._system_pre_init)

.cinit     0    000087f0    00000090     
                  000087f0    00000067     (.cinit..data.load) [load image, compression = lzss]
                  00008857    00000001     --HOLE-- [fill = 0]
                  00008858    0000000c     (__TI_handler_table)
                  00008864    00000008     (.cinit..bss.load) [load image, compression = zero_init]
                  0000886c    00000010     (__TI_cinit_table)
                  0000887c    00000004     --HOLE-- [fill = 0]

.rodata    0    00007d80    00000a70     
                  00007d80    000005f0     OLED.o (.rodata.asc2_1608)
                  00008370    00000228     OLED.o (.rodata.asc2_0806)
                  00008598    00000008     ti_msp_dl_config.o (.rodata.gADC_line_detectorClockConfig)
                  000085a0    00000101     libc.a : aeabi_ctype.S.obj (.rodata:__aeabi_ctype_table_)
                  000086a1    00000003     ti_msp_dl_config.o (.rodata.gPWM_0ClockConfig)
                  000086a4    00000018     ti_msp_dl_config.o (.rodata.gDMA_CH0Config)
                  000086bc    00000018     ti_msp_dl_config.o (.rodata.gDMA_detector_outConfig)
                  000086d4    00000011     libc.a : _printfi.c.obj (.rodata.str1.10348868589481759720.1)
                  000086e5    00000011            : _printfi.c.obj (.rodata.str1.15363888844622738466.1)
                  000086f6    00000010     Trackline.o (.rodata.WEIGHTS)
                  00008706    0000000e     Easy_Menu_User.o (.rodata.str1.11177260976807265928.1)
                  00008714    0000000c     Easy_Menu_User.o (.rodata.str1.14456782623604785242.1)
                  00008720    0000000b     Easy_Menu_User.o (.rodata.str1.8423479308304406733.1)
                  0000872b    00000001     --HOLE-- [fill = 0]
                  0000872c    0000000a     JY62.o (.rodata.gJY62UartConfig)
                  00008736    0000000a     ti_msp_dl_config.o (.rodata.gUART_0Config)
                  00008740    0000000a     ti_msp_dl_config.o (.rodata.gUART_JY62Config)
                  0000874a    0000000a     ti_msp_dl_config.o (.rodata.gUART_UPConfig)
                  00008754    0000000a     Easy_Menu_User.o (.rodata.str1.1318127491109019352.1)
                  0000875e    0000000a     Easy_Menu_User.o (.rodata.str1.16980020722660603416.1)
                  00008768    0000000a     Easy_Menu_User.o (.rodata.str1.17975632479887315808.1)
                  00008772    00000009     Easy_Menu_User.o (.rodata.str1.15320261422703930955.1)
                  0000877b    00000009     Easy_Menu_User.o (.rodata.str1.3897238317517470892.1)
                  00008784    00000008     ti_msp_dl_config.o (.rodata.gPWM_0Config)
                  0000878c    00000008     Easy_Menu_User.o (.rodata.str1.13332061176481328327.1)
                  00008794    00000007     Easy_Menu_Page.o (.rodata.str1.10162903526471618397.1)
                  0000879b    00000007     Easy_Menu_User.o (.rodata.str1.2853082316097330648.1)
                  000087a2    00000007     Easy_Menu_User.o (.rodata.str1.4408185141669307452.1)
                  000087a9    00000006     Easy_Menu_User.o (.rodata.str1.10308413330439174504.1)
                  000087af    00000006     Easy_Menu_Page.o (.rodata.str1.11602794411890177903.1)
                  000087b5    00000006     Easy_Menu_User.o (.rodata.str1.8128223861994239923.1)
                  000087bb    00000005     Easy_Menu_Page.o (.rodata.str1.10541918737141963520.1)
                  000087c0    00000005     Easy_Menu_User.o (.rodata.str1.11262980610456716024.1)
                  000087c5    00000005     Easy_Menu_Page.o (.rodata.str1.14526947901870425149.1)
                  000087ca    00000005     Easy_Menu_Page.o (.rodata.str1.17342757695734682319.1)
                  000087cf    00000005     Easy_Menu_User.o (.rodata.str1.2484268131311446048.1)
                  000087d4    00000005     Easy_Menu_Page.o (.rodata.str1.2927598468843798870.1)
                  000087d9    00000004     Easy_Menu_User.o (.rodata.str1.16881440453266969404.1)
                  000087dd    00000003     ti_msp_dl_config.o (.rodata.gQEI_0ClockConfig)
                  000087e0    00000002     JY62.o (.rodata.gJY62UartClockConfig)
                  000087e2    00000002     ti_msp_dl_config.o (.rodata.gUART_0ClockConfig)
                  000087e4    00000002     ti_msp_dl_config.o (.rodata.gUART_JY62ClockConfig)
                  000087e6    00000002     ti_msp_dl_config.o (.rodata.gUART_UPClockConfig)
                  000087e8    00000002     Easy_Menu_Page.o (.rodata.str1.6187967722562398102.1)
                  000087ea    00000006     --HOLE-- [fill = 0]

.init_array 
*          0    00000000    00000000     UNINITIALIZED

.binit     0    00000000    00000000     

.bss       0    20200000    00000522     UNINITIALIZED
                  20200000    000000b0     Trackline.o (.bss.sensor)
                  202000b0    000000a0     (.common:easy_menu)
                  20200150    000000a0     (.common:gQEI_0Backup)
                  202001f0    00000050     (.common:ADC_VALUE)
                  20200240    0000002c     (.common:track_pid__kd)
                  2020026c    0000002c     (.common:track_pid__kp)
                  20200298    0000002c     (.common:trackline__round)
                  202002c4    00000028     (.common:Cal_page)
                  202002ec    00000028     (.common:JY62_page)
                  20200314    00000028     (.common:Tasks)
                  2020033c    00000028     (.common:home_page)
                  20200364    00000028     (.common:trackline)
                  2020038c    00000028     (.common:trackline_pid__page)
                  202003b4    00000024     (.common:Lspeed)
                  202003d8    00000024     (.common:Rspeed)
                  202003fc    00000024     (.common:jy62_yaw)
                  20200420    00000024     (.common:jy62_yaw_acc)
                  20200444    00000020     gimbal.o (.bss.g_rx_buf)
                  20200464    00000018     (.common:Cal_black)
                  2020047c    00000018     (.common:Cal_white)
                  20200494    00000018     (.common:trackline_start)
                  202004ac    00000014     (.common:goto__Cal_page)
                  202004c0    00000014     (.common:goto__JY62_page)
                  202004d4    00000014     (.common:goto__Tasks)
                  202004e8    00000014     (.common:goto__trackline)
                  202004fc    00000014     (.common:goto__trackline_pid__page)
                  20200510    00000010     Trackline.o (.bss.Normal)
                  20200520    00000001     Trackline.o (.bss.Digtal)
                  20200521    00000001     gimbal.o (.bss.g_rx_capturing)

.data      0    20200524    00000127     UNINITIALIZED
                  20200524    0000001c     Easy_Menu_User.o (.data.Easy_Menu_Ui_Data)
                  20200540    00000018     Trackline.o (.data.g_Trackline)
                  20200558    00000010     Trackline.o (.data.Anolog)
                  20200568    00000010     Easy_Menu_User.o (.data.JY62_page_items)
                  20200578    00000010     Trackline.o (.data.black)
                  20200588    00000010     Easy_Menu_User.o (.data.home_page_items)
                  20200598    00000010     Trackline.o (.data.white)
                  202005a8    0000000b     JY62.o (.data.rx_buffer)
                  202005b3    00000001     JY62.o (.data.data_index)
                  202005b4    00000008     Easy_Menu_User.o (.data.Cal_page_items)
                  202005bc    00000008     Easy_Menu_User.o (.data.trackline_items)
                  202005c4    00000008     Easy_Menu_User.o (.data.trackline_pid__page_items)
                  202005cc    00000004     Easy_Menu_User.o (.data.Lspeed_Callback.lastEncA)
                  202005d0    00000004     Easy_Menu_User.o (.data.Rspeed_Callback.lastEncB)
                  202005d4    00000004     Easy_Menu_User.o (.data.Tasks_items)
                  202005d8    00000004     libc.a : aeabi_portable.c.obj (.data.__aeabi_errno)
                  202005dc    00000004     JY62.o (.data.ax)
                  202005e0    00000004     JY62.o (.data.ay)
                  202005e4    00000004     JY62.o (.data.az)
                  202005e8    00000004     delay.o (.data.delay_times)
                  202005ec    00000004     delay.o (.data.g_SystemTick)
                  202005f0    00000004     Trackline.o (.data.g_approachTargetYaw)
                  202005f4    00000004     Motor.o (.data.g_encoderB_cnt)
                  202005f8    00000004     Trackline.o (.data.g_initialYaw)
                  202005fc    00000004     Motor.o (.data.g_lastEncA)
                  20200600    00000004     Motor.o (.data.g_lastEncB)
                  20200604    00000004     Motor.o (.data.g_velIntA)
                  20200608    00000004     Motor.o (.data.g_velIntB)
                  2020060c    00000004     Motor.o (.data.g_yawLastError)
                  20200610    00000004     Motor.o (.data.g_yawTarget)
                  20200614    00000004     JY62.o (.data.pitch_angle)
                  20200618    00000004     JY62.o (.data.roll_angle)
                  2020061c    00000004     Beep.o (.data.s_tick_start)
                  20200620    00000004     JY62.o (.data.temperature)
                  20200624    00000004     JY62.o (.data.wx)
                  20200628    00000004     JY62.o (.data.wy)
                  2020062c    00000004     JY62.o (.data.wz)
                  20200630    00000004     JY62.o (.data.yaw_angle)
                  20200634    00000002     Trackline.o (.data.g_approachPulses)
                  20200636    00000002     Beep.o (.data.s_off_time)
                  20200638    00000002     Beep.o (.data.s_on_time)
                  2020063a    00000002     Knob_drv.o (.data.s_press_cnt)
                  2020063c    00000001     JY62.o (.data.frame_started)
                  2020063d    00000001     Knob_drv.o (.data.g_KnobEvent)
                  2020063e    00000001     gimbal.o (.data.g_gimbal_x_done)
                  2020063f    00000001     gimbal.o (.data.g_gimbal_y_done)
                  20200640    00000001     Trackline.o (.data.g_phase)
                  20200641    00000001     Trackline.o (.data.g_turnDir)
                  20200642    00000001     JY62.o (.data.jy62_new_data)
                  20200643    00000001     main.o (.data.main.last_start)
                  20200644    00000001     Knob_drv.o (.data.menu_move)
                  20200645    00000001     Beep.o (.data.s_cycle_cnt)
                  20200646    00000001     Beep.o (.data.s_cycle_target)
                  20200647    00000001     Knob_drv.o (.data.s_debounce_cnt)
                  20200648    00000001     Knob_drv.o (.data.s_long_pressed)
                  20200649    00000001     Beep.o (.data.s_mode)
                  2020064a    00000001     Beep.o (.data.s_state)

.stack     0    20207e00    00000200     UNINITIALIZED
                  20207e00    00000004     libc.a : boot_cortex_m.c.obj (.stack)
                  20207e04    000001fc     --HOLE--

__llvm_prf_cnts 
*          0    20200000    00000000     UNINITIALIZED

__llvm_prf_bits 
*          0    20200000    00000000     UNINITIALIZED

MODULE SUMMARY

       Module                           code    ro data   rw data
       ------                           ----    -------   -------
    .\
       ti_msp_dl_config.o               2972    106       160    
       startup_mspm0g350x_ticlang.o     8       192       0      
       main.o                           148     0         1      
    +--+--------------------------------+-------+---------+---------+
       Total:                           3128    298       161    
                                                                 
    .\APP\
       Trackline.o                      1682    16        277    
       JY62.o                           1572    12        54     
       gimbal.o                         328     0         35     
    +--+--------------------------------+-------+---------+---------+
       Total:                           3582    28        366    
                                                                 
    .\BSP\
       delay.o                          80      0         8      
    +--+--------------------------------+-------+---------+---------+
       Total:                           80      0         8      
                                                                 
    .\Drive\Beep\
       Beep.o                           584     0         12     
    +--+--------------------------------+-------+---------+---------+
       Total:                           584     0         12     
                                                                 
    .\Drive\Grayscale_Sensor\
       No_Mcu_Ganv_Grayscale_Sensor.o   1202    0         0      
       ADC.o                            92      0         80     
    +--+--------------------------------+-------+---------+---------+
       Total:                           1294    0         80     
                                                                 
    .\Drive\Knob\
       Knob_drv.o                       620     0         6      
    +--+--------------------------------+-------+---------+---------+
       Total:                           620     0         6      
                                                                 
    .\Drive\Motor\
       Motor.o                          2134    0         28     
    +--+--------------------------------+-------+---------+---------+
       Total:                           2134    0         28     
                                                                 
    .\Drive\OLED_Drv\
       OLED.o                           1066    2072      0      
    +--+--------------------------------+-------+---------+---------+
       Total:                           1066    2072      0      
                                                                 
    .\Menu\
       Easy_Menu_Page.o                 4552    35        0      
       Easy_Menu_Item.o                 2524    0         0      
       Easy_Menu_User.o                 1180    133       784    
       Easy_Menu.o                      1856    0         160    
       Easy_Menu_Core.o                 360     0         0      
    +--+--------------------------------+-------+---------+---------+
       Total:                           10472   168       944    
                                                                 
    D:/MSP-SDK/mspm0_sdk_2_10_00_04/source/ti/driverlib/lib/ticlang/m0p/mspm0g1x0x_g3x0x/driverlib.a
       dl_timer.o                       356     0         0      
       dl_uart.o                        118     0         0      
       dl_dma.o                         76      0         0      
       dl_adc12.o                       64      0         0      
       dl_common.o                      10      0         0      
    +--+--------------------------------+-------+---------+---------+
       Total:                           624     0         0      
                                                                 
    D:\CCS\ccs\tools\compiler\ti-cgt-armllvm_4.0.4.LTS\lib\armv6m-ti-none-eabi/c/libc.a
       _printfi.c.obj                   4510    34        0      
       aeabi_ctype.S.obj                0       257       0      
       s_scalbn.c.obj                   216     0         0      
       vsnprintf.c.obj                  136     0         0      
       copy_decompress_lzss.c.obj       124     0         0      
       s_frexp.c.obj                    92      0         0      
       _ltoa.c.obj                      88      0         0      
       atoi.c.obj                       64      0         0      
       autoinit.c.obj                   60      0         0      
       boot_cortex_m.c.obj              56      0         0      
       memccpy.c.obj                    34      0         0      
       copy_decompress_none.c.obj       18      0         0      
       memcpy16.S.obj                   18      0         0      
       copy_zero_init.c.obj             16      0         0      
       wcslen.c.obj                     16      0         0      
       memset16.S.obj                   14      0         0      
       strlen.c.obj                     14      0         0      
       aeabi_portable.c.obj             8       0         4      
       exit.c.obj                       6       0         0      
       pre_init.c.obj                   4       0         0      
    +--+--------------------------------+-------+---------+---------+
       Total:                           5494    291       4      
                                                                 
    D:\CCS\ccs\tools\compiler\ti-cgt-armllvm_4.0.4.LTS\lib\armv6m-ti-none-eabi/c/libsysbm.a
       hostexit.c.obj                   4       0         0      
    +--+--------------------------------+-------+---------+---------+
       Total:                           4       0         0      
                                                                 
    D:\CCS\ccs\tools\compiler\ti-cgt-armllvm_4.0.4.LTS\lib\armv6m-ti-none-eabi/libclang_rt.builtins.a
       adddf3.S.obj                     418     0         0      
       divdf3.S.obj                     268     0         0      
       muldf3.S.obj                     228     0         0      
       comparedf2.c.obj                 220     0         0      
       addsf3.S.obj                     216     0         0      
       udivmoddi4.S.obj                 162     0         0      
       mulsf3.S.obj                     140     0         0      
       divsf3.S.obj                     130     0         0      
       comparesf2.S.obj                 118     0         0      
       aeabi_dcmp.S.obj                 98      0         0      
       aeabi_fcmp.S.obj                 98      0         0      
       aeabi_idivmod.S.obj              86      0         0      
       fixdfsi.S.obj                    74      0         0      
       aeabi_uidivmod.S.obj             64      0         0      
       extendsfdf2.S.obj                64      0         0      
       floatsisf.S.obj                  60      0         0      
       muldsi3.S.obj                    58      0         0      
       fixsfsi.S.obj                    56      0         0      
       floatsidf.S.obj                  44      0         0      
       floatunsisf.S.obj                40      0         0      
       floatunsidf.S.obj                36      0         0      
       muldi3.S.obj                     36      0         0      
       ashldi3.S.obj                    30      0         0      
       aeabi_memset.S.obj               26      0         0      
       aeabi_uldivmod.S.obj             20      0         0      
       aeabi_memcpy.S.obj               8       0         0      
       aeabi_div0.c.obj                 4       0         0      
    +--+--------------------------------+-------+---------+---------+
       Total:                           2802    0         0      
                                                                 
       Stack:                           0       0         512    
       Linker Generated:                0       139       0      
    +--+--------------------------------+-------+---------+---------+
       Grand Total:                     31884   2996      2121   


LINKER GENERATED COPY TABLES

__TI_cinit_table @ 0000886c records: 2, size/record: 8, table size: 16
	.data: load addr=000087f0, load size=00000067 bytes, run addr=20200524, run size=00000127 bytes, compression=lzss
	.bss: load addr=00008864, load size=00000008 bytes, run addr=20200000, run size=00000522 bytes, compression=zero_init


LINKER GENERATED HANDLER TABLE

__TI_handler_table @ 00008858 records: 3, size/record: 4, table size: 12
	index: 0, handler: __TI_decompress_lzss
	index: 1, handler: __TI_decompress_none
	index: 2, handler: __TI_zero_init


FAR CALL TRAMPOLINES

callee name               trampoline name
   callee addr  tramp addr   call addr  call info
--------------  -----------  ---------  ----------------
__aeabi_dsub              $Tramp$TT$L$PI$$__aeabi_dsub
   00003831     00007d24     00007d20   libc.a : _printfi.c.obj (.text.OUTLINED_FUNCTION_0)
_c_int00_noargs           $Tramp$TT$L$PI$$_c_int00_noargs
   00007315     00007d6c     00007d66   startup_mspm0g350x_ticlang.o (.text.Reset_Handler)

[2 trampolines]
[2 trampoline calls]


GLOBAL SYMBOLS: SORTED ALPHABETICALLY BY Name 

address   name                                
-------   ----                                
00007d5f  ADC0_IRQHandler                     
00007d5f  ADC1_IRQHandler                     
202001f0  ADC_VALUE                           
00007d5f  AES_IRQHandler                      
00007389  Beep_Stop                           
00004855  Beep_Tick_1ms                       
00004b5d  Beep_Trigger                        
00007d62  C$$EXIT                             
00007d5f  CANFD0_IRQHandler                   
000070bd  Cal_Black_Callback                  
000070e5  Cal_White_Callback                  
20200464  Cal_black                           
202002c4  Cal_page                            
202005b4  Cal_page_items                      
2020047c  Cal_white                           
000060ff  Compare_String                      
00007d5f  DAC0_IRQHandler                     
000066b9  DL_ADC12_setClockConfig             
00007d05  DL_Common_delayCycles               
00006391  DL_DMA_initChannel                  
000042e1  DL_Timer_initFourCCPWMMode          
000076ad  DL_Timer_setCaptCompUpdateMethod    
000078e9  DL_Timer_setCaptureCompareOutCtl    
00007c41  DL_Timer_setCaptureCompareValue     
000076c9  DL_Timer_setClockConfig             
00006559  DL_UART_init                        
00007701  DL_UART_receiveDataCheck            
00007be9  DL_UART_setClockConfig              
00007d5f  DMA_IRQHandler                      
00004921  Data_Item_Init                      
00001261  Data_Item_Input                     
00007d5f  Default_Handler                     
00007091  Display_Char                        
00006ddd  Display_Char_Line                   
00005e35  Easy_Menu_All_Clear                 
00001ecd  Easy_Menu_All_Update                
00005199  Easy_Menu_Area_Clear                
000057d9  Easy_Menu_Display                   
00006631  Easy_Menu_Display_Char              
000053d5  Easy_Menu_Display_String            
00005229  Easy_Menu_Goto_Page                 
00006935  Easy_Menu_Init                      
000071ad  Easy_Menu_Input                     
00006971  Easy_Menu_Printf                    
20200524  Easy_Menu_Ui_Data                   
00002afd  Easy_Menu_Ui_Init                   
00007d5f  GROUP0_IRQHandler                   
00006f89  GROUP1_IRQHandler                   
000049ed  Get_Analog_value                    
00006ca9  Get_Anolog_Value                    
00007c81  Get_Digtal_For_User                 
00006bc7  Get_Normalize_For_User              
00006ce1  Goto_Item_Init                      
00006f2d  Goto_Item_Input                     
00007d63  HOSTexit                            
00007d5f  HardFault_Handler                   
00007d5f  I2C0_IRQHandler                     
00007d5f  I2C1_IRQHandler                     
00006d15  I2C_Start                           
000071d5  I2C_Stop                            
000071fd  I2C_WaitAck                         
000045c5  JY62_ConfigMode                     
00005761  JY62_Init                           
00002ddd  JY62_ProcessData                    
00007225  JY62_Task                           
202002ec  JY62_page                           
20200568  JY62_page_items                     
00004aa5  Jy62_Yaw_Acc_Callback               
00007b39  Jy62_Yaw_Callback                   
00005a1d  Knob_EXTI_Handler                   
00007d0f  Knob_Init                           
00004fd5  Knob_Tick_1ms                       
00004d61  Knob_get                            
202003b4  Lspeed                              
0000724d  Lspeed_Callback                     
000073d1  Motor_A_GetEncoderCnt               
00007c51  Motor_A_ResetEncoder                
00004e01  Motor_A_SetSpeed                    
000055e9  Motor_B_EncoderIRQHandler           
00007b4d  Motor_B_EncoderInit                 
00007cc9  Motor_B_GetEncoderCnt               
00007cd5  Motor_B_ResetEncoder                
00004e9d  Motor_B_SetSpeed                    
00006c01  Motor_Brake                         
00006c39  Motor_Coast                         
00006e0d  Motor_Init                          
00006e3d  Motor_ResetSpeedControl             
00007275  Motor_SetSpeed                      
00003661  Motor_SpeedControl                  
00003b51  Motor_YawControl                    
0000506d  Motor_YawIsAtTarget                 
0000771d  Motor_YawSetTarget                  
00007d5f  NMI_Handler                         
00003cd9  No_MCU_Ganv_Sensor_Init             
000059a9  No_MCU_Ganv_Sensor_Init_Frist       
00006675  No_Mcu_Ganv_Sensor_Task_Without_tick
00005bcd  OLED_Clear                          
000043e5  OLED_Init                           
000069ad  OLED_Set_Pos                        
000040bd  OLED_ShowChar                       
00006341  OLED_WR_Byte                        
00003489  Ordinary_Page_Display               
0000236d  Ordinary_Page_Enter                 
00007b61  Ordinary_Page_Exit                  
00005669  Ordinary_Page_Init                  
00000a91  Ordinary_Page_Input                 
00002799  Ordinary_Page_Refresh               
00007d5f  PendSV_Handler                      
00007d5f  RTC_IRQHandler                      
00007d67  Reset_Handler                       
202003d8  Rspeed                              
0000729d  Rspeed_Callback                     
00007d5f  SPI0_IRQHandler                     
00007d5f  SPI1_IRQHandler                     
00007d5f  SVC_Handler                         
00005a89  SYSCFG_DL_ADC_line_detector_init    
000079a9  SYSCFG_DL_DMA_CH0_init              
000072c5  SYSCFG_DL_DMA_detector_out_init     
00007ce1  SYSCFG_DL_DMA_init                  
000039c5  SYSCFG_DL_GPIO_init                 
000052b9  SYSCFG_DL_PWM_0_init                
000062a1  SYSCFG_DL_QEI_0_init                
00006d49  SYSCFG_DL_SYSCTL_init               
00007ced  SYSCFG_DL_SYSTICK_init              
000065a1  SYSCFG_DL_UART_0_init               
000066f9  SYSCFG_DL_UART_JY62_init            
00006739  SYSCFG_DL_UART_UP_init              
000069e9  SYSCFG_DL_init                      
00004f39  SYSCFG_DL_initPower                 
0000584d  Send_Byte                           
000061fd  Show_Item_Init                      
00006779  Switch_Item_Init                    
00005f49  Switch_Item_Input                   
00006e6d  SysTick_Handler                     
00007d5f  TIMA0_IRQHandler                    
00007d5f  TIMA1_IRQHandler                    
00007d5f  TIMG0_IRQHandler                    
00007d5f  TIMG12_IRQHandler                   
00007d5f  TIMG6_IRQHandler                    
00007d5f  TIMG7_IRQHandler                    
00007d5f  TIMG8_IRQHandler                    
00007bfb  TI_memcpy_small                     
00007cbb  TI_memset_small                     
20200314  Tasks                               
202005d4  Tasks_items                         
00007b75  Track_Pid__Kd_Callback              
00007b89  Track_Pid__Kp_Callback              
00005af5  Trackline_Calibrate_Black           
00005fa1  Trackline_Calibrate_White           
000061a9  Trackline_Init                      
000067b9  Trackline_Reset                     
000074a1  Trackline_Start_Callback            
00001a25  Trackline_Task                      
00007d3f  Trackline__Round_Callback           
000065e9  UART0_IRQHandler                    
00006e9d  UART1_IRQHandler                    
00007d5f  UART2_IRQHandler                    
00007d5f  UART3_IRQHandler                    
20208000  __STACK_END                         
00000200  __STACK_SIZE                        
00000000  __TI_ATRegion0_region_sz            
00000000  __TI_ATRegion0_src_addr             
00000000  __TI_ATRegion0_trg_addr             
00000000  __TI_ATRegion1_region_sz            
00000000  __TI_ATRegion1_src_addr             
00000000  __TI_ATRegion1_trg_addr             
00000000  __TI_ATRegion2_region_sz            
00000000  __TI_ATRegion2_src_addr             
00000000  __TI_ATRegion2_trg_addr             
0000886c  __TI_CINIT_Base                     
0000887c  __TI_CINIT_Limit                    
0000887c  __TI_CINIT_Warm                     
00008858  __TI_Handler_Table_Base             
00008864  __TI_Handler_Table_Limit            
00006b15  __TI_auto_init_nobinit_nopinit      
000056e5  __TI_decompress_lzss                
00007c0d  __TI_decompress_none                
00005ff9  __TI_ltoa                           
ffffffff  __TI_pprof_out_hndl                 
000000c1  __TI_printfi                        
ffffffff  __TI_prof_data_size                 
ffffffff  __TI_prof_data_start                
00000000  __TI_static_base__                  
00007c71  __TI_zero_init                      
0000383b  __adddf3                            
00004787  __addsf3                            
000085a0  __aeabi_ctype_table_                
000085a0  __aeabi_ctype_table_C               
0000650d  __aeabi_d2iz                        
0000383b  __aeabi_dadd                        
00005d6d  __aeabi_dcmpeq                      
00005da9  __aeabi_dcmpge                      
00005dbd  __aeabi_dcmpgt                      
00005d95  __aeabi_dcmple                      
00005d81  __aeabi_dcmplt                      
000041d5  __aeabi_ddiv                        
000044e1  __aeabi_dmul                        
00003831  __aeabi_dsub                        
202005d8  __aeabi_errno                       
00007d49  __aeabi_errno_addr                  
00006839  __aeabi_f2d                         
00006c71  __aeabi_f2iz                        
00004787  __aeabi_fadd                        
00005dd1  __aeabi_fcmpeq                      
00005e0d  __aeabi_fcmpge                      
00005e21  __aeabi_fcmpgt                      
00005df9  __aeabi_fcmple                      
00005de5  __aeabi_fcmplt                      
00005565  __aeabi_fdiv                        
00005349  __aeabi_fmul                        
0000477d  __aeabi_fsub                        
00007065  __aeabi_i2d                         
00006a25  __aeabi_i2f                         
000060a9  __aeabi_idiv                        
000039c3  __aeabi_idiv0                       
000060a9  __aeabi_idivmod                     
000044df  __aeabi_ldiv0                       
0000753d  __aeabi_llsl                        
00007419  __aeabi_lmul                        
00007cf9  __aeabi_memclr                      
00007cf9  __aeabi_memclr4                     
00007cf9  __aeabi_memclr8                     
00007d51  __aeabi_memcpy                      
00007d51  __aeabi_memcpy4                     
00007d51  __aeabi_memcpy8                     
00007c91  __aeabi_memset                      
00007c91  __aeabi_memset4                     
00007c91  __aeabi_memset8                     
000073f5  __aeabi_ui2d                        
000072ed  __aeabi_ui2f                        
000067f9  __aeabi_uidiv                       
000067f9  __aeabi_uidivmod                    
00007b9d  __aeabi_uldivmod                    
0000753d  __ashldi3                           
ffffffff  __binit__                           
00005c39  __cmpdf2                            
00006b51  __cmpsf2                            
000041d5  __divdf3                            
00005565  __divsf3                            
00005c39  __eqdf2                             
00006b51  __eqsf2                             
00006839  __extendsfdf2                       
0000650d  __fixdfsi                           
00006c71  __fixsfsi                           
00007065  __floatsidf                         
00006a25  __floatsisf                         
000073f5  __floatunsidf                       
000072ed  __floatunsisf                       
000058c1  __gedf2                             
00006a61  __gesf2                             
000058c1  __gtdf2                             
00006a61  __gtsf2                             
00005c39  __ledf2                             
00006b51  __lesf2                             
00005c39  __ltdf2                             
00006b51  __ltsf2                             
UNDEFED   __mpu_init                          
000044e1  __muldf3                            
00007419  __muldi3                            
00006b8d  __muldsi3                           
00005349  __mulsf3                            
00005c39  __nedf2                             
00006b51  __nesf2                             
20207e00  __stack                             
20200000  __start___llvm_prf_bits             
20200000  __start___llvm_prf_cnts             
20200000  __stop___llvm_prf_bits              
20200000  __stop___llvm_prf_cnts              
00003831  __subdf3                            
0000477d  __subsf3                            
00004cbd  __udivmoddi4                        
00007315  _c_int00_noargs                     
UNDEFED   _system_post_cinit                  
00007d7d  _system_pre_init                    
00007d59  abort                               
00005e91  adc_getValue                        
00008370  asc2_0806                           
00007d80  asc2_1608                           
00006879  atoi                                
202005dc  ax                                  
202005e0  ay                                  
202005e4  az                                  
ffffffff  binit                               
00005b61  convertAnalogToDigital              
000074c1  delay_ms                            
202005e8  delay_times                         
202000b0  easy_menu                           
00005eed  frexp                               
00005eed  frexpl                              
20200150  gQEI_0Backup                        
2020063d  g_KnobEvent                         
202005ec  g_SystemTick                        
20200540  g_Trackline                         
2020063e  g_gimbal_x_done                     
2020063f  g_gimbal_y_done                     
202004ac  goto__Cal_page                      
202004c0  goto__JY62_page                     
202004d4  goto__Tasks                         
202004e8  goto__trackline                     
202004fc  goto__trackline_pid__page           
2020033c  home_page                           
20200588  home_page_items                     
00000000  interruptVectors                    
20200642  jy62_new_data                       
202003fc  jy62_yaw                            
20200420  jy62_yaw_acc                        
000046a5  ldexp                               
000046a5  ldexpl                              
00005105  main                                
0000743d  memccpy                             
20200644  menu_move                           
00004c11  normalizeAnalogValues               
20200614  pitch_angle                         
20200618  roll_angle                          
000046a5  scalbn                              
000046a5  scalbnl                             
00007cad  strlen                              
20200620  temperature                         
20200240  track_pid__kd                       
2020026c  track_pid__kp                       
20200364  trackline                           
20200298  trackline__round                    
202005bc  trackline_items                     
2020038c  trackline_pid__page                 
202005c4  trackline_pid__page_items           
20200494  trackline_start                     
000068b9  vsnprintf                           
00007c61  wcslen                              
20200624  wx                                  
20200628  wy                                  
2020062c  wz                                  
20200630  yaw_angle                           


GLOBAL SYMBOLS: SORTED BY Symbol Address 

address   name                                
-------   ----                                
00000000  __TI_ATRegion0_region_sz            
00000000  __TI_ATRegion0_src_addr             
00000000  __TI_ATRegion0_trg_addr             
00000000  __TI_ATRegion1_region_sz            
00000000  __TI_ATRegion1_src_addr             
00000000  __TI_ATRegion1_trg_addr             
00000000  __TI_ATRegion2_region_sz            
00000000  __TI_ATRegion2_src_addr             
00000000  __TI_ATRegion2_trg_addr             
00000000  __TI_static_base__                  
00000000  interruptVectors                    
000000c1  __TI_printfi                        
00000200  __STACK_SIZE                        
00000a91  Ordinary_Page_Input                 
00001261  Data_Item_Input                     
00001a25  Trackline_Task                      
00001ecd  Easy_Menu_All_Update                
0000236d  Ordinary_Page_Enter                 
00002799  Ordinary_Page_Refresh               
00002afd  Easy_Menu_Ui_Init                   
00002ddd  JY62_ProcessData                    
00003489  Ordinary_Page_Display               
00003661  Motor_SpeedControl                  
00003831  __aeabi_dsub                        
00003831  __subdf3                            
0000383b  __adddf3                            
0000383b  __aeabi_dadd                        
000039c3  __aeabi_idiv0                       
000039c5  SYSCFG_DL_GPIO_init                 
00003b51  Motor_YawControl                    
00003cd9  No_MCU_Ganv_Sensor_Init             
000040bd  OLED_ShowChar                       
000041d5  __aeabi_ddiv                        
000041d5  __divdf3                            
000042e1  DL_Timer_initFourCCPWMMode          
000043e5  OLED_Init                           
000044df  __aeabi_ldiv0                       
000044e1  __aeabi_dmul                        
000044e1  __muldf3                            
000045c5  JY62_ConfigMode                     
000046a5  ldexp                               
000046a5  ldexpl                              
000046a5  scalbn                              
000046a5  scalbnl                             
0000477d  __aeabi_fsub                        
0000477d  __subsf3                            
00004787  __addsf3                            
00004787  __aeabi_fadd                        
00004855  Beep_Tick_1ms                       
00004921  Data_Item_Init                      
000049ed  Get_Analog_value                    
00004aa5  Jy62_Yaw_Acc_Callback               
00004b5d  Beep_Trigger                        
00004c11  normalizeAnalogValues               
00004cbd  __udivmoddi4                        
00004d61  Knob_get                            
00004e01  Motor_A_SetSpeed                    
00004e9d  Motor_B_SetSpeed                    
00004f39  SYSCFG_DL_initPower                 
00004fd5  Knob_Tick_1ms                       
0000506d  Motor_YawIsAtTarget                 
00005105  main                                
00005199  Easy_Menu_Area_Clear                
00005229  Easy_Menu_Goto_Page                 
000052b9  SYSCFG_DL_PWM_0_init                
00005349  __aeabi_fmul                        
00005349  __mulsf3                            
000053d5  Easy_Menu_Display_String            
00005565  __aeabi_fdiv                        
00005565  __divsf3                            
000055e9  Motor_B_EncoderIRQHandler           
00005669  Ordinary_Page_Init                  
000056e5  __TI_decompress_lzss                
00005761  JY62_Init                           
000057d9  Easy_Menu_Display                   
0000584d  Send_Byte                           
000058c1  __gedf2                             
000058c1  __gtdf2                             
000059a9  No_MCU_Ganv_Sensor_Init_Frist       
00005a1d  Knob_EXTI_Handler                   
00005a89  SYSCFG_DL_ADC_line_detector_init    
00005af5  Trackline_Calibrate_Black           
00005b61  convertAnalogToDigital              
00005bcd  OLED_Clear                          
00005c39  __cmpdf2                            
00005c39  __eqdf2                             
00005c39  __ledf2                             
00005c39  __ltdf2                             
00005c39  __nedf2                             
00005d6d  __aeabi_dcmpeq                      
00005d81  __aeabi_dcmplt                      
00005d95  __aeabi_dcmple                      
00005da9  __aeabi_dcmpge                      
00005dbd  __aeabi_dcmpgt                      
00005dd1  __aeabi_fcmpeq                      
00005de5  __aeabi_fcmplt                      
00005df9  __aeabi_fcmple                      
00005e0d  __aeabi_fcmpge                      
00005e21  __aeabi_fcmpgt                      
00005e35  Easy_Menu_All_Clear                 
00005e91  adc_getValue                        
00005eed  frexp                               
00005eed  frexpl                              
00005f49  Switch_Item_Input                   
00005fa1  Trackline_Calibrate_White           
00005ff9  __TI_ltoa                           
000060a9  __aeabi_idiv                        
000060a9  __aeabi_idivmod                     
000060ff  Compare_String                      
000061a9  Trackline_Init                      
000061fd  Show_Item_Init                      
000062a1  SYSCFG_DL_QEI_0_init                
00006341  OLED_WR_Byte                        
00006391  DL_DMA_initChannel                  
0000650d  __aeabi_d2iz                        
0000650d  __fixdfsi                           
00006559  DL_UART_init                        
000065a1  SYSCFG_DL_UART_0_init               
000065e9  UART0_IRQHandler                    
00006631  Easy_Menu_Display_Char              
00006675  No_Mcu_Ganv_Sensor_Task_Without_tick
000066b9  DL_ADC12_setClockConfig             
000066f9  SYSCFG_DL_UART_JY62_init            
00006739  SYSCFG_DL_UART_UP_init              
00006779  Switch_Item_Init                    
000067b9  Trackline_Reset                     
000067f9  __aeabi_uidiv                       
000067f9  __aeabi_uidivmod                    
00006839  __aeabi_f2d                         
00006839  __extendsfdf2                       
00006879  atoi                                
000068b9  vsnprintf                           
00006935  Easy_Menu_Init                      
00006971  Easy_Menu_Printf                    
000069ad  OLED_Set_Pos                        
000069e9  SYSCFG_DL_init                      
00006a25  __aeabi_i2f                         
00006a25  __floatsisf                         
00006a61  __gesf2                             
00006a61  __gtsf2                             
00006b15  __TI_auto_init_nobinit_nopinit      
00006b51  __cmpsf2                            
00006b51  __eqsf2                             
00006b51  __lesf2                             
00006b51  __ltsf2                             
00006b51  __nesf2                             
00006b8d  __muldsi3                           
00006bc7  Get_Normalize_For_User              
00006c01  Motor_Brake                         
00006c39  Motor_Coast                         
00006c71  __aeabi_f2iz                        
00006c71  __fixsfsi                           
00006ca9  Get_Anolog_Value                    
00006ce1  Goto_Item_Init                      
00006d15  I2C_Start                           
00006d49  SYSCFG_DL_SYSCTL_init               
00006ddd  Display_Char_Line                   
00006e0d  Motor_Init                          
00006e3d  Motor_ResetSpeedControl             
00006e6d  SysTick_Handler                     
00006e9d  UART1_IRQHandler                    
00006f2d  Goto_Item_Input                     
00006f89  GROUP1_IRQHandler                   
00007065  __aeabi_i2d                         
00007065  __floatsidf                         
00007091  Display_Char                        
000070bd  Cal_Black_Callback                  
000070e5  Cal_White_Callback                  
000071ad  Easy_Menu_Input                     
000071d5  I2C_Stop                            
000071fd  I2C_WaitAck                         
00007225  JY62_Task                           
0000724d  Lspeed_Callback                     
00007275  Motor_SetSpeed                      
0000729d  Rspeed_Callback                     
000072c5  SYSCFG_DL_DMA_detector_out_init     
000072ed  __aeabi_ui2f                        
000072ed  __floatunsisf                       
00007315  _c_int00_noargs                     
00007389  Beep_Stop                           
000073d1  Motor_A_GetEncoderCnt               
000073f5  __aeabi_ui2d                        
000073f5  __floatunsidf                       
00007419  __aeabi_lmul                        
00007419  __muldi3                            
0000743d  memccpy                             
000074a1  Trackline_Start_Callback            
000074c1  delay_ms                            
0000753d  __aeabi_llsl                        
0000753d  __ashldi3                           
000076ad  DL_Timer_setCaptCompUpdateMethod    
000076c9  DL_Timer_setClockConfig             
00007701  DL_UART_receiveDataCheck            
0000771d  Motor_YawSetTarget                  
000078e9  DL_Timer_setCaptureCompareOutCtl    
000079a9  SYSCFG_DL_DMA_CH0_init              
00007b39  Jy62_Yaw_Callback                   
00007b4d  Motor_B_EncoderInit                 
00007b61  Ordinary_Page_Exit                  
00007b75  Track_Pid__Kd_Callback              
00007b89  Track_Pid__Kp_Callback              
00007b9d  __aeabi_uldivmod                    
00007be9  DL_UART_setClockConfig              
00007bfb  TI_memcpy_small                     
00007c0d  __TI_decompress_none                
00007c41  DL_Timer_setCaptureCompareValue     
00007c51  Motor_A_ResetEncoder                
00007c61  wcslen                              
00007c71  __TI_zero_init                      
00007c81  Get_Digtal_For_User                 
00007c91  __aeabi_memset                      
00007c91  __aeabi_memset4                     
00007c91  __aeabi_memset8                     
00007cad  strlen                              
00007cbb  TI_memset_small                     
00007cc9  Motor_B_GetEncoderCnt               
00007cd5  Motor_B_ResetEncoder                
00007ce1  SYSCFG_DL_DMA_init                  
00007ced  SYSCFG_DL_SYSTICK_init              
00007cf9  __aeabi_memclr                      
00007cf9  __aeabi_memclr4                     
00007cf9  __aeabi_memclr8                     
00007d05  DL_Common_delayCycles               
00007d0f  Knob_Init                           
00007d3f  Trackline__Round_Callback           
00007d49  __aeabi_errno_addr                  
00007d51  __aeabi_memcpy                      
00007d51  __aeabi_memcpy4                     
00007d51  __aeabi_memcpy8                     
00007d59  abort                               
00007d5f  ADC0_IRQHandler                     
00007d5f  ADC1_IRQHandler                     
00007d5f  AES_IRQHandler                      
00007d5f  CANFD0_IRQHandler                   
00007d5f  DAC0_IRQHandler                     
00007d5f  DMA_IRQHandler                      
00007d5f  Default_Handler                     
00007d5f  GROUP0_IRQHandler                   
00007d5f  HardFault_Handler                   
00007d5f  I2C0_IRQHandler                     
00007d5f  I2C1_IRQHandler                     
00007d5f  NMI_Handler                         
00007d5f  PendSV_Handler                      
00007d5f  RTC_IRQHandler                      
00007d5f  SPI0_IRQHandler                     
00007d5f  SPI1_IRQHandler                     
00007d5f  SVC_Handler                         
00007d5f  TIMA0_IRQHandler                    
00007d5f  TIMA1_IRQHandler                    
00007d5f  TIMG0_IRQHandler                    
00007d5f  TIMG12_IRQHandler                   
00007d5f  TIMG6_IRQHandler                    
00007d5f  TIMG7_IRQHandler                    
00007d5f  TIMG8_IRQHandler                    
00007d5f  UART2_IRQHandler                    
00007d5f  UART3_IRQHandler                    
00007d62  C$$EXIT                             
00007d63  HOSTexit                            
00007d67  Reset_Handler                       
00007d7d  _system_pre_init                    
00007d80  asc2_1608                           
00008370  asc2_0806                           
000085a0  __aeabi_ctype_table_                
000085a0  __aeabi_ctype_table_C               
00008858  __TI_Handler_Table_Base             
00008864  __TI_Handler_Table_Limit            
0000886c  __TI_CINIT_Base                     
0000887c  __TI_CINIT_Limit                    
0000887c  __TI_CINIT_Warm                     
20200000  __start___llvm_prf_bits             
20200000  __start___llvm_prf_cnts             
20200000  __stop___llvm_prf_bits              
20200000  __stop___llvm_prf_cnts              
202000b0  easy_menu                           
20200150  gQEI_0Backup                        
202001f0  ADC_VALUE                           
20200240  track_pid__kd                       
2020026c  track_pid__kp                       
20200298  trackline__round                    
202002c4  Cal_page                            
202002ec  JY62_page                           
20200314  Tasks                               
2020033c  home_page                           
20200364  trackline                           
2020038c  trackline_pid__page                 
202003b4  Lspeed                              
202003d8  Rspeed                              
202003fc  jy62_yaw                            
20200420  jy62_yaw_acc                        
20200464  Cal_black                           
2020047c  Cal_white                           
20200494  trackline_start                     
202004ac  goto__Cal_page                      
202004c0  goto__JY62_page                     
202004d4  goto__Tasks                         
202004e8  goto__trackline                     
202004fc  goto__trackline_pid__page           
20200524  Easy_Menu_Ui_Data                   
20200540  g_Trackline                         
20200568  JY62_page_items                     
20200588  home_page_items                     
202005b4  Cal_page_items                      
202005bc  trackline_items                     
202005c4  trackline_pid__page_items           
202005d4  Tasks_items                         
202005d8  __aeabi_errno                       
202005dc  ax                                  
202005e0  ay                                  
202005e4  az                                  
202005e8  delay_times                         
202005ec  g_SystemTick                        
20200614  pitch_angle                         
20200618  roll_angle                          
20200620  temperature                         
20200624  wx                                  
20200628  wy                                  
2020062c  wz                                  
20200630  yaw_angle                           
2020063d  g_KnobEvent                         
2020063e  g_gimbal_x_done                     
2020063f  g_gimbal_y_done                     
20200642  jy62_new_data                       
20200644  menu_move                           
20207e00  __stack                             
20208000  __STACK_END                         
ffffffff  __TI_pprof_out_hndl                 
ffffffff  __TI_prof_data_size                 
ffffffff  __TI_prof_data_start                
ffffffff  __binit__                           
ffffffff  binit                               
UNDEFED   __mpu_init                          
UNDEFED   _system_post_cinit                  

[332 symbols]
