******************************************************************************
            TI ARM Clang Linker PC v4.0.4                      
******************************************************************************
>> Linked Wed Apr 22 22:03:54 2026

OUTPUT FILE NAME:   <optoelectronicrace_26.out>
ENTRY POINT SYMBOL: "_c_int00_noargs"  address: 00005541


MEMORY CONFIGURATION

         name            origin    length      used     unused   attr    fill
----------------------  --------  ---------  --------  --------  ----  --------
  FLASH                 00000000   00020000  00006650  000199b0  R  X
  SRAM                  20200000   00008000  0000063d  000079c3  RW X
  BCR_CONFIG            41c00000   000000ff  00000000  000000ff  R   
  BSL_CONFIG            41c00100   00000080  00000000  00000080  R   


SEGMENT ALLOCATION MAP

run origin  load origin   length   init length attrs members
----------  ----------- ---------- ----------- ----- -------
00000000    00000000    00006650   00006650    r-x
  00000000    00000000    000000c0   000000c0    r-- .intvecs
  000000c0    000000c0    00005b00   00005b00    r-x .text
  00005bc0    00005bc0    00000a40   00000a40    r-- .rodata
  00006600    00006600    00000050   00000050    r-- .cinit
20200000    20200000    00000440   00000000    rw-
  20200000    20200000    000002d9   00000000    rw- .bss
  202002dc    202002dc    00000164   00000000    rw- .data
20207e00    20207e00    00000200   00000000    rw-
  20207e00    20207e00    00000200   00000000    rw- .stack


SECTION ALLOCATION MAP

 output                                  attributes/
section   page    origin      length       input sections
--------  ----  ----------  ----------   ----------------
.intvecs   0    00000000    000000c0     
                  00000000    000000c0     startup_mspm0g350x_ticlang.o (.intvecs)

.text      0    000000c0    00005b00     
                  000000c0    000009d0     libc.a : _printfi.c.obj (.text:__TI_printfi)
                  00000a90    000007d0     Easy_Menu_Page.o (.text.Ordinary_Page_Input)
                  00001260    000007c4     Easy_Menu_Item.o (.text.Data_Item_Input)
                  00001a24    000004a0     Easy_Menu.o (.text.Easy_Menu_All_Update)
                  00001ec4    0000042c     Easy_Menu_Page.o (.text.Ordinary_Page_Enter)
                  000022f0    00000364     Easy_Menu_Page.o (.text.Ordinary_Page_Refresh)
                  00002654    00000220     libc.a : _printfi.c.obj (.text._pconv_a)
                  00002874    000001dc            : _printfi.c.obj (.text._pconv_g)
                  00002a50    000001d8     Easy_Menu_Page.o (.text.Ordinary_Page_Display)
                  00002c28    00000192     libclang_rt.builtins.a : adddf3.S.obj (.text.adddf3_subdf3)
                  00002dba    00000002                            : aeabi_div0.c.obj (.text.__aeabi_idiv0)
                  00002dbc    00000190     main.o (.text.main)
                  00002f4c    00000188     No_Mcu_Ganv_Grayscale_Sensor.o (.text.No_MCU_Ganv_Sensor_Init)
                  000030d4    00000154     Easy_Menu_User.o (.text.Easy_Menu_Ui_Init)
                  00003228    0000013c     libc.a : _printfi.c.obj (.text.fcvt)
                  00003364    00000120            : _printfi.c.obj (.text._pconv_e)
                  00003484    00000118     OLED.o (.text.OLED_ShowChar)
                  0000359c    0000010c     libclang_rt.builtins.a : divdf3.S.obj (.text.__divdf3)
                  000036a8    000000fa     OLED.o (.text.OLED_Init)
                  000037a2    00000002     libclang_rt.builtins.a : aeabi_div0.c.obj (.text.__aeabi_ldiv0)
                  000037a4    000000e4                            : muldf3.S.obj (.text.__muldf3)
                  00003888    000000dc     ti_msp_dl_config.o (.text.SYSCFG_DL_GPIO_init)
                  00003964    000000d8     libc.a : s_scalbn.c.obj (.text.scalbn)
                  00003a3c    000000d8     libclang_rt.builtins.a : addsf3.S.obj (.text)
                  00003b14    000000cc     Easy_Menu_Item.o (.text.Data_Item_Init)
                  00003be0    000000b8     No_Mcu_Ganv_Grayscale_Sensor.o (.text.Get_Analog_value)
                  00003c98    000000aa     No_Mcu_Ganv_Grayscale_Sensor.o (.text.normalizeAnalogValues)
                  00003d42    00000002     --HOLE-- [fill = 0]
                  00003d44    000000a2     libclang_rt.builtins.a : udivmoddi4.S.obj (.text)
                  00003de6    00000002     --HOLE-- [fill = 0]
                  00003de8    00000090     Easy_Menu.o (.text.Easy_Menu_Area_Clear)
                  00003e78    00000090     Easy_Menu_Core.o (.text.Easy_Menu_Goto_Page)
                  00003f08    00000086     Easy_Menu.o (.text.Easy_Menu_Display_String)
                  00003f8e    00000002     --HOLE-- [fill = 0]
                  00003f90    00000084     ti_msp_dl_config.o (.text.__NVIC_SetPriority)
                  00004014    00000080     Knob_drv.o (.text.Knob_Tick_1ms)
                  00004094    0000007c     Easy_Menu_Page.o (.text.Ordinary_Page_Init)
                  00004110    0000007c     libc.a : copy_decompress_lzss.c.obj (.text:decompress:lzss)
                  0000418c    00000074     OLED.o (.text.Send_Byte)
                  00004200    00000074     libclang_rt.builtins.a : comparedf2.c.obj (.text.__gedf2)
                  00004274    00000072     No_Mcu_Ganv_Grayscale_Sensor.o (.text.No_MCU_Ganv_Sensor_Init_Frist)
                  000042e6    00000002     --HOLE-- [fill = 0]
                  000042e8    00000070     ti_msp_dl_config.o (.text.SYSCFG_DL_ADC_line_detector_init)
                  00004358    00000070     ADC.o (.text.adc_getValue)
                  000043c8    0000006c     No_Mcu_Ganv_Grayscale_Sensor.o (.text.convertAnalogToDigital)
                  00004434    0000006a     OLED.o (.text.OLED_Clear)
                  0000449e    00000002     --HOLE-- [fill = 0]
                  000044a0    00000068     ti_msp_dl_config.o (.text.SYSCFG_DL_initPower)
                  00004508    00000068     libclang_rt.builtins.a : comparedf2.c.obj (.text.__ledf2)
                  00004570    00000066     libc.a : _printfi.c.obj (.text._mcpy)
                  000045d6    00000002     --HOLE-- [fill = 0]
                  000045d8    00000064     ti_msp_dl_config.o (.text.DL_ADC12_initSingleSample)
                  0000463c    00000062     libclang_rt.builtins.a : aeabi_dcmp.S.obj (.text.__aeabi_dcmp)
                  0000469e    00000002     --HOLE-- [fill = 0]
                  000046a0    00000062                            : aeabi_fcmp.S.obj (.text.__aeabi_fcmp)
                  00004702    00000002     --HOLE-- [fill = 0]
                  00004704    0000005c     Easy_Menu.o (.text.Easy_Menu_All_Clear)
                  00004760    0000005c     libc.a : s_frexp.c.obj (.text.frexp)
                  000047bc    00000058     Easy_Menu_Item.o (.text.Switch_Item_Input)
                  00004814    00000058     libc.a : _ltoa.c.obj (.text.__TI_ltoa)
                  0000486c    00000058            : _printfi.c.obj (.text._pconv_f)
                  000048c4    00000056     libclang_rt.builtins.a : aeabi_idivmod.S.obj (.text.__aeabi_idivmod)
                  0000491a    00000054     Easy_Menu.o (.text.Compare_String)
                  0000496e    00000002     --HOLE-- [fill = 0]
                  00004970    00000054     Knob_drv.o (.text.Knob_EXTI_Handler)
                  000049c4    00000052     libc.a : _printfi.c.obj (.text._ecpy)
                  00004a16    00000002     --HOLE-- [fill = 0]
                  00004a18    00000050     ti_msp_dl_config.o (.text.SysTick_Config)
                  00004a68    0000004e     OLED.o (.text.OLED_WR_Byte)
                  00004ab6    00000002     --HOLE-- [fill = 0]
                  00004ab8    0000004c     driverlib.a : dl_dma.o (.text.DL_DMA_initChannel)
                  00004b04    0000004c     ti_msp_dl_config.o (.text.DL_GPIO_initDigitalInputFeatures)
                  00004b50    0000004c     ti_msp_dl_config.o (.text.DL_UART_setBaudRateDivisor)
                  00004b9c    0000004a     ti_msp_dl_config.o (.text.DL_ADC12_configConversionMem)
                  00004be6    00000002     --HOLE-- [fill = 0]
                  00004be8    0000004a     libclang_rt.builtins.a : fixdfsi.S.obj (.text.__fixdfsi)
                  00004c32    00000002     --HOLE-- [fill = 0]
                  00004c34    00000048     driverlib.a : dl_uart.o (.text.DL_UART_init)
                  00004c7c    00000044     Easy_Menu.o (.text.Easy_Menu_Display_Char)
                  00004cc0    00000042     No_Mcu_Ganv_Grayscale_Sensor.o (.text.No_Mcu_Ganv_Sensor_Task_Without_tick)
                  00004d02    00000002     --HOLE-- [fill = 0]
                  00004d04    00000040     driverlib.a : dl_adc12.o (.text.DL_ADC12_setClockConfig)
                  00004d44    00000040     ti_msp_dl_config.o (.text.SYSCFG_DL_UART_0_init)
                  00004d84    00000040     ti_msp_dl_config.o (.text.SYSCFG_DL_UART_UP_init)
                  00004dc4    00000040     Easy_Menu_Item.o (.text.Switch_Item_Init)
                  00004e04    00000040     libclang_rt.builtins.a : aeabi_uidivmod.S.obj (.text.__aeabi_uidivmod)
                  00004e44    00000040                            : extendsfdf2.S.obj (.text.__extendsfdf2)
                  00004e84    00000040     libc.a : atoi.c.obj (.text.atoi)
                  00004ec4    00000040            : vsnprintf.c.obj (.text.vsnprintf)
                  00004f04    0000003c     Easy_Menu_Core.o (.text.Easy_Menu_Init)
                  00004f40    0000003c     Easy_Menu.o (.text.Easy_Menu_Printf)
                  00004f7c    0000003c     OLED.o (.text.OLED_Set_Pos)
                  00004fb8    0000003c     libclang_rt.builtins.a : comparesf2.S.obj (.text.__gtsf2)
                  00004ff4    0000003c     Uart.o (.text.uart0_send_string)
                  00005030    0000003c     libc.a : autoinit.c.obj (.text:__TI_auto_init_nobinit_nopinit)
                  0000506c    0000003a     libclang_rt.builtins.a : comparesf2.S.obj (.text.__eqsf2)
                  000050a6    00000002     --HOLE-- [fill = 0]
                  000050a8    0000003a                            : muldsi3.S.obj (.text.__muldsi3)
                  000050e2    00000038     No_Mcu_Ganv_Grayscale_Sensor.o (.text.Get_Normalize_For_User)
                  0000511a    00000002     --HOLE-- [fill = 0]
                  0000511c    00000038     libc.a : sprintf.c.obj (.text.sprintf)
                  00005154    00000036     No_Mcu_Ganv_Grayscale_Sensor.o (.text.Get_Anolog_Value)
                  0000518a    00000002     --HOLE-- [fill = 0]
                  0000518c    00000034     Easy_Menu_Item.o (.text.Goto_Item_Init)
                  000051c0    00000034     OLED.o (.text.I2C_Start)
                  000051f4    00000034     ti_msp_dl_config.o (.text.SYSCFG_DL_SYSCTL_init)
                  00005228    00000030     ti_msp_dl_config.o (.text.DL_DMA_setTransferSize)
                  00005258    00000030     ti_msp_dl_config.o (.text.DL_GPIO_initDigitalOutputFeatures)
                  00005288    00000030     Easy_Menu.o (.text.Display_Char_Line)
                  000052b8    00000030     libc.a : _printfi.c.obj (.text._fcpy)
                  000052e8    00000030            : vsnprintf.c.obj (.text._outs)
                  00005318    0000002e     Easy_Menu_Item.o (.text.Goto_Item_Input)
                  00005346    00000002     --HOLE-- [fill = 0]
                  00005348    0000002c     ti_msp_dl_config.o (.text.DL_ADC12_setDMASamplesCnt)
                  00005374    0000002c     delay.o (.text.SysTick_Handler)
                  000053a0    0000002c     Knob_drv.o (.text.__NVIC_EnableIRQ)
                  000053cc    0000002c     libclang_rt.builtins.a : floatsidf.S.obj (.text.__floatsidf)
                  000053f8    0000002c     Uart.o (.text.uart0_send_char)
                  00005424    0000002a     Easy_Menu.o (.text.Display_Char)
                  0000544e    00000028     ti_msp_dl_config.o (.text.DL_Common_updateReg)
                  00005476    00000002     --HOLE-- [fill = 0]
                  00005478    00000028     main.o (.text.DL_DMA_setDestAddr)
                  000054a0    00000028     main.o (.text.DL_DMA_setSrcAddr)
                  000054c8    00000028     OLED.o (.text.I2C_Stop)
                  000054f0    00000028     OLED.o (.text.I2C_WaitAck)
                  00005518    00000028     ti_msp_dl_config.o (.text.SYSCFG_DL_DMA_detector_out_init)
                  00005540    00000028     libc.a : boot_cortex_m.c.obj (.text:_c_int00_noargs)
                  00005568    00000026     main.o (.text.DL_DMA_enableChannel)
                  0000558e    00000024     ti_msp_dl_config.o (.text.SYSCFG_DL_init)
                  000055b2    00000002     --HOLE-- [fill = 0]
                  000055b4    00000024     libclang_rt.builtins.a : floatunsidf.S.obj (.text.__floatunsidf)
                  000055d8    00000024                            : muldi3.S.obj (.text.__muldi3)
                  000055fc    00000022     libc.a : memccpy.c.obj (.text.memccpy)
                  0000561e    00000002     --HOLE-- [fill = 0]
                  00005620    00000020     ti_msp_dl_config.o (.text.DL_GPIO_initPeripheralInputFunction)
                  00005640    00000020     delay.o (.text.delay_ms)
                  00005660    0000001e     ti_msp_dl_config.o (.text.DL_UART_setOversampling)
                  0000567e    00000002     --HOLE-- [fill = 0]
                  00005680    0000001e     libclang_rt.builtins.a : ashldi3.S.obj (.text.__ashldi3)
                  0000569e    00000002     --HOLE-- [fill = 0]
                  000056a0    0000001c     ti_msp_dl_config.o (.text.DL_ADC12_enableDMA)
                  000056bc    0000001c     ti_msp_dl_config.o (.text.DL_ADC12_enableDMATrigger)
                  000056d8    0000001c     main.o (.text.DL_ADC12_startConversion)
                  000056f4    0000001c     Knob_drv.o (.text.DL_GPIO_clearInterruptStatus)
                  00005710    0000001c     ti_msp_dl_config.o (.text.DL_GPIO_clearInterruptStatus)
                  0000572c    0000001c     ti_msp_dl_config.o (.text.DL_GPIO_enableInterrupt)
                  00005748    0000001c     ti_msp_dl_config.o (.text.DL_GPIO_initPeripheralOutputFunction)
                  00005764    0000001c     Knob_drv.o (.text.DL_Interrupt_getPendingGroup)
                  00005780    0000001c     ti_msp_dl_config.o (.text.DL_SYSCTL_setSYSOSCFreq)
                  0000579c    00000018     ti_msp_dl_config.o (.text.DL_ADC12_enablePower)
                  000057b4    00000018     ti_msp_dl_config.o (.text.DL_ADC12_reset)
                  000057cc    00000018     ti_msp_dl_config.o (.text.DL_ADC12_setSampleTime0)
                  000057e4    00000018     ti_msp_dl_config.o (.text.DL_GPIO_enableOutput)
                  000057fc    00000018     ti_msp_dl_config.o (.text.DL_GPIO_enablePower)
                  00005814    00000018     Knob_drv.o (.text.DL_GPIO_getEnabledInterruptStatus)
                  0000582c    00000018     ti_msp_dl_config.o (.text.DL_GPIO_initDigitalOutput)
                  00005844    00000018     ti_msp_dl_config.o (.text.DL_GPIO_reset)
                  0000585c    00000018     No_Mcu_Ganv_Grayscale_Sensor.o (.text.DL_GPIO_setPins)
                  00005874    00000018     OLED.o (.text.DL_GPIO_setPins)
                  0000588c    00000018     ti_msp_dl_config.o (.text.DL_GPIO_setPins)
                  000058a4    00000018     ti_msp_dl_config.o (.text.DL_GPIO_setUpperPinsPolarity)
                  000058bc    00000018     ti_msp_dl_config.o (.text.DL_SYSCTL_setBORThreshold)
                  000058d4    00000018     ti_msp_dl_config.o (.text.DL_UART_enablePower)
                  000058ec    00000018     Uart.o (.text.DL_UART_isBusy)
                  00005904    00000018     ti_msp_dl_config.o (.text.DL_UART_reset)
                  0000591c    00000018     libc.a : vsnprintf.c.obj (.text._outc)
                  00005934    00000018            : sprintf.c.obj (.text._outs)
                  0000594c    00000016     ti_msp_dl_config.o (.text.DL_ADC12_enableConversions)
                  00005962    00000016     Knob_drv.o (.text.DL_GPIO_readPins)
                  00005978    00000016     ti_msp_dl_config.o (.text.DL_UART_enable)
                  0000598e    00000016     Uart.o (.text.DL_UART_transmitData)
                  000059a4    00000016     Knob_drv.o (.text.GROUP1_IRQHandler)
                  000059ba    00000016     libc.a : copy_zero_init.c.obj (.text:decompress:ZI:__TI_zero_init_nomemset)
                  000059d0    00000014     No_Mcu_Ganv_Grayscale_Sensor.o (.text.DL_GPIO_clearPins)
                  000059e4    00000014     OLED.o (.text.DL_GPIO_clearPins)
                  000059f8    00000014     ti_msp_dl_config.o (.text.DL_GPIO_clearPins)
                  00005a0c    00000014     ti_msp_dl_config.o (.text.DL_SYSCTL_disableSYSPLL)
                  00005a20    00000014     ti_msp_dl_config.o (.text.DL_SYSCTL_enableMFCLK)
                  00005a34    00000014     Easy_Menu_Page.o (.text.Ordinary_Page_Exit)
                  00005a48    00000014     libclang_rt.builtins.a : aeabi_uldivmod.S.obj (.text.__aeabi_uldivmod)
                  00005a5c    00000014     libc.a : _printfi.c.obj (.text.strchr)
                  00005a70    00000012     driverlib.a : dl_uart.o (.text.DL_UART_setClockConfig)
                  00005a82    00000012     libc.a : memcpy16.S.obj (.text:TI_memcpy_small)
                  00005a94    00000012            : copy_decompress_none.c.obj (.text:decompress:none)
                  00005aa6    00000002     --HOLE-- [fill = 0]
                  00005aa8    00000010     ti_msp_dl_config.o (.text.DL_SYSCTL_disableHFXT)
                  00005ab8    00000010     libc.a : wcslen.c.obj (.text.wcslen)
                  00005ac8    0000000e     No_Mcu_Ganv_Grayscale_Sensor.o (.text.Get_Digtal_For_User)
                  00005ad6    00000002     --HOLE-- [fill = 0]
                  00005ad8    0000000e     libclang_rt.builtins.a : aeabi_memset.S.obj (.text.__aeabi_memset)
                  00005ae6    0000000e     libc.a : _printfi.c.obj (.text.strlen)
                  00005af4    0000000e            : strlen.c.obj (.text.strlen)
                  00005b02    0000000e            : memset16.S.obj (.text:TI_memset_small)
                  00005b10    0000000c     ti_msp_dl_config.o (.text.SYSCFG_DL_SYSTICK_init)
                  00005b1c    0000000c     libclang_rt.builtins.a : aeabi_memset.S.obj (.text.__aeabi_memclr)
                  00005b28    0000000a     driverlib.a : dl_common.o (.text.DL_Common_delayCycles)
                  00005b32    0000000a     Knob_drv.o (.text.Knob_Init)
                  00005b3c    0000000a     libc.a : _printfi.c.obj (.text.OUTLINED_FUNCTION_0)
                  00005b46    00000002     --HOLE-- [fill = 0]
                  00005b48    00000010     libclang_rt.builtins.a : adddf3.S.obj (.tramp.__aeabi_dsub.1)
                  00005b58    0000000a     libc.a : _printfi.c.obj (.text.OUTLINED_FUNCTION_1)
                  00005b62    0000000a     Easy_Menu_User.o (.text.Task1_Page_Callback)
                  00005b6c    0000000a     Easy_Menu_User.o (.text.Task2_Page_Callback)
                  00005b76    0000000a     libc.a : sprintf.c.obj (.text._outc)
                  00005b80    00000008     ti_msp_dl_config.o (.text.SYSCFG_DL_DMA_init)
                  00005b88    00000008     Easy_Menu_User.o (.text.Speed_Pid__Ki_Page_Callback)
                  00005b90    00000008     Easy_Menu_User.o (.text.Speed_Pid__Kp_Page_Callback)
                  00005b98    00000008     libc.a : aeabi_portable.c.obj (.text.__aeabi_errno_addr)
                  00005ba0    00000008     libclang_rt.builtins.a : aeabi_memcpy.S.obj (.text.__aeabi_memcpy)
                  00005ba8    00000006     libc.a : exit.c.obj (.text:abort)
                  00005bae    00000004     startup_mspm0g350x_ticlang.o (.text.Default_Handler)
                  00005bb2    00000004     libsysbm.a : hostexit.c.obj (.text.HOSTexit)
                  00005bb6    00000004     startup_mspm0g350x_ticlang.o (.text.Reset_Handler)
                  00005bba    00000004     libc.a : pre_init.c.obj (.text._system_pre_init)
                  00005bbe    00000002     --HOLE-- [fill = 0]

.cinit     0    00006600    00000050     
                  00006600    0000002c     (.cinit..data.load) [load image, compression = lzss]
                  0000662c    0000000c     (__TI_handler_table)
                  00006638    00000008     (.cinit..bss.load) [load image, compression = zero_init]
                  00006640    00000010     (__TI_cinit_table)

.rodata    0    00005bc0    00000a40     
                  00005bc0    000005f0     OLED.o (.rodata.asc2_1608)
                  000061b0    00000228     OLED.o (.rodata.asc2_0806)
                  000063d8    00000008     ti_msp_dl_config.o (.rodata.gADC_line_detectorClockConfig)
                  000063e0    00000101     libc.a : aeabi_ctype.S.obj (.rodata:__aeabi_ctype_table_)
                  000064e1    00000024     main.o (.rodata.str1.17100691992556644108.1)
                  00006505    00000021     main.o (.rodata.str1.15159059442110792349.1)
                  00006526    00000021     main.o (.rodata.str1.8154729771448623357.1)
                  00006547    00000001     --HOLE-- [fill = 0]
                  00006548    00000018     ti_msp_dl_config.o (.rodata.gDMA_detector_outConfig)
                  00006560    00000011     libc.a : _printfi.c.obj (.rodata.str1.10348868589481759720.1)
                  00006571    00000011            : _printfi.c.obj (.rodata.str1.15363888844622738466.1)
                  00006582    0000000a     ti_msp_dl_config.o (.rodata.gUART_0Config)
                  0000658c    0000000a     ti_msp_dl_config.o (.rodata.gUART_UPConfig)
                  00006596    0000000a     Easy_Menu_User.o (.rodata.str1.11262980610456716024.1)
                  000065a0    0000000a     Easy_Menu_User.o (.rodata.str1.8423479308304406733.1)
                  000065aa    00000009     Easy_Menu_User.o (.rodata.str1.14456782623604785242.1)
                  000065b3    00000007     Easy_Menu_Page.o (.rodata.str1.10162903526471618397.1)
                  000065ba    00000006     Easy_Menu_User.o (.rodata.str1.11177260976807265928.1)
                  000065c0    00000006     Easy_Menu_Page.o (.rodata.str1.11602794411890177903.1)
                  000065c6    00000006     Easy_Menu_User.o (.rodata.str1.16980020722660603416.1)
                  000065cc    00000006     Easy_Menu_User.o (.rodata.str1.17975632479887315808.1)
                  000065d2    00000005     Easy_Menu_Page.o (.rodata.str1.10541918737141963520.1)
                  000065d7    00000005     Easy_Menu_Page.o (.rodata.str1.14526947901870425149.1)
                  000065dc    00000005     Easy_Menu_Page.o (.rodata.str1.17342757695734682319.1)
                  000065e1    00000005     Easy_Menu_User.o (.rodata.str1.2484268131311446048.1)
                  000065e6    00000005     Easy_Menu_Page.o (.rodata.str1.2927598468843798870.1)
                  000065eb    00000002     ti_msp_dl_config.o (.rodata.gUART_0ClockConfig)
                  000065ed    00000002     ti_msp_dl_config.o (.rodata.gUART_UPClockConfig)
                  000065ef    00000002     Easy_Menu_Page.o (.rodata.str1.6187967722562398102.1)
                  000065f1    0000000f     --HOLE-- [fill = 0]

.init_array 
*          0    00000000    00000000     UNINITIALIZED

.binit     0    00000000    00000000     

.bss       0    20200000    000002d9     UNINITIALIZED
                  20200000    000000b0     (.common:sensor)
                  202000b0    000000a0     (.common:easy_menu)
                  20200150    00000050     (.common:ADC_VALUE)
                  202001a0    0000002c     (.common:speed_pid__ki_page)
                  202001cc    0000002c     (.common:speed_pid__kp_page)
                  202001f8    00000028     (.common:home_page)
                  20200220    00000028     (.common:speed_pid__page)
                  20200248    00000028     (.common:tasks__page)
                  20200270    00000018     (.common:task1_page)
                  20200288    00000018     (.common:task2_page)
                  202002a0    00000014     (.common:goto__speed_pid__page)
                  202002b4    00000014     (.common:goto__tasks__page)
                  202002c8    00000010     (.common:Normal)
                  202002d8    00000001     (.common:Digtal)

.data      0    202002dc    00000164     UNINITIALIZED
                  202002dc    00000100     main.o (.data.rx_buff)
                  202003dc    00000010     main.o (.data.Anolog)
                  202003ec    00000010     main.o (.data.black)
                  202003fc    00000010     main.o (.data.white)
                  2020040c    0000000c     Easy_Menu_User.o (.data.Easy_Menu_Ui_Data)
                  20200418    00000008     Easy_Menu_User.o (.data.home_page_items)
                  20200420    00000008     Easy_Menu_User.o (.data.speed_pid__page_items)
                  20200428    00000008     Easy_Menu_User.o (.data.tasks__page_items)
                  20200430    00000004     libc.a : aeabi_portable.c.obj (.data.__aeabi_errno)
                  20200434    00000004     delay.o (.data.delay_times)
                  20200438    00000004     delay.o (.data.g_SystemTick)
                  2020043c    00000002     Knob_drv.o (.data.s_press_cnt)
                  2020043e    00000001     Knob_drv.o (.data.g_KnobEvent)
                  2020043f    00000001     Knob_drv.o (.data.s_long_pressed)

.stack     0    20207e00    00000200     UNINITIALIZED
                  20207e00    00000004     libc.a : boot_cortex_m.c.obj (.stack)
                  20207e04    000001fc     --HOLE--

__llvm_prf_cnts 
*          0    20200000    00000000     UNINITIALIZED

__llvm_prf_bits 
*          0    20200000    00000000     UNINITIALIZED

MODULE SUMMARY

       Module                           code    ro data   rw data
       ------                           ----    -------   -------
    .\
       ti_msp_dl_config.o               2068    56        0      
       main.o                           546     102       497    
       startup_mspm0g350x_ticlang.o     8       192       0      
    +--+--------------------------------+-------+---------+---------+
       Total:                           2622    350       497    
                                                                 
    .\BSP\
       Uart.o                           150     0         0      
       delay.o                          76      0         8      
    +--+--------------------------------+-------+---------+---------+
       Total:                           226     0         8      
                                                                 
    .\Drive\Grayscale_Sensor\
       No_Mcu_Ganv_Grayscale_Sensor.o   1202    0         0      
       ADC.o                            112     0         80     
    +--+--------------------------------+-------+---------+---------+
       Total:                           1314    0         80     
                                                                 
    .\Drive\Knob\
       Knob_drv.o                       390     0         4      
    +--+--------------------------------+-------+---------+---------+
       Total:                           390     0         4      
                                                                 
    .\Drive\OLED_Drv\
       OLED.o                           1066    2072      0      
    +--+--------------------------------+-------+---------+---------+
       Total:                           1066    2072      0      
                                                                 
    .\Menu\
       Easy_Menu_Page.o                 4552    35        0      
       Easy_Menu_Item.o                 2442    0         0      
       Easy_Menu.o                      1856    0         160    
       Easy_Menu_User.o                 376     52        332    
       Easy_Menu_Core.o                 204     0         0      
    +--+--------------------------------+-------+---------+---------+
       Total:                           9430    87        492    
                                                                 
    D:/MSP-SDK/mspm0_sdk_2_10_00_04/source/ti/driverlib/lib/ticlang/m0p/mspm0g1x0x_g3x0x/driverlib.a
       dl_uart.o                        90      0         0      
       dl_dma.o                         76      0         0      
       dl_adc12.o                       64      0         0      
       dl_common.o                      10      0         0      
    +--+--------------------------------+-------+---------+---------+
       Total:                           240     0         0      
                                                                 
    D:\CCS\ccs\tools\compiler\ti-cgt-armllvm_4.0.4.LTS\lib\armv6m-ti-none-eabi/c/libc.a
       _printfi.c.obj                   4510    34        0      
       aeabi_ctype.S.obj                0       257       0      
       s_scalbn.c.obj                   216     0         0      
       vsnprintf.c.obj                  136     0         0      
       copy_decompress_lzss.c.obj       124     0         0      
       s_frexp.c.obj                    92      0         0      
       sprintf.c.obj                    90      0         0      
       _ltoa.c.obj                      88      0         0      
       atoi.c.obj                       64      0         0      
       autoinit.c.obj                   60      0         0      
       boot_cortex_m.c.obj              40      0         0      
       memccpy.c.obj                    34      0         0      
       copy_zero_init.c.obj             22      0         0      
       copy_decompress_none.c.obj       18      0         0      
       memcpy16.S.obj                   18      0         0      
       wcslen.c.obj                     16      0         0      
       memset16.S.obj                   14      0         0      
       strlen.c.obj                     14      0         0      
       aeabi_portable.c.obj             8       0         4      
       exit.c.obj                       6       0         0      
       pre_init.c.obj                   4       0         0      
    +--+--------------------------------+-------+---------+---------+
       Total:                           5574    291       4      
                                                                 
    D:\CCS\ccs\tools\compiler\ti-cgt-armllvm_4.0.4.LTS\lib\armv6m-ti-none-eabi/c/libsysbm.a
       hostexit.c.obj                   4       0         0      
    +--+--------------------------------+-------+---------+---------+
       Total:                           4       0         0      
                                                                 
    D:\CCS\ccs\tools\compiler\ti-cgt-armllvm_4.0.4.LTS\lib\armv6m-ti-none-eabi/libclang_rt.builtins.a
       adddf3.S.obj                     418     0         0      
       divdf3.S.obj                     268     0         0      
       muldf3.S.obj                     228     0         0      
       comparedf2.c.obj                 220     0         0      
       addsf3.S.obj                     216     0         0      
       udivmoddi4.S.obj                 162     0         0      
       comparesf2.S.obj                 118     0         0      
       aeabi_dcmp.S.obj                 98      0         0      
       aeabi_fcmp.S.obj                 98      0         0      
       aeabi_idivmod.S.obj              86      0         0      
       fixdfsi.S.obj                    74      0         0      
       aeabi_uidivmod.S.obj             64      0         0      
       extendsfdf2.S.obj                64      0         0      
       muldsi3.S.obj                    58      0         0      
       floatsidf.S.obj                  44      0         0      
       floatunsidf.S.obj                36      0         0      
       muldi3.S.obj                     36      0         0      
       ashldi3.S.obj                    30      0         0      
       aeabi_memset.S.obj               26      0         0      
       aeabi_uldivmod.S.obj             20      0         0      
       aeabi_memcpy.S.obj               8       0         0      
       aeabi_div0.c.obj                 4       0         0      
    +--+--------------------------------+-------+---------+---------+
       Total:                           2376    0         0      
                                                                 
       Stack:                           0       0         512    
       Linker Generated:                0       80        0      
    +--+--------------------------------+-------+---------+---------+
       Grand Total:                     23242   2880      1597   


LINKER GENERATED COPY TABLES

__TI_cinit_table @ 00006640 records: 2, size/record: 8, table size: 16
	.data: load addr=00006600, load size=0000002c bytes, run addr=202002dc, run size=00000164 bytes, compression=lzss
	.bss: load addr=00006638, load size=00000008 bytes, run addr=20200000, run size=000002d9 bytes, compression=zero_init


LINKER GENERATED HANDLER TABLE

__TI_handler_table @ 0000662c records: 3, size/record: 4, table size: 12
	index: 0, handler: __TI_decompress_lzss
	index: 1, handler: __TI_decompress_none
	index: 2, handler: __TI_zero_init


FAR CALL TRAMPOLINES

callee name               trampoline name
   callee addr  tramp addr   call addr  call info
--------------  -----------  ---------  ----------------
__aeabi_dsub              $Tramp$TT$L$PI$$__aeabi_dsub
   00002c29     00005b48     00005b44   libc.a : _printfi.c.obj (.text.OUTLINED_FUNCTION_0)

[1 trampolines]
[1 trampoline calls]


GLOBAL SYMBOLS: SORTED ALPHABETICALLY BY Name 

address   name                                
-------   ----                                
00005baf  ADC0_IRQHandler                     
00005baf  ADC1_IRQHandler                     
20200150  ADC_VALUE                           
00005baf  AES_IRQHandler                      
202003dc  Anolog                              
00005bb2  C$$EXIT                             
00005baf  CANFD0_IRQHandler                   
0000491b  Compare_String                      
00005baf  DAC0_IRQHandler                     
00004d05  DL_ADC12_setClockConfig             
00005b29  DL_Common_delayCycles               
00004ab9  DL_DMA_initChannel                  
00004c35  DL_UART_init                        
00005a71  DL_UART_setClockConfig              
00005baf  DMA_IRQHandler                      
00003b15  Data_Item_Init                      
00001261  Data_Item_Input                     
00005baf  Default_Handler                     
202002d8  Digtal                              
00005425  Display_Char                        
00005289  Display_Char_Line                   
00004705  Easy_Menu_All_Clear                 
00001a25  Easy_Menu_All_Update                
00003de9  Easy_Menu_Area_Clear                
00004c7d  Easy_Menu_Display_Char              
00003f09  Easy_Menu_Display_String            
00003e79  Easy_Menu_Goto_Page                 
00004f05  Easy_Menu_Init                      
00004f41  Easy_Menu_Printf                    
2020040c  Easy_Menu_Ui_Data                   
000030d5  Easy_Menu_Ui_Init                   
00005baf  GROUP0_IRQHandler                   
000059a5  GROUP1_IRQHandler                   
00003be1  Get_Analog_value                    
00005155  Get_Anolog_Value                    
00005ac9  Get_Digtal_For_User                 
000050e3  Get_Normalize_For_User              
0000518d  Goto_Item_Init                      
00005319  Goto_Item_Input                     
00005bb3  HOSTexit                            
00005baf  HardFault_Handler                   
00005baf  I2C0_IRQHandler                     
00005baf  I2C1_IRQHandler                     
000051c1  I2C_Start                           
000054c9  I2C_Stop                            
000054f1  I2C_WaitAck                         
00004971  Knob_EXTI_Handler                   
00005b33  Knob_Init                           
00004015  Knob_Tick_1ms                       
00005baf  NMI_Handler                         
00002f4d  No_MCU_Ganv_Sensor_Init             
00004275  No_MCU_Ganv_Sensor_Init_Frist       
00004cc1  No_Mcu_Ganv_Sensor_Task_Without_tick
202002c8  Normal                              
00004435  OLED_Clear                          
000036a9  OLED_Init                           
00004f7d  OLED_Set_Pos                        
00003485  OLED_ShowChar                       
00004a69  OLED_WR_Byte                        
00002a51  Ordinary_Page_Display               
00001ec5  Ordinary_Page_Enter                 
00005a35  Ordinary_Page_Exit                  
00004095  Ordinary_Page_Init                  
00000a91  Ordinary_Page_Input                 
000022f1  Ordinary_Page_Refresh               
00005baf  PendSV_Handler                      
00005baf  RTC_IRQHandler                      
00005bb7  Reset_Handler                       
00005baf  SPI0_IRQHandler                     
00005baf  SPI1_IRQHandler                     
00005baf  SVC_Handler                         
000042e9  SYSCFG_DL_ADC_line_detector_init    
00005519  SYSCFG_DL_DMA_detector_out_init     
00005b81  SYSCFG_DL_DMA_init                  
00003889  SYSCFG_DL_GPIO_init                 
000051f5  SYSCFG_DL_SYSCTL_init               
00005b11  SYSCFG_DL_SYSTICK_init              
00004d45  SYSCFG_DL_UART_0_init               
00004d85  SYSCFG_DL_UART_UP_init              
0000558f  SYSCFG_DL_init                      
000044a1  SYSCFG_DL_initPower                 
0000418d  Send_Byte                           
00005b89  Speed_Pid__Ki_Page_Callback         
00005b91  Speed_Pid__Kp_Page_Callback         
00004dc5  Switch_Item_Init                    
000047bd  Switch_Item_Input                   
00005375  SysTick_Handler                     
00005baf  TIMA0_IRQHandler                    
00005baf  TIMA1_IRQHandler                    
00005baf  TIMG0_IRQHandler                    
00005baf  TIMG12_IRQHandler                   
00005baf  TIMG6_IRQHandler                    
00005baf  TIMG7_IRQHandler                    
00005baf  TIMG8_IRQHandler                    
00005a83  TI_memcpy_small                     
00005b03  TI_memset_small                     
00005b63  Task1_Page_Callback                 
00005b6d  Task2_Page_Callback                 
00005baf  UART0_IRQHandler                    
00005baf  UART1_IRQHandler                    
00005baf  UART2_IRQHandler                    
00005baf  UART3_IRQHandler                    
20208000  __STACK_END                         
00000200  __STACK_SIZE                        
00000000  __TI_ATRegion0_region_sz            
00000000  __TI_ATRegion0_src_addr             
00000000  __TI_ATRegion0_trg_addr             
00000000  __TI_ATRegion1_region_sz            
00000000  __TI_ATRegion1_src_addr             
00000000  __TI_ATRegion1_trg_addr             
00000000  __TI_ATRegion2_region_sz            
00000000  __TI_ATRegion2_src_addr             
00000000  __TI_ATRegion2_trg_addr             
00006640  __TI_CINIT_Base                     
00006650  __TI_CINIT_Limit                    
00006650  __TI_CINIT_Warm                     
0000662c  __TI_Handler_Table_Base             
00006638  __TI_Handler_Table_Limit            
00005031  __TI_auto_init_nobinit_nopinit      
00004111  __TI_decompress_lzss                
00005a95  __TI_decompress_none                
00004815  __TI_ltoa                           
ffffffff  __TI_pprof_out_hndl                 
000000c1  __TI_printfi                        
ffffffff  __TI_prof_data_size                 
ffffffff  __TI_prof_data_start                
00000000  __TI_static_base__                  
000059bb  __TI_zero_init_nomemset             
00002c33  __adddf3                            
00003a47  __addsf3                            
000063e0  __aeabi_ctype_table_                
000063e0  __aeabi_ctype_table_C               
00004be9  __aeabi_d2iz                        
00002c33  __aeabi_dadd                        
0000463d  __aeabi_dcmpeq                      
00004679  __aeabi_dcmpge                      
0000468d  __aeabi_dcmpgt                      
00004665  __aeabi_dcmple                      
00004651  __aeabi_dcmplt                      
0000359d  __aeabi_ddiv                        
000037a5  __aeabi_dmul                        
00002c29  __aeabi_dsub                        
20200430  __aeabi_errno                       
00005b99  __aeabi_errno_addr                  
00004e45  __aeabi_f2d                         
00003a47  __aeabi_fadd                        
000046a1  __aeabi_fcmpeq                      
000046dd  __aeabi_fcmpge                      
000046f1  __aeabi_fcmpgt                      
000046c9  __aeabi_fcmple                      
000046b5  __aeabi_fcmplt                      
00003a3d  __aeabi_fsub                        
000053cd  __aeabi_i2d                         
000048c5  __aeabi_idiv                        
00002dbb  __aeabi_idiv0                       
000048c5  __aeabi_idivmod                     
000037a3  __aeabi_ldiv0                       
00005681  __aeabi_llsl                        
000055d9  __aeabi_lmul                        
00005b1d  __aeabi_memclr                      
00005b1d  __aeabi_memclr4                     
00005b1d  __aeabi_memclr8                     
00005ba1  __aeabi_memcpy                      
00005ba1  __aeabi_memcpy4                     
00005ba1  __aeabi_memcpy8                     
00005ad9  __aeabi_memset                      
00005ad9  __aeabi_memset4                     
00005ad9  __aeabi_memset8                     
000055b5  __aeabi_ui2d                        
00004e05  __aeabi_uidiv                       
00004e05  __aeabi_uidivmod                    
00005a49  __aeabi_uldivmod                    
00005681  __ashldi3                           
ffffffff  __binit__                           
00004509  __cmpdf2                            
0000506d  __cmpsf2                            
0000359d  __divdf3                            
00004509  __eqdf2                             
0000506d  __eqsf2                             
00004e45  __extendsfdf2                       
00004be9  __fixdfsi                           
000053cd  __floatsidf                         
000055b5  __floatunsidf                       
00004201  __gedf2                             
00004fb9  __gesf2                             
00004201  __gtdf2                             
00004fb9  __gtsf2                             
00004509  __ledf2                             
0000506d  __lesf2                             
00004509  __ltdf2                             
0000506d  __ltsf2                             
UNDEFED   __mpu_init                          
000037a5  __muldf3                            
000055d9  __muldi3                            
000050a9  __muldsi3                           
00004509  __nedf2                             
0000506d  __nesf2                             
20207e00  __stack                             
20200000  __start___llvm_prf_bits             
20200000  __start___llvm_prf_cnts             
20200000  __stop___llvm_prf_bits              
20200000  __stop___llvm_prf_cnts              
00002c29  __subdf3                            
00003a3d  __subsf3                            
00003d45  __udivmoddi4                        
00005541  _c_int00_noargs                     
UNDEFED   _system_post_cinit                  
00005bbb  _system_pre_init                    
00005ba9  abort                               
00004359  adc_getValue                        
000061b0  asc2_0806                           
00005bc0  asc2_1608                           
00004e85  atoi                                
ffffffff  binit                               
202003ec  black                               
000043c9  convertAnalogToDigital              
00005641  delay_ms                            
20200434  delay_times                         
202000b0  easy_menu                           
00004761  frexp                               
00004761  frexpl                              
2020043e  g_KnobEvent                         
20200438  g_SystemTick                        
202002a0  goto__speed_pid__page               
202002b4  goto__tasks__page                   
202001f8  home_page                           
20200418  home_page_items                     
00000000  interruptVectors                    
00003965  ldexp                               
00003965  ldexpl                              
00002dbd  main                                
000055fd  memccpy                             
00003c99  normalizeAnalogValues               
202002dc  rx_buff                             
00003965  scalbn                              
00003965  scalbnl                             
20200000  sensor                              
202001a0  speed_pid__ki_page                  
202001cc  speed_pid__kp_page                  
20200220  speed_pid__page                     
20200420  speed_pid__page_items               
0000511d  sprintf                             
00005af5  strlen                              
20200270  task1_page                          
20200288  task2_page                          
20200248  tasks__page                         
20200428  tasks__page_items                   
000053f9  uart0_send_char                     
00004ff5  uart0_send_string                   
00004ec5  vsnprintf                           
00005ab9  wcslen                              
202003fc  white                               


GLOBAL SYMBOLS: SORTED BY Symbol Address 

address   name                                
-------   ----                                
00000000  __TI_ATRegion0_region_sz            
00000000  __TI_ATRegion0_src_addr             
00000000  __TI_ATRegion0_trg_addr             
00000000  __TI_ATRegion1_region_sz            
00000000  __TI_ATRegion1_src_addr             
00000000  __TI_ATRegion1_trg_addr             
00000000  __TI_ATRegion2_region_sz            
00000000  __TI_ATRegion2_src_addr             
00000000  __TI_ATRegion2_trg_addr             
00000000  __TI_static_base__                  
00000000  interruptVectors                    
000000c1  __TI_printfi                        
00000200  __STACK_SIZE                        
00000a91  Ordinary_Page_Input                 
00001261  Data_Item_Input                     
00001a25  Easy_Menu_All_Update                
00001ec5  Ordinary_Page_Enter                 
000022f1  Ordinary_Page_Refresh               
00002a51  Ordinary_Page_Display               
00002c29  __aeabi_dsub                        
00002c29  __subdf3                            
00002c33  __adddf3                            
00002c33  __aeabi_dadd                        
00002dbb  __aeabi_idiv0                       
00002dbd  main                                
00002f4d  No_MCU_Ganv_Sensor_Init             
000030d5  Easy_Menu_Ui_Init                   
00003485  OLED_ShowChar                       
0000359d  __aeabi_ddiv                        
0000359d  __divdf3                            
000036a9  OLED_Init                           
000037a3  __aeabi_ldiv0                       
000037a5  __aeabi_dmul                        
000037a5  __muldf3                            
00003889  SYSCFG_DL_GPIO_init                 
00003965  ldexp                               
00003965  ldexpl                              
00003965  scalbn                              
00003965  scalbnl                             
00003a3d  __aeabi_fsub                        
00003a3d  __subsf3                            
00003a47  __addsf3                            
00003a47  __aeabi_fadd                        
00003b15  Data_Item_Init                      
00003be1  Get_Analog_value                    
00003c99  normalizeAnalogValues               
00003d45  __udivmoddi4                        
00003de9  Easy_Menu_Area_Clear                
00003e79  Easy_Menu_Goto_Page                 
00003f09  Easy_Menu_Display_String            
00004015  Knob_Tick_1ms                       
00004095  Ordinary_Page_Init                  
00004111  __TI_decompress_lzss                
0000418d  Send_Byte                           
00004201  __gedf2                             
00004201  __gtdf2                             
00004275  No_MCU_Ganv_Sensor_Init_Frist       
000042e9  SYSCFG_DL_ADC_line_detector_init    
00004359  adc_getValue                        
000043c9  convertAnalogToDigital              
00004435  OLED_Clear                          
000044a1  SYSCFG_DL_initPower                 
00004509  __cmpdf2                            
00004509  __eqdf2                             
00004509  __ledf2                             
00004509  __ltdf2                             
00004509  __nedf2                             
0000463d  __aeabi_dcmpeq                      
00004651  __aeabi_dcmplt                      
00004665  __aeabi_dcmple                      
00004679  __aeabi_dcmpge                      
0000468d  __aeabi_dcmpgt                      
000046a1  __aeabi_fcmpeq                      
000046b5  __aeabi_fcmplt                      
000046c9  __aeabi_fcmple                      
000046dd  __aeabi_fcmpge                      
000046f1  __aeabi_fcmpgt                      
00004705  Easy_Menu_All_Clear                 
00004761  frexp                               
00004761  frexpl                              
000047bd  Switch_Item_Input                   
00004815  __TI_ltoa                           
000048c5  __aeabi_idiv                        
000048c5  __aeabi_idivmod                     
0000491b  Compare_String                      
00004971  Knob_EXTI_Handler                   
00004a69  OLED_WR_Byte                        
00004ab9  DL_DMA_initChannel                  
00004be9  __aeabi_d2iz                        
00004be9  __fixdfsi                           
00004c35  DL_UART_init                        
00004c7d  Easy_Menu_Display_Char              
00004cc1  No_Mcu_Ganv_Sensor_Task_Without_tick
00004d05  DL_ADC12_setClockConfig             
00004d45  SYSCFG_DL_UART_0_init               
00004d85  SYSCFG_DL_UART_UP_init              
00004dc5  Switch_Item_Init                    
00004e05  __aeabi_uidiv                       
00004e05  __aeabi_uidivmod                    
00004e45  __aeabi_f2d                         
00004e45  __extendsfdf2                       
00004e85  atoi                                
00004ec5  vsnprintf                           
00004f05  Easy_Menu_Init                      
00004f41  Easy_Menu_Printf                    
00004f7d  OLED_Set_Pos                        
00004fb9  __gesf2                             
00004fb9  __gtsf2                             
00004ff5  uart0_send_string                   
00005031  __TI_auto_init_nobinit_nopinit      
0000506d  __cmpsf2                            
0000506d  __eqsf2                             
0000506d  __lesf2                             
0000506d  __ltsf2                             
0000506d  __nesf2                             
000050a9  __muldsi3                           
000050e3  Get_Normalize_For_User              
0000511d  sprintf                             
00005155  Get_Anolog_Value                    
0000518d  Goto_Item_Init                      
000051c1  I2C_Start                           
000051f5  SYSCFG_DL_SYSCTL_init               
00005289  Display_Char_Line                   
00005319  Goto_Item_Input                     
00005375  SysTick_Handler                     
000053cd  __aeabi_i2d                         
000053cd  __floatsidf                         
000053f9  uart0_send_char                     
00005425  Display_Char                        
000054c9  I2C_Stop                            
000054f1  I2C_WaitAck                         
00005519  SYSCFG_DL_DMA_detector_out_init     
00005541  _c_int00_noargs                     
0000558f  SYSCFG_DL_init                      
000055b5  __aeabi_ui2d                        
000055b5  __floatunsidf                       
000055d9  __aeabi_lmul                        
000055d9  __muldi3                            
000055fd  memccpy                             
00005641  delay_ms                            
00005681  __aeabi_llsl                        
00005681  __ashldi3                           
000059a5  GROUP1_IRQHandler                   
000059bb  __TI_zero_init_nomemset             
00005a35  Ordinary_Page_Exit                  
00005a49  __aeabi_uldivmod                    
00005a71  DL_UART_setClockConfig              
00005a83  TI_memcpy_small                     
00005a95  __TI_decompress_none                
00005ab9  wcslen                              
00005ac9  Get_Digtal_For_User                 
00005ad9  __aeabi_memset                      
00005ad9  __aeabi_memset4                     
00005ad9  __aeabi_memset8                     
00005af5  strlen                              
00005b03  TI_memset_small                     
00005b11  SYSCFG_DL_SYSTICK_init              
00005b1d  __aeabi_memclr                      
00005b1d  __aeabi_memclr4                     
00005b1d  __aeabi_memclr8                     
00005b29  DL_Common_delayCycles               
00005b33  Knob_Init                           
00005b63  Task1_Page_Callback                 
00005b6d  Task2_Page_Callback                 
00005b81  SYSCFG_DL_DMA_init                  
00005b89  Speed_Pid__Ki_Page_Callback         
00005b91  Speed_Pid__Kp_Page_Callback         
00005b99  __aeabi_errno_addr                  
00005ba1  __aeabi_memcpy                      
00005ba1  __aeabi_memcpy4                     
00005ba1  __aeabi_memcpy8                     
00005ba9  abort                               
00005baf  ADC0_IRQHandler                     
00005baf  ADC1_IRQHandler                     
00005baf  AES_IRQHandler                      
00005baf  CANFD0_IRQHandler                   
00005baf  DAC0_IRQHandler                     
00005baf  DMA_IRQHandler                      
00005baf  Default_Handler                     
00005baf  GROUP0_IRQHandler                   
00005baf  HardFault_Handler                   
00005baf  I2C0_IRQHandler                     
00005baf  I2C1_IRQHandler                     
00005baf  NMI_Handler                         
00005baf  PendSV_Handler                      
00005baf  RTC_IRQHandler                      
00005baf  SPI0_IRQHandler                     
00005baf  SPI1_IRQHandler                     
00005baf  SVC_Handler                         
00005baf  TIMA0_IRQHandler                    
00005baf  TIMA1_IRQHandler                    
00005baf  TIMG0_IRQHandler                    
00005baf  TIMG12_IRQHandler                   
00005baf  TIMG6_IRQHandler                    
00005baf  TIMG7_IRQHandler                    
00005baf  TIMG8_IRQHandler                    
00005baf  UART0_IRQHandler                    
00005baf  UART1_IRQHandler                    
00005baf  UART2_IRQHandler                    
00005baf  UART3_IRQHandler                    
00005bb2  C$$EXIT                             
00005bb3  HOSTexit                            
00005bb7  Reset_Handler                       
00005bbb  _system_pre_init                    
00005bc0  asc2_1608                           
000061b0  asc2_0806                           
000063e0  __aeabi_ctype_table_                
000063e0  __aeabi_ctype_table_C               
0000662c  __TI_Handler_Table_Base             
00006638  __TI_Handler_Table_Limit            
00006640  __TI_CINIT_Base                     
00006650  __TI_CINIT_Limit                    
00006650  __TI_CINIT_Warm                     
20200000  __start___llvm_prf_bits             
20200000  __start___llvm_prf_cnts             
20200000  __stop___llvm_prf_bits              
20200000  __stop___llvm_prf_cnts              
20200000  sensor                              
202000b0  easy_menu                           
20200150  ADC_VALUE                           
202001a0  speed_pid__ki_page                  
202001cc  speed_pid__kp_page                  
202001f8  home_page                           
20200220  speed_pid__page                     
20200248  tasks__page                         
20200270  task1_page                          
20200288  task2_page                          
202002a0  goto__speed_pid__page               
202002b4  goto__tasks__page                   
202002c8  Normal                              
202002d8  Digtal                              
202002dc  rx_buff                             
202003dc  Anolog                              
202003ec  black                               
202003fc  white                               
2020040c  Easy_Menu_Ui_Data                   
20200418  home_page_items                     
20200420  speed_pid__page_items               
20200428  tasks__page_items                   
20200430  __aeabi_errno                       
20200434  delay_times                         
20200438  g_SystemTick                        
2020043e  g_KnobEvent                         
20207e00  __stack                             
20208000  __STACK_END                         
ffffffff  __TI_pprof_out_hndl                 
ffffffff  __TI_prof_data_size                 
ffffffff  __TI_prof_data_start                
ffffffff  __binit__                           
ffffffff  binit                               
UNDEFED   __mpu_init                          
UNDEFED   _system_post_cinit                  

[252 symbols]
