******************************************************************************
            TI ARM Clang Linker PC v4.0.4                      
******************************************************************************
>> Linked Sat May  2 00:08:17 2026

OUTPUT FILE NAME:   <optoelectronicrace_26.out>
ENTRY POINT SYMBOL: "_c_int00_noargs"  address: 00005c91


MEMORY CONFIGURATION

         name            origin    length      used     unused   attr    fill
----------------------  --------  ---------  --------  --------  ----  --------
  FLASH                 00000000   00020000  00006f20  000190e0  R  X
  SRAM                  20200000   00008000  000006ee  00007912  RW X
  BCR_CONFIG            41c00000   000000ff  00000000  000000ff  R   
  BSL_CONFIG            41c00100   00000080  00000000  00000080  R   


SEGMENT ALLOCATION MAP

run origin  load origin   length   init length attrs members
----------  ----------- ---------- ----------- ----- -------
00000000    00000000    00006478   00006478    r-x
  00000000    00000000    000000c0   000000c0    r-- .intvecs
  000000c0    000000c0    000063b8   000063b8    r-x .text
00006480    00006480    00000aa8   00000aa8    r--
  00006480    00006480    00000a50   00000a50    r-- .rodata
  00006ed0    00006ed0    00000058   00000058    r-- .cinit
20200000    20200000    000004f1   00000000    rw-
  20200000    20200000    00000379   00000000    rw- .bss
  2020037c    2020037c    00000175   00000000    rw- .data
20207e00    20207e00    00000200   00000000    rw-
  20207e00    20207e00    00000200   00000000    rw- .stack


SECTION ALLOCATION MAP

 output                                  attributes/
section   page    origin      length       input sections
--------  ----  ----------  ----------   ----------------
.intvecs   0    00000000    000000c0     
                  00000000    000000c0     startup_mspm0g350x_ticlang.o (.intvecs)

.text      0    000000c0    000063b8     
                  000000c0    000009d0     libc.a : _printfi.c.obj (.text:__TI_printfi)
                  00000a90    000007d0     Easy_Menu_Page.o (.text.Ordinary_Page_Input)
                  00001260    000007c4     Easy_Menu_Item.o (.text.Data_Item_Input)
                  00001a24    000004a0     Easy_Menu.o (.text.Easy_Menu_All_Update)
                  00001ec4    0000042c     Easy_Menu_Page.o (.text.Ordinary_Page_Enter)
                  000022f0    00000364     Easy_Menu_Page.o (.text.Ordinary_Page_Refresh)
                  00002654    00000220     libc.a : _printfi.c.obj (.text._pconv_a)
                  00002874    000001dc            : _printfi.c.obj (.text._pconv_g)
                  00002a50    000001d8     Easy_Menu_Page.o (.text.Ordinary_Page_Display)
                  00002c28    00000192     libclang_rt.builtins.a : adddf3.S.obj (.text.adddf3_subdf3)
                  00002dba    00000002                            : aeabi_div0.c.obj (.text.__aeabi_idiv0)
                  00002dbc    00000188     No_Mcu_Ganv_Grayscale_Sensor.o (.text.No_MCU_Ganv_Sensor_Init)
                  00002f44    0000017c     ti_msp_dl_config.o (.text.SYSCFG_DL_GPIO_init)
                  000030c0    00000154     Easy_Menu_User.o (.text.Easy_Menu_Ui_Init)
                  00003214    0000013c     libc.a : _printfi.c.obj (.text.fcvt)
                  00003350    00000124     Trackline.o (.text.Trackline_Task)
                  00003474    00000120     libc.a : _printfi.c.obj (.text._pconv_e)
                  00003594    00000118     OLED.o (.text.OLED_ShowChar)
                  000036ac    0000010c     libclang_rt.builtins.a : divdf3.S.obj (.text.__divdf3)
                  000037b8    00000104     driverlib.a : dl_timer.o (.text.DL_Timer_initFourCCPWMMode)
                  000038bc    000000fa     OLED.o (.text.OLED_Init)
                  000039b6    00000002     libclang_rt.builtins.a : aeabi_div0.c.obj (.text.__aeabi_ldiv0)
                  000039b8    000000e4                            : muldf3.S.obj (.text.__muldf3)
                  00003a9c    000000d8     libc.a : s_scalbn.c.obj (.text.scalbn)
                  00003b74    000000d8     libclang_rt.builtins.a : addsf3.S.obj (.text)
                  00003c4c    000000cc     Beep.o (.text.Beep_Tick_1ms)
                  00003d18    000000cc     Easy_Menu_Item.o (.text.Data_Item_Init)
                  00003de4    000000b8     No_Mcu_Ganv_Grayscale_Sensor.o (.text.Get_Analog_value)
                  00003e9c    000000aa     No_Mcu_Ganv_Grayscale_Sensor.o (.text.normalizeAnalogValues)
                  00003f46    00000002     --HOLE-- [fill = 0]
                  00003f48    000000a2     libclang_rt.builtins.a : udivmoddi4.S.obj (.text)
                  00003fea    00000002     --HOLE-- [fill = 0]
                  00003fec    000000a0     Knob_drv.o (.text.Knob_get)
                  0000408c    00000090     Easy_Menu.o (.text.Easy_Menu_Area_Clear)
                  0000411c    00000090     Easy_Menu_Core.o (.text.Easy_Menu_Goto_Page)
                  000041ac    00000090     ti_msp_dl_config.o (.text.SYSCFG_DL_PWM_0_init)
                  0000423c    0000008c     ti_msp_dl_config.o (.text.SYSCFG_DL_initPower)
                  000042c8    00000086     Easy_Menu.o (.text.Easy_Menu_Display_String)
                  0000434e    00000002     --HOLE-- [fill = 0]
                  00004350    00000084     ti_msp_dl_config.o (.text.__NVIC_SetPriority)
                  000043d4    00000080     Knob_drv.o (.text.Knob_Tick_1ms)
                  00004454    00000080     Motor.o (.text.Motor_B_EncoderIRQHandler)
                  000044d4    0000007c     Easy_Menu_Page.o (.text.Ordinary_Page_Init)
                  00004550    0000007c     libc.a : copy_decompress_lzss.c.obj (.text:decompress:lzss)
                  000045cc    00000074     Easy_Menu_Core.o (.text.Easy_Menu_Display)
                  00004640    00000074     OLED.o (.text.Send_Byte)
                  000046b4    00000074     libclang_rt.builtins.a : comparedf2.c.obj (.text.__gedf2)
                  00004728    00000072     No_Mcu_Ganv_Grayscale_Sensor.o (.text.No_MCU_Ganv_Sensor_Init_Frist)
                  0000479a    00000002     --HOLE-- [fill = 0]
                  0000479c    0000006c     ti_msp_dl_config.o (.text.SYSCFG_DL_ADC_line_detector_init)
                  00004808    0000006c     No_Mcu_Ganv_Grayscale_Sensor.o (.text.convertAnalogToDigital)
                  00004874    0000006a     OLED.o (.text.OLED_Clear)
                  000048de    00000002     --HOLE-- [fill = 0]
                  000048e0    00000068     libclang_rt.builtins.a : comparedf2.c.obj (.text.__ledf2)
                  00004948    00000066     libc.a : _printfi.c.obj (.text._mcpy)
                  000049ae    00000002     --HOLE-- [fill = 0]
                  000049b0    00000064     ti_msp_dl_config.o (.text.DL_ADC12_initSingleSample)
                  00004a14    00000062     libclang_rt.builtins.a : aeabi_dcmp.S.obj (.text.__aeabi_dcmp)
                  00004a76    00000002     --HOLE-- [fill = 0]
                  00004a78    00000062                            : aeabi_fcmp.S.obj (.text.__aeabi_fcmp)
                  00004ada    00000002     --HOLE-- [fill = 0]
                  00004adc    0000005c     Easy_Menu.o (.text.Easy_Menu_All_Clear)
                  00004b38    0000005c     ADC.o (.text.adc_getValue)
                  00004b94    0000005c     libc.a : s_frexp.c.obj (.text.frexp)
                  00004bf0    00000058     Easy_Menu_Item.o (.text.Switch_Item_Input)
                  00004c48    00000058     libc.a : _ltoa.c.obj (.text.__TI_ltoa)
                  00004ca0    00000058            : _printfi.c.obj (.text._pconv_f)
                  00004cf8    00000056     libclang_rt.builtins.a : aeabi_idivmod.S.obj (.text.__aeabi_idivmod)
                  00004d4e    00000054     Easy_Menu.o (.text.Compare_String)
                  00004da2    00000002     --HOLE-- [fill = 0]
                  00004da4    00000054     ti_msp_dl_config.o (.text.DL_Timer_configQEI)
                  00004df8    00000054     Knob_drv.o (.text.Knob_EXTI_Handler)
                  00004e4c    00000054     Trackline.o (.text.Trackline_Init)
                  00004ea0    00000052     libc.a : _printfi.c.obj (.text._ecpy)
                  00004ef2    00000002     --HOLE-- [fill = 0]
                  00004ef4    00000050     ti_msp_dl_config.o (.text.SYSCFG_DL_QEI_0_init)
                  00004f44    00000050     ti_msp_dl_config.o (.text.SysTick_Config)
                  00004f94    0000004e     OLED.o (.text.OLED_WR_Byte)
                  00004fe2    00000002     --HOLE-- [fill = 0]
                  00004fe4    0000004c     driverlib.a : dl_dma.o (.text.DL_DMA_initChannel)
                  00005030    0000004c     ti_msp_dl_config.o (.text.DL_GPIO_initDigitalInputFeatures)
                  0000507c    0000004c     ti_msp_dl_config.o (.text.DL_UART_setBaudRateDivisor)
                  000050c8    0000004c     main.o (.text.main)
                  00005114    0000004a     ti_msp_dl_config.o (.text.DL_ADC12_configConversionMem)
                  0000515e    00000002     --HOLE-- [fill = 0]
                  00005160    0000004a     libclang_rt.builtins.a : fixdfsi.S.obj (.text.__fixdfsi)
                  000051aa    00000002     --HOLE-- [fill = 0]
                  000051ac    00000048     driverlib.a : dl_uart.o (.text.DL_UART_init)
                  000051f4    00000044     Easy_Menu.o (.text.Easy_Menu_Display_Char)
                  00005238    00000042     No_Mcu_Ganv_Grayscale_Sensor.o (.text.No_Mcu_Ganv_Sensor_Task_Without_tick)
                  0000527a    00000002     --HOLE-- [fill = 0]
                  0000527c    00000040     driverlib.a : dl_adc12.o (.text.DL_ADC12_setClockConfig)
                  000052bc    00000040     ti_msp_dl_config.o (.text.SYSCFG_DL_UART_0_init)
                  000052fc    00000040     ti_msp_dl_config.o (.text.SYSCFG_DL_UART_UP_init)
                  0000533c    00000040     Easy_Menu_Item.o (.text.Switch_Item_Init)
                  0000537c    00000040     libclang_rt.builtins.a : aeabi_uidivmod.S.obj (.text.__aeabi_uidivmod)
                  000053bc    00000040                            : extendsfdf2.S.obj (.text.__extendsfdf2)
                  000053fc    00000040     libc.a : atoi.c.obj (.text.atoi)
                  0000543c    00000040            : vsnprintf.c.obj (.text.vsnprintf)
                  0000547c    0000003c     ti_msp_dl_config.o (.text.DL_Timer_setCounterControl)
                  000054b8    0000003c     Easy_Menu_Core.o (.text.Easy_Menu_Init)
                  000054f4    0000003c     Easy_Menu.o (.text.Easy_Menu_Printf)
                  00005530    0000003c     OLED.o (.text.OLED_Set_Pos)
                  0000556c    0000003c     libclang_rt.builtins.a : comparesf2.S.obj (.text.__gtsf2)
                  000055a8    0000003c     Beep.o (.text.start_off_phase)
                  000055e4    0000003c     Beep.o (.text.start_on_phase)
                  00005620    0000003c     Uart.o (.text.uart0_send_string)
                  0000565c    0000003c     libc.a : autoinit.c.obj (.text:__TI_auto_init_nobinit_nopinit)
                  00005698    0000003a     libclang_rt.builtins.a : comparesf2.S.obj (.text.__eqsf2)
                  000056d2    00000002     --HOLE-- [fill = 0]
                  000056d4    0000003a                            : muldsi3.S.obj (.text.__muldsi3)
                  0000570e    00000038     No_Mcu_Ganv_Grayscale_Sensor.o (.text.Get_Normalize_For_User)
                  00005746    00000002     --HOLE-- [fill = 0]
                  00005748    00000038     Motor.o (.text.Motor_Coast)
                  00005780    00000038     ti_msp_dl_config.o (.text.SYSCFG_DL_init)
                  000057b8    00000038     libc.a : sprintf.c.obj (.text.sprintf)
                  000057f0    00000036     No_Mcu_Ganv_Grayscale_Sensor.o (.text.Get_Anolog_Value)
                  00005826    00000002     --HOLE-- [fill = 0]
                  00005828    00000034     Easy_Menu_Item.o (.text.Goto_Item_Init)
                  0000585c    00000034     OLED.o (.text.I2C_Start)
                  00005890    00000034     ti_msp_dl_config.o (.text.SYSCFG_DL_SYSCTL_init)
                  000058c4    00000030     ti_msp_dl_config.o (.text.DL_DMA_setTransferSize)
                  000058f4    00000030     ti_msp_dl_config.o (.text.DL_GPIO_initDigitalOutputFeatures)
                  00005924    00000030     Easy_Menu.o (.text.Display_Char_Line)
                  00005954    00000030     Motor.o (.text.Motor_Init)
                  00005984    00000030     delay.o (.text.SysTick_Handler)
                  000059b4    00000030     libc.a : _printfi.c.obj (.text._fcpy)
                  000059e4    00000030            : vsnprintf.c.obj (.text._outs)
                  00005a14    0000002e     Easy_Menu_Item.o (.text.Goto_Item_Input)
                  00005a42    00000002     --HOLE-- [fill = 0]
                  00005a44    0000002c     ti_msp_dl_config.o (.text.DL_ADC12_setDMASamplesCnt)
                  00005a70    0000002c     Knob_drv.o (.text.GROUP1_IRQHandler)
                  00005a9c    0000002c     Knob_drv.o (.text.__NVIC_EnableIRQ)
                  00005ac8    0000002c     Motor.o (.text.__NVIC_EnableIRQ)
                  00005af4    0000002c     libclang_rt.builtins.a : floatsidf.S.obj (.text.__floatsidf)
                  00005b20    0000002c     Uart.o (.text.uart0_send_char)
                  00005b4c    0000002a     Easy_Menu.o (.text.Display_Char)
                  00005b76    00000028     ti_msp_dl_config.o (.text.DL_Common_updateReg)
                  00005b9e    00000002     --HOLE-- [fill = 0]
                  00005ba0    00000028     Trackline.o (.text.DL_DMA_setDestAddr)
                  00005bc8    00000028     Trackline.o (.text.DL_DMA_setSrcAddr)
                  00005bf0    00000028     Easy_Menu_Core.o (.text.Easy_Menu_Input)
                  00005c18    00000028     OLED.o (.text.I2C_Stop)
                  00005c40    00000028     OLED.o (.text.I2C_WaitAck)
                  00005c68    00000028     ti_msp_dl_config.o (.text.SYSCFG_DL_DMA_detector_out_init)
                  00005c90    00000028     libc.a : boot_cortex_m.c.obj (.text:_c_int00_noargs)
                  00005cb8    00000026     Trackline.o (.text.DL_DMA_enableChannel)
                  00005cde    00000002     --HOLE-- [fill = 0]
                  00005ce0    00000024     libclang_rt.builtins.a : floatunsidf.S.obj (.text.__floatunsidf)
                  00005d04    00000024                            : muldi3.S.obj (.text.__muldi3)
                  00005d28    00000022     libc.a : memccpy.c.obj (.text.memccpy)
                  00005d4a    00000002     --HOLE-- [fill = 0]
                  00005d4c    00000020     ti_msp_dl_config.o (.text.DL_GPIO_initPeripheralInputFunction)
                  00005d6c    00000020     delay.o (.text.delay_ms)
                  00005d8c    0000001e     ti_msp_dl_config.o (.text.DL_UART_setOversampling)
                  00005daa    00000002     --HOLE-- [fill = 0]
                  00005dac    0000001e     libclang_rt.builtins.a : ashldi3.S.obj (.text.__ashldi3)
                  00005dca    00000002     --HOLE-- [fill = 0]
                  00005dcc    0000001c     ti_msp_dl_config.o (.text.DL_ADC12_enableDMA)
                  00005de8    0000001c     ti_msp_dl_config.o (.text.DL_ADC12_enableDMATrigger)
                  00005e04    0000001c     Trackline.o (.text.DL_ADC12_startConversion)
                  00005e20    0000001c     Knob_drv.o (.text.DL_GPIO_clearInterruptStatus)
                  00005e3c    0000001c     Motor.o (.text.DL_GPIO_clearInterruptStatus)
                  00005e58    0000001c     ti_msp_dl_config.o (.text.DL_GPIO_clearInterruptStatus)
                  00005e74    0000001c     ti_msp_dl_config.o (.text.DL_GPIO_enableInterrupt)
                  00005e90    0000001c     ti_msp_dl_config.o (.text.DL_GPIO_initPeripheralOutputFunction)
                  00005eac    0000001c     ti_msp_dl_config.o (.text.DL_GPIO_setLowerPinsPolarity)
                  00005ec8    0000001c     Knob_drv.o (.text.DL_Interrupt_getPendingGroup)
                  00005ee4    0000001c     ti_msp_dl_config.o (.text.DL_SYSCTL_setSYSOSCFreq)
                  00005f00    0000001c     driverlib.a : dl_timer.o (.text.DL_Timer_setCaptCompUpdateMethod)
                  00005f1c    0000001c                 : dl_timer.o (.text.DL_Timer_setClockConfig)
                  00005f38    00000018     ti_msp_dl_config.o (.text.DL_ADC12_enablePower)
                  00005f50    00000018     ti_msp_dl_config.o (.text.DL_ADC12_reset)
                  00005f68    00000018     ti_msp_dl_config.o (.text.DL_ADC12_setSampleTime0)
                  00005f80    00000018     ti_msp_dl_config.o (.text.DL_GPIO_enableOutput)
                  00005f98    00000018     ti_msp_dl_config.o (.text.DL_GPIO_enablePower)
                  00005fb0    00000018     Knob_drv.o (.text.DL_GPIO_getEnabledInterruptStatus)
                  00005fc8    00000018     Motor.o (.text.DL_GPIO_getEnabledInterruptStatus)
                  00005fe0    00000018     ti_msp_dl_config.o (.text.DL_GPIO_initDigitalOutput)
                  00005ff8    00000018     ti_msp_dl_config.o (.text.DL_GPIO_reset)
                  00006010    00000018     Beep.o (.text.DL_GPIO_setPins)
                  00006028    00000018     No_Mcu_Ganv_Grayscale_Sensor.o (.text.DL_GPIO_setPins)
                  00006040    00000018     OLED.o (.text.DL_GPIO_setPins)
                  00006058    00000018     ti_msp_dl_config.o (.text.DL_GPIO_setPins)
                  00006070    00000018     ti_msp_dl_config.o (.text.DL_GPIO_setUpperPinsPolarity)
                  00006088    00000018     ti_msp_dl_config.o (.text.DL_SYSCTL_setBORThreshold)
                  000060a0    00000018     ti_msp_dl_config.o (.text.DL_Timer_enablePower)
                  000060b8    00000018     ti_msp_dl_config.o (.text.DL_Timer_reset)
                  000060d0    00000018     driverlib.a : dl_timer.o (.text.DL_Timer_setCaptureCompareOutCtl)
                  000060e8    00000018     ti_msp_dl_config.o (.text.DL_Timer_setLoadValue)
                  00006100    00000018     ti_msp_dl_config.o (.text.DL_Timer_startCounter)
                  00006118    00000018     ti_msp_dl_config.o (.text.DL_UART_enablePower)
                  00006130    00000018     Uart.o (.text.DL_UART_isBusy)
                  00006148    00000018     ti_msp_dl_config.o (.text.DL_UART_reset)
                  00006160    00000018     libc.a : vsnprintf.c.obj (.text._outc)
                  00006178    00000018            : sprintf.c.obj (.text._outs)
                  00006190    00000016     ti_msp_dl_config.o (.text.DL_ADC12_enableConversions)
                  000061a6    00000016     Knob_drv.o (.text.DL_GPIO_readPins)
                  000061bc    00000016     Motor.o (.text.DL_GPIO_readPins)
                  000061d2    00000016     ti_msp_dl_config.o (.text.DL_UART_enable)
                  000061e8    00000016     Uart.o (.text.DL_UART_transmitData)
                  000061fe    00000016     libc.a : copy_zero_init.c.obj (.text:decompress:ZI:__TI_zero_init_nomemset)
                  00006214    00000014     Beep.o (.text.DL_GPIO_clearPins)
                  00006228    00000014     Motor.o (.text.DL_GPIO_clearPins)
                  0000623c    00000014     No_Mcu_Ganv_Grayscale_Sensor.o (.text.DL_GPIO_clearPins)
                  00006250    00000014     OLED.o (.text.DL_GPIO_clearPins)
                  00006264    00000014     ti_msp_dl_config.o (.text.DL_GPIO_clearPins)
                  00006278    00000014     ti_msp_dl_config.o (.text.DL_SYSCTL_disableSYSPLL)
                  0000628c    00000014     ti_msp_dl_config.o (.text.DL_SYSCTL_enableMFCLK)
                  000062a0    00000014     ti_msp_dl_config.o (.text.DL_Timer_enableClock)
                  000062b4    00000014     ti_msp_dl_config.o (.text.DL_Timer_setCCPDirection)
                  000062c8    00000014     Motor.o (.text.Motor_B_EncoderInit)
                  000062dc    00000014     Easy_Menu_Page.o (.text.Ordinary_Page_Exit)
                  000062f0    00000014     libclang_rt.builtins.a : aeabi_uldivmod.S.obj (.text.__aeabi_uldivmod)
                  00006304    00000014     libc.a : _printfi.c.obj (.text.strchr)
                  00006318    00000012     driverlib.a : dl_uart.o (.text.DL_UART_setClockConfig)
                  0000632a    00000012     libc.a : memcpy16.S.obj (.text:TI_memcpy_small)
                  0000633c    00000012            : copy_decompress_none.c.obj (.text:decompress:none)
                  0000634e    00000002     --HOLE-- [fill = 0]
                  00006350    00000010     ti_msp_dl_config.o (.text.DL_SYSCTL_disableHFXT)
                  00006360    00000010     driverlib.a : dl_timer.o (.text.DL_Timer_setCaptureCompareValue)
                  00006370    00000010     libc.a : wcslen.c.obj (.text.wcslen)
                  00006380    0000000e     No_Mcu_Ganv_Grayscale_Sensor.o (.text.Get_Digtal_For_User)
                  0000638e    00000002     --HOLE-- [fill = 0]
                  00006390    0000000e     libclang_rt.builtins.a : aeabi_memset.S.obj (.text.__aeabi_memset)
                  0000639e    0000000e     libc.a : _printfi.c.obj (.text.strlen)
                  000063ac    0000000e            : strlen.c.obj (.text.strlen)
                  000063ba    0000000e            : memset16.S.obj (.text:TI_memset_small)
                  000063c8    0000000c     ti_msp_dl_config.o (.text.SYSCFG_DL_SYSTICK_init)
                  000063d4    0000000c     libclang_rt.builtins.a : aeabi_memset.S.obj (.text.__aeabi_memclr)
                  000063e0    0000000a     driverlib.a : dl_common.o (.text.DL_Common_delayCycles)
                  000063ea    0000000a     Knob_drv.o (.text.Knob_Init)
                  000063f4    0000000a     libc.a : _printfi.c.obj (.text.OUTLINED_FUNCTION_0)
                  000063fe    00000002     --HOLE-- [fill = 0]
                  00006400    00000010     libclang_rt.builtins.a : adddf3.S.obj (.tramp.__aeabi_dsub.1)
                  00006410    0000000a     libc.a : _printfi.c.obj (.text.OUTLINED_FUNCTION_1)
                  0000641a    0000000a     Easy_Menu_User.o (.text.Task1_Callback)
                  00006424    0000000a     Easy_Menu_User.o (.text.Task2_Callback)
                  0000642e    0000000a     libc.a : sprintf.c.obj (.text._outc)
                  00006438    00000008     ti_msp_dl_config.o (.text.SYSCFG_DL_DMA_init)
                  00006440    00000008     Easy_Menu_User.o (.text.Track_Pid__Kd_Callback)
                  00006448    00000008     Easy_Menu_User.o (.text.Track_Pid__Kp_Callback)
                  00006450    00000008     libc.a : aeabi_portable.c.obj (.text.__aeabi_errno_addr)
                  00006458    00000008     libclang_rt.builtins.a : aeabi_memcpy.S.obj (.text.__aeabi_memcpy)
                  00006460    00000006     libc.a : exit.c.obj (.text:abort)
                  00006466    00000004     startup_mspm0g350x_ticlang.o (.text.Default_Handler)
                  0000646a    00000004     libsysbm.a : hostexit.c.obj (.text.HOSTexit)
                  0000646e    00000004     startup_mspm0g350x_ticlang.o (.text.Reset_Handler)
                  00006472    00000004     libc.a : pre_init.c.obj (.text._system_pre_init)
                  00006476    00000002     --HOLE-- [fill = 0]

.cinit     0    00006ed0    00000058     
                  00006ed0    0000002d     (.cinit..data.load) [load image, compression = lzss]
                  00006efd    00000003     --HOLE-- [fill = 0]
                  00006f00    0000000c     (__TI_handler_table)
                  00006f0c    00000008     (.cinit..bss.load) [load image, compression = zero_init]
                  00006f14    00000010     (__TI_cinit_table)
                  00006f24    00000004     --HOLE-- [fill = 0]

.rodata    0    00006480    00000a50     
                  00006480    000005f0     OLED.o (.rodata.asc2_1608)
                  00006a70    00000228     OLED.o (.rodata.asc2_0806)
                  00006c98    00000008     ti_msp_dl_config.o (.rodata.gADC_line_detectorClockConfig)
                  00006ca0    00000101     libc.a : aeabi_ctype.S.obj (.rodata:__aeabi_ctype_table_)
                  00006da1    00000024     Trackline.o (.rodata.str1.15089383939842815628.1)
                  00006dc5    00000021     Trackline.o (.rodata.str1.13662752425357951115.1)
                  00006de6    00000021     Trackline.o (.rodata.str1.17912206550742844991.1)
                  00006e07    00000001     --HOLE-- [fill = 0]
                  00006e08    00000018     ti_msp_dl_config.o (.rodata.gDMA_detector_outConfig)
                  00006e20    00000011     libc.a : _printfi.c.obj (.rodata.str1.10348868589481759720.1)
                  00006e31    00000011            : _printfi.c.obj (.rodata.str1.15363888844622738466.1)
                  00006e42    0000000e     Easy_Menu_User.o (.rodata.str1.11177260976807265928.1)
                  00006e50    0000000e     Easy_Menu_User.o (.rodata.str1.16980020722660603416.1)
                  00006e5e    0000000e     Easy_Menu_User.o (.rodata.str1.17975632479887315808.1)
                  00006e6c    0000000a     ti_msp_dl_config.o (.rodata.gUART_0Config)
                  00006e76    0000000a     ti_msp_dl_config.o (.rodata.gUART_UPConfig)
                  00006e80    00000008     ti_msp_dl_config.o (.rodata.gPWM_0Config)
                  00006e88    00000007     Easy_Menu_Page.o (.rodata.str1.10162903526471618397.1)
                  00006e8f    00000006     Easy_Menu_User.o (.rodata.str1.11262980610456716024.1)
                  00006e95    00000006     Easy_Menu_Page.o (.rodata.str1.11602794411890177903.1)
                  00006e9b    00000006     Easy_Menu_User.o (.rodata.str1.14456782623604785242.1)
                  00006ea1    00000006     Easy_Menu_User.o (.rodata.str1.8423479308304406733.1)
                  00006ea7    00000005     Easy_Menu_Page.o (.rodata.str1.10541918737141963520.1)
                  00006eac    00000005     Easy_Menu_Page.o (.rodata.str1.14526947901870425149.1)
                  00006eb1    00000005     Easy_Menu_Page.o (.rodata.str1.17342757695734682319.1)
                  00006eb6    00000005     Easy_Menu_User.o (.rodata.str1.2484268131311446048.1)
                  00006ebb    00000005     Easy_Menu_Page.o (.rodata.str1.2927598468843798870.1)
                  00006ec0    00000003     ti_msp_dl_config.o (.rodata.gPWM_0ClockConfig)
                  00006ec3    00000003     ti_msp_dl_config.o (.rodata.gQEI_0ClockConfig)
                  00006ec6    00000002     ti_msp_dl_config.o (.rodata.gUART_0ClockConfig)
                  00006ec8    00000002     ti_msp_dl_config.o (.rodata.gUART_UPClockConfig)
                  00006eca    00000002     Easy_Menu_Page.o (.rodata.str1.6187967722562398102.1)
                  00006ecc    00000004     --HOLE-- [fill = 0]

.init_array 
*          0    00000000    00000000     UNINITIALIZED

.binit     0    00000000    00000000     

.bss       0    20200000    00000379     UNINITIALIZED
                  20200000    000000b0     Trackline.o (.bss.sensor)
                  202000b0    000000a0     (.common:easy_menu)
                  20200150    000000a0     (.common:gQEI_0Backup)
                  202001f0    00000050     (.common:ADC_VALUE)
                  20200240    0000002c     (.common:track_pid__kd)
                  2020026c    0000002c     (.common:track_pid__kp)
                  20200298    00000028     (.common:home_page)
                  202002c0    00000028     (.common:tasks__page)
                  202002e8    00000028     (.common:trackline_pid__page)
                  20200310    00000018     (.common:task1)
                  20200328    00000018     (.common:task2)
                  20200340    00000014     (.common:goto__tasks__page)
                  20200354    00000014     (.common:goto__trackline_pid__page)
                  20200368    00000010     Trackline.o (.bss.Normal)
                  20200378    00000001     Trackline.o (.bss.Digtal)

.data      0    2020037c    00000175     UNINITIALIZED
                  2020037c    00000100     Trackline.o (.data.rx_buff)
                  2020047c    00000010     Trackline.o (.data.Anolog)
                  2020048c    00000010     Trackline.o (.data.black)
                  2020049c    00000010     Trackline.o (.data.white)
                  202004ac    0000000c     Easy_Menu_User.o (.data.Easy_Menu_Ui_Data)
                  202004b8    00000008     Easy_Menu_User.o (.data.home_page_items)
                  202004c0    00000008     Easy_Menu_User.o (.data.tasks__page_items)
                  202004c8    00000008     Easy_Menu_User.o (.data.trackline_pid__page_items)
                  202004d0    00000004     libc.a : aeabi_portable.c.obj (.data.__aeabi_errno)
                  202004d4    00000004     delay.o (.data.delay_times)
                  202004d8    00000004     delay.o (.data.g_SystemTick)
                  202004dc    00000004     Motor.o (.data.g_encoderB_cnt)
                  202004e0    00000004     Beep.o (.data.s_tick_start)
                  202004e4    00000002     Beep.o (.data.s_off_time)
                  202004e6    00000002     Beep.o (.data.s_on_time)
                  202004e8    00000002     Knob_drv.o (.data.s_press_cnt)
                  202004ea    00000001     Knob_drv.o (.data.g_KnobEvent)
                  202004eb    00000001     Knob_drv.o (.data.menu_move)
                  202004ec    00000001     Beep.o (.data.s_cycle_cnt)
                  202004ed    00000001     Beep.o (.data.s_cycle_target)
                  202004ee    00000001     Knob_drv.o (.data.s_long_pressed)
                  202004ef    00000001     Beep.o (.data.s_mode)
                  202004f0    00000001     Beep.o (.data.s_state)

.stack     0    20207e00    00000200     UNINITIALIZED
                  20207e00    00000004     libc.a : boot_cortex_m.c.obj (.stack)
                  20207e04    000001fc     --HOLE--

__llvm_prf_cnts 
*          0    20200000    00000000     UNINITIALIZED

__llvm_prf_bits 
*          0    20200000    00000000     UNINITIALIZED

MODULE SUMMARY

       Module                           code    ro data   rw data
       ------                           ----    -------   -------
    .\
       ti_msp_dl_config.o               2812    70        160    
       startup_mspm0g350x_ticlang.o     8       192       0      
       main.o                           76      0         0      
    +--+--------------------------------+-------+---------+---------+
       Total:                           2896    262       160    
                                                                 
    .\APP\
       Trackline.o                      522     102       497    
    +--+--------------------------------+-------+---------+---------+
       Total:                           522     102       497    
                                                                 
    .\BSP\
       Uart.o                           150     0         0      
       delay.o                          80      0         8      
    +--+--------------------------------+-------+---------+---------+
       Total:                           230     0         8      
                                                                 
    .\Drive\Beep\
       Beep.o                           368     0         12     
    +--+--------------------------------+-------+---------+---------+
       Total:                           368     0         12     
                                                                 
    .\Drive\Grayscale_Sensor\
       No_Mcu_Ganv_Grayscale_Sensor.o   1202    0         0      
       ADC.o                            92      0         80     
    +--+--------------------------------+-------+---------+---------+
       Total:                           1294    0         80     
                                                                 
    .\Drive\Knob\
       Knob_drv.o                       572     0         5      
    +--+--------------------------------+-------+---------+---------+
       Total:                           572     0         5      
                                                                 
    .\Drive\Motor\
       Motor.o                          390     0         4      
    +--+--------------------------------+-------+---------+---------+
       Total:                           390     0         4      
                                                                 
    .\Drive\OLED_Drv\
       OLED.o                           1066    2072      0      
    +--+--------------------------------+-------+---------+---------+
       Total:                           1066    2072      0      
                                                                 
    .\Menu\
       Easy_Menu_Page.o                 4552    35        0      
       Easy_Menu_Item.o                 2442    0         0      
       Easy_Menu.o                      1856    0         160    
       Easy_Menu_User.o                 376     65        332    
       Easy_Menu_Core.o                 360     0         0      
    +--+--------------------------------+-------+---------+---------+
       Total:                           9586    100       492    
                                                                 
    D:/MSP-SDK/mspm0_sdk_2_10_00_04/source/ti/driverlib/lib/ticlang/m0p/mspm0g1x0x_g3x0x/driverlib.a
       dl_timer.o                       356     0         0      
       dl_uart.o                        90      0         0      
       dl_dma.o                         76      0         0      
       dl_adc12.o                       64      0         0      
       dl_common.o                      10      0         0      
    +--+--------------------------------+-------+---------+---------+
       Total:                           596     0         0      
                                                                 
    D:\CCS\ccs\tools\compiler\ti-cgt-armllvm_4.0.4.LTS\lib\armv6m-ti-none-eabi/c/libc.a
       _printfi.c.obj                   4510    34        0      
       aeabi_ctype.S.obj                0       257       0      
       s_scalbn.c.obj                   216     0         0      
       vsnprintf.c.obj                  136     0         0      
       copy_decompress_lzss.c.obj       124     0         0      
       s_frexp.c.obj                    92      0         0      
       sprintf.c.obj                    90      0         0      
       _ltoa.c.obj                      88      0         0      
       atoi.c.obj                       64      0         0      
       autoinit.c.obj                   60      0         0      
       boot_cortex_m.c.obj              40      0         0      
       memccpy.c.obj                    34      0         0      
       copy_zero_init.c.obj             22      0         0      
       copy_decompress_none.c.obj       18      0         0      
       memcpy16.S.obj                   18      0         0      
       wcslen.c.obj                     16      0         0      
       memset16.S.obj                   14      0         0      
       strlen.c.obj                     14      0         0      
       aeabi_portable.c.obj             8       0         4      
       exit.c.obj                       6       0         0      
       pre_init.c.obj                   4       0         0      
    +--+--------------------------------+-------+---------+---------+
       Total:                           5574    291       4      
                                                                 
    D:\CCS\ccs\tools\compiler\ti-cgt-armllvm_4.0.4.LTS\lib\armv6m-ti-none-eabi/c/libsysbm.a
       hostexit.c.obj                   4       0         0      
    +--+--------------------------------+-------+---------+---------+
       Total:                           4       0         0      
                                                                 
    D:\CCS\ccs\tools\compiler\ti-cgt-armllvm_4.0.4.LTS\lib\armv6m-ti-none-eabi/libclang_rt.builtins.a
       adddf3.S.obj                     418     0         0      
       divdf3.S.obj                     268     0         0      
       muldf3.S.obj                     228     0         0      
       comparedf2.c.obj                 220     0         0      
       addsf3.S.obj                     216     0         0      
       udivmoddi4.S.obj                 162     0         0      
       comparesf2.S.obj                 118     0         0      
       aeabi_dcmp.S.obj                 98      0         0      
       aeabi_fcmp.S.obj                 98      0         0      
       aeabi_idivmod.S.obj              86      0         0      
       fixdfsi.S.obj                    74      0         0      
       aeabi_uidivmod.S.obj             64      0         0      
       extendsfdf2.S.obj                64      0         0      
       muldsi3.S.obj                    58      0         0      
       floatsidf.S.obj                  44      0         0      
       floatunsidf.S.obj                36      0         0      
       muldi3.S.obj                     36      0         0      
       ashldi3.S.obj                    30      0         0      
       aeabi_memset.S.obj               26      0         0      
       aeabi_uldivmod.S.obj             20      0         0      
       aeabi_memcpy.S.obj               8       0         0      
       aeabi_div0.c.obj                 4       0         0      
    +--+--------------------------------+-------+---------+---------+
       Total:                           2376    0         0      
                                                                 
       Stack:                           0       0         512    
       Linker Generated:                0       81        0      
    +--+--------------------------------+-------+---------+---------+
       Grand Total:                     25474   2908      1774   


LINKER GENERATED COPY TABLES

__TI_cinit_table @ 00006f14 records: 2, size/record: 8, table size: 16
	.data: load addr=00006ed0, load size=0000002d bytes, run addr=2020037c, run size=00000175 bytes, compression=lzss
	.bss: load addr=00006f0c, load size=00000008 bytes, run addr=20200000, run size=00000379 bytes, compression=zero_init


LINKER GENERATED HANDLER TABLE

__TI_handler_table @ 00006f00 records: 3, size/record: 4, table size: 12
	index: 0, handler: __TI_decompress_lzss
	index: 1, handler: __TI_decompress_none
	index: 2, handler: __TI_zero_init


FAR CALL TRAMPOLINES

callee name               trampoline name
   callee addr  tramp addr   call addr  call info
--------------  -----------  ---------  ----------------
__aeabi_dsub              $Tramp$TT$L$PI$$__aeabi_dsub
   00002c29     00006400     000063fc   libc.a : _printfi.c.obj (.text.OUTLINED_FUNCTION_0)

[1 trampolines]
[1 trampoline calls]


GLOBAL SYMBOLS: SORTED ALPHABETICALLY BY Name 

address   name                                
-------   ----                                
00006467  ADC0_IRQHandler                     
00006467  ADC1_IRQHandler                     
202001f0  ADC_VALUE                           
00006467  AES_IRQHandler                      
00003c4d  Beep_Tick_1ms                       
0000646a  C$$EXIT                             
00006467  CANFD0_IRQHandler                   
00004d4f  Compare_String                      
00006467  DAC0_IRQHandler                     
0000527d  DL_ADC12_setClockConfig             
000063e1  DL_Common_delayCycles               
00004fe5  DL_DMA_initChannel                  
000037b9  DL_Timer_initFourCCPWMMode          
00005f01  DL_Timer_setCaptCompUpdateMethod    
000060d1  DL_Timer_setCaptureCompareOutCtl    
00006361  DL_Timer_setCaptureCompareValue     
00005f1d  DL_Timer_setClockConfig             
000051ad  DL_UART_init                        
00006319  DL_UART_setClockConfig              
00006467  DMA_IRQHandler                      
00003d19  Data_Item_Init                      
00001261  Data_Item_Input                     
00006467  Default_Handler                     
00005b4d  Display_Char                        
00005925  Display_Char_Line                   
00004add  Easy_Menu_All_Clear                 
00001a25  Easy_Menu_All_Update                
0000408d  Easy_Menu_Area_Clear                
000045cd  Easy_Menu_Display                   
000051f5  Easy_Menu_Display_Char              
000042c9  Easy_Menu_Display_String            
0000411d  Easy_Menu_Goto_Page                 
000054b9  Easy_Menu_Init                      
00005bf1  Easy_Menu_Input                     
000054f5  Easy_Menu_Printf                    
202004ac  Easy_Menu_Ui_Data                   
000030c1  Easy_Menu_Ui_Init                   
00006467  GROUP0_IRQHandler                   
00005a71  GROUP1_IRQHandler                   
00003de5  Get_Analog_value                    
000057f1  Get_Anolog_Value                    
00006381  Get_Digtal_For_User                 
0000570f  Get_Normalize_For_User              
00005829  Goto_Item_Init                      
00005a15  Goto_Item_Input                     
0000646b  HOSTexit                            
00006467  HardFault_Handler                   
00006467  I2C0_IRQHandler                     
00006467  I2C1_IRQHandler                     
0000585d  I2C_Start                           
00005c19  I2C_Stop                            
00005c41  I2C_WaitAck                         
00004df9  Knob_EXTI_Handler                   
000063eb  Knob_Init                           
000043d5  Knob_Tick_1ms                       
00003fed  Knob_get                            
00004455  Motor_B_EncoderIRQHandler           
000062c9  Motor_B_EncoderInit                 
00005749  Motor_Coast                         
00005955  Motor_Init                          
00006467  NMI_Handler                         
00002dbd  No_MCU_Ganv_Sensor_Init             
00004729  No_MCU_Ganv_Sensor_Init_Frist       
00005239  No_Mcu_Ganv_Sensor_Task_Without_tick
00004875  OLED_Clear                          
000038bd  OLED_Init                           
00005531  OLED_Set_Pos                        
00003595  OLED_ShowChar                       
00004f95  OLED_WR_Byte                        
00002a51  Ordinary_Page_Display               
00001ec5  Ordinary_Page_Enter                 
000062dd  Ordinary_Page_Exit                  
000044d5  Ordinary_Page_Init                  
00000a91  Ordinary_Page_Input                 
000022f1  Ordinary_Page_Refresh               
00006467  PendSV_Handler                      
00006467  RTC_IRQHandler                      
0000646f  Reset_Handler                       
00006467  SPI0_IRQHandler                     
00006467  SPI1_IRQHandler                     
00006467  SVC_Handler                         
0000479d  SYSCFG_DL_ADC_line_detector_init    
00005c69  SYSCFG_DL_DMA_detector_out_init     
00006439  SYSCFG_DL_DMA_init                  
00002f45  SYSCFG_DL_GPIO_init                 
000041ad  SYSCFG_DL_PWM_0_init                
00004ef5  SYSCFG_DL_QEI_0_init                
00005891  SYSCFG_DL_SYSCTL_init               
000063c9  SYSCFG_DL_SYSTICK_init              
000052bd  SYSCFG_DL_UART_0_init               
000052fd  SYSCFG_DL_UART_UP_init              
00005781  SYSCFG_DL_init                      
0000423d  SYSCFG_DL_initPower                 
00004641  Send_Byte                           
0000533d  Switch_Item_Init                    
00004bf1  Switch_Item_Input                   
00005985  SysTick_Handler                     
00006467  TIMA0_IRQHandler                    
00006467  TIMA1_IRQHandler                    
00006467  TIMG0_IRQHandler                    
00006467  TIMG12_IRQHandler                   
00006467  TIMG6_IRQHandler                    
00006467  TIMG7_IRQHandler                    
00006467  TIMG8_IRQHandler                    
0000632b  TI_memcpy_small                     
000063bb  TI_memset_small                     
0000641b  Task1_Callback                      
00006425  Task2_Callback                      
00006441  Track_Pid__Kd_Callback              
00006449  Track_Pid__Kp_Callback              
00004e4d  Trackline_Init                      
00003351  Trackline_Task                      
00006467  UART0_IRQHandler                    
00006467  UART1_IRQHandler                    
00006467  UART2_IRQHandler                    
00006467  UART3_IRQHandler                    
20208000  __STACK_END                         
00000200  __STACK_SIZE                        
00000000  __TI_ATRegion0_region_sz            
00000000  __TI_ATRegion0_src_addr             
00000000  __TI_ATRegion0_trg_addr             
00000000  __TI_ATRegion1_region_sz            
00000000  __TI_ATRegion1_src_addr             
00000000  __TI_ATRegion1_trg_addr             
00000000  __TI_ATRegion2_region_sz            
00000000  __TI_ATRegion2_src_addr             
00000000  __TI_ATRegion2_trg_addr             
00006f14  __TI_CINIT_Base                     
00006f24  __TI_CINIT_Limit                    
00006f24  __TI_CINIT_Warm                     
00006f00  __TI_Handler_Table_Base             
00006f0c  __TI_Handler_Table_Limit            
0000565d  __TI_auto_init_nobinit_nopinit      
00004551  __TI_decompress_lzss                
0000633d  __TI_decompress_none                
00004c49  __TI_ltoa                           
ffffffff  __TI_pprof_out_hndl                 
000000c1  __TI_printfi                        
ffffffff  __TI_prof_data_size                 
ffffffff  __TI_prof_data_start                
00000000  __TI_static_base__                  
000061ff  __TI_zero_init_nomemset             
00002c33  __adddf3                            
00003b7f  __addsf3                            
00006ca0  __aeabi_ctype_table_                
00006ca0  __aeabi_ctype_table_C               
00005161  __aeabi_d2iz                        
00002c33  __aeabi_dadd                        
00004a15  __aeabi_dcmpeq                      
00004a51  __aeabi_dcmpge                      
00004a65  __aeabi_dcmpgt                      
00004a3d  __aeabi_dcmple                      
00004a29  __aeabi_dcmplt                      
000036ad  __aeabi_ddiv                        
000039b9  __aeabi_dmul                        
00002c29  __aeabi_dsub                        
202004d0  __aeabi_errno                       
00006451  __aeabi_errno_addr                  
000053bd  __aeabi_f2d                         
00003b7f  __aeabi_fadd                        
00004a79  __aeabi_fcmpeq                      
00004ab5  __aeabi_fcmpge                      
00004ac9  __aeabi_fcmpgt                      
00004aa1  __aeabi_fcmple                      
00004a8d  __aeabi_fcmplt                      
00003b75  __aeabi_fsub                        
00005af5  __aeabi_i2d                         
00004cf9  __aeabi_idiv                        
00002dbb  __aeabi_idiv0                       
00004cf9  __aeabi_idivmod                     
000039b7  __aeabi_ldiv0                       
00005dad  __aeabi_llsl                        
00005d05  __aeabi_lmul                        
000063d5  __aeabi_memclr                      
000063d5  __aeabi_memclr4                     
000063d5  __aeabi_memclr8                     
00006459  __aeabi_memcpy                      
00006459  __aeabi_memcpy4                     
00006459  __aeabi_memcpy8                     
00006391  __aeabi_memset                      
00006391  __aeabi_memset4                     
00006391  __aeabi_memset8                     
00005ce1  __aeabi_ui2d                        
0000537d  __aeabi_uidiv                       
0000537d  __aeabi_uidivmod                    
000062f1  __aeabi_uldivmod                    
00005dad  __ashldi3                           
ffffffff  __binit__                           
000048e1  __cmpdf2                            
00005699  __cmpsf2                            
000036ad  __divdf3                            
000048e1  __eqdf2                             
00005699  __eqsf2                             
000053bd  __extendsfdf2                       
00005161  __fixdfsi                           
00005af5  __floatsidf                         
00005ce1  __floatunsidf                       
000046b5  __gedf2                             
0000556d  __gesf2                             
000046b5  __gtdf2                             
0000556d  __gtsf2                             
000048e1  __ledf2                             
00005699  __lesf2                             
000048e1  __ltdf2                             
00005699  __ltsf2                             
UNDEFED   __mpu_init                          
000039b9  __muldf3                            
00005d05  __muldi3                            
000056d5  __muldsi3                           
000048e1  __nedf2                             
00005699  __nesf2                             
20207e00  __stack                             
20200000  __start___llvm_prf_bits             
20200000  __start___llvm_prf_cnts             
20200000  __stop___llvm_prf_bits              
20200000  __stop___llvm_prf_cnts              
00002c29  __subdf3                            
00003b75  __subsf3                            
00003f49  __udivmoddi4                        
00005c91  _c_int00_noargs                     
UNDEFED   _system_post_cinit                  
00006473  _system_pre_init                    
00006461  abort                               
00004b39  adc_getValue                        
00006a70  asc2_0806                           
00006480  asc2_1608                           
000053fd  atoi                                
ffffffff  binit                               
00004809  convertAnalogToDigital              
00005d6d  delay_ms                            
202004d4  delay_times                         
202000b0  easy_menu                           
00004b95  frexp                               
00004b95  frexpl                              
20200150  gQEI_0Backup                        
202004ea  g_KnobEvent                         
202004d8  g_SystemTick                        
20200340  goto__tasks__page                   
20200354  goto__trackline_pid__page           
20200298  home_page                           
202004b8  home_page_items                     
00000000  interruptVectors                    
00003a9d  ldexp                               
00003a9d  ldexpl                              
000050c9  main                                
00005d29  memccpy                             
202004eb  menu_move                           
00003e9d  normalizeAnalogValues               
00003a9d  scalbn                              
00003a9d  scalbnl                             
000057b9  sprintf                             
000063ad  strlen                              
20200310  task1                               
20200328  task2                               
202002c0  tasks__page                         
202004c0  tasks__page_items                   
20200240  track_pid__kd                       
2020026c  track_pid__kp                       
202002e8  trackline_pid__page                 
202004c8  trackline_pid__page_items           
00005b21  uart0_send_char                     
00005621  uart0_send_string                   
0000543d  vsnprintf                           
00006371  wcslen                              


GLOBAL SYMBOLS: SORTED BY Symbol Address 

address   name                                
-------   ----                                
00000000  __TI_ATRegion0_region_sz            
00000000  __TI_ATRegion0_src_addr             
00000000  __TI_ATRegion0_trg_addr             
00000000  __TI_ATRegion1_region_sz            
00000000  __TI_ATRegion1_src_addr             
00000000  __TI_ATRegion1_trg_addr             
00000000  __TI_ATRegion2_region_sz            
00000000  __TI_ATRegion2_src_addr             
00000000  __TI_ATRegion2_trg_addr             
00000000  __TI_static_base__                  
00000000  interruptVectors                    
000000c1  __TI_printfi                        
00000200  __STACK_SIZE                        
00000a91  Ordinary_Page_Input                 
00001261  Data_Item_Input                     
00001a25  Easy_Menu_All_Update                
00001ec5  Ordinary_Page_Enter                 
000022f1  Ordinary_Page_Refresh               
00002a51  Ordinary_Page_Display               
00002c29  __aeabi_dsub                        
00002c29  __subdf3                            
00002c33  __adddf3                            
00002c33  __aeabi_dadd                        
00002dbb  __aeabi_idiv0                       
00002dbd  No_MCU_Ganv_Sensor_Init             
00002f45  SYSCFG_DL_GPIO_init                 
000030c1  Easy_Menu_Ui_Init                   
00003351  Trackline_Task                      
00003595  OLED_ShowChar                       
000036ad  __aeabi_ddiv                        
000036ad  __divdf3                            
000037b9  DL_Timer_initFourCCPWMMode          
000038bd  OLED_Init                           
000039b7  __aeabi_ldiv0                       
000039b9  __aeabi_dmul                        
000039b9  __muldf3                            
00003a9d  ldexp                               
00003a9d  ldexpl                              
00003a9d  scalbn                              
00003a9d  scalbnl                             
00003b75  __aeabi_fsub                        
00003b75  __subsf3                            
00003b7f  __addsf3                            
00003b7f  __aeabi_fadd                        
00003c4d  Beep_Tick_1ms                       
00003d19  Data_Item_Init                      
00003de5  Get_Analog_value                    
00003e9d  normalizeAnalogValues               
00003f49  __udivmoddi4                        
00003fed  Knob_get                            
0000408d  Easy_Menu_Area_Clear                
0000411d  Easy_Menu_Goto_Page                 
000041ad  SYSCFG_DL_PWM_0_init                
0000423d  SYSCFG_DL_initPower                 
000042c9  Easy_Menu_Display_String            
000043d5  Knob_Tick_1ms                       
00004455  Motor_B_EncoderIRQHandler           
000044d5  Ordinary_Page_Init                  
00004551  __TI_decompress_lzss                
000045cd  Easy_Menu_Display                   
00004641  Send_Byte                           
000046b5  __gedf2                             
000046b5  __gtdf2                             
00004729  No_MCU_Ganv_Sensor_Init_Frist       
0000479d  SYSCFG_DL_ADC_line_detector_init    
00004809  convertAnalogToDigital              
00004875  OLED_Clear                          
000048e1  __cmpdf2                            
000048e1  __eqdf2                             
000048e1  __ledf2                             
000048e1  __ltdf2                             
000048e1  __nedf2                             
00004a15  __aeabi_dcmpeq                      
00004a29  __aeabi_dcmplt                      
00004a3d  __aeabi_dcmple                      
00004a51  __aeabi_dcmpge                      
00004a65  __aeabi_dcmpgt                      
00004a79  __aeabi_fcmpeq                      
00004a8d  __aeabi_fcmplt                      
00004aa1  __aeabi_fcmple                      
00004ab5  __aeabi_fcmpge                      
00004ac9  __aeabi_fcmpgt                      
00004add  Easy_Menu_All_Clear                 
00004b39  adc_getValue                        
00004b95  frexp                               
00004b95  frexpl                              
00004bf1  Switch_Item_Input                   
00004c49  __TI_ltoa                           
00004cf9  __aeabi_idiv                        
00004cf9  __aeabi_idivmod                     
00004d4f  Compare_String                      
00004df9  Knob_EXTI_Handler                   
00004e4d  Trackline_Init                      
00004ef5  SYSCFG_DL_QEI_0_init                
00004f95  OLED_WR_Byte                        
00004fe5  DL_DMA_initChannel                  
000050c9  main                                
00005161  __aeabi_d2iz                        
00005161  __fixdfsi                           
000051ad  DL_UART_init                        
000051f5  Easy_Menu_Display_Char              
00005239  No_Mcu_Ganv_Sensor_Task_Without_tick
0000527d  DL_ADC12_setClockConfig             
000052bd  SYSCFG_DL_UART_0_init               
000052fd  SYSCFG_DL_UART_UP_init              
0000533d  Switch_Item_Init                    
0000537d  __aeabi_uidiv                       
0000537d  __aeabi_uidivmod                    
000053bd  __aeabi_f2d                         
000053bd  __extendsfdf2                       
000053fd  atoi                                
0000543d  vsnprintf                           
000054b9  Easy_Menu_Init                      
000054f5  Easy_Menu_Printf                    
00005531  OLED_Set_Pos                        
0000556d  __gesf2                             
0000556d  __gtsf2                             
00005621  uart0_send_string                   
0000565d  __TI_auto_init_nobinit_nopinit      
00005699  __cmpsf2                            
00005699  __eqsf2                             
00005699  __lesf2                             
00005699  __ltsf2                             
00005699  __nesf2                             
000056d5  __muldsi3                           
0000570f  Get_Normalize_For_User              
00005749  Motor_Coast                         
00005781  SYSCFG_DL_init                      
000057b9  sprintf                             
000057f1  Get_Anolog_Value                    
00005829  Goto_Item_Init                      
0000585d  I2C_Start                           
00005891  SYSCFG_DL_SYSCTL_init               
00005925  Display_Char_Line                   
00005955  Motor_Init                          
00005985  SysTick_Handler                     
00005a15  Goto_Item_Input                     
00005a71  GROUP1_IRQHandler                   
00005af5  __aeabi_i2d                         
00005af5  __floatsidf                         
00005b21  uart0_send_char                     
00005b4d  Display_Char                        
00005bf1  Easy_Menu_Input                     
00005c19  I2C_Stop                            
00005c41  I2C_WaitAck                         
00005c69  SYSCFG_DL_DMA_detector_out_init     
00005c91  _c_int00_noargs                     
00005ce1  __aeabi_ui2d                        
00005ce1  __floatunsidf                       
00005d05  __aeabi_lmul                        
00005d05  __muldi3                            
00005d29  memccpy                             
00005d6d  delay_ms                            
00005dad  __aeabi_llsl                        
00005dad  __ashldi3                           
00005f01  DL_Timer_setCaptCompUpdateMethod    
00005f1d  DL_Timer_setClockConfig             
000060d1  DL_Timer_setCaptureCompareOutCtl    
000061ff  __TI_zero_init_nomemset             
000062c9  Motor_B_EncoderInit                 
000062dd  Ordinary_Page_Exit                  
000062f1  __aeabi_uldivmod                    
00006319  DL_UART_setClockConfig              
0000632b  TI_memcpy_small                     
0000633d  __TI_decompress_none                
00006361  DL_Timer_setCaptureCompareValue     
00006371  wcslen                              
00006381  Get_Digtal_For_User                 
00006391  __aeabi_memset                      
00006391  __aeabi_memset4                     
00006391  __aeabi_memset8                     
000063ad  strlen                              
000063bb  TI_memset_small                     
000063c9  SYSCFG_DL_SYSTICK_init              
000063d5  __aeabi_memclr                      
000063d5  __aeabi_memclr4                     
000063d5  __aeabi_memclr8                     
000063e1  DL_Common_delayCycles               
000063eb  Knob_Init                           
0000641b  Task1_Callback                      
00006425  Task2_Callback                      
00006439  SYSCFG_DL_DMA_init                  
00006441  Track_Pid__Kd_Callback              
00006449  Track_Pid__Kp_Callback              
00006451  __aeabi_errno_addr                  
00006459  __aeabi_memcpy                      
00006459  __aeabi_memcpy4                     
00006459  __aeabi_memcpy8                     
00006461  abort                               
00006467  ADC0_IRQHandler                     
00006467  ADC1_IRQHandler                     
00006467  AES_IRQHandler                      
00006467  CANFD0_IRQHandler                   
00006467  DAC0_IRQHandler                     
00006467  DMA_IRQHandler                      
00006467  Default_Handler                     
00006467  GROUP0_IRQHandler                   
00006467  HardFault_Handler                   
00006467  I2C0_IRQHandler                     
00006467  I2C1_IRQHandler                     
00006467  NMI_Handler                         
00006467  PendSV_Handler                      
00006467  RTC_IRQHandler                      
00006467  SPI0_IRQHandler                     
00006467  SPI1_IRQHandler                     
00006467  SVC_Handler                         
00006467  TIMA0_IRQHandler                    
00006467  TIMA1_IRQHandler                    
00006467  TIMG0_IRQHandler                    
00006467  TIMG12_IRQHandler                   
00006467  TIMG6_IRQHandler                    
00006467  TIMG7_IRQHandler                    
00006467  TIMG8_IRQHandler                    
00006467  UART0_IRQHandler                    
00006467  UART1_IRQHandler                    
00006467  UART2_IRQHandler                    
00006467  UART3_IRQHandler                    
0000646a  C$$EXIT                             
0000646b  HOSTexit                            
0000646f  Reset_Handler                       
00006473  _system_pre_init                    
00006480  asc2_1608                           
00006a70  asc2_0806                           
00006ca0  __aeabi_ctype_table_                
00006ca0  __aeabi_ctype_table_C               
00006f00  __TI_Handler_Table_Base             
00006f0c  __TI_Handler_Table_Limit            
00006f14  __TI_CINIT_Base                     
00006f24  __TI_CINIT_Limit                    
00006f24  __TI_CINIT_Warm                     
20200000  __start___llvm_prf_bits             
20200000  __start___llvm_prf_cnts             
20200000  __stop___llvm_prf_bits              
20200000  __stop___llvm_prf_cnts              
202000b0  easy_menu                           
20200150  gQEI_0Backup                        
202001f0  ADC_VALUE                           
20200240  track_pid__kd                       
2020026c  track_pid__kp                       
20200298  home_page                           
202002c0  tasks__page                         
202002e8  trackline_pid__page                 
20200310  task1                               
20200328  task2                               
20200340  goto__tasks__page                   
20200354  goto__trackline_pid__page           
202004ac  Easy_Menu_Ui_Data                   
202004b8  home_page_items                     
202004c0  tasks__page_items                   
202004c8  trackline_pid__page_items           
202004d0  __aeabi_errno                       
202004d4  delay_times                         
202004d8  g_SystemTick                        
202004ea  g_KnobEvent                         
202004eb  menu_move                           
20207e00  __stack                             
20208000  __STACK_END                         
ffffffff  __TI_pprof_out_hndl                 
ffffffff  __TI_prof_data_size                 
ffffffff  __TI_prof_data_start                
ffffffff  __binit__                           
ffffffff  binit                               
UNDEFED   __mpu_init                          
UNDEFED   _system_post_cinit                  

[264 symbols]
