******************************************************************************
            TI ARM Clang Linker PC v4.0.4                      
******************************************************************************
>> Linked Sat Apr 18 23:59:41 2026

OUTPUT FILE NAME:   <optoelectronicrace_26.out>
ENTRY POINT SYMBOL: "_c_int00_noargs"  address: 00003fa5


MEMORY CONFIGURATION

         name            origin    length      used     unused   attr    fill
----------------------  --------  ---------  --------  --------  ----  --------
  FLASH                 00000000   00020000  00004d60  0001b2a0  R  X
  SRAM                  20200000   00008000  00000389  00007c77  RW X
  BCR_CONFIG            41c00000   000000ff  00000000  000000ff  R   
  BSL_CONFIG            41c00100   00000080  00000000  00000080  R   


SEGMENT ALLOCATION MAP

run origin  load origin   length   init length attrs members
----------  ----------- ---------- ----------- ----- -------
00000000    00000000    00004d60   00004d60    r-x
  00000000    00000000    000000c0   000000c0    r-- .intvecs
  000000c0    000000c0    000042e0   000042e0    r-x .text
  000043a0    000043a0    00000980   00000980    r-- .rodata
  00004d20    00004d20    00000040   00000040    r-- .cinit
20200000    20200000    00000189   00000000    rw-
  20200000    20200000    00000168   00000000    rw- .bss
  20200168    20200168    00000021   00000000    rw- .data
20207e00    20207e00    00000200   00000000    rw-
  20207e00    20207e00    00000200   00000000    rw- .stack


SECTION ALLOCATION MAP

 output                                  attributes/
section   page    origin      length       input sections
--------  ----  ----------  ----------   ----------------
.intvecs   0    00000000    000000c0     
                  00000000    000000c0     startup_mspm0g350x_ticlang.o (.intvecs)

.text      0    000000c0    000042e0     
                  000000c0    000009d0     libc.a : _printfi.c.obj (.text:__TI_printfi)
                  00000a90    000007d0     Easy_Menu_Page.o (.text.Ordinary_Page_Input)
                  00001260    000004a0     Easy_Menu.o (.text.Easy_Menu_All_Update)
                  00001700    0000042c     Easy_Menu_Page.o (.text.Ordinary_Page_Enter)
                  00001b2c    00000364     Easy_Menu_Page.o (.text.Ordinary_Page_Refresh)
                  00001e90    00000220     libc.a : _printfi.c.obj (.text._pconv_a)
                  000020b0    000001dc            : _printfi.c.obj (.text._pconv_g)
                  0000228c    000001d8     Easy_Menu_Page.o (.text.Ordinary_Page_Display)
                  00002464    00000192     libclang_rt.builtins.a : adddf3.S.obj (.text.adddf3_subdf3)
                  000025f6    00000002                            : aeabi_div0.c.obj (.text.__aeabi_idiv0)
                  000025f8    0000013c     libc.a : _printfi.c.obj (.text.fcvt)
                  00002734    00000120            : _printfi.c.obj (.text._pconv_e)
                  00002854    00000118     OLED.o (.text.OLED_ShowChar)
                  0000296c    0000010c     libclang_rt.builtins.a : divdf3.S.obj (.text.__divdf3)
                  00002a78    000000fa     OLED.o (.text.OLED_Init)
                  00002b72    00000002     libclang_rt.builtins.a : aeabi_div0.c.obj (.text.__aeabi_ldiv0)
                  00002b74    000000e4                            : muldf3.S.obj (.text.__muldf3)
                  00002c58    000000d8     libc.a : s_scalbn.c.obj (.text.scalbn)
                  00002d30    000000b8     Easy_Menu_User.o (.text.Easy_Menu_Ui_Init)
                  00002de8    000000a2     libclang_rt.builtins.a : udivmoddi4.S.obj (.text)
                  00002e8a    00000002     --HOLE-- [fill = 0]
                  00002e8c    00000098     Knob_drv.o (.text.Knob_get)
                  00002f24    00000090     Easy_Menu.o (.text.Easy_Menu_Area_Clear)
                  00002fb4    00000090     Easy_Menu_Core.o (.text.Easy_Menu_Goto_Page)
                  00003044    00000086     Easy_Menu.o (.text.Easy_Menu_Display_String)
                  000030ca    00000002     --HOLE-- [fill = 0]
                  000030cc    00000084     ti_msp_dl_config.o (.text.__NVIC_SetPriority)
                  00003150    00000080     Knob_drv.o (.text.Knob_Tick_1ms)
                  000031d0    00000080     ti_msp_dl_config.o (.text.SYSCFG_DL_GPIO_init)
                  00003250    0000007c     Easy_Menu_Page.o (.text.Ordinary_Page_Init)
                  000032cc    0000007c     libc.a : copy_decompress_lzss.c.obj (.text:decompress:lzss)
                  00003348    00000074     Easy_Menu_Core.o (.text.Easy_Menu_Display)
                  000033bc    00000074     OLED.o (.text.Send_Byte)
                  00003430    00000074     libclang_rt.builtins.a : comparedf2.c.obj (.text.__gedf2)
                  000034a4    0000006a     OLED.o (.text.OLED_Clear)
                  0000350e    00000002     --HOLE-- [fill = 0]
                  00003510    00000068     libclang_rt.builtins.a : comparedf2.c.obj (.text.__ledf2)
                  00003578    00000066     libc.a : _printfi.c.obj (.text._mcpy)
                  000035de    00000002     --HOLE-- [fill = 0]
                  000035e0    00000062     libclang_rt.builtins.a : aeabi_dcmp.S.obj (.text.__aeabi_dcmp)
                  00003642    00000002     --HOLE-- [fill = 0]
                  00003644    0000005c     Easy_Menu.o (.text.Easy_Menu_All_Clear)
                  000036a0    0000005c     Easy_Menu.o (.text.Easy_Menu_Display_Char)
                  000036fc    0000005c     libc.a : s_frexp.c.obj (.text.frexp)
                  00003758    00000058            : _ltoa.c.obj (.text.__TI_ltoa)
                  000037b0    00000058            : _printfi.c.obj (.text._pconv_f)
                  00003808    00000056     libclang_rt.builtins.a : aeabi_idivmod.S.obj (.text.__aeabi_idivmod)
                  0000385e    00000054     Easy_Menu.o (.text.Compare_String)
                  000038b2    00000002     --HOLE-- [fill = 0]
                  000038b4    00000054     Knob_drv.o (.text.Knob_EXTI_Handler)
                  00003908    00000052     libc.a : _printfi.c.obj (.text._ecpy)
                  0000395a    00000002     --HOLE-- [fill = 0]
                  0000395c    00000050     ti_msp_dl_config.o (.text.SysTick_Config)
                  000039ac    0000004e     OLED.o (.text.OLED_WR_Byte)
                  000039fa    00000002     --HOLE-- [fill = 0]
                  000039fc    0000004c     ti_msp_dl_config.o (.text.DL_GPIO_initDigitalInputFeatures)
                  00003a48    0000004a     libclang_rt.builtins.a : fixdfsi.S.obj (.text.__fixdfsi)
                  00003a92    00000002     --HOLE-- [fill = 0]
                  00003a94    00000040                            : aeabi_uidivmod.S.obj (.text.__aeabi_uidivmod)
                  00003ad4    00000040                            : extendsfdf2.S.obj (.text.__extendsfdf2)
                  00003b14    00000040     libc.a : atoi.c.obj (.text.atoi)
                  00003b54    00000040            : vsnprintf.c.obj (.text.vsnprintf)
                  00003b94    0000003c     Easy_Menu_Core.o (.text.Easy_Menu_Init)
                  00003bd0    0000003c     Easy_Menu.o (.text.Easy_Menu_Printf)
                  00003c0c    0000003c     OLED.o (.text.OLED_Set_Pos)
                  00003c48    0000003c     libc.a : autoinit.c.obj (.text:__TI_auto_init_nobinit_nopinit)
                  00003c84    0000003a     libclang_rt.builtins.a : muldsi3.S.obj (.text.__muldsi3)
                  00003cbe    00000002     --HOLE-- [fill = 0]
                  00003cc0    00000038     main.o (.text.main)
                  00003cf8    00000034     Easy_Menu_Item.o (.text.Goto_Item_Init)
                  00003d2c    00000034     OLED.o (.text.I2C_Start)
                  00003d60    00000034     ti_msp_dl_config.o (.text.SYSCFG_DL_initPower)
                  00003d94    00000034     Easy_Menu_Item.o (.text.Text_Item_Init)
                  00003dc8    00000030     libc.a : _printfi.c.obj (.text._fcpy)
                  00003df8    00000030            : vsnprintf.c.obj (.text._outs)
                  00003e28    0000002e     Easy_Menu_Item.o (.text.Goto_Item_Input)
                  00003e56    00000002     --HOLE-- [fill = 0]
                  00003e58    0000002c     delay.o (.text.SysTick_Handler)
                  00003e84    0000002c     Knob_drv.o (.text.__NVIC_EnableIRQ)
                  00003eb0    0000002c     libclang_rt.builtins.a : floatsidf.S.obj (.text.__floatsidf)
                  00003edc    00000028     ti_msp_dl_config.o (.text.DL_Common_updateReg)
                  00003f04    00000028     Easy_Menu_Core.o (.text.Easy_Menu_Input)
                  00003f2c    00000028     OLED.o (.text.I2C_Stop)
                  00003f54    00000028     OLED.o (.text.I2C_WaitAck)
                  00003f7c    00000028     Easy_Menu_Item.o (.text.Text_Item_Input)
                  00003fa4    00000028     libc.a : boot_cortex_m.c.obj (.text:_c_int00_noargs)
                  00003fcc    00000026     ti_msp_dl_config.o (.text.SYSCFG_DL_SYSCTL_init)
                  00003ff2    00000002     --HOLE-- [fill = 0]
                  00003ff4    00000024     libclang_rt.builtins.a : muldi3.S.obj (.text.__muldi3)
                  00004018    00000022     libc.a : memccpy.c.obj (.text.memccpy)
                  0000403a    00000002     --HOLE-- [fill = 0]
                  0000403c    00000020     delay.o (.text.delay_ms)
                  0000405c    0000001e     libclang_rt.builtins.a : ashldi3.S.obj (.text.__ashldi3)
                  0000407a    00000002     --HOLE-- [fill = 0]
                  0000407c    0000001c     Knob_drv.o (.text.DL_GPIO_clearInterruptStatus)
                  00004098    0000001c     ti_msp_dl_config.o (.text.DL_GPIO_clearInterruptStatus)
                  000040b4    0000001c     ti_msp_dl_config.o (.text.DL_GPIO_enableInterrupt)
                  000040d0    0000001c     Knob_drv.o (.text.DL_Interrupt_getPendingGroup)
                  000040ec    0000001c     ti_msp_dl_config.o (.text.DL_SYSCTL_setSYSOSCFreq)
                  00004108    00000018     ti_msp_dl_config.o (.text.DL_GPIO_enableOutput)
                  00004120    00000018     ti_msp_dl_config.o (.text.DL_GPIO_enablePower)
                  00004138    00000018     Knob_drv.o (.text.DL_GPIO_getEnabledInterruptStatus)
                  00004150    00000018     ti_msp_dl_config.o (.text.DL_GPIO_initDigitalOutput)
                  00004168    00000018     ti_msp_dl_config.o (.text.DL_GPIO_reset)
                  00004180    00000018     OLED.o (.text.DL_GPIO_setPins)
                  00004198    00000018     ti_msp_dl_config.o (.text.DL_GPIO_setPins)
                  000041b0    00000018     ti_msp_dl_config.o (.text.DL_GPIO_setUpperPinsPolarity)
                  000041c8    00000018     ti_msp_dl_config.o (.text.DL_SYSCTL_setBORThreshold)
                  000041e0    00000018     libc.a : vsnprintf.c.obj (.text._outc)
                  000041f8    00000016     Knob_drv.o (.text.DL_GPIO_readPins)
                  0000420e    00000016     Knob_drv.o (.text.GROUP1_IRQHandler)
                  00004224    00000016     libc.a : copy_zero_init.c.obj (.text:decompress:ZI:__TI_zero_init_nomemset)
                  0000423a    00000014     OLED.o (.text.DL_GPIO_clearPins)
                  0000424e    00000002     --HOLE-- [fill = 0]
                  00004250    00000014     ti_msp_dl_config.o (.text.DL_SYSCTL_disableSYSPLL)
                  00004264    00000014     Easy_Menu_Page.o (.text.Ordinary_Page_Exit)
                  00004278    00000014     ti_msp_dl_config.o (.text.SYSCFG_DL_init)
                  0000428c    00000014     libclang_rt.builtins.a : aeabi_uldivmod.S.obj (.text.__aeabi_uldivmod)
                  000042a0    00000014     libc.a : _printfi.c.obj (.text.strchr)
                  000042b4    00000012            : memcpy16.S.obj (.text:TI_memcpy_small)
                  000042c6    00000012            : copy_decompress_none.c.obj (.text:decompress:none)
                  000042d8    00000010     ti_msp_dl_config.o (.text.DL_SYSCTL_disableHFXT)
                  000042e8    00000010     libc.a : wcslen.c.obj (.text.wcslen)
                  000042f8    0000000e     libclang_rt.builtins.a : aeabi_memset.S.obj (.text.__aeabi_memset)
                  00004306    0000000e     libc.a : _printfi.c.obj (.text.strlen)
                  00004314    0000000e            : strlen.c.obj (.text.strlen)
                  00004322    0000000e            : memset16.S.obj (.text:TI_memset_small)
                  00004330    0000000c     ti_msp_dl_config.o (.text.SYSCFG_DL_SYSTICK_init)
                  0000433c    0000000a     driverlib.a : dl_common.o (.text.DL_Common_delayCycles)
                  00004346    0000000a     Knob_drv.o (.text.Knob_Init)
                  00004350    0000000a     libc.a : _printfi.c.obj (.text.OUTLINED_FUNCTION_0)
                  0000435a    00000002     --HOLE-- [fill = 0]
                  0000435c    00000010     libclang_rt.builtins.a : adddf3.S.obj (.tramp.__aeabi_dsub.1)
                  0000436c    0000000a     libc.a : _printfi.c.obj (.text.OUTLINED_FUNCTION_1)
                  00004376    00000002     --HOLE-- [fill = 0]
                  00004378    00000008            : aeabi_portable.c.obj (.text.__aeabi_errno_addr)
                  00004380    00000008     libclang_rt.builtins.a : aeabi_memcpy.S.obj (.text.__aeabi_memcpy)
                  00004388    00000006     libc.a : exit.c.obj (.text:abort)
                  0000438e    00000004     startup_mspm0g350x_ticlang.o (.text.Default_Handler)
                  00004392    00000004     libsysbm.a : hostexit.c.obj (.text.HOSTexit)
                  00004396    00000004     startup_mspm0g350x_ticlang.o (.text.Reset_Handler)
                  0000439a    00000004     libc.a : pre_init.c.obj (.text._system_pre_init)
                  0000439e    00000002     --HOLE-- [fill = 0]

.cinit     0    00004d20    00000040     
                  00004d20    00000015     (.cinit..data.load) [load image, compression = lzss]
                  00004d35    00000003     --HOLE-- [fill = 0]
                  00004d38    0000000c     (__TI_handler_table)
                  00004d44    00000008     (.cinit..bss.load) [load image, compression = zero_init]
                  00004d4c    00000010     (__TI_cinit_table)
                  00004d5c    00000004     --HOLE-- [fill = 0]

.rodata    0    000043a0    00000980     
                  000043a0    000005f0     OLED.o (.rodata.asc2_1608)
                  00004990    00000228     OLED.o (.rodata.asc2_0806)
                  00004bb8    00000007     Easy_Menu_Page.o (.rodata.str1.10162903526471618397.1)
                  00004bbf    00000001     --HOLE-- [fill = 0]
                  00004bc0    00000101     libc.a : aeabi_ctype.S.obj (.rodata:__aeabi_ctype_table_)
                  00004cc1    00000011            : _printfi.c.obj (.rodata.str1.10348868589481759720.1)
                  00004cd2    00000011            : _printfi.c.obj (.rodata.str1.15363888844622738466.1)
                  00004ce3    0000000c     Easy_Menu_User.o (.rodata.str1.11177260976807265928.1)
                  00004cef    00000006     Easy_Menu_User.o (.rodata.str1.11262980610456716024.1)
                  00004cf5    00000006     Easy_Menu_Page.o (.rodata.str1.11602794411890177903.1)
                  00004cfb    00000005     Easy_Menu_Page.o (.rodata.str1.10541918737141963520.1)
                  00004d00    00000005     Easy_Menu_Page.o (.rodata.str1.14526947901870425149.1)
                  00004d05    00000005     Easy_Menu_Page.o (.rodata.str1.17342757695734682319.1)
                  00004d0a    00000005     Easy_Menu_User.o (.rodata.str1.2484268131311446048.1)
                  00004d0f    00000005     Easy_Menu_Page.o (.rodata.str1.2927598468843798870.1)
                  00004d14    00000004     Easy_Menu_User.o (.rodata.str1.8423479308304406733.1)
                  00004d18    00000003     Easy_Menu_User.o (.rodata.str1.14456782623604785242.1)
                  00004d1b    00000002     Easy_Menu_Page.o (.rodata.str1.6187967722562398102.1)
                  00004d1d    00000003     --HOLE-- [fill = 0]

.init_array 
*          0    00000000    00000000     UNINITIALIZED

.binit     0    00000000    00000000     

.bss       0    20200000    00000168     UNINITIALIZED
                  20200000    000000a0     (.common:easy_menu)
                  202000a0    00000028     (.common:PID_page)
                  202000c8    00000028     (.common:home_page)
                  202000f0    00000028     (.common:task_option_page)
                  20200118    00000014     (.common:goto__PID_page)
                  2020012c    00000014     (.common:goto__task_option_page)
                  20200140    00000014     (.common:kp)
                  20200154    00000014     (.common:task1)

.data      0    20200168    00000021     UNINITIALIZED
                  20200168    00000008     Easy_Menu_User.o (.data.home_page_items)
                  20200170    00000004     Easy_Menu_User.o (.data.PID_page_items)
                  20200174    00000004     libc.a : aeabi_portable.c.obj (.data.__aeabi_errno)
                  20200178    00000004     delay.o (.data.delay_times)
                  2020017c    00000004     delay.o (.data.g_SystemTick)
                  20200180    00000004     Easy_Menu_User.o (.data.task_option_page_items)
                  20200184    00000002     Knob_drv.o (.data.s_press_cnt)
                  20200186    00000001     Knob_drv.o (.data.g_KnobEvent)
                  20200187    00000001     Knob_drv.o (.data.menu_move)
                  20200188    00000001     Knob_drv.o (.data.s_long_pressed)

.stack     0    20207e00    00000200     UNINITIALIZED
                  20207e00    00000004     libc.a : boot_cortex_m.c.obj (.stack)
                  20207e04    000001fc     --HOLE--

__llvm_prf_cnts 
*          0    20200000    00000000     UNINITIALIZED

__llvm_prf_bits 
*          0    20200000    00000000     UNINITIALIZED

MODULE SUMMARY

       Module                         code    ro data   rw data
       ------                         ----    -------   -------
    .\
       ti_msp_dl_config.o             866     0         0      
       startup_mspm0g350x_ticlang.o   8       192       0      
       main.o                         56      0         0      
    +--+------------------------------+-------+---------+---------+
       Total:                         930     192       0      
                                                               
    .\BSP\
       delay.o                        76      0         8      
    +--+------------------------------+-------+---------+---------+
       Total:                         76      0         8      
                                                               
    .\Drive\Knob\
       Knob_drv.o                     542     0         5      
    +--+------------------------------+-------+---------+---------+
       Total:                         542     0         5      
                                                               
    .\Drive\OLED_Drv\
       OLED.o                         1066    2072      0      
    +--+------------------------------+-------+---------+---------+
       Total:                         1066    2072      0      
                                                               
    .\Menu\
       Easy_Menu_Page.o               4552    35        0      
       Easy_Menu.o                    1790    0         160    
       Easy_Menu_User.o               184     30        216    
       Easy_Menu_Core.o               360     0         0      
       Easy_Menu_Item.o               190     0         0      
    +--+------------------------------+-------+---------+---------+
       Total:                         7076    65        376    
                                                               
    D:/MSP-SDK/mspm0_sdk_2_10_00_04/source/ti/driverlib/lib/ticlang/m0p/mspm0g1x0x_g3x0x/driverlib.a
       dl_common.o                    10      0         0      
    +--+------------------------------+-------+---------+---------+
       Total:                         10      0         0      
                                                               
    D:\CCS\ccs\tools\compiler\ti-cgt-armllvm_4.0.4.LTS\lib\armv6m-ti-none-eabi/c/libc.a
       _printfi.c.obj                 4510    34        0      
       aeabi_ctype.S.obj              0       257       0      
       s_scalbn.c.obj                 216     0         0      
       vsnprintf.c.obj                136     0         0      
       copy_decompress_lzss.c.obj     124     0         0      
       s_frexp.c.obj                  92      0         0      
       _ltoa.c.obj                    88      0         0      
       atoi.c.obj                     64      0         0      
       autoinit.c.obj                 60      0         0      
       boot_cortex_m.c.obj            40      0         0      
       memccpy.c.obj                  34      0         0      
       copy_zero_init.c.obj           22      0         0      
       copy_decompress_none.c.obj     18      0         0      
       memcpy16.S.obj                 18      0         0      
       wcslen.c.obj                   16      0         0      
       memset16.S.obj                 14      0         0      
       strlen.c.obj                   14      0         0      
       aeabi_portable.c.obj           8       0         4      
       exit.c.obj                     6       0         0      
       pre_init.c.obj                 4       0         0      
    +--+------------------------------+-------+---------+---------+
       Total:                         5484    291       4      
                                                               
    D:\CCS\ccs\tools\compiler\ti-cgt-armllvm_4.0.4.LTS\lib\armv6m-ti-none-eabi/c/libsysbm.a
       hostexit.c.obj                 4       0         0      
    +--+------------------------------+-------+---------+---------+
       Total:                         4       0         0      
                                                               
    D:\CCS\ccs\tools\compiler\ti-cgt-armllvm_4.0.4.LTS\lib\armv6m-ti-none-eabi/libclang_rt.builtins.a
       adddf3.S.obj                   418     0         0      
       divdf3.S.obj                   268     0         0      
       muldf3.S.obj                   228     0         0      
       comparedf2.c.obj               220     0         0      
       udivmoddi4.S.obj               162     0         0      
       aeabi_dcmp.S.obj               98      0         0      
       aeabi_idivmod.S.obj            86      0         0      
       fixdfsi.S.obj                  74      0         0      
       aeabi_uidivmod.S.obj           64      0         0      
       extendsfdf2.S.obj              64      0         0      
       muldsi3.S.obj                  58      0         0      
       floatsidf.S.obj                44      0         0      
       muldi3.S.obj                   36      0         0      
       ashldi3.S.obj                  30      0         0      
       aeabi_uldivmod.S.obj           20      0         0      
       aeabi_memset.S.obj             14      0         0      
       aeabi_memcpy.S.obj             8       0         0      
       aeabi_div0.c.obj               4       0         0      
    +--+------------------------------+-------+---------+---------+
       Total:                         1896    0         0      
                                                               
       Stack:                         0       0         512    
       Linker Generated:              0       57        0      
    +--+------------------------------+-------+---------+---------+
       Grand Total:                   17084   2677      905    


LINKER GENERATED COPY TABLES

__TI_cinit_table @ 00004d4c records: 2, size/record: 8, table size: 16
	.data: load addr=00004d20, load size=00000015 bytes, run addr=20200168, run size=00000021 bytes, compression=lzss
	.bss: load addr=00004d44, load size=00000008 bytes, run addr=20200000, run size=00000168 bytes, compression=zero_init


LINKER GENERATED HANDLER TABLE

__TI_handler_table @ 00004d38 records: 3, size/record: 4, table size: 12
	index: 0, handler: __TI_decompress_lzss
	index: 1, handler: __TI_decompress_none
	index: 2, handler: __TI_zero_init


FAR CALL TRAMPOLINES

callee name               trampoline name
   callee addr  tramp addr   call addr  call info
--------------  -----------  ---------  ----------------
__aeabi_dsub              $Tramp$TT$L$PI$$__aeabi_dsub
   00002465     0000435c     00004358   libc.a : _printfi.c.obj (.text.OUTLINED_FUNCTION_0)

[1 trampolines]
[1 trampoline calls]


GLOBAL SYMBOLS: SORTED ALPHABETICALLY BY Name 

address   name                          
-------   ----                          
0000438f  ADC0_IRQHandler               
0000438f  ADC1_IRQHandler               
0000438f  AES_IRQHandler                
00004392  C$$EXIT                       
0000438f  CANFD0_IRQHandler             
0000385f  Compare_String                
0000438f  DAC0_IRQHandler               
0000433d  DL_Common_delayCycles         
0000438f  DMA_IRQHandler                
0000438f  Default_Handler               
00003645  Easy_Menu_All_Clear           
00001261  Easy_Menu_All_Update          
00002f25  Easy_Menu_Area_Clear          
00003349  Easy_Menu_Display             
000036a1  Easy_Menu_Display_Char        
00003045  Easy_Menu_Display_String      
00002fb5  Easy_Menu_Goto_Page           
00003b95  Easy_Menu_Init                
00003f05  Easy_Menu_Input               
00003bd1  Easy_Menu_Printf              
00002d31  Easy_Menu_Ui_Init             
0000438f  GROUP0_IRQHandler             
0000420f  GROUP1_IRQHandler             
00003cf9  Goto_Item_Init                
00003e29  Goto_Item_Input               
00004393  HOSTexit                      
0000438f  HardFault_Handler             
0000438f  I2C0_IRQHandler               
0000438f  I2C1_IRQHandler               
00003d2d  I2C_Start                     
00003f2d  I2C_Stop                      
00003f55  I2C_WaitAck                   
000038b5  Knob_EXTI_Handler             
00004347  Knob_Init                     
00003151  Knob_Tick_1ms                 
00002e8d  Knob_get                      
0000438f  NMI_Handler                   
000034a5  OLED_Clear                    
00002a79  OLED_Init                     
00003c0d  OLED_Set_Pos                  
00002855  OLED_ShowChar                 
000039ad  OLED_WR_Byte                  
0000228d  Ordinary_Page_Display         
00001701  Ordinary_Page_Enter           
00004265  Ordinary_Page_Exit            
00003251  Ordinary_Page_Init            
00000a91  Ordinary_Page_Input           
00001b2d  Ordinary_Page_Refresh         
202000a0  PID_page                      
20200170  PID_page_items                
0000438f  PendSV_Handler                
0000438f  RTC_IRQHandler                
00004397  Reset_Handler                 
0000438f  SPI0_IRQHandler               
0000438f  SPI1_IRQHandler               
0000438f  SVC_Handler                   
000031d1  SYSCFG_DL_GPIO_init           
00003fcd  SYSCFG_DL_SYSCTL_init         
00004331  SYSCFG_DL_SYSTICK_init        
00004279  SYSCFG_DL_init                
00003d61  SYSCFG_DL_initPower           
000033bd  Send_Byte                     
00003e59  SysTick_Handler               
0000438f  TIMA0_IRQHandler              
0000438f  TIMA1_IRQHandler              
0000438f  TIMG0_IRQHandler              
0000438f  TIMG12_IRQHandler             
0000438f  TIMG6_IRQHandler              
0000438f  TIMG7_IRQHandler              
0000438f  TIMG8_IRQHandler              
000042b5  TI_memcpy_small               
00004323  TI_memset_small               
00003d95  Text_Item_Init                
00003f7d  Text_Item_Input               
0000438f  UART0_IRQHandler              
0000438f  UART1_IRQHandler              
0000438f  UART2_IRQHandler              
0000438f  UART3_IRQHandler              
20208000  __STACK_END                   
00000200  __STACK_SIZE                  
00000000  __TI_ATRegion0_region_sz      
00000000  __TI_ATRegion0_src_addr       
00000000  __TI_ATRegion0_trg_addr       
00000000  __TI_ATRegion1_region_sz      
00000000  __TI_ATRegion1_src_addr       
00000000  __TI_ATRegion1_trg_addr       
00000000  __TI_ATRegion2_region_sz      
00000000  __TI_ATRegion2_src_addr       
00000000  __TI_ATRegion2_trg_addr       
00004d4c  __TI_CINIT_Base               
00004d5c  __TI_CINIT_Limit              
00004d5c  __TI_CINIT_Warm               
00004d38  __TI_Handler_Table_Base       
00004d44  __TI_Handler_Table_Limit      
00003c49  __TI_auto_init_nobinit_nopinit
000032cd  __TI_decompress_lzss          
000042c7  __TI_decompress_none          
00003759  __TI_ltoa                     
ffffffff  __TI_pprof_out_hndl           
000000c1  __TI_printfi                  
ffffffff  __TI_prof_data_size           
ffffffff  __TI_prof_data_start          
00000000  __TI_static_base__            
00004225  __TI_zero_init_nomemset       
0000246f  __adddf3                      
00004bc0  __aeabi_ctype_table_          
00004bc0  __aeabi_ctype_table_C         
00003a49  __aeabi_d2iz                  
0000246f  __aeabi_dadd                  
000035e1  __aeabi_dcmpeq                
0000361d  __aeabi_dcmpge                
00003631  __aeabi_dcmpgt                
00003609  __aeabi_dcmple                
000035f5  __aeabi_dcmplt                
0000296d  __aeabi_ddiv                  
00002b75  __aeabi_dmul                  
00002465  __aeabi_dsub                  
20200174  __aeabi_errno                 
00004379  __aeabi_errno_addr            
00003ad5  __aeabi_f2d                   
00003eb1  __aeabi_i2d                   
00003809  __aeabi_idiv                  
000025f7  __aeabi_idiv0                 
00003809  __aeabi_idivmod               
00002b73  __aeabi_ldiv0                 
0000405d  __aeabi_llsl                  
00003ff5  __aeabi_lmul                  
00004381  __aeabi_memcpy                
00004381  __aeabi_memcpy4               
00004381  __aeabi_memcpy8               
000042f9  __aeabi_memset                
000042f9  __aeabi_memset4               
000042f9  __aeabi_memset8               
00003a95  __aeabi_uidiv                 
00003a95  __aeabi_uidivmod              
0000428d  __aeabi_uldivmod              
0000405d  __ashldi3                     
ffffffff  __binit__                     
00003511  __cmpdf2                      
0000296d  __divdf3                      
00003511  __eqdf2                       
00003ad5  __extendsfdf2                 
00003a49  __fixdfsi                     
00003eb1  __floatsidf                   
00003431  __gedf2                       
00003431  __gtdf2                       
00003511  __ledf2                       
00003511  __ltdf2                       
UNDEFED   __mpu_init                    
00002b75  __muldf3                      
00003ff5  __muldi3                      
00003c85  __muldsi3                     
00003511  __nedf2                       
20207e00  __stack                       
20200000  __start___llvm_prf_bits       
20200000  __start___llvm_prf_cnts       
20200000  __stop___llvm_prf_bits        
20200000  __stop___llvm_prf_cnts        
00002465  __subdf3                      
00002de9  __udivmoddi4                  
00003fa5  _c_int00_noargs               
UNDEFED   _system_post_cinit            
0000439b  _system_pre_init              
00004389  abort                         
00004990  asc2_0806                     
000043a0  asc2_1608                     
00003b15  atoi                          
ffffffff  binit                         
0000403d  delay_ms                      
20200178  delay_times                   
20200000  easy_menu                     
000036fd  frexp                         
000036fd  frexpl                        
20200186  g_KnobEvent                   
2020017c  g_SystemTick                  
20200118  goto__PID_page                
2020012c  goto__task_option_page        
202000c8  home_page                     
20200168  home_page_items               
00000000  interruptVectors              
20200140  kp                            
00002c59  ldexp                         
00002c59  ldexpl                        
00003cc1  main                          
00004019  memccpy                       
20200187  menu_move                     
00002c59  scalbn                        
00002c59  scalbnl                       
00004315  strlen                        
20200154  task1                         
202000f0  task_option_page              
20200180  task_option_page_items        
00003b55  vsnprintf                     
000042e9  wcslen                        


GLOBAL SYMBOLS: SORTED BY Symbol Address 

address   name                          
-------   ----                          
00000000  __TI_ATRegion0_region_sz      
00000000  __TI_ATRegion0_src_addr       
00000000  __TI_ATRegion0_trg_addr       
00000000  __TI_ATRegion1_region_sz      
00000000  __TI_ATRegion1_src_addr       
00000000  __TI_ATRegion1_trg_addr       
00000000  __TI_ATRegion2_region_sz      
00000000  __TI_ATRegion2_src_addr       
00000000  __TI_ATRegion2_trg_addr       
00000000  __TI_static_base__            
00000000  interruptVectors              
000000c1  __TI_printfi                  
00000200  __STACK_SIZE                  
00000a91  Ordinary_Page_Input           
00001261  Easy_Menu_All_Update          
00001701  Ordinary_Page_Enter           
00001b2d  Ordinary_Page_Refresh         
0000228d  Ordinary_Page_Display         
00002465  __aeabi_dsub                  
00002465  __subdf3                      
0000246f  __adddf3                      
0000246f  __aeabi_dadd                  
000025f7  __aeabi_idiv0                 
00002855  OLED_ShowChar                 
0000296d  __aeabi_ddiv                  
0000296d  __divdf3                      
00002a79  OLED_Init                     
00002b73  __aeabi_ldiv0                 
00002b75  __aeabi_dmul                  
00002b75  __muldf3                      
00002c59  ldexp                         
00002c59  ldexpl                        
00002c59  scalbn                        
00002c59  scalbnl                       
00002d31  Easy_Menu_Ui_Init             
00002de9  __udivmoddi4                  
00002e8d  Knob_get                      
00002f25  Easy_Menu_Area_Clear          
00002fb5  Easy_Menu_Goto_Page           
00003045  Easy_Menu_Display_String      
00003151  Knob_Tick_1ms                 
000031d1  SYSCFG_DL_GPIO_init           
00003251  Ordinary_Page_Init            
000032cd  __TI_decompress_lzss          
00003349  Easy_Menu_Display             
000033bd  Send_Byte                     
00003431  __gedf2                       
00003431  __gtdf2                       
000034a5  OLED_Clear                    
00003511  __cmpdf2                      
00003511  __eqdf2                       
00003511  __ledf2                       
00003511  __ltdf2                       
00003511  __nedf2                       
000035e1  __aeabi_dcmpeq                
000035f5  __aeabi_dcmplt                
00003609  __aeabi_dcmple                
0000361d  __aeabi_dcmpge                
00003631  __aeabi_dcmpgt                
00003645  Easy_Menu_All_Clear           
000036a1  Easy_Menu_Display_Char        
000036fd  frexp                         
000036fd  frexpl                        
00003759  __TI_ltoa                     
00003809  __aeabi_idiv                  
00003809  __aeabi_idivmod               
0000385f  Compare_String                
000038b5  Knob_EXTI_Handler             
000039ad  OLED_WR_Byte                  
00003a49  __aeabi_d2iz                  
00003a49  __fixdfsi                     
00003a95  __aeabi_uidiv                 
00003a95  __aeabi_uidivmod              
00003ad5  __aeabi_f2d                   
00003ad5  __extendsfdf2                 
00003b15  atoi                          
00003b55  vsnprintf                     
00003b95  Easy_Menu_Init                
00003bd1  Easy_Menu_Printf              
00003c0d  OLED_Set_Pos                  
00003c49  __TI_auto_init_nobinit_nopinit
00003c85  __muldsi3                     
00003cc1  main                          
00003cf9  Goto_Item_Init                
00003d2d  I2C_Start                     
00003d61  SYSCFG_DL_initPower           
00003d95  Text_Item_Init                
00003e29  Goto_Item_Input               
00003e59  SysTick_Handler               
00003eb1  __aeabi_i2d                   
00003eb1  __floatsidf                   
00003f05  Easy_Menu_Input               
00003f2d  I2C_Stop                      
00003f55  I2C_WaitAck                   
00003f7d  Text_Item_Input               
00003fa5  _c_int00_noargs               
00003fcd  SYSCFG_DL_SYSCTL_init         
00003ff5  __aeabi_lmul                  
00003ff5  __muldi3                      
00004019  memccpy                       
0000403d  delay_ms                      
0000405d  __aeabi_llsl                  
0000405d  __ashldi3                     
0000420f  GROUP1_IRQHandler             
00004225  __TI_zero_init_nomemset       
00004265  Ordinary_Page_Exit            
00004279  SYSCFG_DL_init                
0000428d  __aeabi_uldivmod              
000042b5  TI_memcpy_small               
000042c7  __TI_decompress_none          
000042e9  wcslen                        
000042f9  __aeabi_memset                
000042f9  __aeabi_memset4               
000042f9  __aeabi_memset8               
00004315  strlen                        
00004323  TI_memset_small               
00004331  SYSCFG_DL_SYSTICK_init        
0000433d  DL_Common_delayCycles         
00004347  Knob_Init                     
00004379  __aeabi_errno_addr            
00004381  __aeabi_memcpy                
00004381  __aeabi_memcpy4               
00004381  __aeabi_memcpy8               
00004389  abort                         
0000438f  ADC0_IRQHandler               
0000438f  ADC1_IRQHandler               
0000438f  AES_IRQHandler                
0000438f  CANFD0_IRQHandler             
0000438f  DAC0_IRQHandler               
0000438f  DMA_IRQHandler                
0000438f  Default_Handler               
0000438f  GROUP0_IRQHandler             
0000438f  HardFault_Handler             
0000438f  I2C0_IRQHandler               
0000438f  I2C1_IRQHandler               
0000438f  NMI_Handler                   
0000438f  PendSV_Handler                
0000438f  RTC_IRQHandler                
0000438f  SPI0_IRQHandler               
0000438f  SPI1_IRQHandler               
0000438f  SVC_Handler                   
0000438f  TIMA0_IRQHandler              
0000438f  TIMA1_IRQHandler              
0000438f  TIMG0_IRQHandler              
0000438f  TIMG12_IRQHandler             
0000438f  TIMG6_IRQHandler              
0000438f  TIMG7_IRQHandler              
0000438f  TIMG8_IRQHandler              
0000438f  UART0_IRQHandler              
0000438f  UART1_IRQHandler              
0000438f  UART2_IRQHandler              
0000438f  UART3_IRQHandler              
00004392  C$$EXIT                       
00004393  HOSTexit                      
00004397  Reset_Handler                 
0000439b  _system_pre_init              
000043a0  asc2_1608                     
00004990  asc2_0806                     
00004bc0  __aeabi_ctype_table_          
00004bc0  __aeabi_ctype_table_C         
00004d38  __TI_Handler_Table_Base       
00004d44  __TI_Handler_Table_Limit      
00004d4c  __TI_CINIT_Base               
00004d5c  __TI_CINIT_Limit              
00004d5c  __TI_CINIT_Warm               
20200000  __start___llvm_prf_bits       
20200000  __start___llvm_prf_cnts       
20200000  __stop___llvm_prf_bits        
20200000  __stop___llvm_prf_cnts        
20200000  easy_menu                     
202000a0  PID_page                      
202000c8  home_page                     
202000f0  task_option_page              
20200118  goto__PID_page                
2020012c  goto__task_option_page        
20200140  kp                            
20200154  task1                         
20200168  home_page_items               
20200170  PID_page_items                
20200174  __aeabi_errno                 
20200178  delay_times                   
2020017c  g_SystemTick                  
20200180  task_option_page_items        
20200186  g_KnobEvent                   
20200187  menu_move                     
20207e00  __stack                       
20208000  __STACK_END                   
ffffffff  __TI_pprof_out_hndl           
ffffffff  __TI_prof_data_size           
ffffffff  __TI_prof_data_start          
ffffffff  __binit__                     
ffffffff  binit                         
UNDEFED   __mpu_init                    
UNDEFED   _system_post_cinit            

[194 symbols]
