******************************************************************************
            TI ARM Clang Linker PC v4.0.4                      
******************************************************************************
>> Linked Tue May 12 23:08:46 2026

OUTPUT FILE NAME:   <optoelectronicrace_26.out>
ENTRY POINT SYMBOL: "_c_int00_noargs"  address: 00006419


MEMORY CONFIGURATION

         name            origin    length      used     unused   attr    fill
----------------------  --------  ---------  --------  --------  ----  --------
  FLASH                 00000000   00020000  00007778  00018888  R  X
  SRAM                  20200000   00008000  000007d6  0000782a  RW X
  BCR_CONFIG            41c00000   000000ff  00000000  000000ff  R   
  BSL_CONFIG            41c00100   00000080  00000000  00000080  R   


SEGMENT ALLOCATION MAP

run origin  load origin   length   init length attrs members
----------  ----------- ---------- ----------- ----- -------
00000000    00000000    00006c78   00006c78    r-x
  00000000    00000000    000000c0   000000c0    r-- .intvecs
  000000c0    000000c0    00006bb8   00006bb8    r-x .text
00006c80    00006c80    00000b00   00000b00    r--
  00006c80    00006c80    00000a90   00000a90    r-- .rodata
  00007710    00007710    00000070   00000070    r-- .cinit
20200000    20200000    000005d9   00000000    rw-
  20200000    20200000    00000435   00000000    rw- .bss
  20200438    20200438    000001a1   00000000    rw- .data
20207e00    20207e00    00000200   00000000    rw-
  20207e00    20207e00    00000200   00000000    rw- .stack


SECTION ALLOCATION MAP

 output                                  attributes/
section   page    origin      length       input sections
--------  ----  ----------  ----------   ----------------
.intvecs   0    00000000    000000c0     
                  00000000    000000c0     startup_mspm0g350x_ticlang.o (.intvecs)

.text      0    000000c0    00006bb8     
                  000000c0    000009d0     libc.a : _printfi.c.obj (.text:__TI_printfi)
                  00000a90    000007d0     Easy_Menu_Page.o (.text.Ordinary_Page_Input)
                  00001260    000007c4     Easy_Menu_Item.o (.text.Data_Item_Input)
                  00001a24    000004a0     Easy_Menu.o (.text.Easy_Menu_All_Update)
                  00001ec4    0000042c     Easy_Menu_Page.o (.text.Ordinary_Page_Enter)
                  000022f0    00000364     Easy_Menu_Page.o (.text.Ordinary_Page_Refresh)
                  00002654    00000220     libc.a : _printfi.c.obj (.text._pconv_a)
                  00002874    00000218     Trackline.o (.text.Trackline_Task)
                  00002a8c    00000214     Easy_Menu_User.o (.text.Easy_Menu_Ui_Init)
                  00002ca0    000001dc     libc.a : _printfi.c.obj (.text._pconv_g)
                  00002e7c    000001d8     Easy_Menu_Page.o (.text.Ordinary_Page_Display)
                  00003054    00000192     libclang_rt.builtins.a : adddf3.S.obj (.text.adddf3_subdf3)
                  000031e6    00000002                            : aeabi_div0.c.obj (.text.__aeabi_idiv0)
                  000031e8    00000188     No_Mcu_Ganv_Grayscale_Sensor.o (.text.No_MCU_Ganv_Sensor_Init)
                  00003370    0000017c     ti_msp_dl_config.o (.text.SYSCFG_DL_GPIO_init)
                  000034ec    0000013c     libc.a : _printfi.c.obj (.text.fcvt)
                  00003628    00000124     Trackline.o (.text.Trackline_Sensor_Test)
                  0000374c    00000120     libc.a : _printfi.c.obj (.text._pconv_e)
                  0000386c    00000118     OLED.o (.text.OLED_ShowChar)
                  00003984    0000010c     libclang_rt.builtins.a : divdf3.S.obj (.text.__divdf3)
                  00003a90    00000104     driverlib.a : dl_timer.o (.text.DL_Timer_initFourCCPWMMode)
                  00003b94    000000fa     OLED.o (.text.OLED_Init)
                  00003c8e    00000002     libclang_rt.builtins.a : aeabi_div0.c.obj (.text.__aeabi_ldiv0)
                  00003c90    000000e4                            : muldf3.S.obj (.text.__muldf3)
                  00003d74    000000d8     libc.a : s_scalbn.c.obj (.text.scalbn)
                  00003e4c    000000d8     libclang_rt.builtins.a : addsf3.S.obj (.text)
                  00003f24    000000cc     Beep.o (.text.Beep_Tick_1ms)
                  00003ff0    000000cc     Easy_Menu_Item.o (.text.Data_Item_Init)
                  000040bc    000000b8     No_Mcu_Ganv_Grayscale_Sensor.o (.text.Get_Analog_value)
                  00004174    000000b4     Beep.o (.text.Beep_Trigger)
                  00004228    000000aa     No_Mcu_Ganv_Grayscale_Sensor.o (.text.normalizeAnalogValues)
                  000042d2    00000002     --HOLE-- [fill = 0]
                  000042d4    000000a2     libclang_rt.builtins.a : udivmoddi4.S.obj (.text)
                  00004376    00000002     --HOLE-- [fill = 0]
                  00004378    000000a0     Knob_drv.o (.text.Knob_get)
                  00004418    0000009c     Motor.o (.text.Motor_A_SetSpeed)
                  000044b4    0000009c     Motor.o (.text.Motor_B_SetSpeed)
                  00004550    00000090     Easy_Menu.o (.text.Easy_Menu_Area_Clear)
                  000045e0    00000090     Easy_Menu_Core.o (.text.Easy_Menu_Goto_Page)
                  00004670    00000090     ti_msp_dl_config.o (.text.SYSCFG_DL_PWM_0_init)
                  00004700    0000008c     ti_msp_dl_config.o (.text.SYSCFG_DL_initPower)
                  0000478c    0000008c     libclang_rt.builtins.a : mulsf3.S.obj (.text.__mulsf3)
                  00004818    00000086     Easy_Menu.o (.text.Easy_Menu_Display_String)
                  0000489e    00000002     --HOLE-- [fill = 0]
                  000048a0    00000084     ti_msp_dl_config.o (.text.__NVIC_SetPriority)
                  00004924    00000080     Knob_drv.o (.text.Knob_Tick_1ms)
                  000049a4    00000080     Motor.o (.text.Motor_B_EncoderIRQHandler)
                  00004a24    0000007c     Easy_Menu_Page.o (.text.Ordinary_Page_Init)
                  00004aa0    0000007c     libc.a : copy_decompress_lzss.c.obj (.text:decompress:lzss)
                  00004b1c    00000074     Easy_Menu_Core.o (.text.Easy_Menu_Display)
                  00004b90    00000074     OLED.o (.text.Send_Byte)
                  00004c04    00000074     libclang_rt.builtins.a : comparedf2.c.obj (.text.__gedf2)
                  00004c78    00000074     Motor.o (.text.clampSpeed)
                  00004cec    00000072     No_Mcu_Ganv_Grayscale_Sensor.o (.text.No_MCU_Ganv_Sensor_Init_Frist)
                  00004d5e    00000002     --HOLE-- [fill = 0]
                  00004d60    0000006c     ti_msp_dl_config.o (.text.SYSCFG_DL_ADC_line_detector_init)
                  00004dcc    0000006c     Trackline.o (.text.Trackline_Calibrate_Black)
                  00004e38    0000006c     No_Mcu_Ganv_Grayscale_Sensor.o (.text.convertAnalogToDigital)
                  00004ea4    0000006a     OLED.o (.text.OLED_Clear)
                  00004f0e    00000002     --HOLE-- [fill = 0]
                  00004f10    00000068     libclang_rt.builtins.a : comparedf2.c.obj (.text.__ledf2)
                  00004f78    00000066     libc.a : _printfi.c.obj (.text._mcpy)
                  00004fde    00000002     --HOLE-- [fill = 0]
                  00004fe0    00000064     ti_msp_dl_config.o (.text.DL_ADC12_initSingleSample)
                  00005044    00000062     libclang_rt.builtins.a : aeabi_dcmp.S.obj (.text.__aeabi_dcmp)
                  000050a6    00000002     --HOLE-- [fill = 0]
                  000050a8    00000062                            : aeabi_fcmp.S.obj (.text.__aeabi_fcmp)
                  0000510a    00000002     --HOLE-- [fill = 0]
                  0000510c    00000060     main.o (.text.main)
                  0000516c    0000005c     Easy_Menu.o (.text.Easy_Menu_All_Clear)
                  000051c8    0000005c     ADC.o (.text.adc_getValue)
                  00005224    0000005c     libc.a : s_frexp.c.obj (.text.frexp)
                  00005280    00000058     Easy_Menu_Item.o (.text.Switch_Item_Input)
                  000052d8    00000058     Trackline.o (.text.Trackline_Calibrate_White)
                  00005330    00000058     libc.a : _ltoa.c.obj (.text.__TI_ltoa)
                  00005388    00000058            : _printfi.c.obj (.text._pconv_f)
                  000053e0    00000056     libclang_rt.builtins.a : aeabi_idivmod.S.obj (.text.__aeabi_idivmod)
                  00005436    00000054     Easy_Menu.o (.text.Compare_String)
                  0000548a    00000002     --HOLE-- [fill = 0]
                  0000548c    00000054     ti_msp_dl_config.o (.text.DL_Timer_configQEI)
                  000054e0    00000054     Knob_drv.o (.text.Knob_EXTI_Handler)
                  00005534    00000054     Trackline.o (.text.Trackline_Init)
                  00005588    00000052     libc.a : _printfi.c.obj (.text._ecpy)
                  000055da    00000002     --HOLE-- [fill = 0]
                  000055dc    00000050     ti_msp_dl_config.o (.text.SYSCFG_DL_QEI_0_init)
                  0000562c    00000050     ti_msp_dl_config.o (.text.SysTick_Config)
                  0000567c    0000004e     OLED.o (.text.OLED_WR_Byte)
                  000056ca    00000002     --HOLE-- [fill = 0]
                  000056cc    0000004c     driverlib.a : dl_dma.o (.text.DL_DMA_initChannel)
                  00005718    0000004c     ti_msp_dl_config.o (.text.DL_GPIO_initDigitalInputFeatures)
                  00005764    0000004c     ti_msp_dl_config.o (.text.DL_UART_setBaudRateDivisor)
                  000057b0    0000004a     ti_msp_dl_config.o (.text.DL_ADC12_configConversionMem)
                  000057fa    00000002     --HOLE-- [fill = 0]
                  000057fc    0000004a     libclang_rt.builtins.a : fixdfsi.S.obj (.text.__fixdfsi)
                  00005846    00000002     --HOLE-- [fill = 0]
                  00005848    00000048     driverlib.a : dl_uart.o (.text.DL_UART_init)
                  00005890    00000044     Easy_Menu.o (.text.Easy_Menu_Display_Char)
                  000058d4    00000042     No_Mcu_Ganv_Grayscale_Sensor.o (.text.No_Mcu_Ganv_Sensor_Task_Without_tick)
                  00005916    00000002     --HOLE-- [fill = 0]
                  00005918    00000040     driverlib.a : dl_adc12.o (.text.DL_ADC12_setClockConfig)
                  00005958    00000040     ti_msp_dl_config.o (.text.SYSCFG_DL_UART_0_init)
                  00005998    00000040     ti_msp_dl_config.o (.text.SYSCFG_DL_UART_UP_init)
                  000059d8    00000040     Easy_Menu_Item.o (.text.Switch_Item_Init)
                  00005a18    00000040     libclang_rt.builtins.a : aeabi_uidivmod.S.obj (.text.__aeabi_uidivmod)
                  00005a58    00000040                            : extendsfdf2.S.obj (.text.__extendsfdf2)
                  00005a98    00000040     libc.a : atoi.c.obj (.text.atoi)
                  00005ad8    00000040            : vsnprintf.c.obj (.text.vsnprintf)
                  00005b18    0000003c     ti_msp_dl_config.o (.text.DL_Timer_setCounterControl)
                  00005b54    0000003c     Easy_Menu_Core.o (.text.Easy_Menu_Init)
                  00005b90    0000003c     Easy_Menu.o (.text.Easy_Menu_Printf)
                  00005bcc    0000003c     OLED.o (.text.OLED_Set_Pos)
                  00005c08    0000003c     libclang_rt.builtins.a : floatsisf.S.obj (.text.__floatsisf)
                  00005c44    0000003c                            : comparesf2.S.obj (.text.__gtsf2)
                  00005c80    0000003c     Beep.o (.text.start_off_phase)
                  00005cbc    0000003c     Beep.o (.text.start_on_phase)
                  00005cf8    0000003c     Uart.o (.text.uart0_send_string)
                  00005d34    0000003c     libc.a : autoinit.c.obj (.text:__TI_auto_init_nobinit_nopinit)
                  00005d70    0000003a     libclang_rt.builtins.a : comparesf2.S.obj (.text.__eqsf2)
                  00005daa    00000002     --HOLE-- [fill = 0]
                  00005dac    0000003a                            : muldsi3.S.obj (.text.__muldsi3)
                  00005de6    00000038     No_Mcu_Ganv_Grayscale_Sensor.o (.text.Get_Normalize_For_User)
                  00005e1e    00000002     --HOLE-- [fill = 0]
                  00005e20    00000038     Motor.o (.text.Motor_Coast)
                  00005e58    00000038     ti_msp_dl_config.o (.text.SYSCFG_DL_init)
                  00005e90    00000038     libclang_rt.builtins.a : fixsfsi.S.obj (.text.__fixsfsi)
                  00005ec8    00000038     libc.a : sprintf.c.obj (.text.sprintf)
                  00005f00    00000036     No_Mcu_Ganv_Grayscale_Sensor.o (.text.Get_Anolog_Value)
                  00005f36    00000002     --HOLE-- [fill = 0]
                  00005f38    00000034     Easy_Menu_Item.o (.text.Goto_Item_Init)
                  00005f6c    00000034     OLED.o (.text.I2C_Start)
                  00005fa0    00000034     ti_msp_dl_config.o (.text.SYSCFG_DL_SYSCTL_init)
                  00005fd4    00000030     ti_msp_dl_config.o (.text.DL_DMA_setTransferSize)
                  00006004    00000030     ti_msp_dl_config.o (.text.DL_GPIO_initDigitalOutputFeatures)
                  00006034    00000030     Easy_Menu.o (.text.Display_Char_Line)
                  00006064    00000030     Motor.o (.text.Motor_Init)
                  00006094    00000030     delay.o (.text.SysTick_Handler)
                  000060c4    00000030     libc.a : _printfi.c.obj (.text._fcpy)
                  000060f4    00000030            : vsnprintf.c.obj (.text._outs)
                  00006124    0000002e     Easy_Menu_Item.o (.text.Goto_Item_Input)
                  00006152    00000002     --HOLE-- [fill = 0]
                  00006154    0000002c     ti_msp_dl_config.o (.text.DL_ADC12_setDMASamplesCnt)
                  00006180    0000002c     Knob_drv.o (.text.GROUP1_IRQHandler)
                  000061ac    0000002c     Knob_drv.o (.text.__NVIC_EnableIRQ)
                  000061d8    0000002c     Motor.o (.text.__NVIC_EnableIRQ)
                  00006204    0000002c     libclang_rt.builtins.a : floatsidf.S.obj (.text.__floatsidf)
                  00006230    0000002c     Uart.o (.text.uart0_send_char)
                  0000625c    0000002a     Easy_Menu.o (.text.Display_Char)
                  00006286    00000002     --HOLE-- [fill = 0]
                  00006288    00000028     Easy_Menu_User.o (.text.Cal_Black_Callback)
                  000062b0    00000028     Easy_Menu_User.o (.text.Cal_White_Callback)
                  000062d8    00000028     ti_msp_dl_config.o (.text.DL_Common_updateReg)
                  00006300    00000028     Trackline.o (.text.DL_DMA_setDestAddr)
                  00006328    00000028     Trackline.o (.text.DL_DMA_setSrcAddr)
                  00006350    00000028     Easy_Menu_Core.o (.text.Easy_Menu_Input)
                  00006378    00000028     OLED.o (.text.I2C_Stop)
                  000063a0    00000028     OLED.o (.text.I2C_WaitAck)
                  000063c8    00000028     Motor.o (.text.Motor_SetSpeed)
                  000063f0    00000028     ti_msp_dl_config.o (.text.SYSCFG_DL_DMA_detector_out_init)
                  00006418    00000028     libc.a : boot_cortex_m.c.obj (.text:_c_int00_noargs)
                  00006440    00000026     Trackline.o (.text.DL_DMA_enableChannel)
                  00006466    00000002     --HOLE-- [fill = 0]
                  00006468    00000024     Beep.o (.text.Beep_Stop)
                  0000648c    00000024     libclang_rt.builtins.a : floatunsidf.S.obj (.text.__floatunsidf)
                  000064b0    00000024                            : muldi3.S.obj (.text.__muldi3)
                  000064d4    00000022     libc.a : memccpy.c.obj (.text.memccpy)
                  000064f6    00000002     --HOLE-- [fill = 0]
                  000064f8    00000020     ti_msp_dl_config.o (.text.DL_GPIO_initPeripheralInputFunction)
                  00006518    00000020     Easy_Menu_User.o (.text.Trackline_Start_Callback)
                  00006538    00000020     delay.o (.text.delay_ms)
                  00006558    0000001e     ti_msp_dl_config.o (.text.DL_UART_setOversampling)
                  00006576    00000002     --HOLE-- [fill = 0]
                  00006578    0000001e     libclang_rt.builtins.a : ashldi3.S.obj (.text.__ashldi3)
                  00006596    00000002     --HOLE-- [fill = 0]
                  00006598    0000001c     ti_msp_dl_config.o (.text.DL_ADC12_enableDMA)
                  000065b4    0000001c     ti_msp_dl_config.o (.text.DL_ADC12_enableDMATrigger)
                  000065d0    0000001c     Trackline.o (.text.DL_ADC12_startConversion)
                  000065ec    0000001c     Knob_drv.o (.text.DL_GPIO_clearInterruptStatus)
                  00006608    0000001c     Motor.o (.text.DL_GPIO_clearInterruptStatus)
                  00006624    0000001c     ti_msp_dl_config.o (.text.DL_GPIO_clearInterruptStatus)
                  00006640    0000001c     ti_msp_dl_config.o (.text.DL_GPIO_enableInterrupt)
                  0000665c    0000001c     ti_msp_dl_config.o (.text.DL_GPIO_initPeripheralOutputFunction)
                  00006678    0000001c     ti_msp_dl_config.o (.text.DL_GPIO_setLowerPinsPolarity)
                  00006694    0000001c     Knob_drv.o (.text.DL_Interrupt_getPendingGroup)
                  000066b0    0000001c     ti_msp_dl_config.o (.text.DL_SYSCTL_setSYSOSCFreq)
                  000066cc    0000001c     driverlib.a : dl_timer.o (.text.DL_Timer_setCaptCompUpdateMethod)
                  000066e8    0000001c                 : dl_timer.o (.text.DL_Timer_setClockConfig)
                  00006704    00000018     ti_msp_dl_config.o (.text.DL_ADC12_enablePower)
                  0000671c    00000018     ti_msp_dl_config.o (.text.DL_ADC12_reset)
                  00006734    00000018     ti_msp_dl_config.o (.text.DL_ADC12_setSampleTime0)
                  0000674c    00000018     ti_msp_dl_config.o (.text.DL_GPIO_enableOutput)
                  00006764    00000018     ti_msp_dl_config.o (.text.DL_GPIO_enablePower)
                  0000677c    00000018     Knob_drv.o (.text.DL_GPIO_getEnabledInterruptStatus)
                  00006794    00000018     Motor.o (.text.DL_GPIO_getEnabledInterruptStatus)
                  000067ac    00000018     ti_msp_dl_config.o (.text.DL_GPIO_initDigitalOutput)
                  000067c4    00000018     ti_msp_dl_config.o (.text.DL_GPIO_reset)
                  000067dc    00000018     Beep.o (.text.DL_GPIO_setPins)
                  000067f4    00000018     Motor.o (.text.DL_GPIO_setPins)
                  0000680c    00000018     No_Mcu_Ganv_Grayscale_Sensor.o (.text.DL_GPIO_setPins)
                  00006824    00000018     OLED.o (.text.DL_GPIO_setPins)
                  0000683c    00000018     ti_msp_dl_config.o (.text.DL_GPIO_setPins)
                  00006854    00000018     ti_msp_dl_config.o (.text.DL_GPIO_setUpperPinsPolarity)
                  0000686c    00000018     ti_msp_dl_config.o (.text.DL_SYSCTL_setBORThreshold)
                  00006884    00000018     ti_msp_dl_config.o (.text.DL_Timer_enablePower)
                  0000689c    00000018     ti_msp_dl_config.o (.text.DL_Timer_reset)
                  000068b4    00000018     driverlib.a : dl_timer.o (.text.DL_Timer_setCaptureCompareOutCtl)
                  000068cc    00000018     ti_msp_dl_config.o (.text.DL_Timer_setLoadValue)
                  000068e4    00000018     ti_msp_dl_config.o (.text.DL_Timer_startCounter)
                  000068fc    00000018     ti_msp_dl_config.o (.text.DL_UART_enablePower)
                  00006914    00000018     Uart.o (.text.DL_UART_isBusy)
                  0000692c    00000018     ti_msp_dl_config.o (.text.DL_UART_reset)
                  00006944    00000018     libc.a : vsnprintf.c.obj (.text._outc)
                  0000695c    00000018            : sprintf.c.obj (.text._outs)
                  00006974    00000016     ti_msp_dl_config.o (.text.DL_ADC12_enableConversions)
                  0000698a    00000016     Knob_drv.o (.text.DL_GPIO_readPins)
                  000069a0    00000016     Motor.o (.text.DL_GPIO_readPins)
                  000069b6    00000016     ti_msp_dl_config.o (.text.DL_UART_enable)
                  000069cc    00000016     Uart.o (.text.DL_UART_transmitData)
                  000069e2    00000014     Beep.o (.text.DL_GPIO_clearPins)
                  000069f6    00000014     Motor.o (.text.DL_GPIO_clearPins)
                  00006a0a    00000014     No_Mcu_Ganv_Grayscale_Sensor.o (.text.DL_GPIO_clearPins)
                  00006a1e    00000014     OLED.o (.text.DL_GPIO_clearPins)
                  00006a32    00000014     ti_msp_dl_config.o (.text.DL_GPIO_clearPins)
                  00006a46    00000002     --HOLE-- [fill = 0]
                  00006a48    00000014     ti_msp_dl_config.o (.text.DL_SYSCTL_disableSYSPLL)
                  00006a5c    00000014     ti_msp_dl_config.o (.text.DL_SYSCTL_enableMFCLK)
                  00006a70    00000014     ti_msp_dl_config.o (.text.DL_Timer_enableClock)
                  00006a84    00000014     ti_msp_dl_config.o (.text.DL_Timer_setCCPDirection)
                  00006a98    00000014     Motor.o (.text.Motor_B_EncoderInit)
                  00006aac    00000014     Easy_Menu_Page.o (.text.Ordinary_Page_Exit)
                  00006ac0    00000014     Easy_Menu_User.o (.text.Track_Pid__Kd_Callback)
                  00006ad4    00000014     Easy_Menu_User.o (.text.Track_Pid__Kp_Callback)
                  00006ae8    00000014     libclang_rt.builtins.a : aeabi_uldivmod.S.obj (.text.__aeabi_uldivmod)
                  00006afc    00000014     libc.a : _printfi.c.obj (.text.strchr)
                  00006b10    00000012     driverlib.a : dl_uart.o (.text.DL_UART_setClockConfig)
                  00006b22    00000012     libc.a : memcpy16.S.obj (.text:TI_memcpy_small)
                  00006b34    00000012            : copy_decompress_none.c.obj (.text:decompress:none)
                  00006b46    00000002     --HOLE-- [fill = 0]
                  00006b48    00000010     ti_msp_dl_config.o (.text.DL_SYSCTL_disableHFXT)
                  00006b58    00000010     driverlib.a : dl_timer.o (.text.DL_Timer_setCaptureCompareValue)
                  00006b68    00000010     libc.a : wcslen.c.obj (.text.wcslen)
                  00006b78    00000010            : copy_zero_init.c.obj (.text:decompress:ZI)
                  00006b88    0000000e     No_Mcu_Ganv_Grayscale_Sensor.o (.text.Get_Digtal_For_User)
                  00006b96    00000002     --HOLE-- [fill = 0]
                  00006b98    0000000e     libclang_rt.builtins.a : aeabi_memset.S.obj (.text.__aeabi_memset)
                  00006ba6    0000000e     libc.a : _printfi.c.obj (.text.strlen)
                  00006bb4    0000000e            : strlen.c.obj (.text.strlen)
                  00006bc2    0000000e            : memset16.S.obj (.text:TI_memset_small)
                  00006bd0    0000000c     ti_msp_dl_config.o (.text.SYSCFG_DL_SYSTICK_init)
                  00006bdc    0000000c     libclang_rt.builtins.a : aeabi_memset.S.obj (.text.__aeabi_memclr)
                  00006be8    0000000a     driverlib.a : dl_common.o (.text.DL_Common_delayCycles)
                  00006bf2    0000000a     Knob_drv.o (.text.Knob_Init)
                  00006bfc    0000000a     libc.a : _printfi.c.obj (.text.OUTLINED_FUNCTION_0)
                  00006c06    00000002     --HOLE-- [fill = 0]
                  00006c08    00000010     libclang_rt.builtins.a : adddf3.S.obj (.tramp.__aeabi_dsub.1)
                  00006c18    0000000a     libc.a : _printfi.c.obj (.text.OUTLINED_FUNCTION_1)
                  00006c22    0000000a            : sprintf.c.obj (.text._outc)
                  00006c2c    00000008     ti_msp_dl_config.o (.text.SYSCFG_DL_DMA_init)
                  00006c34    00000008     Easy_Menu_User.o (.text.Trackline__Round_Callback)
                  00006c3c    00000008     libc.a : aeabi_portable.c.obj (.text.__aeabi_errno_addr)
                  00006c44    00000008     libclang_rt.builtins.a : aeabi_memcpy.S.obj (.text.__aeabi_memcpy)
                  00006c4c    00000006     libc.a : exit.c.obj (.text:abort)
                  00006c52    00000004     startup_mspm0g350x_ticlang.o (.text.Default_Handler)
                  00006c56    00000004     libsysbm.a : hostexit.c.obj (.text.HOSTexit)
                  00006c5a    00000004     startup_mspm0g350x_ticlang.o (.text.Reset_Handler)
                  00006c5e    00000002     --HOLE-- [fill = 0]
                  00006c60    00000010     libc.a : boot_cortex_m.c.obj (.tramp._c_int00_noargs.1)
                  00006c70    00000004            : pre_init.c.obj (.text._system_pre_init)
                  00006c74    00000004     --HOLE-- [fill = 0]

.cinit     0    00007710    00000070     
                  00007710    00000048     (.cinit..data.load) [load image, compression = lzss]
                  00007758    0000000c     (__TI_handler_table)
                  00007764    00000008     (.cinit..bss.load) [load image, compression = zero_init]
                  0000776c    00000010     (__TI_cinit_table)
                  0000777c    00000004     --HOLE-- [fill = 0]

.rodata    0    00006c80    00000a90     
                  00006c80    000005f0     OLED.o (.rodata.asc2_1608)
                  00007270    00000228     OLED.o (.rodata.asc2_0806)
                  00007498    00000008     ti_msp_dl_config.o (.rodata.gADC_line_detectorClockConfig)
                  000074a0    00000101     libc.a : aeabi_ctype.S.obj (.rodata:__aeabi_ctype_table_)
                  000075a1    00000024     Trackline.o (.rodata.str1.15089383939842815628.1)
                  000075c5    00000021     Trackline.o (.rodata.str1.13662752425357951115.1)
                  000075e6    00000021     Trackline.o (.rodata.str1.17912206550742844991.1)
                  00007607    00000001     --HOLE-- [fill = 0]
                  00007608    00000018     ti_msp_dl_config.o (.rodata.gDMA_detector_outConfig)
                  00007620    00000011     libc.a : _printfi.c.obj (.rodata.str1.10348868589481759720.1)
                  00007631    00000011            : _printfi.c.obj (.rodata.str1.15363888844622738466.1)
                  00007642    00000010     Trackline.o (.rodata.WEIGHTS)
                  00007652    0000000e     Easy_Menu_User.o (.rodata.str1.11177260976807265928.1)
                  00007660    0000000c     Easy_Menu_User.o (.rodata.str1.1318127491109019352.1)
                  0000766c    0000000c     Easy_Menu_User.o (.rodata.str1.14456782623604785242.1)
                  00007678    0000000b     Easy_Menu_User.o (.rodata.str1.8423479308304406733.1)
                  00007683    00000001     --HOLE-- [fill = 0]
                  00007684    0000000a     ti_msp_dl_config.o (.rodata.gUART_0Config)
                  0000768e    0000000a     ti_msp_dl_config.o (.rodata.gUART_UPConfig)
                  00007698    0000000a     Easy_Menu_User.o (.rodata.str1.11262980610456716024.1)
                  000076a2    0000000a     Easy_Menu_User.o (.rodata.str1.15320261422703930955.1)
                  000076ac    0000000a     Easy_Menu_User.o (.rodata.str1.17975632479887315808.1)
                  000076b6    00000009     Easy_Menu_User.o (.rodata.str1.16980020722660603416.1)
                  000076bf    00000009     Easy_Menu_User.o (.rodata.str1.3897238317517470892.1)
                  000076c8    00000008     ti_msp_dl_config.o (.rodata.gPWM_0Config)
                  000076d0    00000007     Easy_Menu_Page.o (.rodata.str1.10162903526471618397.1)
                  000076d7    00000006     Easy_Menu_User.o (.rodata.str1.10308413330439174504.1)
                  000076dd    00000006     Easy_Menu_Page.o (.rodata.str1.11602794411890177903.1)
                  000076e3    00000005     Easy_Menu_Page.o (.rodata.str1.10541918737141963520.1)
                  000076e8    00000005     Easy_Menu_Page.o (.rodata.str1.14526947901870425149.1)
                  000076ed    00000005     Easy_Menu_Page.o (.rodata.str1.17342757695734682319.1)
                  000076f2    00000005     Easy_Menu_User.o (.rodata.str1.2484268131311446048.1)
                  000076f7    00000005     Easy_Menu_Page.o (.rodata.str1.2927598468843798870.1)
                  000076fc    00000003     ti_msp_dl_config.o (.rodata.gPWM_0ClockConfig)
                  000076ff    00000003     ti_msp_dl_config.o (.rodata.gQEI_0ClockConfig)
                  00007702    00000002     ti_msp_dl_config.o (.rodata.gUART_0ClockConfig)
                  00007704    00000002     ti_msp_dl_config.o (.rodata.gUART_UPClockConfig)
                  00007706    00000002     Easy_Menu_Page.o (.rodata.str1.6187967722562398102.1)
                  00007708    00000008     --HOLE-- [fill = 0]

.init_array 
*          0    00000000    00000000     UNINITIALIZED

.binit     0    00000000    00000000     

.bss       0    20200000    00000435     UNINITIALIZED
                  20200000    000000b0     Trackline.o (.bss.sensor)
                  202000b0    000000a0     (.common:easy_menu)
                  20200150    000000a0     (.common:gQEI_0Backup)
                  202001f0    00000050     (.common:ADC_VALUE)
                  20200240    0000002c     (.common:track_pid__kd)
                  2020026c    0000002c     (.common:track_pid__kp)
                  20200298    0000002c     (.common:trackline__round)
                  202002c4    00000028     (.common:Cal_page)
                  202002ec    00000028     (.common:Tasks)
                  20200314    00000028     (.common:home_page)
                  2020033c    00000028     (.common:trackline)
                  20200364    00000028     (.common:trackline_pid__page)
                  2020038c    00000018     (.common:Cal_black)
                  202003a4    00000018     (.common:Cal_white)
                  202003bc    00000018     (.common:trackline_start)
                  202003d4    00000014     (.common:goto__Cal_page)
                  202003e8    00000014     (.common:goto__Tasks)
                  202003fc    00000014     (.common:goto__trackline)
                  20200410    00000014     (.common:goto__trackline_pid__page)
                  20200424    00000010     Trackline.o (.bss.Normal)
                  20200434    00000001     Trackline.o (.bss.Digtal)

.data      0    20200438    000001a1     UNINITIALIZED
                  20200438    00000100     Trackline.o (.data.rx_buff)
                  20200538    00000018     Trackline.o (.data.g_Trackline)
                  20200550    00000010     Trackline.o (.data.Anolog)
                  20200560    00000010     Easy_Menu_User.o (.data.Easy_Menu_Ui_Data)
                  20200570    00000010     Trackline.o (.data.black)
                  20200580    00000010     Trackline.o (.data.white)
                  20200590    0000000c     Easy_Menu_User.o (.data.home_page_items)
                  2020059c    00000008     Easy_Menu_User.o (.data.Cal_page_items)
                  202005a4    00000008     Easy_Menu_User.o (.data.trackline_items)
                  202005ac    00000008     Easy_Menu_User.o (.data.trackline_pid__page_items)
                  202005b4    00000004     Easy_Menu_User.o (.data.Tasks_items)
                  202005b8    00000004     libc.a : aeabi_portable.c.obj (.data.__aeabi_errno)
                  202005bc    00000004     delay.o (.data.delay_times)
                  202005c0    00000004     delay.o (.data.g_SystemTick)
                  202005c4    00000004     Motor.o (.data.g_encoderB_cnt)
                  202005c8    00000004     Beep.o (.data.s_tick_start)
                  202005cc    00000002     Beep.o (.data.s_off_time)
                  202005ce    00000002     Beep.o (.data.s_on_time)
                  202005d0    00000002     Knob_drv.o (.data.s_press_cnt)
                  202005d2    00000001     Knob_drv.o (.data.g_KnobEvent)
                  202005d3    00000001     Knob_drv.o (.data.menu_move)
                  202005d4    00000001     Beep.o (.data.s_cycle_cnt)
                  202005d5    00000001     Beep.o (.data.s_cycle_target)
                  202005d6    00000001     Knob_drv.o (.data.s_long_pressed)
                  202005d7    00000001     Beep.o (.data.s_mode)
                  202005d8    00000001     Beep.o (.data.s_state)

.stack     0    20207e00    00000200     UNINITIALIZED
                  20207e00    00000004     libc.a : boot_cortex_m.c.obj (.stack)
                  20207e04    000001fc     --HOLE--

__llvm_prf_cnts 
*          0    20200000    00000000     UNINITIALIZED

__llvm_prf_bits 
*          0    20200000    00000000     UNINITIALIZED

MODULE SUMMARY

       Module                           code    ro data   rw data
       ------                           ----    -------   -------
    .\
       ti_msp_dl_config.o               2812    70        160    
       startup_mspm0g350x_ticlang.o     8       192       0      
       main.o                           96      0         0      
    +--+--------------------------------+-------+---------+---------+
       Total:                           2916    262       160    
                                                                 
    .\APP\
       Trackline.o                      1254    118       521    
    +--+--------------------------------+-------+---------+---------+
       Total:                           1254    118       521    
                                                                 
    .\BSP\
       Uart.o                           150     0         0      
       delay.o                          80      0         8      
    +--+--------------------------------+-------+---------+---------+
       Total:                           230     0         8      
                                                                 
    .\Drive\Beep\
       Beep.o                           584     0         12     
    +--+--------------------------------+-------+---------+---------+
       Total:                           584     0         12     
                                                                 
    .\Drive\Grayscale_Sensor\
       No_Mcu_Ganv_Grayscale_Sensor.o   1202    0         0      
       ADC.o                            92      0         80     
    +--+--------------------------------+-------+---------+---------+
       Total:                           1294    0         80     
                                                                 
    .\Drive\Knob\
       Knob_drv.o                       572     0         5      
    +--+--------------------------------+-------+---------+---------+
       Total:                           572     0         5      
                                                                 
    .\Drive\Motor\
       Motor.o                          882     0         4      
    +--+--------------------------------+-------+---------+---------+
       Total:                           882     0         4      
                                                                 
    .\Drive\OLED_Drv\
       OLED.o                           1066    2072      0      
    +--+--------------------------------+-------+---------+---------+
       Total:                           1066    2072      0      
                                                                 
    .\Menu\
       Easy_Menu_Page.o                 4552    35        0      
       Easy_Menu_Item.o                 2442    0         0      
       Easy_Menu.o                      1856    0         160    
       Easy_Menu_User.o                 692     108       540    
       Easy_Menu_Core.o                 360     0         0      
    +--+--------------------------------+-------+---------+---------+
       Total:                           9902    143       700    
                                                                 
    D:/MSP-SDK/mspm0_sdk_2_10_00_04/source/ti/driverlib/lib/ticlang/m0p/mspm0g1x0x_g3x0x/driverlib.a
       dl_timer.o                       356     0         0      
       dl_uart.o                        90      0         0      
       dl_dma.o                         76      0         0      
       dl_adc12.o                       64      0         0      
       dl_common.o                      10      0         0      
    +--+--------------------------------+-------+---------+---------+
       Total:                           596     0         0      
                                                                 
    D:\CCS\ccs\tools\compiler\ti-cgt-armllvm_4.0.4.LTS\lib\armv6m-ti-none-eabi/c/libc.a
       _printfi.c.obj                   4510    34        0      
       aeabi_ctype.S.obj                0       257       0      
       s_scalbn.c.obj                   216     0         0      
       vsnprintf.c.obj                  136     0         0      
       copy_decompress_lzss.c.obj       124     0         0      
       s_frexp.c.obj                    92      0         0      
       sprintf.c.obj                    90      0         0      
       _ltoa.c.obj                      88      0         0      
       atoi.c.obj                       64      0         0      
       autoinit.c.obj                   60      0         0      
       boot_cortex_m.c.obj              56      0         0      
       memccpy.c.obj                    34      0         0      
       copy_decompress_none.c.obj       18      0         0      
       memcpy16.S.obj                   18      0         0      
       copy_zero_init.c.obj             16      0         0      
       wcslen.c.obj                     16      0         0      
       memset16.S.obj                   14      0         0      
       strlen.c.obj                     14      0         0      
       aeabi_portable.c.obj             8       0         4      
       exit.c.obj                       6       0         0      
       pre_init.c.obj                   4       0         0      
    +--+--------------------------------+-------+---------+---------+
       Total:                           5584    291       4      
                                                                 
    D:\CCS\ccs\tools\compiler\ti-cgt-armllvm_4.0.4.LTS\lib\armv6m-ti-none-eabi/c/libsysbm.a
       hostexit.c.obj                   4       0         0      
    +--+--------------------------------+-------+---------+---------+
       Total:                           4       0         0      
                                                                 
    D:\CCS\ccs\tools\compiler\ti-cgt-armllvm_4.0.4.LTS\lib\armv6m-ti-none-eabi/libclang_rt.builtins.a
       adddf3.S.obj                     418     0         0      
       divdf3.S.obj                     268     0         0      
       muldf3.S.obj                     228     0         0      
       comparedf2.c.obj                 220     0         0      
       addsf3.S.obj                     216     0         0      
       udivmoddi4.S.obj                 162     0         0      
       mulsf3.S.obj                     140     0         0      
       comparesf2.S.obj                 118     0         0      
       aeabi_dcmp.S.obj                 98      0         0      
       aeabi_fcmp.S.obj                 98      0         0      
       aeabi_idivmod.S.obj              86      0         0      
       fixdfsi.S.obj                    74      0         0      
       aeabi_uidivmod.S.obj             64      0         0      
       extendsfdf2.S.obj                64      0         0      
       floatsisf.S.obj                  60      0         0      
       muldsi3.S.obj                    58      0         0      
       fixsfsi.S.obj                    56      0         0      
       floatsidf.S.obj                  44      0         0      
       floatunsidf.S.obj                36      0         0      
       muldi3.S.obj                     36      0         0      
       ashldi3.S.obj                    30      0         0      
       aeabi_memset.S.obj               26      0         0      
       aeabi_uldivmod.S.obj             20      0         0      
       aeabi_memcpy.S.obj               8       0         0      
       aeabi_div0.c.obj                 4       0         0      
    +--+--------------------------------+-------+---------+---------+
       Total:                           2632    0         0      
                                                                 
       Stack:                           0       0         512    
       Linker Generated:                0       108       0      
    +--+--------------------------------+-------+---------+---------+
       Grand Total:                     27516   2994      2006   


LINKER GENERATED COPY TABLES

__TI_cinit_table @ 0000776c records: 2, size/record: 8, table size: 16
	.data: load addr=00007710, load size=00000048 bytes, run addr=20200438, run size=000001a1 bytes, compression=lzss
	.bss: load addr=00007764, load size=00000008 bytes, run addr=20200000, run size=00000435 bytes, compression=zero_init


LINKER GENERATED HANDLER TABLE

__TI_handler_table @ 00007758 records: 3, size/record: 4, table size: 12
	index: 0, handler: __TI_decompress_lzss
	index: 1, handler: __TI_decompress_none
	index: 2, handler: __TI_zero_init


FAR CALL TRAMPOLINES

callee name               trampoline name
   callee addr  tramp addr   call addr  call info
--------------  -----------  ---------  ----------------
__aeabi_dsub              $Tramp$TT$L$PI$$__aeabi_dsub
   00003055     00006c08     00006c04   libc.a : _printfi.c.obj (.text.OUTLINED_FUNCTION_0)
_c_int00_noargs           $Tramp$TT$L$PI$$_c_int00_noargs
   00006419     00006c60     00006c5a   startup_mspm0g350x_ticlang.o (.text.Reset_Handler)

[2 trampolines]
[2 trampoline calls]


GLOBAL SYMBOLS: SORTED ALPHABETICALLY BY Name 

address   name                                
-------   ----                                
00006c53  ADC0_IRQHandler                     
00006c53  ADC1_IRQHandler                     
202001f0  ADC_VALUE                           
00006c53  AES_IRQHandler                      
00006469  Beep_Stop                           
00003f25  Beep_Tick_1ms                       
00004175  Beep_Trigger                        
00006c56  C$$EXIT                             
00006c53  CANFD0_IRQHandler                   
00006289  Cal_Black_Callback                  
000062b1  Cal_White_Callback                  
2020038c  Cal_black                           
202002c4  Cal_page                            
2020059c  Cal_page_items                      
202003a4  Cal_white                           
00005437  Compare_String                      
00006c53  DAC0_IRQHandler                     
00005919  DL_ADC12_setClockConfig             
00006be9  DL_Common_delayCycles               
000056cd  DL_DMA_initChannel                  
00003a91  DL_Timer_initFourCCPWMMode          
000066cd  DL_Timer_setCaptCompUpdateMethod    
000068b5  DL_Timer_setCaptureCompareOutCtl    
00006b59  DL_Timer_setCaptureCompareValue     
000066e9  DL_Timer_setClockConfig             
00005849  DL_UART_init                        
00006b11  DL_UART_setClockConfig              
00006c53  DMA_IRQHandler                      
00003ff1  Data_Item_Init                      
00001261  Data_Item_Input                     
00006c53  Default_Handler                     
0000625d  Display_Char                        
00006035  Display_Char_Line                   
0000516d  Easy_Menu_All_Clear                 
00001a25  Easy_Menu_All_Update                
00004551  Easy_Menu_Area_Clear                
00004b1d  Easy_Menu_Display                   
00005891  Easy_Menu_Display_Char              
00004819  Easy_Menu_Display_String            
000045e1  Easy_Menu_Goto_Page                 
00005b55  Easy_Menu_Init                      
00006351  Easy_Menu_Input                     
00005b91  Easy_Menu_Printf                    
20200560  Easy_Menu_Ui_Data                   
00002a8d  Easy_Menu_Ui_Init                   
00006c53  GROUP0_IRQHandler                   
00006181  GROUP1_IRQHandler                   
000040bd  Get_Analog_value                    
00005f01  Get_Anolog_Value                    
00006b89  Get_Digtal_For_User                 
00005de7  Get_Normalize_For_User              
00005f39  Goto_Item_Init                      
00006125  Goto_Item_Input                     
00006c57  HOSTexit                            
00006c53  HardFault_Handler                   
00006c53  I2C0_IRQHandler                     
00006c53  I2C1_IRQHandler                     
00005f6d  I2C_Start                           
00006379  I2C_Stop                            
000063a1  I2C_WaitAck                         
000054e1  Knob_EXTI_Handler                   
00006bf3  Knob_Init                           
00004925  Knob_Tick_1ms                       
00004379  Knob_get                            
00004419  Motor_A_SetSpeed                    
000049a5  Motor_B_EncoderIRQHandler           
00006a99  Motor_B_EncoderInit                 
000044b5  Motor_B_SetSpeed                    
00005e21  Motor_Coast                         
00006065  Motor_Init                          
000063c9  Motor_SetSpeed                      
00006c53  NMI_Handler                         
000031e9  No_MCU_Ganv_Sensor_Init             
00004ced  No_MCU_Ganv_Sensor_Init_Frist       
000058d5  No_Mcu_Ganv_Sensor_Task_Without_tick
00004ea5  OLED_Clear                          
00003b95  OLED_Init                           
00005bcd  OLED_Set_Pos                        
0000386d  OLED_ShowChar                       
0000567d  OLED_WR_Byte                        
00002e7d  Ordinary_Page_Display               
00001ec5  Ordinary_Page_Enter                 
00006aad  Ordinary_Page_Exit                  
00004a25  Ordinary_Page_Init                  
00000a91  Ordinary_Page_Input                 
000022f1  Ordinary_Page_Refresh               
00006c53  PendSV_Handler                      
00006c53  RTC_IRQHandler                      
00006c5b  Reset_Handler                       
00006c53  SPI0_IRQHandler                     
00006c53  SPI1_IRQHandler                     
00006c53  SVC_Handler                         
00004d61  SYSCFG_DL_ADC_line_detector_init    
000063f1  SYSCFG_DL_DMA_detector_out_init     
00006c2d  SYSCFG_DL_DMA_init                  
00003371  SYSCFG_DL_GPIO_init                 
00004671  SYSCFG_DL_PWM_0_init                
000055dd  SYSCFG_DL_QEI_0_init                
00005fa1  SYSCFG_DL_SYSCTL_init               
00006bd1  SYSCFG_DL_SYSTICK_init              
00005959  SYSCFG_DL_UART_0_init               
00005999  SYSCFG_DL_UART_UP_init              
00005e59  SYSCFG_DL_init                      
00004701  SYSCFG_DL_initPower                 
00004b91  Send_Byte                           
000059d9  Switch_Item_Init                    
00005281  Switch_Item_Input                   
00006095  SysTick_Handler                     
00006c53  TIMA0_IRQHandler                    
00006c53  TIMA1_IRQHandler                    
00006c53  TIMG0_IRQHandler                    
00006c53  TIMG12_IRQHandler                   
00006c53  TIMG6_IRQHandler                    
00006c53  TIMG7_IRQHandler                    
00006c53  TIMG8_IRQHandler                    
00006b23  TI_memcpy_small                     
00006bc3  TI_memset_small                     
202002ec  Tasks                               
202005b4  Tasks_items                         
00006ac1  Track_Pid__Kd_Callback              
00006ad5  Track_Pid__Kp_Callback              
00004dcd  Trackline_Calibrate_Black           
000052d9  Trackline_Calibrate_White           
00005535  Trackline_Init                      
00003629  Trackline_Sensor_Test               
00006519  Trackline_Start_Callback            
00002875  Trackline_Task                      
00006c35  Trackline__Round_Callback           
00006c53  UART0_IRQHandler                    
00006c53  UART1_IRQHandler                    
00006c53  UART2_IRQHandler                    
00006c53  UART3_IRQHandler                    
20208000  __STACK_END                         
00000200  __STACK_SIZE                        
00000000  __TI_ATRegion0_region_sz            
00000000  __TI_ATRegion0_src_addr             
00000000  __TI_ATRegion0_trg_addr             
00000000  __TI_ATRegion1_region_sz            
00000000  __TI_ATRegion1_src_addr             
00000000  __TI_ATRegion1_trg_addr             
00000000  __TI_ATRegion2_region_sz            
00000000  __TI_ATRegion2_src_addr             
00000000  __TI_ATRegion2_trg_addr             
0000776c  __TI_CINIT_Base                     
0000777c  __TI_CINIT_Limit                    
0000777c  __TI_CINIT_Warm                     
00007758  __TI_Handler_Table_Base             
00007764  __TI_Handler_Table_Limit            
00005d35  __TI_auto_init_nobinit_nopinit      
00004aa1  __TI_decompress_lzss                
00006b35  __TI_decompress_none                
00005331  __TI_ltoa                           
ffffffff  __TI_pprof_out_hndl                 
000000c1  __TI_printfi                        
ffffffff  __TI_prof_data_size                 
ffffffff  __TI_prof_data_start                
00000000  __TI_static_base__                  
00006b79  __TI_zero_init                      
0000305f  __adddf3                            
00003e57  __addsf3                            
000074a0  __aeabi_ctype_table_                
000074a0  __aeabi_ctype_table_C               
000057fd  __aeabi_d2iz                        
0000305f  __aeabi_dadd                        
00005045  __aeabi_dcmpeq                      
00005081  __aeabi_dcmpge                      
00005095  __aeabi_dcmpgt                      
0000506d  __aeabi_dcmple                      
00005059  __aeabi_dcmplt                      
00003985  __aeabi_ddiv                        
00003c91  __aeabi_dmul                        
00003055  __aeabi_dsub                        
202005b8  __aeabi_errno                       
00006c3d  __aeabi_errno_addr                  
00005a59  __aeabi_f2d                         
00005e91  __aeabi_f2iz                        
00003e57  __aeabi_fadd                        
000050a9  __aeabi_fcmpeq                      
000050e5  __aeabi_fcmpge                      
000050f9  __aeabi_fcmpgt                      
000050d1  __aeabi_fcmple                      
000050bd  __aeabi_fcmplt                      
0000478d  __aeabi_fmul                        
00003e4d  __aeabi_fsub                        
00006205  __aeabi_i2d                         
00005c09  __aeabi_i2f                         
000053e1  __aeabi_idiv                        
000031e7  __aeabi_idiv0                       
000053e1  __aeabi_idivmod                     
00003c8f  __aeabi_ldiv0                       
00006579  __aeabi_llsl                        
000064b1  __aeabi_lmul                        
00006bdd  __aeabi_memclr                      
00006bdd  __aeabi_memclr4                     
00006bdd  __aeabi_memclr8                     
00006c45  __aeabi_memcpy                      
00006c45  __aeabi_memcpy4                     
00006c45  __aeabi_memcpy8                     
00006b99  __aeabi_memset                      
00006b99  __aeabi_memset4                     
00006b99  __aeabi_memset8                     
0000648d  __aeabi_ui2d                        
00005a19  __aeabi_uidiv                       
00005a19  __aeabi_uidivmod                    
00006ae9  __aeabi_uldivmod                    
00006579  __ashldi3                           
ffffffff  __binit__                           
00004f11  __cmpdf2                            
00005d71  __cmpsf2                            
00003985  __divdf3                            
00004f11  __eqdf2                             
00005d71  __eqsf2                             
00005a59  __extendsfdf2                       
000057fd  __fixdfsi                           
00005e91  __fixsfsi                           
00006205  __floatsidf                         
00005c09  __floatsisf                         
0000648d  __floatunsidf                       
00004c05  __gedf2                             
00005c45  __gesf2                             
00004c05  __gtdf2                             
00005c45  __gtsf2                             
00004f11  __ledf2                             
00005d71  __lesf2                             
00004f11  __ltdf2                             
00005d71  __ltsf2                             
UNDEFED   __mpu_init                          
00003c91  __muldf3                            
000064b1  __muldi3                            
00005dad  __muldsi3                           
0000478d  __mulsf3                            
00004f11  __nedf2                             
00005d71  __nesf2                             
20207e00  __stack                             
20200000  __start___llvm_prf_bits             
20200000  __start___llvm_prf_cnts             
20200000  __stop___llvm_prf_bits              
20200000  __stop___llvm_prf_cnts              
00003055  __subdf3                            
00003e4d  __subsf3                            
000042d5  __udivmoddi4                        
00006419  _c_int00_noargs                     
UNDEFED   _system_post_cinit                  
00006c71  _system_pre_init                    
00006c4d  abort                               
000051c9  adc_getValue                        
00007270  asc2_0806                           
00006c80  asc2_1608                           
00005a99  atoi                                
ffffffff  binit                               
00004e39  convertAnalogToDigital              
00006539  delay_ms                            
202005bc  delay_times                         
202000b0  easy_menu                           
00005225  frexp                               
00005225  frexpl                              
20200150  gQEI_0Backup                        
202005d2  g_KnobEvent                         
202005c0  g_SystemTick                        
20200538  g_Trackline                         
202003d4  goto__Cal_page                      
202003e8  goto__Tasks                         
202003fc  goto__trackline                     
20200410  goto__trackline_pid__page           
20200314  home_page                           
20200590  home_page_items                     
00000000  interruptVectors                    
00003d75  ldexp                               
00003d75  ldexpl                              
0000510d  main                                
000064d5  memccpy                             
202005d3  menu_move                           
00004229  normalizeAnalogValues               
00003d75  scalbn                              
00003d75  scalbnl                             
00005ec9  sprintf                             
00006bb5  strlen                              
20200240  track_pid__kd                       
2020026c  track_pid__kp                       
2020033c  trackline                           
20200298  trackline__round                    
202005a4  trackline_items                     
20200364  trackline_pid__page                 
202005ac  trackline_pid__page_items           
202003bc  trackline_start                     
00006231  uart0_send_char                     
00005cf9  uart0_send_string                   
00005ad9  vsnprintf                           
00006b69  wcslen                              


GLOBAL SYMBOLS: SORTED BY Symbol Address 

address   name                                
-------   ----                                
00000000  __TI_ATRegion0_region_sz            
00000000  __TI_ATRegion0_src_addr             
00000000  __TI_ATRegion0_trg_addr             
00000000  __TI_ATRegion1_region_sz            
00000000  __TI_ATRegion1_src_addr             
00000000  __TI_ATRegion1_trg_addr             
00000000  __TI_ATRegion2_region_sz            
00000000  __TI_ATRegion2_src_addr             
00000000  __TI_ATRegion2_trg_addr             
00000000  __TI_static_base__                  
00000000  interruptVectors                    
000000c1  __TI_printfi                        
00000200  __STACK_SIZE                        
00000a91  Ordinary_Page_Input                 
00001261  Data_Item_Input                     
00001a25  Easy_Menu_All_Update                
00001ec5  Ordinary_Page_Enter                 
000022f1  Ordinary_Page_Refresh               
00002875  Trackline_Task                      
00002a8d  Easy_Menu_Ui_Init                   
00002e7d  Ordinary_Page_Display               
00003055  __aeabi_dsub                        
00003055  __subdf3                            
0000305f  __adddf3                            
0000305f  __aeabi_dadd                        
000031e7  __aeabi_idiv0                       
000031e9  No_MCU_Ganv_Sensor_Init             
00003371  SYSCFG_DL_GPIO_init                 
00003629  Trackline_Sensor_Test               
0000386d  OLED_ShowChar                       
00003985  __aeabi_ddiv                        
00003985  __divdf3                            
00003a91  DL_Timer_initFourCCPWMMode          
00003b95  OLED_Init                           
00003c8f  __aeabi_ldiv0                       
00003c91  __aeabi_dmul                        
00003c91  __muldf3                            
00003d75  ldexp                               
00003d75  ldexpl                              
00003d75  scalbn                              
00003d75  scalbnl                             
00003e4d  __aeabi_fsub                        
00003e4d  __subsf3                            
00003e57  __addsf3                            
00003e57  __aeabi_fadd                        
00003f25  Beep_Tick_1ms                       
00003ff1  Data_Item_Init                      
000040bd  Get_Analog_value                    
00004175  Beep_Trigger                        
00004229  normalizeAnalogValues               
000042d5  __udivmoddi4                        
00004379  Knob_get                            
00004419  Motor_A_SetSpeed                    
000044b5  Motor_B_SetSpeed                    
00004551  Easy_Menu_Area_Clear                
000045e1  Easy_Menu_Goto_Page                 
00004671  SYSCFG_DL_PWM_0_init                
00004701  SYSCFG_DL_initPower                 
0000478d  __aeabi_fmul                        
0000478d  __mulsf3                            
00004819  Easy_Menu_Display_String            
00004925  Knob_Tick_1ms                       
000049a5  Motor_B_EncoderIRQHandler           
00004a25  Ordinary_Page_Init                  
00004aa1  __TI_decompress_lzss                
00004b1d  Easy_Menu_Display                   
00004b91  Send_Byte                           
00004c05  __gedf2                             
00004c05  __gtdf2                             
00004ced  No_MCU_Ganv_Sensor_Init_Frist       
00004d61  SYSCFG_DL_ADC_line_detector_init    
00004dcd  Trackline_Calibrate_Black           
00004e39  convertAnalogToDigital              
00004ea5  OLED_Clear                          
00004f11  __cmpdf2                            
00004f11  __eqdf2                             
00004f11  __ledf2                             
00004f11  __ltdf2                             
00004f11  __nedf2                             
00005045  __aeabi_dcmpeq                      
00005059  __aeabi_dcmplt                      
0000506d  __aeabi_dcmple                      
00005081  __aeabi_dcmpge                      
00005095  __aeabi_dcmpgt                      
000050a9  __aeabi_fcmpeq                      
000050bd  __aeabi_fcmplt                      
000050d1  __aeabi_fcmple                      
000050e5  __aeabi_fcmpge                      
000050f9  __aeabi_fcmpgt                      
0000510d  main                                
0000516d  Easy_Menu_All_Clear                 
000051c9  adc_getValue                        
00005225  frexp                               
00005225  frexpl                              
00005281  Switch_Item_Input                   
000052d9  Trackline_Calibrate_White           
00005331  __TI_ltoa                           
000053e1  __aeabi_idiv                        
000053e1  __aeabi_idivmod                     
00005437  Compare_String                      
000054e1  Knob_EXTI_Handler                   
00005535  Trackline_Init                      
000055dd  SYSCFG_DL_QEI_0_init                
0000567d  OLED_WR_Byte                        
000056cd  DL_DMA_initChannel                  
000057fd  __aeabi_d2iz                        
000057fd  __fixdfsi                           
00005849  DL_UART_init                        
00005891  Easy_Menu_Display_Char              
000058d5  No_Mcu_Ganv_Sensor_Task_Without_tick
00005919  DL_ADC12_setClockConfig             
00005959  SYSCFG_DL_UART_0_init               
00005999  SYSCFG_DL_UART_UP_init              
000059d9  Switch_Item_Init                    
00005a19  __aeabi_uidiv                       
00005a19  __aeabi_uidivmod                    
00005a59  __aeabi_f2d                         
00005a59  __extendsfdf2                       
00005a99  atoi                                
00005ad9  vsnprintf                           
00005b55  Easy_Menu_Init                      
00005b91  Easy_Menu_Printf                    
00005bcd  OLED_Set_Pos                        
00005c09  __aeabi_i2f                         
00005c09  __floatsisf                         
00005c45  __gesf2                             
00005c45  __gtsf2                             
00005cf9  uart0_send_string                   
00005d35  __TI_auto_init_nobinit_nopinit      
00005d71  __cmpsf2                            
00005d71  __eqsf2                             
00005d71  __lesf2                             
00005d71  __ltsf2                             
00005d71  __nesf2                             
00005dad  __muldsi3                           
00005de7  Get_Normalize_For_User              
00005e21  Motor_Coast                         
00005e59  SYSCFG_DL_init                      
00005e91  __aeabi_f2iz                        
00005e91  __fixsfsi                           
00005ec9  sprintf                             
00005f01  Get_Anolog_Value                    
00005f39  Goto_Item_Init                      
00005f6d  I2C_Start                           
00005fa1  SYSCFG_DL_SYSCTL_init               
00006035  Display_Char_Line                   
00006065  Motor_Init                          
00006095  SysTick_Handler                     
00006125  Goto_Item_Input                     
00006181  GROUP1_IRQHandler                   
00006205  __aeabi_i2d                         
00006205  __floatsidf                         
00006231  uart0_send_char                     
0000625d  Display_Char                        
00006289  Cal_Black_Callback                  
000062b1  Cal_White_Callback                  
00006351  Easy_Menu_Input                     
00006379  I2C_Stop                            
000063a1  I2C_WaitAck                         
000063c9  Motor_SetSpeed                      
000063f1  SYSCFG_DL_DMA_detector_out_init     
00006419  _c_int00_noargs                     
00006469  Beep_Stop                           
0000648d  __aeabi_ui2d                        
0000648d  __floatunsidf                       
000064b1  __aeabi_lmul                        
000064b1  __muldi3                            
000064d5  memccpy                             
00006519  Trackline_Start_Callback            
00006539  delay_ms                            
00006579  __aeabi_llsl                        
00006579  __ashldi3                           
000066cd  DL_Timer_setCaptCompUpdateMethod    
000066e9  DL_Timer_setClockConfig             
000068b5  DL_Timer_setCaptureCompareOutCtl    
00006a99  Motor_B_EncoderInit                 
00006aad  Ordinary_Page_Exit                  
00006ac1  Track_Pid__Kd_Callback              
00006ad5  Track_Pid__Kp_Callback              
00006ae9  __aeabi_uldivmod                    
00006b11  DL_UART_setClockConfig              
00006b23  TI_memcpy_small                     
00006b35  __TI_decompress_none                
00006b59  DL_Timer_setCaptureCompareValue     
00006b69  wcslen                              
00006b79  __TI_zero_init                      
00006b89  Get_Digtal_For_User                 
00006b99  __aeabi_memset                      
00006b99  __aeabi_memset4                     
00006b99  __aeabi_memset8                     
00006bb5  strlen                              
00006bc3  TI_memset_small                     
00006bd1  SYSCFG_DL_SYSTICK_init              
00006bdd  __aeabi_memclr                      
00006bdd  __aeabi_memclr4                     
00006bdd  __aeabi_memclr8                     
00006be9  DL_Common_delayCycles               
00006bf3  Knob_Init                           
00006c2d  SYSCFG_DL_DMA_init                  
00006c35  Trackline__Round_Callback           
00006c3d  __aeabi_errno_addr                  
00006c45  __aeabi_memcpy                      
00006c45  __aeabi_memcpy4                     
00006c45  __aeabi_memcpy8                     
00006c4d  abort                               
00006c53  ADC0_IRQHandler                     
00006c53  ADC1_IRQHandler                     
00006c53  AES_IRQHandler                      
00006c53  CANFD0_IRQHandler                   
00006c53  DAC0_IRQHandler                     
00006c53  DMA_IRQHandler                      
00006c53  Default_Handler                     
00006c53  GROUP0_IRQHandler                   
00006c53  HardFault_Handler                   
00006c53  I2C0_IRQHandler                     
00006c53  I2C1_IRQHandler                     
00006c53  NMI_Handler                         
00006c53  PendSV_Handler                      
00006c53  RTC_IRQHandler                      
00006c53  SPI0_IRQHandler                     
00006c53  SPI1_IRQHandler                     
00006c53  SVC_Handler                         
00006c53  TIMA0_IRQHandler                    
00006c53  TIMA1_IRQHandler                    
00006c53  TIMG0_IRQHandler                    
00006c53  TIMG12_IRQHandler                   
00006c53  TIMG6_IRQHandler                    
00006c53  TIMG7_IRQHandler                    
00006c53  TIMG8_IRQHandler                    
00006c53  UART0_IRQHandler                    
00006c53  UART1_IRQHandler                    
00006c53  UART2_IRQHandler                    
00006c53  UART3_IRQHandler                    
00006c56  C$$EXIT                             
00006c57  HOSTexit                            
00006c5b  Reset_Handler                       
00006c71  _system_pre_init                    
00006c80  asc2_1608                           
00007270  asc2_0806                           
000074a0  __aeabi_ctype_table_                
000074a0  __aeabi_ctype_table_C               
00007758  __TI_Handler_Table_Base             
00007764  __TI_Handler_Table_Limit            
0000776c  __TI_CINIT_Base                     
0000777c  __TI_CINIT_Limit                    
0000777c  __TI_CINIT_Warm                     
20200000  __start___llvm_prf_bits             
20200000  __start___llvm_prf_cnts             
20200000  __stop___llvm_prf_bits              
20200000  __stop___llvm_prf_cnts              
202000b0  easy_menu                           
20200150  gQEI_0Backup                        
202001f0  ADC_VALUE                           
20200240  track_pid__kd                       
2020026c  track_pid__kp                       
20200298  trackline__round                    
202002c4  Cal_page                            
202002ec  Tasks                               
20200314  home_page                           
2020033c  trackline                           
20200364  trackline_pid__page                 
2020038c  Cal_black                           
202003a4  Cal_white                           
202003bc  trackline_start                     
202003d4  goto__Cal_page                      
202003e8  goto__Tasks                         
202003fc  goto__trackline                     
20200410  goto__trackline_pid__page           
20200538  g_Trackline                         
20200560  Easy_Menu_Ui_Data                   
20200590  home_page_items                     
2020059c  Cal_page_items                      
202005a4  trackline_items                     
202005ac  trackline_pid__page_items           
202005b4  Tasks_items                         
202005b8  __aeabi_errno                       
202005bc  delay_times                         
202005c0  g_SystemTick                        
202005d2  g_KnobEvent                         
202005d3  menu_move                           
20207e00  __stack                             
20208000  __STACK_END                         
ffffffff  __TI_pprof_out_hndl                 
ffffffff  __TI_prof_data_size                 
ffffffff  __TI_prof_data_start                
ffffffff  __binit__                           
ffffffff  binit                               
UNDEFED   __mpu_init                          
UNDEFED   _system_post_cinit                  

[289 symbols]
