<?xml version="1.0" encoding="ISO-8859-1" ?>
<link_info>
   <banner>TI ARM Clang Linker PC v4.0.4.LTS</banner>
   <copyright>Copyright (c) 1996-2018 Texas Instruments Incorporated</copyright>
   <command_line>D:\CCS\ccs\tools\compiler\ti-cgt-armllvm_4.0.4.LTS\bin\tiarmlnk -ID:\CCS\ccs\tools\compiler\ti-cgt-armllvm_4.0.4.LTS\lib -o optoelectronicrace_26.out -moptoelectronicrace_26.map -iD:/MSP-SDK/mspm0_sdk_2_10_00_04/source -iD:/MSP-SDK/CCS_project/optoelectronicrace_26 -iD:/MSP-SDK/CCS_project/optoelectronicrace_26/Debug/syscfg -iD:/CCS/ccs/tools/compiler/ti-cgt-armllvm_4.0.4.LTS/lib --diag_wrap=off --display_error_number --warn_sections --xml_link_info=optoelectronicrace_26_linkInfo.xml --rom_model ./main.o ./ti_msp_dl_config.o ./startup_mspm0g350x_ticlang.o ./APP/JY62.o ./APP/Laser.o ./APP/Trackline.o ./APP/gimbal.o ./APP/k230_track.o ./BSP/Uart.o ./BSP/delay.o ./Drive/Beep/Beep.o ./Drive/Grayscale_Sensor/ADC.o ./Drive/Grayscale_Sensor/No_Mcu_Ganv_Grayscale_Sensor.o ./Drive/Knob/Knob_drv.o ./Drive/Motor/Motor.o ./Drive/OLED_Drv/OLED.o ./Menu/Easy_Menu.o ./Menu/Easy_Menu_Core.o ./Menu/Easy_Menu_Item.o ./Menu/Easy_Menu_Page.o ./Menu/Easy_Menu_User.o -l./device_linker.cmd -ldevice.cmd.genlibs -llibc.a --start-group -llibc++.a -llibc++abi.a -llibc.a -llibsys.a -llibsysbm.a -llibclang_rt.builtins.a -llibclang_rt.profile.a --end-group --cg_opt_level=0</command_line>
   <link_time>0x6a106dbf</link_time>
   <link_errors>0x0</link_errors>
   <output_file>D:\MSP-SDK\CCS_project\optoelectronicrace_26\Debug\optoelectronicrace_26.out</output_file>
   <entry_point>
      <name>_c_int00_noargs</name>
      <address>0x850d</address>
   </entry_point>
   <input_file_list>
      <input_file id="fl-1">
         <path>D:\MSP-SDK\CCS_project\optoelectronicrace_26\Debug\.\</path>
         <kind>object</kind>
         <file>main.o</file>
         <name>main.o</name>
      </input_file>
      <input_file id="fl-2">
         <path>D:\MSP-SDK\CCS_project\optoelectronicrace_26\Debug\.\</path>
         <kind>object</kind>
         <file>ti_msp_dl_config.o</file>
         <name>ti_msp_dl_config.o</name>
      </input_file>
      <input_file id="fl-3">
         <path>D:\MSP-SDK\CCS_project\optoelectronicrace_26\Debug\.\</path>
         <kind>object</kind>
         <file>startup_mspm0g350x_ticlang.o</file>
         <name>startup_mspm0g350x_ticlang.o</name>
      </input_file>
      <input_file id="fl-4">
         <path>D:\MSP-SDK\CCS_project\optoelectronicrace_26\Debug\.\APP\</path>
         <kind>object</kind>
         <file>JY62.o</file>
         <name>JY62.o</name>
      </input_file>
      <input_file id="fl-5">
         <path>D:\MSP-SDK\CCS_project\optoelectronicrace_26\Debug\.\APP\</path>
         <kind>object</kind>
         <file>Laser.o</file>
         <name>Laser.o</name>
      </input_file>
      <input_file id="fl-6">
         <path>D:\MSP-SDK\CCS_project\optoelectronicrace_26\Debug\.\APP\</path>
         <kind>object</kind>
         <file>Trackline.o</file>
         <name>Trackline.o</name>
      </input_file>
      <input_file id="fl-7">
         <path>D:\MSP-SDK\CCS_project\optoelectronicrace_26\Debug\.\APP\</path>
         <kind>object</kind>
         <file>gimbal.o</file>
         <name>gimbal.o</name>
      </input_file>
      <input_file id="fl-8">
         <path>D:\MSP-SDK\CCS_project\optoelectronicrace_26\Debug\.\APP\</path>
         <kind>object</kind>
         <file>k230_track.o</file>
         <name>k230_track.o</name>
      </input_file>
      <input_file id="fl-9">
         <path>D:\MSP-SDK\CCS_project\optoelectronicrace_26\Debug\.\BSP\</path>
         <kind>object</kind>
         <file>Uart.o</file>
         <name>Uart.o</name>
      </input_file>
      <input_file id="fl-a">
         <path>D:\MSP-SDK\CCS_project\optoelectronicrace_26\Debug\.\BSP\</path>
         <kind>object</kind>
         <file>delay.o</file>
         <name>delay.o</name>
      </input_file>
      <input_file id="fl-b">
         <path>D:\MSP-SDK\CCS_project\optoelectronicrace_26\Debug\.\Drive\Beep\</path>
         <kind>object</kind>
         <file>Beep.o</file>
         <name>Beep.o</name>
      </input_file>
      <input_file id="fl-c">
         <path>D:\MSP-SDK\CCS_project\optoelectronicrace_26\Debug\.\Drive\Grayscale_Sensor\</path>
         <kind>object</kind>
         <file>ADC.o</file>
         <name>ADC.o</name>
      </input_file>
      <input_file id="fl-d">
         <path>D:\MSP-SDK\CCS_project\optoelectronicrace_26\Debug\.\Drive\Grayscale_Sensor\</path>
         <kind>object</kind>
         <file>No_Mcu_Ganv_Grayscale_Sensor.o</file>
         <name>No_Mcu_Ganv_Grayscale_Sensor.o</name>
      </input_file>
      <input_file id="fl-e">
         <path>D:\MSP-SDK\CCS_project\optoelectronicrace_26\Debug\.\Drive\Knob\</path>
         <kind>object</kind>
         <file>Knob_drv.o</file>
         <name>Knob_drv.o</name>
      </input_file>
      <input_file id="fl-f">
         <path>D:\MSP-SDK\CCS_project\optoelectronicrace_26\Debug\.\Drive\Motor\</path>
         <kind>object</kind>
         <file>Motor.o</file>
         <name>Motor.o</name>
      </input_file>
      <input_file id="fl-10">
         <path>D:\MSP-SDK\CCS_project\optoelectronicrace_26\Debug\.\Drive\OLED_Drv\</path>
         <kind>object</kind>
         <file>OLED.o</file>
         <name>OLED.o</name>
      </input_file>
      <input_file id="fl-11">
         <path>D:\MSP-SDK\CCS_project\optoelectronicrace_26\Debug\.\Menu\</path>
         <kind>object</kind>
         <file>Easy_Menu.o</file>
         <name>Easy_Menu.o</name>
      </input_file>
      <input_file id="fl-12">
         <path>D:\MSP-SDK\CCS_project\optoelectronicrace_26\Debug\.\Menu\</path>
         <kind>object</kind>
         <file>Easy_Menu_Core.o</file>
         <name>Easy_Menu_Core.o</name>
      </input_file>
      <input_file id="fl-13">
         <path>D:\MSP-SDK\CCS_project\optoelectronicrace_26\Debug\.\Menu\</path>
         <kind>object</kind>
         <file>Easy_Menu_Item.o</file>
         <name>Easy_Menu_Item.o</name>
      </input_file>
      <input_file id="fl-14">
         <path>D:\MSP-SDK\CCS_project\optoelectronicrace_26\Debug\.\Menu\</path>
         <kind>object</kind>
         <file>Easy_Menu_Page.o</file>
         <name>Easy_Menu_Page.o</name>
      </input_file>
      <input_file id="fl-15">
         <path>D:\MSP-SDK\CCS_project\optoelectronicrace_26\Debug\.\Menu\</path>
         <kind>object</kind>
         <file>Easy_Menu_User.o</file>
         <name>Easy_Menu_User.o</name>
      </input_file>
      <input_file id="fl-22">
         <path>D:\MSP-SDK\CCS_project\optoelectronicrace_26\Debug\</path>
         <kind>object</kind>
         <file>&lt;internal&gt;</file>
         <name>&lt;internal&gt;</name>
      </input_file>
      <input_file id="fl-23">
         <path>D:\MSP-SDK\mspm0_sdk_2_10_00_04\source\ti\driverlib\lib\ticlang\m0p\mspm0g1x0x_g3x0x\</path>
         <kind>archive</kind>
         <file>driverlib.a</file>
         <name>dl_adc12.o</name>
      </input_file>
      <input_file id="fl-24">
         <path>D:\MSP-SDK\mspm0_sdk_2_10_00_04\source\ti\driverlib\lib\ticlang\m0p\mspm0g1x0x_g3x0x\</path>
         <kind>archive</kind>
         <file>driverlib.a</file>
         <name>dl_common.o</name>
      </input_file>
      <input_file id="fl-25">
         <path>D:\MSP-SDK\mspm0_sdk_2_10_00_04\source\ti\driverlib\lib\ticlang\m0p\mspm0g1x0x_g3x0x\</path>
         <kind>archive</kind>
         <file>driverlib.a</file>
         <name>dl_dma.o</name>
      </input_file>
      <input_file id="fl-26">
         <path>D:\MSP-SDK\mspm0_sdk_2_10_00_04\source\ti\driverlib\lib\ticlang\m0p\mspm0g1x0x_g3x0x\</path>
         <kind>archive</kind>
         <file>driverlib.a</file>
         <name>dl_timer.o</name>
      </input_file>
      <input_file id="fl-27">
         <path>D:\MSP-SDK\mspm0_sdk_2_10_00_04\source\ti\driverlib\lib\ticlang\m0p\mspm0g1x0x_g3x0x\</path>
         <kind>archive</kind>
         <file>driverlib.a</file>
         <name>dl_uart.o</name>
      </input_file>
      <input_file id="fl-3e">
         <path>D:\CCS\ccs\tools\compiler\ti-cgt-armllvm_4.0.4.LTS\lib\armv6m-ti-none-eabi\c\</path>
         <kind>archive</kind>
         <file>libc.a</file>
         <name>sprintf.c.obj</name>
      </input_file>
      <input_file id="fl-3f">
         <path>D:\CCS\ccs\tools\compiler\ti-cgt-armllvm_4.0.4.LTS\lib\armv6m-ti-none-eabi\c\</path>
         <kind>archive</kind>
         <file>libc.a</file>
         <name>vsnprintf.c.obj</name>
      </input_file>
      <input_file id="fl-40">
         <path>D:\CCS\ccs\tools\compiler\ti-cgt-armllvm_4.0.4.LTS\lib\armv6m-ti-none-eabi\c\</path>
         <kind>archive</kind>
         <file>libc.a</file>
         <name>strcpy.c.obj</name>
      </input_file>
      <input_file id="fl-41">
         <path>D:\CCS\ccs\tools\compiler\ti-cgt-armllvm_4.0.4.LTS\lib\armv6m-ti-none-eabi\c\</path>
         <kind>archive</kind>
         <file>libc.a</file>
         <name>strlen.c.obj</name>
      </input_file>
      <input_file id="fl-42">
         <path>D:\CCS\ccs\tools\compiler\ti-cgt-armllvm_4.0.4.LTS\lib\armv6m-ti-none-eabi\c\</path>
         <kind>archive</kind>
         <file>libc.a</file>
         <name>boot_cortex_m.c.obj</name>
      </input_file>
      <input_file id="fl-43">
         <path>D:\CCS\ccs\tools\compiler\ti-cgt-armllvm_4.0.4.LTS\lib\armv6m-ti-none-eabi\c\</path>
         <kind>archive</kind>
         <file>libc.a</file>
         <name>mathacl_init.c.obj</name>
      </input_file>
      <input_file id="fl-44">
         <path>D:\CCS\ccs\tools\compiler\ti-cgt-armllvm_4.0.4.LTS\lib\armv6m-ti-none-eabi\c\</path>
         <kind>archive</kind>
         <file>libc.a</file>
         <name>autoinit.c.obj</name>
      </input_file>
      <input_file id="fl-45">
         <path>D:\CCS\ccs\tools\compiler\ti-cgt-armllvm_4.0.4.LTS\lib\armv6m-ti-none-eabi\c\</path>
         <kind>archive</kind>
         <file>libc.a</file>
         <name>pre_init.c.obj</name>
      </input_file>
      <input_file id="fl-46">
         <path>D:\CCS\ccs\tools\compiler\ti-cgt-armllvm_4.0.4.LTS\lib\armv6m-ti-none-eabi\c\</path>
         <kind>archive</kind>
         <file>libc.a</file>
         <name>cpy_tbl.c.obj</name>
      </input_file>
      <input_file id="fl-47">
         <path>D:\CCS\ccs\tools\compiler\ti-cgt-armllvm_4.0.4.LTS\lib\armv6m-ti-none-eabi\c\</path>
         <kind>archive</kind>
         <file>libc.a</file>
         <name>copy_zero_init.c.obj</name>
      </input_file>
      <input_file id="fl-48">
         <path>D:\CCS\ccs\tools\compiler\ti-cgt-armllvm_4.0.4.LTS\lib\armv6m-ti-none-eabi\c\</path>
         <kind>archive</kind>
         <file>libc.a</file>
         <name>copy_decompress_none.c.obj</name>
      </input_file>
      <input_file id="fl-49">
         <path>D:\CCS\ccs\tools\compiler\ti-cgt-armllvm_4.0.4.LTS\lib\armv6m-ti-none-eabi\c\</path>
         <kind>archive</kind>
         <file>libc.a</file>
         <name>copy_decompress_lzss.c.obj</name>
      </input_file>
      <input_file id="fl-4a">
         <path>D:\CCS\ccs\tools\compiler\ti-cgt-armllvm_4.0.4.LTS\lib\armv6m-ti-none-eabi\c\</path>
         <kind>archive</kind>
         <file>libc.a</file>
         <name>_printfi.c.obj</name>
      </input_file>
      <input_file id="fl-4b">
         <path>D:\CCS\ccs\tools\compiler\ti-cgt-armllvm_4.0.4.LTS\lib\armv6m-ti-none-eabi\c\</path>
         <kind>archive</kind>
         <file>libc.a</file>
         <name>aeabi_portable.c.obj</name>
      </input_file>
      <input_file id="fl-4c">
         <path>D:\CCS\ccs\tools\compiler\ti-cgt-armllvm_4.0.4.LTS\lib\armv6m-ti-none-eabi\c\</path>
         <kind>archive</kind>
         <file>libc.a</file>
         <name>exit.c.obj</name>
      </input_file>
      <input_file id="fl-4d">
         <path>D:\CCS\ccs\tools\compiler\ti-cgt-armllvm_4.0.4.LTS\lib\armv6m-ti-none-eabi\c\</path>
         <kind>archive</kind>
         <file>libc.a</file>
         <name>_lock.c.obj</name>
      </input_file>
      <input_file id="fl-4e">
         <path>D:\CCS\ccs\tools\compiler\ti-cgt-armllvm_4.0.4.LTS\lib\armv6m-ti-none-eabi\c\</path>
         <kind>archive</kind>
         <file>libc.a</file>
         <name>_ltoa.c.obj</name>
      </input_file>
      <input_file id="fl-4f">
         <path>D:\CCS\ccs\tools\compiler\ti-cgt-armllvm_4.0.4.LTS\lib\armv6m-ti-none-eabi\c\</path>
         <kind>archive</kind>
         <file>libc.a</file>
         <name>args_main.c.obj</name>
      </input_file>
      <input_file id="fl-50">
         <path>D:\CCS\ccs\tools\compiler\ti-cgt-armllvm_4.0.4.LTS\lib\armv6m-ti-none-eabi\c\</path>
         <kind>archive</kind>
         <file>libc.a</file>
         <name>assert.c.obj</name>
      </input_file>
      <input_file id="fl-51">
         <path>D:\CCS\ccs\tools\compiler\ti-cgt-armllvm_4.0.4.LTS\lib\armv6m-ti-none-eabi\c\</path>
         <kind>archive</kind>
         <file>libc.a</file>
         <name>atoi.c.obj</name>
      </input_file>
      <input_file id="fl-52">
         <path>D:\CCS\ccs\tools\compiler\ti-cgt-armllvm_4.0.4.LTS\lib\armv6m-ti-none-eabi\c\</path>
         <kind>archive</kind>
         <file>libc.a</file>
         <name>defs.c.obj</name>
      </input_file>
      <input_file id="fl-53">
         <path>D:\CCS\ccs\tools\compiler\ti-cgt-armllvm_4.0.4.LTS\lib\armv6m-ti-none-eabi\c\</path>
         <kind>archive</kind>
         <file>libc.a</file>
         <name>memccpy.c.obj</name>
      </input_file>
      <input_file id="fl-54">
         <path>D:\CCS\ccs\tools\compiler\ti-cgt-armllvm_4.0.4.LTS\lib\armv6m-ti-none-eabi\c\</path>
         <kind>archive</kind>
         <file>libc.a</file>
         <name>memory.c.obj</name>
      </input_file>
      <input_file id="fl-55">
         <path>D:\CCS\ccs\tools\compiler\ti-cgt-armllvm_4.0.4.LTS\lib\armv6m-ti-none-eabi\c\</path>
         <kind>archive</kind>
         <file>libc.a</file>
         <name>s_frexp.c.obj</name>
      </input_file>
      <input_file id="fl-56">
         <path>D:\CCS\ccs\tools\compiler\ti-cgt-armllvm_4.0.4.LTS\lib\armv6m-ti-none-eabi\c\</path>
         <kind>archive</kind>
         <file>libc.a</file>
         <name>s_scalbn.c.obj</name>
      </input_file>
      <input_file id="fl-57">
         <path>D:\CCS\ccs\tools\compiler\ti-cgt-armllvm_4.0.4.LTS\lib\armv6m-ti-none-eabi\c\</path>
         <kind>archive</kind>
         <file>libc.a</file>
         <name>wcslen.c.obj</name>
      </input_file>
      <input_file id="fl-58">
         <path>D:\CCS\ccs\tools\compiler\ti-cgt-armllvm_4.0.4.LTS\lib\armv6m-ti-none-eabi\c\</path>
         <kind>archive</kind>
         <file>libc.a</file>
         <name>fflush.c.obj</name>
      </input_file>
      <input_file id="fl-59">
         <path>D:\CCS\ccs\tools\compiler\ti-cgt-armllvm_4.0.4.LTS\lib\armv6m-ti-none-eabi\c\</path>
         <kind>archive</kind>
         <file>libc.a</file>
         <name>fputs.c.obj</name>
      </input_file>
      <input_file id="fl-5a">
         <path>D:\CCS\ccs\tools\compiler\ti-cgt-armllvm_4.0.4.LTS\lib\armv6m-ti-none-eabi\c\</path>
         <kind>archive</kind>
         <file>libc.a</file>
         <name>_io_perm.c.obj</name>
      </input_file>
      <input_file id="fl-5b">
         <path>D:\CCS\ccs\tools\compiler\ti-cgt-armllvm_4.0.4.LTS\lib\armv6m-ti-none-eabi\c\</path>
         <kind>archive</kind>
         <file>libc.a</file>
         <name>setvbuf.c.obj</name>
      </input_file>
      <input_file id="fl-5c">
         <path>D:\CCS\ccs\tools\compiler\ti-cgt-armllvm_4.0.4.LTS\lib\armv6m-ti-none-eabi\c\</path>
         <kind>archive</kind>
         <file>libc.a</file>
         <name>aeabi_ctype.S.obj</name>
      </input_file>
      <input_file id="fl-5d">
         <path>D:\CCS\ccs\tools\compiler\ti-cgt-armllvm_4.0.4.LTS\lib\armv6m-ti-none-eabi\c\</path>
         <kind>archive</kind>
         <file>libc.a</file>
         <name>fopen.c.obj</name>
      </input_file>
      <input_file id="fl-5e">
         <path>D:\CCS\ccs\tools\compiler\ti-cgt-armllvm_4.0.4.LTS\lib\armv6m-ti-none-eabi\c\</path>
         <kind>archive</kind>
         <file>libc.a</file>
         <name>fseek.c.obj</name>
      </input_file>
      <input_file id="fl-5f">
         <path>D:\CCS\ccs\tools\compiler\ti-cgt-armllvm_4.0.4.LTS\lib\armv6m-ti-none-eabi\c\</path>
         <kind>archive</kind>
         <file>libc.a</file>
         <name>fclose.c.obj</name>
      </input_file>
      <input_file id="fl-ff">
         <path>D:\CCS\ccs\tools\compiler\ti-cgt-armllvm_4.0.4.LTS\lib\armv6m-ti-none-eabi\c\</path>
         <kind>archive</kind>
         <file>libsysbm.a</file>
         <name>hostexit.c.obj</name>
      </input_file>
      <input_file id="fl-100">
         <path>D:\CCS\ccs\tools\compiler\ti-cgt-armllvm_4.0.4.LTS\lib\armv6m-ti-none-eabi\c\</path>
         <kind>archive</kind>
         <file>libsysbm.a</file>
         <name>write.c.obj</name>
      </input_file>
      <input_file id="fl-101">
         <path>D:\CCS\ccs\tools\compiler\ti-cgt-armllvm_4.0.4.LTS\lib\armv6m-ti-none-eabi\c\</path>
         <kind>archive</kind>
         <file>libsysbm.a</file>
         <name>host_device.c.obj</name>
      </input_file>
      <input_file id="fl-102">
         <path>D:\CCS\ccs\tools\compiler\ti-cgt-armllvm_4.0.4.LTS\lib\armv6m-ti-none-eabi\c\</path>
         <kind>archive</kind>
         <file>libsysbm.a</file>
         <name>remove.c.obj</name>
      </input_file>
      <input_file id="fl-103">
         <path>D:\CCS\ccs\tools\compiler\ti-cgt-armllvm_4.0.4.LTS\lib\armv6m-ti-none-eabi\c\</path>
         <kind>archive</kind>
         <file>libsysbm.a</file>
         <name>open.c.obj</name>
      </input_file>
      <input_file id="fl-104">
         <path>D:\CCS\ccs\tools\compiler\ti-cgt-armllvm_4.0.4.LTS\lib\armv6m-ti-none-eabi\c\</path>
         <kind>archive</kind>
         <file>libsysbm.a</file>
         <name>lseek.c.obj</name>
      </input_file>
      <input_file id="fl-105">
         <path>D:\CCS\ccs\tools\compiler\ti-cgt-armllvm_4.0.4.LTS\lib\armv6m-ti-none-eabi\c\</path>
         <kind>archive</kind>
         <file>libsysbm.a</file>
         <name>close.c.obj</name>
      </input_file>
      <input_file id="fl-106">
         <path>D:\CCS\ccs\tools\compiler\ti-cgt-armllvm_4.0.4.LTS\lib\armv6m-ti-none-eabi\c\</path>
         <kind>archive</kind>
         <file>libsysbm.a</file>
         <name>unlink.c.obj</name>
      </input_file>
      <input_file id="fl-107">
         <path>D:\CCS\ccs\tools\compiler\ti-cgt-armllvm_4.0.4.LTS\lib\armv6m-ti-none-eabi\c\</path>
         <kind>archive</kind>
         <file>libsysbm.a</file>
         <name>hostclose.c.obj</name>
      </input_file>
      <input_file id="fl-108">
         <path>D:\CCS\ccs\tools\compiler\ti-cgt-armllvm_4.0.4.LTS\lib\armv6m-ti-none-eabi\c\</path>
         <kind>archive</kind>
         <file>libsysbm.a</file>
         <name>hostlseek.c.obj</name>
      </input_file>
      <input_file id="fl-109">
         <path>D:\CCS\ccs\tools\compiler\ti-cgt-armllvm_4.0.4.LTS\lib\armv6m-ti-none-eabi\c\</path>
         <kind>archive</kind>
         <file>libsysbm.a</file>
         <name>hostopen.c.obj</name>
      </input_file>
      <input_file id="fl-10a">
         <path>D:\CCS\ccs\tools\compiler\ti-cgt-armllvm_4.0.4.LTS\lib\armv6m-ti-none-eabi\c\</path>
         <kind>archive</kind>
         <file>libsysbm.a</file>
         <name>hostread.c.obj</name>
      </input_file>
      <input_file id="fl-10b">
         <path>D:\CCS\ccs\tools\compiler\ti-cgt-armllvm_4.0.4.LTS\lib\armv6m-ti-none-eabi\c\</path>
         <kind>archive</kind>
         <file>libsysbm.a</file>
         <name>hostrename.c.obj</name>
      </input_file>
      <input_file id="fl-10c">
         <path>D:\CCS\ccs\tools\compiler\ti-cgt-armllvm_4.0.4.LTS\lib\armv6m-ti-none-eabi\c\</path>
         <kind>archive</kind>
         <file>libsysbm.a</file>
         <name>hostunlink.c.obj</name>
      </input_file>
      <input_file id="fl-10d">
         <path>D:\CCS\ccs\tools\compiler\ti-cgt-armllvm_4.0.4.LTS\lib\armv6m-ti-none-eabi\c\</path>
         <kind>archive</kind>
         <file>libsysbm.a</file>
         <name>hostwrite.c.obj</name>
      </input_file>
      <input_file id="fl-10e">
         <path>D:\CCS\ccs\tools\compiler\ti-cgt-armllvm_4.0.4.LTS\lib\armv6m-ti-none-eabi\c\</path>
         <kind>archive</kind>
         <file>libsysbm.a</file>
         <name>trgmsg.c.obj</name>
      </input_file>
      <input_file id="fl-10f">
         <path>D:\CCS\ccs\tools\compiler\ti-cgt-armllvm_4.0.4.LTS\lib\armv6m-ti-none-eabi\</path>
         <kind>archive</kind>
         <file>libclang_rt.builtins.a</file>
         <name>addsf3.S.obj</name>
      </input_file>
      <input_file id="fl-110">
         <path>D:\CCS\ccs\tools\compiler\ti-cgt-armllvm_4.0.4.LTS\lib\armv6m-ti-none-eabi\</path>
         <kind>archive</kind>
         <file>libclang_rt.builtins.a</file>
         <name>adddf3.S.obj</name>
      </input_file>
      <input_file id="fl-111">
         <path>D:\CCS\ccs\tools\compiler\ti-cgt-armllvm_4.0.4.LTS\lib\armv6m-ti-none-eabi\</path>
         <kind>archive</kind>
         <file>libclang_rt.builtins.a</file>
         <name>muldf3.S.obj</name>
      </input_file>
      <input_file id="fl-112">
         <path>D:\CCS\ccs\tools\compiler\ti-cgt-armllvm_4.0.4.LTS\lib\armv6m-ti-none-eabi\</path>
         <kind>archive</kind>
         <file>libclang_rt.builtins.a</file>
         <name>muldsi3.S.obj</name>
      </input_file>
      <input_file id="fl-113">
         <path>D:\CCS\ccs\tools\compiler\ti-cgt-armllvm_4.0.4.LTS\lib\armv6m-ti-none-eabi\</path>
         <kind>archive</kind>
         <file>libclang_rt.builtins.a</file>
         <name>mulsf3.S.obj</name>
      </input_file>
      <input_file id="fl-114">
         <path>D:\CCS\ccs\tools\compiler\ti-cgt-armllvm_4.0.4.LTS\lib\armv6m-ti-none-eabi\</path>
         <kind>archive</kind>
         <file>libclang_rt.builtins.a</file>
         <name>divsf3.S.obj</name>
      </input_file>
      <input_file id="fl-115">
         <path>D:\CCS\ccs\tools\compiler\ti-cgt-armllvm_4.0.4.LTS\lib\armv6m-ti-none-eabi\</path>
         <kind>archive</kind>
         <file>libclang_rt.builtins.a</file>
         <name>divdf3.S.obj</name>
      </input_file>
      <input_file id="fl-116">
         <path>D:\CCS\ccs\tools\compiler\ti-cgt-armllvm_4.0.4.LTS\lib\armv6m-ti-none-eabi\</path>
         <kind>archive</kind>
         <file>libclang_rt.builtins.a</file>
         <name>extendsfdf2.S.obj</name>
      </input_file>
      <input_file id="fl-117">
         <path>D:\CCS\ccs\tools\compiler\ti-cgt-armllvm_4.0.4.LTS\lib\armv6m-ti-none-eabi\</path>
         <kind>archive</kind>
         <file>libclang_rt.builtins.a</file>
         <name>fixdfsi.S.obj</name>
      </input_file>
      <input_file id="fl-118">
         <path>D:\CCS\ccs\tools\compiler\ti-cgt-armllvm_4.0.4.LTS\lib\armv6m-ti-none-eabi\</path>
         <kind>archive</kind>
         <file>libclang_rt.builtins.a</file>
         <name>fixsfsi.S.obj</name>
      </input_file>
      <input_file id="fl-119">
         <path>D:\CCS\ccs\tools\compiler\ti-cgt-armllvm_4.0.4.LTS\lib\armv6m-ti-none-eabi\</path>
         <kind>archive</kind>
         <file>libclang_rt.builtins.a</file>
         <name>floatsidf.S.obj</name>
      </input_file>
      <input_file id="fl-11a">
         <path>D:\CCS\ccs\tools\compiler\ti-cgt-armllvm_4.0.4.LTS\lib\armv6m-ti-none-eabi\</path>
         <kind>archive</kind>
         <file>libclang_rt.builtins.a</file>
         <name>floatsisf.S.obj</name>
      </input_file>
      <input_file id="fl-11b">
         <path>D:\CCS\ccs\tools\compiler\ti-cgt-armllvm_4.0.4.LTS\lib\armv6m-ti-none-eabi\</path>
         <kind>archive</kind>
         <file>libclang_rt.builtins.a</file>
         <name>floatunsidf.S.obj</name>
      </input_file>
      <input_file id="fl-11c">
         <path>D:\CCS\ccs\tools\compiler\ti-cgt-armllvm_4.0.4.LTS\lib\armv6m-ti-none-eabi\</path>
         <kind>archive</kind>
         <file>libclang_rt.builtins.a</file>
         <name>floatunsisf.S.obj</name>
      </input_file>
      <input_file id="fl-11d">
         <path>D:\CCS\ccs\tools\compiler\ti-cgt-armllvm_4.0.4.LTS\lib\armv6m-ti-none-eabi\</path>
         <kind>archive</kind>
         <file>libclang_rt.builtins.a</file>
         <name>muldi3.S.obj</name>
      </input_file>
      <input_file id="fl-11e">
         <path>D:\CCS\ccs\tools\compiler\ti-cgt-armllvm_4.0.4.LTS\lib\armv6m-ti-none-eabi\</path>
         <kind>archive</kind>
         <file>libclang_rt.builtins.a</file>
         <name>aeabi_dcmp.S.obj</name>
      </input_file>
      <input_file id="fl-11f">
         <path>D:\CCS\ccs\tools\compiler\ti-cgt-armllvm_4.0.4.LTS\lib\armv6m-ti-none-eabi\</path>
         <kind>archive</kind>
         <file>libclang_rt.builtins.a</file>
         <name>aeabi_fcmp.S.obj</name>
      </input_file>
      <input_file id="fl-120">
         <path>D:\CCS\ccs\tools\compiler\ti-cgt-armllvm_4.0.4.LTS\lib\armv6m-ti-none-eabi\</path>
         <kind>archive</kind>
         <file>libclang_rt.builtins.a</file>
         <name>aeabi_idivmod.S.obj</name>
      </input_file>
      <input_file id="fl-121">
         <path>D:\CCS\ccs\tools\compiler\ti-cgt-armllvm_4.0.4.LTS\lib\armv6m-ti-none-eabi\</path>
         <kind>archive</kind>
         <file>libclang_rt.builtins.a</file>
         <name>aeabi_memcpy.S.obj</name>
      </input_file>
      <input_file id="fl-122">
         <path>D:\CCS\ccs\tools\compiler\ti-cgt-armllvm_4.0.4.LTS\lib\armv6m-ti-none-eabi\</path>
         <kind>archive</kind>
         <file>libclang_rt.builtins.a</file>
         <name>aeabi_memset.S.obj</name>
      </input_file>
      <input_file id="fl-123">
         <path>D:\CCS\ccs\tools\compiler\ti-cgt-armllvm_4.0.4.LTS\lib\armv6m-ti-none-eabi\</path>
         <kind>archive</kind>
         <file>libclang_rt.builtins.a</file>
         <name>aeabi_uidivmod.S.obj</name>
      </input_file>
      <input_file id="fl-124">
         <path>D:\CCS\ccs\tools\compiler\ti-cgt-armllvm_4.0.4.LTS\lib\armv6m-ti-none-eabi\</path>
         <kind>archive</kind>
         <file>libclang_rt.builtins.a</file>
         <name>aeabi_uldivmod.S.obj</name>
      </input_file>
      <input_file id="fl-125">
         <path>D:\CCS\ccs\tools\compiler\ti-cgt-armllvm_4.0.4.LTS\lib\armv6m-ti-none-eabi\</path>
         <kind>archive</kind>
         <file>libclang_rt.builtins.a</file>
         <name>comparesf2.S.obj</name>
      </input_file>
      <input_file id="fl-126">
         <path>D:\CCS\ccs\tools\compiler\ti-cgt-armllvm_4.0.4.LTS\lib\armv6m-ti-none-eabi\</path>
         <kind>archive</kind>
         <file>libclang_rt.builtins.a</file>
         <name>udivmoddi4.S.obj</name>
      </input_file>
      <input_file id="fl-127">
         <path>D:\CCS\ccs\tools\compiler\ti-cgt-armllvm_4.0.4.LTS\lib\armv6m-ti-none-eabi\</path>
         <kind>archive</kind>
         <file>libclang_rt.builtins.a</file>
         <name>ashldi3.S.obj</name>
      </input_file>
      <input_file id="fl-128">
         <path>D:\CCS\ccs\tools\compiler\ti-cgt-armllvm_4.0.4.LTS\lib\armv6m-ti-none-eabi\</path>
         <kind>archive</kind>
         <file>libclang_rt.builtins.a</file>
         <name>comparedf2.c.obj</name>
      </input_file>
      <input_file id="fl-129">
         <path>D:\CCS\ccs\tools\compiler\ti-cgt-armllvm_4.0.4.LTS\lib\armv6m-ti-none-eabi\</path>
         <kind>archive</kind>
         <file>libclang_rt.builtins.a</file>
         <name>aeabi_div0.c.obj</name>
      </input_file>
      <input_file id="fl-12a">
         <path>D:\CCS\ccs\tools\compiler\ti-cgt-armllvm_4.0.4.LTS\lib\armv6m-ti-none-eabi\c\</path>
         <kind>archive</kind>
         <file>libc.a</file>
         <name>getdevice.c.obj</name>
      </input_file>
      <input_file id="fl-12b">
         <path>D:\CCS\ccs\tools\compiler\ti-cgt-armllvm_4.0.4.LTS\lib\armv6m-ti-none-eabi\c\</path>
         <kind>archive</kind>
         <file>libc.a</file>
         <name>memcpy16.S.obj</name>
      </input_file>
      <input_file id="fl-12c">
         <path>D:\CCS\ccs\tools\compiler\ti-cgt-armllvm_4.0.4.LTS\lib\armv6m-ti-none-eabi\c\</path>
         <kind>archive</kind>
         <file>libc.a</file>
         <name>memset16.S.obj</name>
      </input_file>
      <input_file id="fl-12d">
         <path>D:\CCS\ccs\tools\compiler\ti-cgt-armllvm_4.0.4.LTS\lib\armv6m-ti-none-eabi\c\</path>
         <kind>archive</kind>
         <file>libc.a</file>
         <name>strcmp-armv6m.S.obj</name>
      </input_file>
   </input_file_list>
   <object_component_list>
      <object_component id="oc-18">
         <name>.intvecs</name>
         <load_address>0x0</load_address>
         <readonly>true</readonly>
         <run_address>0x0</run_address>
         <size>0xc0</size>
         <alignment>0x4</alignment>
         <input_file_ref idref="fl-3"/>
      </object_component>
      <object_component id="oc-35f">
         <name>.text:__TI_printfi</name>
         <load_address>0xc0</load_address>
         <readonly>true</readonly>
         <executable>true</executable>
         <run_address>0xc0</run_address>
         <size>0x9d0</size>
         <alignment>0x4</alignment>
         <input_file_ref idref="fl-4a"/>
      </object_component>
      <object_component id="oc-10a">
         <name>.text.Trackline_Task</name>
         <load_address>0xa90</load_address>
         <readonly>true</readonly>
         <executable>true</executable>
         <run_address>0xa90</run_address>
         <size>0x92c</size>
         <alignment>0x4</alignment>
         <input_file_ref idref="fl-6"/>
      </object_component>
      <object_component id="oc-2f2">
         <name>.text.Ordinary_Page_Input</name>
         <load_address>0x13bc</load_address>
         <readonly>true</readonly>
         <executable>true</executable>
         <run_address>0x13bc</run_address>
         <size>0x7d0</size>
         <alignment>0x4</alignment>
         <input_file_ref idref="fl-14"/>
      </object_component>
      <object_component id="oc-2fb">
         <name>.text.Data_Item_Input</name>
         <load_address>0x1b8c</load_address>
         <readonly>true</readonly>
         <executable>true</executable>
         <run_address>0x1b8c</run_address>
         <size>0x7c4</size>
         <alignment>0x4</alignment>
         <input_file_ref idref="fl-13"/>
      </object_component>
      <object_component id="oc-32b">
         <name>.text.Easy_Menu_All_Update</name>
         <load_address>0x2350</load_address>
         <readonly>true</readonly>
         <executable>true</executable>
         <run_address>0x2350</run_address>
         <size>0x4a0</size>
         <alignment>0x4</alignment>
         <input_file_ref idref="fl-11"/>
      </object_component>
      <object_component id="oc-10b">
         <name>.text.K230_DrawRect_Task</name>
         <load_address>0x27f0</load_address>
         <readonly>true</readonly>
         <executable>true</executable>
         <run_address>0x27f0</run_address>
         <size>0x434</size>
         <alignment>0x4</alignment>
         <input_file_ref idref="fl-8"/>
      </object_component>
      <object_component id="oc-2f0">
         <name>.text.Ordinary_Page_Enter</name>
         <load_address>0x2c24</load_address>
         <readonly>true</readonly>
         <executable>true</executable>
         <run_address>0x2c24</run_address>
         <size>0x42c</size>
         <alignment>0x4</alignment>
         <input_file_ref idref="fl-14"/>
      </object_component>
      <object_component id="oc-162">
         <name>.text.Easy_Menu_Ui_Init</name>
         <load_address>0x3050</load_address>
         <readonly>true</readonly>
         <executable>true</executable>
         <run_address>0x3050</run_address>
         <size>0x3d4</size>
         <alignment>0x4</alignment>
         <input_file_ref idref="fl-15"/>
      </object_component>
      <object_component id="oc-10d">
         <name>.text.K230_Aim_Task</name>
         <load_address>0x3424</load_address>
         <readonly>true</readonly>
         <executable>true</executable>
         <run_address>0x3424</run_address>
         <size>0x398</size>
         <alignment>0x4</alignment>
         <input_file_ref idref="fl-8"/>
      </object_component>
      <object_component id="oc-2f4">
         <name>.text.Ordinary_Page_Refresh</name>
         <load_address>0x37bc</load_address>
         <readonly>true</readonly>
         <executable>true</executable>
         <run_address>0x37bc</run_address>
         <size>0x364</size>
         <alignment>0x4</alignment>
         <input_file_ref idref="fl-14"/>
      </object_component>
      <object_component id="oc-7f">
         <name>.text.JY62_ProcessData</name>
         <load_address>0x3b20</load_address>
         <readonly>true</readonly>
         <executable>true</executable>
         <run_address>0x3b20</run_address>
         <size>0x2b0</size>
         <alignment>0x4</alignment>
         <input_file_ref idref="fl-4"/>
      </object_component>
      <object_component id="oc-37f">
         <name>.text._pconv_a</name>
         <load_address>0x3dd0</load_address>
         <readonly>true</readonly>
         <executable>true</executable>
         <run_address>0x3dd0</run_address>
         <size>0x220</size>
         <alignment>0x4</alignment>
         <input_file_ref idref="fl-4a"/>
      </object_component>
      <object_component id="oc-380">
         <name>.text._pconv_g</name>
         <load_address>0x3ff0</load_address>
         <readonly>true</readonly>
         <executable>true</executable>
         <run_address>0x3ff0</run_address>
         <size>0x1dc</size>
         <alignment>0x4</alignment>
         <input_file_ref idref="fl-4a"/>
      </object_component>
      <object_component id="oc-2f1">
         <name>.text.Ordinary_Page_Display</name>
         <load_address>0x41cc</load_address>
         <readonly>true</readonly>
         <executable>true</executable>
         <run_address>0x41cc</run_address>
         <size>0x1d8</size>
         <alignment>0x4</alignment>
         <input_file_ref idref="fl-14"/>
      </object_component>
      <object_component id="oc-1b6">
         <name>.text.Motor_SpeedControl</name>
         <load_address>0x43a4</load_address>
         <readonly>true</readonly>
         <executable>true</executable>
         <run_address>0x43a4</run_address>
         <size>0x1d0</size>
         <alignment>0x4</alignment>
         <input_file_ref idref="fl-f"/>
      </object_component>
      <object_component id="oc-14f">
         <name>.text.SYSCFG_DL_GPIO_init</name>
         <load_address>0x4574</load_address>
         <readonly>true</readonly>
         <executable>true</executable>
         <run_address>0x4574</run_address>
         <size>0x1ac</size>
         <alignment>0x4</alignment>
         <input_file_ref idref="fl-2"/>
      </object_component>
      <object_component id="oc-29d">
         <name>.text.adddf3_subdf3</name>
         <load_address>0x4720</load_address>
         <readonly>true</readonly>
         <executable>true</executable>
         <run_address>0x4720</run_address>
         <size>0x192</size>
         <alignment>0x4</alignment>
         <input_file_ref idref="fl-110"/>
      </object_component>
      <object_component id="oc-2c6">
         <name>.text.__aeabi_idiv0</name>
         <load_address>0x48b2</load_address>
         <readonly>true</readonly>
         <executable>true</executable>
         <run_address>0x48b2</run_address>
         <size>0x2</size>
         <alignment>0x2</alignment>
         <input_file_ref idref="fl-129"/>
      </object_component>
      <object_component id="oc-171">
         <name>.text.No_MCU_Ganv_Sensor_Init</name>
         <load_address>0x48b4</load_address>
         <readonly>true</readonly>
         <executable>true</executable>
         <run_address>0x48b4</run_address>
         <size>0x188</size>
         <alignment>0x4</alignment>
         <input_file_ref idref="fl-d"/>
      </object_component>
      <object_component id="oc-1bd">
         <name>.text.Motor_YawControl</name>
         <load_address>0x4a3c</load_address>
         <readonly>true</readonly>
         <executable>true</executable>
         <run_address>0x4a3c</run_address>
         <size>0x180</size>
         <alignment>0x4</alignment>
         <input_file_ref idref="fl-f"/>
      </object_component>
      <object_component id="oc-98">
         <name>.text.main</name>
         <load_address>0x4bbc</load_address>
         <readonly>true</readonly>
         <executable>true</executable>
         <run_address>0x4bbc</run_address>
         <size>0x158</size>
         <alignment>0x4</alignment>
         <input_file_ref idref="fl-1"/>
      </object_component>
      <object_component id="oc-3a8">
         <name>.text.fcvt</name>
         <load_address>0x4d14</load_address>
         <readonly>true</readonly>
         <executable>true</executable>
         <run_address>0x4d14</run_address>
         <size>0x13c</size>
         <alignment>0x4</alignment>
         <input_file_ref idref="fl-4a"/>
      </object_component>
      <object_component id="oc-43">
         <name>.text.UART0_IRQHandler</name>
         <load_address>0x4e50</load_address>
         <readonly>true</readonly>
         <executable>true</executable>
         <run_address>0x4e50</run_address>
         <size>0x130</size>
         <alignment>0x4</alignment>
         <input_file_ref idref="fl-8"/>
      </object_component>
      <object_component id="oc-382">
         <name>.text._pconv_e</name>
         <load_address>0x4f80</load_address>
         <readonly>true</readonly>
         <executable>true</executable>
         <run_address>0x4f80</run_address>
         <size>0x120</size>
         <alignment>0x4</alignment>
         <input_file_ref idref="fl-4a"/>
      </object_component>
      <object_component id="oc-1e0">
         <name>.text.OLED_ShowChar</name>
         <load_address>0x50a0</load_address>
         <readonly>true</readonly>
         <executable>true</executable>
         <run_address>0x50a0</run_address>
         <size>0x118</size>
         <alignment>0x4</alignment>
         <input_file_ref idref="fl-10"/>
      </object_component>
      <object_component id="oc-2a1">
         <name>.text.__divdf3</name>
         <load_address>0x51b8</load_address>
         <readonly>true</readonly>
         <executable>true</executable>
         <run_address>0x51b8</run_address>
         <size>0x10c</size>
         <alignment>0x4</alignment>
         <input_file_ref idref="fl-115"/>
      </object_component>
      <object_component id="oc-212">
         <name>.text.DL_Timer_initFourCCPWMMode</name>
         <load_address>0x52c4</load_address>
         <readonly>true</readonly>
         <executable>true</executable>
         <run_address>0x52c4</run_address>
         <size>0x104</size>
         <alignment>0x4</alignment>
         <input_file_ref idref="fl-26"/>
      </object_component>
      <object_component id="oc-ed">
         <name>.text.OLED_Init</name>
         <load_address>0x53c8</load_address>
         <readonly>true</readonly>
         <executable>true</executable>
         <run_address>0x53c8</run_address>
         <size>0xfa</size>
         <alignment>0x2</alignment>
         <input_file_ref idref="fl-10"/>
      </object_component>
      <object_component id="oc-3aa">
         <name>.text.__aeabi_ldiv0</name>
         <load_address>0x54c2</load_address>
         <readonly>true</readonly>
         <executable>true</executable>
         <run_address>0x54c2</run_address>
         <size>0x2</size>
         <alignment>0x2</alignment>
         <input_file_ref idref="fl-129"/>
      </object_component>
      <object_component id="oc-311">
         <name>.text.__muldf3</name>
         <load_address>0x54c4</load_address>
         <readonly>true</readonly>
         <executable>true</executable>
         <run_address>0x54c4</run_address>
         <size>0xe4</size>
         <alignment>0x4</alignment>
         <input_file_ref idref="fl-111"/>
      </object_component>
      <object_component id="oc-19d">
         <name>.text.JY62_ConfigMode</name>
         <load_address>0x55a8</load_address>
         <readonly>true</readonly>
         <executable>true</executable>
         <run_address>0x55a8</run_address>
         <size>0xe0</size>
         <alignment>0x4</alignment>
         <input_file_ref idref="fl-4"/>
      </object_component>
      <object_component id="oc-39b">
         <name>.text.scalbn</name>
         <load_address>0x5688</load_address>
         <readonly>true</readonly>
         <executable>true</executable>
         <run_address>0x5688</run_address>
         <size>0xd8</size>
         <alignment>0x4</alignment>
         <input_file_ref idref="fl-56"/>
      </object_component>
      <object_component id="oc-c8">
         <name>.text</name>
         <load_address>0x5760</load_address>
         <readonly>true</readonly>
         <executable>true</executable>
         <run_address>0x5760</run_address>
         <size>0xd8</size>
         <alignment>0x4</alignment>
         <input_file_ref idref="fl-10f"/>
      </object_component>
      <object_component id="oc-6b">
         <name>.text.Beep_Tick_1ms</name>
         <load_address>0x5838</load_address>
         <readonly>true</readonly>
         <executable>true</executable>
         <run_address>0x5838</run_address>
         <size>0xcc</size>
         <alignment>0x4</alignment>
         <input_file_ref idref="fl-b"/>
      </object_component>
      <object_component id="oc-247">
         <name>.text.Data_Item_Init</name>
         <load_address>0x5904</load_address>
         <readonly>true</readonly>
         <executable>true</executable>
         <run_address>0x5904</run_address>
         <size>0xcc</size>
         <alignment>0x4</alignment>
         <input_file_ref idref="fl-13"/>
      </object_component>
      <object_component id="oc-6a">
         <name>.text.Knob_Tick_1ms</name>
         <load_address>0x59d0</load_address>
         <readonly>true</readonly>
         <executable>true</executable>
         <run_address>0x59d0</run_address>
         <size>0xc4</size>
         <alignment>0x4</alignment>
         <input_file_ref idref="fl-e"/>
      </object_component>
      <object_component id="oc-2b4">
         <name>.text.Get_Analog_value</name>
         <load_address>0x5a94</load_address>
         <readonly>true</readonly>
         <executable>true</executable>
         <run_address>0x5a94</run_address>
         <size>0xbc</size>
         <alignment>0x4</alignment>
         <input_file_ref idref="fl-d"/>
      </object_component>
      <object_component id="oc-287">
         <name>.text.Jy62_Yaw_Acc_Callback</name>
         <load_address>0x5b50</load_address>
         <readonly>true</readonly>
         <executable>true</executable>
         <run_address>0x5b50</run_address>
         <size>0xb8</size>
         <alignment>0x4</alignment>
         <input_file_ref idref="fl-15"/>
      </object_component>
      <object_component id="oc-1b8">
         <name>.text.Beep_Trigger</name>
         <load_address>0x5c08</load_address>
         <readonly>true</readonly>
         <executable>true</executable>
         <run_address>0x5c08</run_address>
         <size>0xb4</size>
         <alignment>0x4</alignment>
         <input_file_ref idref="fl-b"/>
      </object_component>
      <object_component id="oc-2b6">
         <name>.text.normalizeAnalogValues</name>
         <load_address>0x5cbc</load_address>
         <readonly>true</readonly>
         <executable>true</executable>
         <run_address>0x5cbc</run_address>
         <size>0xaa</size>
         <alignment>0x2</alignment>
         <input_file_ref idref="fl-d"/>
      </object_component>
      <object_component id="oc-392">
         <name>.text</name>
         <load_address>0x5d68</load_address>
         <readonly>true</readonly>
         <executable>true</executable>
         <run_address>0x5d68</run_address>
         <size>0xa2</size>
         <alignment>0x4</alignment>
         <input_file_ref idref="fl-126"/>
      </object_component>
      <object_component id="oc-106">
         <name>.text.Knob_get</name>
         <load_address>0x5e0c</load_address>
         <readonly>true</readonly>
         <executable>true</executable>
         <run_address>0x5e0c</run_address>
         <size>0xa0</size>
         <alignment>0x4</alignment>
         <input_file_ref idref="fl-e"/>
      </object_component>
      <object_component id="oc-2b2">
         <name>.text.Motor_A_SetSpeed</name>
         <load_address>0x5eac</load_address>
         <readonly>true</readonly>
         <executable>true</executable>
         <run_address>0x5eac</run_address>
         <size>0x9c</size>
         <alignment>0x4</alignment>
         <input_file_ref idref="fl-f"/>
      </object_component>
      <object_component id="oc-2b3">
         <name>.text.Motor_B_SetSpeed</name>
         <load_address>0x5f48</load_address>
         <readonly>true</readonly>
         <executable>true</executable>
         <run_address>0x5f48</run_address>
         <size>0x9c</size>
         <alignment>0x4</alignment>
         <input_file_ref idref="fl-f"/>
      </object_component>
      <object_component id="oc-14e">
         <name>.text.SYSCFG_DL_initPower</name>
         <load_address>0x5fe4</load_address>
         <readonly>true</readonly>
         <executable>true</executable>
         <run_address>0x5fe4</run_address>
         <size>0x9c</size>
         <alignment>0x4</alignment>
         <input_file_ref idref="fl-2"/>
      </object_component>
      <object_component id="oc-1c9">
         <name>.text.Gimbal_MovePosition</name>
         <load_address>0x6080</load_address>
         <readonly>true</readonly>
         <executable>true</executable>
         <run_address>0x6080</run_address>
         <size>0x98</size>
         <alignment>0x2</alignment>
         <input_file_ref idref="fl-7"/>
      </object_component>
      <object_component id="oc-1c2">
         <name>.text.Motor_YawIsAtTarget</name>
         <load_address>0x6118</load_address>
         <readonly>true</readonly>
         <executable>true</executable>
         <run_address>0x6118</run_address>
         <size>0x98</size>
         <alignment>0x4</alignment>
         <input_file_ref idref="fl-f"/>
      </object_component>
      <object_component id="oc-332">
         <name>.text.Easy_Menu_Area_Clear</name>
         <load_address>0x61b0</load_address>
         <readonly>true</readonly>
         <executable>true</executable>
         <run_address>0x61b0</run_address>
         <size>0x90</size>
         <alignment>0x4</alignment>
         <input_file_ref idref="fl-11"/>
      </object_component>
      <object_component id="oc-249">
         <name>.text.Easy_Menu_Goto_Page</name>
         <load_address>0x6240</load_address>
         <readonly>true</readonly>
         <executable>true</executable>
         <run_address>0x6240</run_address>
         <size>0x90</size>
         <alignment>0x4</alignment>
         <input_file_ref idref="fl-12"/>
      </object_component>
      <object_component id="oc-151">
         <name>.text.SYSCFG_DL_PWM_0_init</name>
         <load_address>0x62d0</load_address>
         <readonly>true</readonly>
         <executable>true</executable>
         <run_address>0x62d0</run_address>
         <size>0x90</size>
         <alignment>0x4</alignment>
         <input_file_ref idref="fl-2"/>
      </object_component>
      <object_component id="oc-cc">
         <name>.text.__mulsf3</name>
         <load_address>0x6360</load_address>
         <readonly>true</readonly>
         <executable>true</executable>
         <run_address>0x6360</run_address>
         <size>0x8c</size>
         <alignment>0x4</alignment>
         <input_file_ref idref="fl-113"/>
      </object_component>
      <object_component id="oc-324">
         <name>.text.Easy_Menu_Display_String</name>
         <load_address>0x63ec</load_address>
         <readonly>true</readonly>
         <executable>true</executable>
         <run_address>0x63ec</run_address>
         <size>0x86</size>
         <alignment>0x2</alignment>
         <input_file_ref idref="fl-11"/>
      </object_component>
      <object_component id="oc-210">
         <name>.text.__NVIC_SetPriority</name>
         <load_address>0x6474</load_address>
         <readonly>true</readonly>
         <executable>true</executable>
         <run_address>0x6474</run_address>
         <size>0x84</size>
         <alignment>0x4</alignment>
         <input_file_ref idref="fl-2"/>
      </object_component>
      <object_component id="oc-c4">
         <name>.text.__divsf3</name>
         <load_address>0x64f8</load_address>
         <readonly>true</readonly>
         <executable>true</executable>
         <run_address>0x64f8</run_address>
         <size>0x82</size>
         <alignment>0x4</alignment>
         <input_file_ref idref="fl-114"/>
      </object_component>
      <object_component id="oc-76">
         <name>.text.Motor_B_EncoderIRQHandler</name>
         <load_address>0x657c</load_address>
         <readonly>true</readonly>
         <executable>true</executable>
         <run_address>0x657c</run_address>
         <size>0x80</size>
         <alignment>0x4</alignment>
         <input_file_ref idref="fl-f"/>
      </object_component>
      <object_component id="oc-23c">
         <name>.text.Ordinary_Page_Init</name>
         <load_address>0x65fc</load_address>
         <readonly>true</readonly>
         <executable>true</executable>
         <run_address>0x65fc</run_address>
         <size>0x7c</size>
         <alignment>0x4</alignment>
         <input_file_ref idref="fl-14"/>
      </object_component>
      <object_component id="oc-1c">
         <name>.text:decompress:lzss</name>
         <load_address>0x6678</load_address>
         <readonly>true</readonly>
         <executable>true</executable>
         <run_address>0x6678</run_address>
         <size>0x7c</size>
         <alignment>0x4</alignment>
         <input_file_ref idref="fl-49"/>
      </object_component>
      <object_component id="oc-104">
         <name>.text.JY62_Init</name>
         <load_address>0x66f4</load_address>
         <readonly>true</readonly>
         <executable>true</executable>
         <run_address>0x66f4</run_address>
         <size>0x78</size>
         <alignment>0x4</alignment>
         <input_file_ref idref="fl-4"/>
      </object_component>
      <object_component id="oc-108">
         <name>.text.Easy_Menu_Display</name>
         <load_address>0x676c</load_address>
         <readonly>true</readonly>
         <executable>true</executable>
         <run_address>0x676c</run_address>
         <size>0x74</size>
         <alignment>0x4</alignment>
         <input_file_ref idref="fl-12"/>
      </object_component>
      <object_component id="oc-239">
         <name>.text.Send_Byte</name>
         <load_address>0x67e0</load_address>
         <readonly>true</readonly>
         <executable>true</executable>
         <run_address>0x67e0</run_address>
         <size>0x74</size>
         <alignment>0x4</alignment>
         <input_file_ref idref="fl-10"/>
      </object_component>
      <object_component id="oc-340">
         <name>.text.__gedf2</name>
         <load_address>0x6854</load_address>
         <readonly>true</readonly>
         <executable>true</executable>
         <run_address>0x6854</run_address>
         <size>0x74</size>
         <alignment>0x4</alignment>
         <input_file_ref idref="fl-128"/>
      </object_component>
      <object_component id="oc-308">
         <name>.text.clampSpeed</name>
         <load_address>0x68c8</load_address>
         <readonly>true</readonly>
         <executable>true</executable>
         <run_address>0x68c8</run_address>
         <size>0x74</size>
         <alignment>0x4</alignment>
         <input_file_ref idref="fl-f"/>
      </object_component>
      <object_component id="oc-294">
         <name>.text.No_MCU_Ganv_Sensor_Init_Frist</name>
         <load_address>0x693c</load_address>
         <readonly>true</readonly>
         <executable>true</executable>
         <run_address>0x693c</run_address>
         <size>0x72</size>
         <alignment>0x2</alignment>
         <input_file_ref idref="fl-d"/>
      </object_component>
      <object_component id="oc-75">
         <name>.text.Knob_EXTI_Handler</name>
         <load_address>0x69b0</load_address>
         <readonly>true</readonly>
         <executable>true</executable>
         <run_address>0x69b0</run_address>
         <size>0x6c</size>
         <alignment>0x4</alignment>
         <input_file_ref idref="fl-e"/>
      </object_component>
      <object_component id="oc-156">
         <name>.text.SYSCFG_DL_ADC_line_detector_init</name>
         <load_address>0x6a1c</load_address>
         <readonly>true</readonly>
         <executable>true</executable>
         <run_address>0x6a1c</run_address>
         <size>0x6c</size>
         <alignment>0x4</alignment>
         <input_file_ref idref="fl-2"/>
      </object_component>
      <object_component id="oc-2fd">
         <name>.text.Trackline_Calibrate_Black</name>
         <load_address>0x6a88</load_address>
         <readonly>true</readonly>
         <executable>true</executable>
         <run_address>0x6a88</run_address>
         <size>0x6c</size>
         <alignment>0x4</alignment>
         <input_file_ref idref="fl-6"/>
      </object_component>
      <object_component id="oc-2b5">
         <name>.text.convertAnalogToDigital</name>
         <load_address>0x6af4</load_address>
         <readonly>true</readonly>
         <executable>true</executable>
         <run_address>0x6af4</run_address>
         <size>0x6c</size>
         <alignment>0x2</alignment>
         <input_file_ref idref="fl-d"/>
      </object_component>
      <object_component id="oc-15d">
         <name>.text.OLED_Clear</name>
         <load_address>0x6b60</load_address>
         <readonly>true</readonly>
         <executable>true</executable>
         <run_address>0x6b60</run_address>
         <size>0x6a</size>
         <alignment>0x2</alignment>
         <input_file_ref idref="fl-10"/>
      </object_component>
      <object_component id="oc-33a">
         <name>.text.__ledf2</name>
         <load_address>0x6bcc</load_address>
         <readonly>true</readonly>
         <executable>true</executable>
         <run_address>0x6bcc</run_address>
         <size>0x68</size>
         <alignment>0x4</alignment>
         <input_file_ref idref="fl-128"/>
      </object_component>
      <object_component id="oc-3a7">
         <name>.text._mcpy</name>
         <load_address>0x6c34</load_address>
         <readonly>true</readonly>
         <executable>true</executable>
         <run_address>0x6c34</run_address>
         <size>0x66</size>
         <alignment>0x2</alignment>
         <input_file_ref idref="fl-4a"/>
      </object_component>
      <object_component id="oc-22d">
         <name>.text.DL_ADC12_initSingleSample</name>
         <load_address>0x6c9c</load_address>
         <readonly>true</readonly>
         <executable>true</executable>
         <run_address>0x6c9c</run_address>
         <size>0x64</size>
         <alignment>0x4</alignment>
         <input_file_ref idref="fl-2"/>
      </object_component>
      <object_component id="oc-319">
         <name>.text.__aeabi_dcmp</name>
         <load_address>0x6d00</load_address>
         <readonly>true</readonly>
         <executable>true</executable>
         <run_address>0x6d00</run_address>
         <size>0x62</size>
         <alignment>0x4</alignment>
         <input_file_ref idref="fl-11e"/>
      </object_component>
      <object_component id="oc-1ae">
         <name>.text.__aeabi_fcmp</name>
         <load_address>0x6d64</load_address>
         <readonly>true</readonly>
         <executable>true</executable>
         <run_address>0x6d64</run_address>
         <size>0x62</size>
         <alignment>0x4</alignment>
         <input_file_ref idref="fl-11f"/>
      </object_component>
      <object_component id="oc-161">
         <name>.text.Easy_Menu_All_Clear</name>
         <load_address>0x6dc8</load_address>
         <readonly>true</readonly>
         <executable>true</executable>
         <run_address>0x6dc8</run_address>
         <size>0x5c</size>
         <alignment>0x4</alignment>
         <input_file_ref idref="fl-11"/>
      </object_component>
      <object_component id="oc-30b">
         <name>.text.adc_getValue</name>
         <load_address>0x6e24</load_address>
         <readonly>true</readonly>
         <executable>true</executable>
         <run_address>0x6e24</run_address>
         <size>0x5c</size>
         <alignment>0x4</alignment>
         <input_file_ref idref="fl-c"/>
      </object_component>
      <object_component id="oc-397">
         <name>.text.frexp</name>
         <load_address>0x6e80</load_address>
         <readonly>true</readonly>
         <executable>true</executable>
         <run_address>0x6e80</run_address>
         <size>0x5c</size>
         <alignment>0x4</alignment>
         <input_file_ref idref="fl-55"/>
      </object_component>
      <object_component id="oc-2fa">
         <name>.text.Switch_Item_Input</name>
         <load_address>0x6edc</load_address>
         <readonly>true</readonly>
         <executable>true</executable>
         <run_address>0x6edc</run_address>
         <size>0x58</size>
         <alignment>0x2</alignment>
         <input_file_ref idref="fl-13"/>
      </object_component>
      <object_component id="oc-2fc">
         <name>.text.Trackline_Calibrate_White</name>
         <load_address>0x6f34</load_address>
         <readonly>true</readonly>
         <executable>true</executable>
         <run_address>0x6f34</run_address>
         <size>0x58</size>
         <alignment>0x4</alignment>
         <input_file_ref idref="fl-6"/>
      </object_component>
      <object_component id="oc-109">
         <name>.text.Trackline_Reset</name>
         <load_address>0x6f8c</load_address>
         <readonly>true</readonly>
         <executable>true</executable>
         <run_address>0x6f8c</run_address>
         <size>0x58</size>
         <alignment>0x4</alignment>
         <input_file_ref idref="fl-6"/>
      </object_component>
      <object_component id="oc-39f">
         <name>.text.__TI_ltoa</name>
         <load_address>0x6fe4</load_address>
         <readonly>true</readonly>
         <executable>true</executable>
         <run_address>0x6fe4</run_address>
         <size>0x58</size>
         <alignment>0x2</alignment>
         <input_file_ref idref="fl-4e"/>
      </object_component>
      <object_component id="oc-381">
         <name>.text._pconv_f</name>
         <load_address>0x703c</load_address>
         <readonly>true</readonly>
         <executable>true</executable>
         <run_address>0x703c</run_address>
         <size>0x58</size>
         <alignment>0x2</alignment>
         <input_file_ref idref="fl-4a"/>
      </object_component>
      <object_component id="oc-1b9">
         <name>.text.__aeabi_idivmod</name>
         <load_address>0x7094</load_address>
         <readonly>true</readonly>
         <executable>true</executable>
         <run_address>0x7094</run_address>
         <size>0x56</size>
         <alignment>0x4</alignment>
         <input_file_ref idref="fl-120"/>
      </object_component>
      <object_component id="oc-34d">
         <name>.text.Compare_String</name>
         <load_address>0x70ea</load_address>
         <readonly>true</readonly>
         <executable>true</executable>
         <run_address>0x70ea</run_address>
         <size>0x54</size>
         <alignment>0x2</alignment>
         <input_file_ref idref="fl-11"/>
      </object_component>
      <object_component id="oc-21a">
         <name>.text.DL_Timer_configQEI</name>
         <load_address>0x7140</load_address>
         <readonly>true</readonly>
         <executable>true</executable>
         <run_address>0x7140</run_address>
         <size>0x54</size>
         <alignment>0x4</alignment>
         <input_file_ref idref="fl-2"/>
      </object_component>
      <object_component id="oc-f9">
         <name>.text.Trackline_Init</name>
         <load_address>0x7194</load_address>
         <readonly>true</readonly>
         <executable>true</executable>
         <run_address>0x7194</run_address>
         <size>0x54</size>
         <alignment>0x4</alignment>
         <input_file_ref idref="fl-6"/>
      </object_component>
      <object_component id="oc-248">
         <name>.text.Show_Item_Init</name>
         <load_address>0x71e8</load_address>
         <readonly>true</readonly>
         <executable>true</executable>
         <run_address>0x71e8</run_address>
         <size>0x52</size>
         <alignment>0x2</alignment>
         <input_file_ref idref="fl-13"/>
      </object_component>
      <object_component id="oc-3a5">
         <name>.text._ecpy</name>
         <load_address>0x723a</load_address>
         <readonly>true</readonly>
         <executable>true</executable>
         <run_address>0x723a</run_address>
         <size>0x52</size>
         <alignment>0x2</alignment>
         <input_file_ref idref="fl-4a"/>
      </object_component>
      <object_component id="oc-152">
         <name>.text.SYSCFG_DL_QEI_0_init</name>
         <load_address>0x728c</load_address>
         <readonly>true</readonly>
         <executable>true</executable>
         <run_address>0x728c</run_address>
         <size>0x50</size>
         <alignment>0x4</alignment>
         <input_file_ref idref="fl-2"/>
      </object_component>
      <object_component id="oc-237">
         <name>.text.SysTick_Config</name>
         <load_address>0x72dc</load_address>
         <readonly>true</readonly>
         <executable>true</executable>
         <run_address>0x72dc</run_address>
         <size>0x50</size>
         <alignment>0x4</alignment>
         <input_file_ref idref="fl-2"/>
      </object_component>
      <object_component id="oc-15c">
         <name>.text.OLED_WR_Byte</name>
         <load_address>0x732c</load_address>
         <readonly>true</readonly>
         <executable>true</executable>
         <run_address>0x732c</run_address>
         <size>0x4e</size>
         <alignment>0x2</alignment>
         <input_file_ref idref="fl-10"/>
      </object_component>
      <object_component id="oc-2e8">
         <name>.text.DL_DMA_initChannel</name>
         <load_address>0x737c</load_address>
         <readonly>true</readonly>
         <executable>true</executable>
         <run_address>0x737c</run_address>
         <size>0x4c</size>
         <alignment>0x4</alignment>
         <input_file_ref idref="fl-25"/>
      </object_component>
      <object_component id="oc-204">
         <name>.text.DL_GPIO_initDigitalInputFeatures</name>
         <load_address>0x73c8</load_address>
         <readonly>true</readonly>
         <executable>true</executable>
         <run_address>0x73c8</run_address>
         <size>0x4c</size>
         <alignment>0x4</alignment>
         <input_file_ref idref="fl-2"/>
      </object_component>
      <object_component id="oc-198">
         <name>.text.DL_UART_setBaudRateDivisor</name>
         <load_address>0x7414</load_address>
         <readonly>true</readonly>
         <executable>true</executable>
         <run_address>0x7414</run_address>
         <size>0x4c</size>
         <alignment>0x4</alignment>
         <input_file_ref idref="fl-4"/>
      </object_component>
      <object_component id="oc-21f">
         <name>.text.DL_UART_setBaudRateDivisor</name>
         <load_address>0x7460</load_address>
         <readonly>true</readonly>
         <executable>true</executable>
         <run_address>0x7460</run_address>
         <size>0x4c</size>
         <alignment>0x4</alignment>
         <input_file_ref idref="fl-2"/>
      </object_component>
      <object_component id="oc-1ad">
         <name>.text.line_mask_from_normal</name>
         <load_address>0x74ac</load_address>
         <readonly>true</readonly>
         <executable>true</executable>
         <run_address>0x74ac</run_address>
         <size>0x4c</size>
         <alignment>0x4</alignment>
         <input_file_ref idref="fl-6"/>
      </object_component>
      <object_component id="oc-22e">
         <name>.text.DL_ADC12_configConversionMem</name>
         <load_address>0x74f8</load_address>
         <readonly>true</readonly>
         <executable>true</executable>
         <run_address>0x74f8</run_address>
         <size>0x4a</size>
         <alignment>0x2</alignment>
         <input_file_ref idref="fl-2"/>
      </object_component>
      <object_component id="oc-315">
         <name>.text.__fixdfsi</name>
         <load_address>0x7544</load_address>
         <readonly>true</readonly>
         <executable>true</executable>
         <run_address>0x7544</run_address>
         <size>0x4a</size>
         <alignment>0x4</alignment>
         <input_file_ref idref="fl-117"/>
      </object_component>
      <object_component id="oc-196">
         <name>.text.DL_UART_init</name>
         <load_address>0x7590</load_address>
         <readonly>true</readonly>
         <executable>true</executable>
         <run_address>0x7590</run_address>
         <size>0x48</size>
         <alignment>0x4</alignment>
         <input_file_ref idref="fl-27"/>
      </object_component>
      <object_component id="oc-10c">
         <name>.text.K230_DrawRect_Reset</name>
         <load_address>0x75d8</load_address>
         <readonly>true</readonly>
         <executable>true</executable>
         <run_address>0x75d8</run_address>
         <size>0x48</size>
         <alignment>0x4</alignment>
         <input_file_ref idref="fl-8"/>
      </object_component>
      <object_component id="oc-1d8">
         <name>.text.gimbal_send_frame</name>
         <load_address>0x7620</load_address>
         <readonly>true</readonly>
         <executable>true</executable>
         <run_address>0x7620</run_address>
         <size>0x48</size>
         <alignment>0x2</alignment>
         <input_file_ref idref="fl-7"/>
      </object_component>
      <object_component id="oc-32a">
         <name>.text.Easy_Menu_Display_Char</name>
         <load_address>0x7668</load_address>
         <readonly>true</readonly>
         <executable>true</executable>
         <run_address>0x7668</run_address>
         <size>0x44</size>
         <alignment>0x4</alignment>
         <input_file_ref idref="fl-11"/>
      </object_component>
      <object_component id="oc-1ab">
         <name>.text.No_Mcu_Ganv_Sensor_Task_Without_tick</name>
         <load_address>0x76ac</load_address>
         <readonly>true</readonly>
         <executable>true</executable>
         <run_address>0x76ac</run_address>
         <size>0x42</size>
         <alignment>0x2</alignment>
         <input_file_ref idref="fl-d"/>
      </object_component>
      <object_component id="oc-1c8">
         <name>.text.pixel_to_pulse</name>
         <load_address>0x76ee</load_address>
         <readonly>true</readonly>
         <executable>true</executable>
         <run_address>0x76ee</run_address>
         <size>0x42</size>
         <alignment>0x2</alignment>
         <input_file_ref idref="fl-8"/>
      </object_component>
      <object_component id="oc-227">
         <name>.text.DL_ADC12_setClockConfig</name>
         <load_address>0x7730</load_address>
         <readonly>true</readonly>
         <executable>true</executable>
         <run_address>0x7730</run_address>
         <size>0x40</size>
         <alignment>0x4</alignment>
         <input_file_ref idref="fl-23"/>
      </object_component>
      <object_component id="oc-154">
         <name>.text.SYSCFG_DL_UART_0_init</name>
         <load_address>0x7770</load_address>
         <readonly>true</readonly>
         <executable>true</executable>
         <run_address>0x7770</run_address>
         <size>0x40</size>
         <alignment>0x4</alignment>
         <input_file_ref idref="fl-2"/>
      </object_component>
      <object_component id="oc-155">
         <name>.text.SYSCFG_DL_UART_JY62_init</name>
         <load_address>0x77b0</load_address>
         <readonly>true</readonly>
         <executable>true</executable>
         <run_address>0x77b0</run_address>
         <size>0x40</size>
         <alignment>0x4</alignment>
         <input_file_ref idref="fl-2"/>
      </object_component>
      <object_component id="oc-153">
         <name>.text.SYSCFG_DL_UART_UP_init</name>
         <load_address>0x77f0</load_address>
         <readonly>true</readonly>
         <executable>true</executable>
         <run_address>0x77f0</run_address>
         <size>0x40</size>
         <alignment>0x4</alignment>
         <input_file_ref idref="fl-2"/>
      </object_component>
      <object_component id="oc-246">
         <name>.text.Switch_Item_Init</name>
         <load_address>0x7830</load_address>
         <readonly>true</readonly>
         <executable>true</executable>
         <run_address>0x7830</run_address>
         <size>0x40</size>
         <alignment>0x4</alignment>
         <input_file_ref idref="fl-13"/>
      </object_component>
      <object_component id="oc-295">
         <name>.text.__aeabi_uidivmod</name>
         <load_address>0x7870</load_address>
         <readonly>true</readonly>
         <executable>true</executable>
         <run_address>0x7870</run_address>
         <size>0x40</size>
         <alignment>0x4</alignment>
         <input_file_ref idref="fl-123"/>
      </object_component>
      <object_component id="oc-326">
         <name>.text.__extendsfdf2</name>
         <load_address>0x78b0</load_address>
         <readonly>true</readonly>
         <executable>true</executable>
         <run_address>0x78b0</run_address>
         <size>0x40</size>
         <alignment>0x4</alignment>
         <input_file_ref idref="fl-116"/>
      </object_component>
      <object_component id="oc-369">
         <name>.text.atoi</name>
         <load_address>0x78f0</load_address>
         <readonly>true</readonly>
         <executable>true</executable>
         <run_address>0x78f0</run_address>
         <size>0x40</size>
         <alignment>0x4</alignment>
         <input_file_ref idref="fl-51"/>
      </object_component>
      <object_component id="oc-346">
         <name>.text.vsnprintf</name>
         <load_address>0x7930</load_address>
         <readonly>true</readonly>
         <executable>true</executable>
         <run_address>0x7930</run_address>
         <size>0x40</size>
         <alignment>0x4</alignment>
         <input_file_ref idref="fl-3f"/>
      </object_component>
      <object_component id="oc-213">
         <name>.text.DL_Timer_setCounterControl</name>
         <load_address>0x7970</load_address>
         <readonly>true</readonly>
         <executable>true</executable>
         <run_address>0x7970</run_address>
         <size>0x3c</size>
         <alignment>0x4</alignment>
         <input_file_ref idref="fl-2"/>
      </object_component>
      <object_component id="oc-f3">
         <name>.text.Easy_Menu_Init</name>
         <load_address>0x79ac</load_address>
         <readonly>true</readonly>
         <executable>true</executable>
         <run_address>0x79ac</run_address>
         <size>0x3c</size>
         <alignment>0x4</alignment>
         <input_file_ref idref="fl-12"/>
      </object_component>
      <object_component id="oc-325">
         <name>.text.Easy_Menu_Printf</name>
         <load_address>0x79e8</load_address>
         <readonly>true</readonly>
         <executable>true</executable>
         <run_address>0x79e8</run_address>
         <size>0x3c</size>
         <alignment>0x2</alignment>
         <input_file_ref idref="fl-11"/>
      </object_component>
      <object_component id="oc-2d0">
         <name>.text.Gimbal_Enable</name>
         <load_address>0x7a24</load_address>
         <readonly>true</readonly>
         <executable>true</executable>
         <run_address>0x7a24</run_address>
         <size>0x3c</size>
         <alignment>0x2</alignment>
         <input_file_ref idref="fl-7"/>
      </object_component>
      <object_component id="oc-2d6">
         <name>.text.OLED_Set_Pos</name>
         <load_address>0x7a60</load_address>
         <readonly>true</readonly>
         <executable>true</executable>
         <run_address>0x7a60</run_address>
         <size>0x3c</size>
         <alignment>0x2</alignment>
         <input_file_ref idref="fl-10"/>
      </object_component>
      <object_component id="oc-e8">
         <name>.text.SYSCFG_DL_init</name>
         <load_address>0x7a9c</load_address>
         <readonly>true</readonly>
         <executable>true</executable>
         <run_address>0x7a9c</run_address>
         <size>0x3c</size>
         <alignment>0x4</alignment>
         <input_file_ref idref="fl-2"/>
      </object_component>
      <object_component id="oc-c0">
         <name>.text.__floatsisf</name>
         <load_address>0x7ad8</load_address>
         <readonly>true</readonly>
         <executable>true</executable>
         <run_address>0x7ad8</run_address>
         <size>0x3c</size>
         <alignment>0x4</alignment>
         <input_file_ref idref="fl-11a"/>
      </object_component>
      <object_component id="oc-2bc">
         <name>.text.__gtsf2</name>
         <load_address>0x7b14</load_address>
         <readonly>true</readonly>
         <executable>true</executable>
         <run_address>0x7b14</run_address>
         <size>0x3c</size>
         <alignment>0x4</alignment>
         <input_file_ref idref="fl-125"/>
      </object_component>
      <object_component id="oc-ad">
         <name>.text.start_off_phase</name>
         <load_address>0x7b50</load_address>
         <readonly>true</readonly>
         <executable>true</executable>
         <run_address>0x7b50</run_address>
         <size>0x3c</size>
         <alignment>0x4</alignment>
         <input_file_ref idref="fl-b"/>
      </object_component>
      <object_component id="oc-ae">
         <name>.text.start_on_phase</name>
         <load_address>0x7b8c</load_address>
         <readonly>true</readonly>
         <executable>true</executable>
         <run_address>0x7b8c</run_address>
         <size>0x3c</size>
         <alignment>0x4</alignment>
         <input_file_ref idref="fl-b"/>
      </object_component>
      <object_component id="oc-12c">
         <name>.text:__TI_auto_init_nobinit_nopinit</name>
         <load_address>0x7bc8</load_address>
         <readonly>true</readonly>
         <executable>true</executable>
         <run_address>0x7bc8</run_address>
         <size>0x3c</size>
         <alignment>0x4</alignment>
         <input_file_ref idref="fl-44"/>
      </object_component>
      <object_component id="oc-2b7">
         <name>.text.__eqsf2</name>
         <load_address>0x7c04</load_address>
         <readonly>true</readonly>
         <executable>true</executable>
         <run_address>0x7c04</run_address>
         <size>0x3a</size>
         <alignment>0x4</alignment>
         <input_file_ref idref="fl-125"/>
      </object_component>
      <object_component id="oc-142">
         <name>.text.__muldsi3</name>
         <load_address>0x7c40</load_address>
         <readonly>true</readonly>
         <executable>true</executable>
         <run_address>0x7c40</run_address>
         <size>0x3a</size>
         <alignment>0x4</alignment>
         <input_file_ref idref="fl-112"/>
      </object_component>
      <object_component id="oc-1ac">
         <name>.text.Get_Normalize_For_User</name>
         <load_address>0x7c7a</load_address>
         <readonly>true</readonly>
         <executable>true</executable>
         <run_address>0x7c7a</run_address>
         <size>0x38</size>
         <alignment>0x2</alignment>
         <input_file_ref idref="fl-d"/>
      </object_component>
      <object_component id="oc-114">
         <name>.text.K230_Aim_Reset</name>
         <load_address>0x7cb4</load_address>
         <readonly>true</readonly>
         <executable>true</executable>
         <run_address>0x7cb4</run_address>
         <size>0x38</size>
         <alignment>0x4</alignment>
         <input_file_ref idref="fl-8"/>
      </object_component>
      <object_component id="oc-1be">
         <name>.text.Motor_Brake</name>
         <load_address>0x7cec</load_address>
         <readonly>true</readonly>
         <executable>true</executable>
         <run_address>0x7cec</run_address>
         <size>0x38</size>
         <alignment>0x4</alignment>
         <input_file_ref idref="fl-f"/>
      </object_component>
      <object_component id="oc-16f">
         <name>.text.Motor_Coast</name>
         <load_address>0x7d24</load_address>
         <readonly>true</readonly>
         <executable>true</executable>
         <run_address>0x7d24</run_address>
         <size>0x38</size>
         <alignment>0x4</alignment>
         <input_file_ref idref="fl-f"/>
      </object_component>
      <object_component id="oc-1b2">
         <name>.text.__fixsfsi</name>
         <load_address>0x7d5c</load_address>
         <readonly>true</readonly>
         <executable>true</executable>
         <run_address>0x7d5c</run_address>
         <size>0x38</size>
         <alignment>0x4</alignment>
         <input_file_ref idref="fl-118"/>
      </object_component>
      <object_component id="oc-334">
         <name>.text.Get_Anolog_Value</name>
         <load_address>0x7d94</load_address>
         <readonly>true</readonly>
         <executable>true</executable>
         <run_address>0x7d94</run_address>
         <size>0x36</size>
         <alignment>0x2</alignment>
         <input_file_ref idref="fl-d"/>
      </object_component>
      <object_component id="oc-241">
         <name>.text.Goto_Item_Init</name>
         <load_address>0x7dcc</load_address>
         <readonly>true</readonly>
         <executable>true</executable>
         <run_address>0x7dcc</run_address>
         <size>0x34</size>
         <alignment>0x4</alignment>
         <input_file_ref idref="fl-13"/>
      </object_component>
      <object_component id="oc-238">
         <name>.text.I2C_Start</name>
         <load_address>0x7e00</load_address>
         <readonly>true</readonly>
         <executable>true</executable>
         <run_address>0x7e00</run_address>
         <size>0x34</size>
         <alignment>0x4</alignment>
         <input_file_ref idref="fl-10"/>
      </object_component>
      <object_component id="oc-150">
         <name>.text.SYSCFG_DL_SYSCTL_init</name>
         <load_address>0x7e34</load_address>
         <readonly>true</readonly>
         <executable>true</executable>
         <run_address>0x7e34</run_address>
         <size>0x34</size>
         <alignment>0x2</alignment>
         <input_file_ref idref="fl-2"/>
      </object_component>
      <object_component id="oc-2e7">
         <name>.text.DL_DMA_setTransferSize</name>
         <load_address>0x7e68</load_address>
         <readonly>true</readonly>
         <executable>true</executable>
         <run_address>0x7e68</run_address>
         <size>0x30</size>
         <alignment>0x4</alignment>
         <input_file_ref idref="fl-2"/>
      </object_component>
      <object_component id="oc-202">
         <name>.text.DL_GPIO_initDigitalOutputFeatures</name>
         <load_address>0x7e98</load_address>
         <readonly>true</readonly>
         <executable>true</executable>
         <run_address>0x7e98</run_address>
         <size>0x30</size>
         <alignment>0x4</alignment>
         <input_file_ref idref="fl-2"/>
      </object_component>
      <object_component id="oc-11a">
         <name>.text.Display_Char_Line</name>
         <load_address>0x7ec8</load_address>
         <readonly>true</readonly>
         <executable>true</executable>
         <run_address>0x7ec8</run_address>
         <size>0x30</size>
         <alignment>0x2</alignment>
         <input_file_ref idref="fl-11"/>
      </object_component>
[...]
         <value>0x2020049c</value>
      </symbol>
      <symbol id="sm-522">
         <name>Lspeed</name>
         <value>0x20200430</value>
      </symbol>
      <symbol id="sm-523">
         <name>Rspeed</name>
         <value>0x20200454</value>
      </symbol>
      <symbol id="sm-524">
         <name>__TI_ATRegion0_src_addr</name>
         <value>0x0</value>
      </symbol>
      <symbol id="sm-525">
         <name>__TI_ATRegion0_trg_addr</name>
         <value>0x0</value>
      </symbol>
      <symbol id="sm-526">
         <name>__TI_ATRegion0_region_sz</name>
         <value>0x0</value>
      </symbol>
      <symbol id="sm-527">
         <name>__TI_ATRegion1_src_addr</name>
         <value>0x0</value>
      </symbol>
      <symbol id="sm-528">
         <name>__TI_ATRegion1_trg_addr</name>
         <value>0x0</value>
      </symbol>
      <symbol id="sm-529">
         <name>__TI_ATRegion1_region_sz</name>
         <value>0x0</value>
      </symbol>
      <symbol id="sm-52a">
         <name>__TI_ATRegion2_src_addr</name>
         <value>0x0</value>
      </symbol>
      <symbol id="sm-52b">
         <name>__TI_ATRegion2_trg_addr</name>
         <value>0x0</value>
      </symbol>
      <symbol id="sm-52c">
         <name>__TI_ATRegion2_region_sz</name>
         <value>0x0</value>
      </symbol>
      <symbol id="sm-537">
         <name>DL_ADC12_setClockConfig</name>
         <value>0x7731</value>
         <object_component_ref idref="oc-227"/>
      </symbol>
      <symbol id="sm-540">
         <name>DL_Common_delayCycles</name>
         <value>0x8f9f</value>
         <object_component_ref idref="oc-18a"/>
      </symbol>
      <symbol id="sm-54a">
         <name>DL_DMA_initChannel</name>
         <value>0x737d</value>
         <object_component_ref idref="oc-2e8"/>
      </symbol>
      <symbol id="sm-561">
         <name>DL_Timer_setClockConfig</name>
         <value>0x887d</value>
         <object_component_ref idref="oc-211"/>
      </symbol>
      <symbol id="sm-562">
         <name>DL_Timer_setCaptureCompareValue</name>
         <value>0x8ee1</value>
         <object_component_ref idref="oc-169"/>
      </symbol>
      <symbol id="sm-563">
         <name>DL_Timer_setCaptCompUpdateMethod</name>
         <value>0x8861</value>
         <object_component_ref idref="oc-215"/>
      </symbol>
      <symbol id="sm-564">
         <name>DL_Timer_setCaptureCompareOutCtl</name>
         <value>0x8b21</value>
         <object_component_ref idref="oc-214"/>
      </symbol>
      <symbol id="sm-565">
         <name>DL_Timer_initFourCCPWMMode</name>
         <value>0x52c5</value>
         <object_component_ref idref="oc-212"/>
      </symbol>
      <symbol id="sm-575">
         <name>DL_UART_init</name>
         <value>0x7591</value>
         <object_component_ref idref="oc-196"/>
      </symbol>
      <symbol id="sm-576">
         <name>DL_UART_setClockConfig</name>
         <value>0x8e89</value>
         <object_component_ref idref="oc-190"/>
      </symbol>
      <symbol id="sm-577">
         <name>DL_UART_receiveDataCheck</name>
         <value>0x88ed</value>
         <object_component_ref idref="oc-1a2"/>
      </symbol>
      <symbol id="sm-589">
         <name>vsnprintf</name>
         <value>0x7931</value>
         <object_component_ref idref="oc-346"/>
      </symbol>
      <symbol id="sm-593">
         <name>strlen</name>
         <value>0x8f3d</value>
         <object_component_ref idref="oc-342"/>
      </symbol>
      <symbol id="sm-59e">
         <name>_c_int00_noargs</name>
         <value>0x850d</value>
         <object_component_ref idref="oc-63"/>
      </symbol>
      <symbol id="sm-59f">
         <name>__stack</name>
         <value>0x20207e00</value>
         <object_component_ref idref="oc-1a"/>
      </symbol>
      <symbol id="sm-5ae">
         <name>__TI_auto_init_nobinit_nopinit</name>
         <value>0x7bc9</value>
         <object_component_ref idref="oc-12c"/>
      </symbol>
      <symbol id="sm-5b6">
         <name>_system_pre_init</name>
         <value>0x9029</value>
         <object_component_ref idref="oc-94"/>
      </symbol>
      <symbol id="sm-5c1">
         <name>__TI_zero_init</name>
         <value>0x8f11</value>
         <object_component_ref idref="oc-60"/>
      </symbol>
      <symbol id="sm-5ca">
         <name>__TI_decompress_none</name>
         <value>0x8ead</value>
         <object_component_ref idref="oc-20"/>
      </symbol>
      <symbol id="sm-5d5">
         <name>__TI_decompress_lzss</name>
         <value>0x6679</value>
         <object_component_ref idref="oc-1c"/>
      </symbol>
      <symbol id="sm-61e">
         <name>__TI_printfi</name>
         <value>0xc1</value>
         <object_component_ref idref="oc-35f"/>
      </symbol>
      <symbol id="sm-629">
         <name>__aeabi_errno_addr</name>
         <value>0x8ff5</value>
         <object_component_ref idref="oc-371"/>
      </symbol>
      <symbol id="sm-62a">
         <name>__aeabi_errno</name>
         <value>0x202006d0</value>
         <object_component_ref idref="oc-38d"/>
      </symbol>
      <symbol id="sm-634">
         <name>abort</name>
         <value>0x9005</value>
         <object_component_ref idref="oc-125"/>
      </symbol>
      <symbol id="sm-63e">
         <name>__TI_ltoa</name>
         <value>0x6fe5</value>
         <object_component_ref idref="oc-39f"/>
      </symbol>
      <symbol id="sm-64a">
         <name>atoi</name>
         <value>0x78f1</value>
         <object_component_ref idref="oc-369"/>
      </symbol>
      <symbol id="sm-654">
         <name>memccpy</name>
         <value>0x8611</value>
         <object_component_ref idref="oc-362"/>
      </symbol>
      <symbol id="sm-65f">
         <name>frexp</name>
         <value>0x6e81</value>
         <object_component_ref idref="oc-397"/>
      </symbol>
      <symbol id="sm-660">
         <name>frexpl</name>
         <value>0x6e81</value>
         <object_component_ref idref="oc-397"/>
      </symbol>
      <symbol id="sm-66a">
         <name>scalbn</name>
         <value>0x5689</value>
         <object_component_ref idref="oc-39b"/>
      </symbol>
      <symbol id="sm-66b">
         <name>ldexp</name>
         <value>0x5689</value>
         <object_component_ref idref="oc-39b"/>
      </symbol>
      <symbol id="sm-66c">
         <name>scalbnl</name>
         <value>0x5689</value>
         <object_component_ref idref="oc-39b"/>
      </symbol>
      <symbol id="sm-66d">
         <name>ldexpl</name>
         <value>0x5689</value>
         <object_component_ref idref="oc-39b"/>
      </symbol>
      <symbol id="sm-676">
         <name>wcslen</name>
         <value>0x8f01</value>
         <object_component_ref idref="oc-36d"/>
      </symbol>
      <symbol id="sm-67b">
         <name>__aeabi_ctype_table_</name>
         <value>0x9850</value>
         <object_component_ref idref="oc-386"/>
      </symbol>
      <symbol id="sm-67c">
         <name>__aeabi_ctype_table_C</name>
         <value>0x9850</value>
         <object_component_ref idref="oc-386"/>
      </symbol>
      <symbol id="sm-687">
         <name>HOSTexit</name>
         <value>0x900f</value>
         <object_component_ref idref="oc-1e5"/>
      </symbol>
      <symbol id="sm-688">
         <name>C$$EXIT</name>
         <value>0x900e</value>
         <object_component_ref idref="oc-1e5"/>
      </symbol>
      <symbol id="sm-69d">
         <name>__aeabi_fadd</name>
         <value>0x576b</value>
         <object_component_ref idref="oc-c8"/>
      </symbol>
      <symbol id="sm-69e">
         <name>__addsf3</name>
         <value>0x576b</value>
         <object_component_ref idref="oc-c8"/>
      </symbol>
      <symbol id="sm-69f">
         <name>__aeabi_fsub</name>
         <value>0x5761</value>
         <object_component_ref idref="oc-c8"/>
      </symbol>
      <symbol id="sm-6a0">
         <name>__subsf3</name>
         <value>0x5761</value>
         <object_component_ref idref="oc-c8"/>
      </symbol>
      <symbol id="sm-6a6">
         <name>__aeabi_dadd</name>
         <value>0x472b</value>
         <object_component_ref idref="oc-29d"/>
      </symbol>
      <symbol id="sm-6a7">
         <name>__adddf3</name>
         <value>0x472b</value>
         <object_component_ref idref="oc-29d"/>
      </symbol>
      <symbol id="sm-6a8">
         <name>__aeabi_dsub</name>
         <value>0x4721</value>
         <object_component_ref idref="oc-29d"/>
      </symbol>
      <symbol id="sm-6a9">
         <name>__subdf3</name>
         <value>0x4721</value>
         <object_component_ref idref="oc-29d"/>
      </symbol>
      <symbol id="sm-6b2">
         <name>__aeabi_dmul</name>
         <value>0x54c5</value>
         <object_component_ref idref="oc-311"/>
      </symbol>
      <symbol id="sm-6b3">
         <name>__muldf3</name>
         <value>0x54c5</value>
         <object_component_ref idref="oc-311"/>
      </symbol>
      <symbol id="sm-6b9">
         <name>__muldsi3</name>
         <value>0x7c41</value>
         <object_component_ref idref="oc-142"/>
      </symbol>
      <symbol id="sm-6bf">
         <name>__aeabi_fmul</name>
         <value>0x6361</value>
         <object_component_ref idref="oc-cc"/>
      </symbol>
      <symbol id="sm-6c0">
         <name>__mulsf3</name>
         <value>0x6361</value>
         <object_component_ref idref="oc-cc"/>
      </symbol>
      <symbol id="sm-6c6">
         <name>__aeabi_fdiv</name>
         <value>0x64f9</value>
         <object_component_ref idref="oc-c4"/>
      </symbol>
      <symbol id="sm-6c7">
         <name>__divsf3</name>
         <value>0x64f9</value>
         <object_component_ref idref="oc-c4"/>
      </symbol>
      <symbol id="sm-6cd">
         <name>__aeabi_ddiv</name>
         <value>0x51b9</value>
         <object_component_ref idref="oc-2a1"/>
      </symbol>
      <symbol id="sm-6ce">
         <name>__divdf3</name>
         <value>0x51b9</value>
         <object_component_ref idref="oc-2a1"/>
      </symbol>
      <symbol id="sm-6d4">
         <name>__aeabi_f2d</name>
         <value>0x78b1</value>
         <object_component_ref idref="oc-326"/>
      </symbol>
      <symbol id="sm-6d5">
         <name>__extendsfdf2</name>
         <value>0x78b1</value>
         <object_component_ref idref="oc-326"/>
      </symbol>
      <symbol id="sm-6db">
         <name>__aeabi_d2iz</name>
         <value>0x7545</value>
         <object_component_ref idref="oc-315"/>
      </symbol>
      <symbol id="sm-6dc">
         <name>__fixdfsi</name>
         <value>0x7545</value>
         <object_component_ref idref="oc-315"/>
      </symbol>
      <symbol id="sm-6e2">
         <name>__aeabi_f2iz</name>
         <value>0x7d5d</value>
         <object_component_ref idref="oc-1b2"/>
      </symbol>
      <symbol id="sm-6e3">
         <name>__fixsfsi</name>
         <value>0x7d5d</value>
         <object_component_ref idref="oc-1b2"/>
      </symbol>
      <symbol id="sm-6e9">
         <name>__aeabi_i2d</name>
         <value>0x8209</value>
         <object_component_ref idref="oc-30d"/>
      </symbol>
      <symbol id="sm-6ea">
         <name>__floatsidf</name>
         <value>0x8209</value>
         <object_component_ref idref="oc-30d"/>
      </symbol>
      <symbol id="sm-6f0">
         <name>__aeabi_i2f</name>
         <value>0x7ad9</value>
         <object_component_ref idref="oc-c0"/>
      </symbol>
      <symbol id="sm-6f1">
         <name>__floatsisf</name>
         <value>0x7ad9</value>
         <object_component_ref idref="oc-c0"/>
      </symbol>
      <symbol id="sm-6f7">
         <name>__aeabi_ui2d</name>
         <value>0x85c9</value>
         <object_component_ref idref="oc-299"/>
      </symbol>
      <symbol id="sm-6f8">
         <name>__floatunsidf</name>
         <value>0x85c9</value>
         <object_component_ref idref="oc-299"/>
      </symbol>
      <symbol id="sm-6fe">
         <name>__aeabi_ui2f</name>
         <value>0x84e5</value>
         <object_component_ref idref="oc-2fe"/>
      </symbol>
      <symbol id="sm-6ff">
         <name>__floatunsisf</name>
         <value>0x84e5</value>
         <object_component_ref idref="oc-2fe"/>
      </symbol>
      <symbol id="sm-705">
         <name>__aeabi_lmul</name>
         <value>0x85ed</value>
         <object_component_ref idref="oc-376"/>
      </symbol>
      <symbol id="sm-706">
         <name>__muldi3</name>
         <value>0x85ed</value>
         <object_component_ref idref="oc-376"/>
      </symbol>
      <symbol id="sm-70c">
         <name>__aeabi_dcmpeq</name>
         <value>0x6d01</value>
         <object_component_ref idref="oc-319"/>
      </symbol>
      <symbol id="sm-70d">
         <name>__aeabi_dcmplt</name>
         <value>0x6d15</value>
         <object_component_ref idref="oc-319"/>
      </symbol>
      <symbol id="sm-70e">
         <name>__aeabi_dcmple</name>
         <value>0x6d29</value>
         <object_component_ref idref="oc-319"/>
      </symbol>
      <symbol id="sm-70f">
         <name>__aeabi_dcmpge</name>
         <value>0x6d3d</value>
         <object_component_ref idref="oc-319"/>
      </symbol>
      <symbol id="sm-710">
         <name>__aeabi_dcmpgt</name>
         <value>0x6d51</value>
         <object_component_ref idref="oc-319"/>
      </symbol>
      <symbol id="sm-716">
         <name>__aeabi_fcmpeq</name>
         <value>0x6d65</value>
         <object_component_ref idref="oc-1ae"/>
      </symbol>
      <symbol id="sm-717">
         <name>__aeabi_fcmplt</name>
         <value>0x6d79</value>
         <object_component_ref idref="oc-1ae"/>
      </symbol>
      <symbol id="sm-718">
         <name>__aeabi_fcmple</name>
         <value>0x6d8d</value>
         <object_component_ref idref="oc-1ae"/>
      </symbol>
      <symbol id="sm-719">
         <name>__aeabi_fcmpge</name>
         <value>0x6da1</value>
         <object_component_ref idref="oc-1ae"/>
      </symbol>
      <symbol id="sm-71a">
         <name>__aeabi_fcmpgt</name>
         <value>0x6db5</value>
         <object_component_ref idref="oc-1ae"/>
      </symbol>
      <symbol id="sm-720">
         <name>__aeabi_idiv</name>
         <value>0x7095</value>
         <object_component_ref idref="oc-1b9"/>
      </symbol>
      <symbol id="sm-721">
         <name>__aeabi_idivmod</name>
         <value>0x7095</value>
         <object_component_ref idref="oc-1b9"/>
      </symbol>
      <symbol id="sm-727">
         <name>__aeabi_memcpy</name>
         <value>0x8ffd</value>
         <object_component_ref idref="oc-53"/>
      </symbol>
      <symbol id="sm-728">
         <name>__aeabi_memcpy4</name>
         <value>0x8ffd</value>
         <object_component_ref idref="oc-53"/>
      </symbol>
      <symbol id="sm-729">
         <name>__aeabi_memcpy8</name>
         <value>0x8ffd</value>
         <object_component_ref idref="oc-53"/>
      </symbol>
      <symbol id="sm-732">
         <name>__aeabi_memset</name>
         <value>0x8f21</value>
         <object_component_ref idref="oc-361"/>
      </symbol>
      <symbol id="sm-733">
         <name>__aeabi_memset4</name>
         <value>0x8f21</value>
         <object_component_ref idref="oc-361"/>
      </symbol>
      <symbol id="sm-734">
         <name>__aeabi_memset8</name>
         <value>0x8f21</value>
         <object_component_ref idref="oc-361"/>
      </symbol>
      <symbol id="sm-735">
         <name>__aeabi_memclr</name>
         <value>0x8f89</value>
         <object_component_ref idref="oc-8f"/>
      </symbol>
      <symbol id="sm-736">
         <name>__aeabi_memclr4</name>
         <value>0x8f89</value>
         <object_component_ref idref="oc-8f"/>
      </symbol>
      <symbol id="sm-737">
         <name>__aeabi_memclr8</name>
         <value>0x8f89</value>
         <object_component_ref idref="oc-8f"/>
      </symbol>
      <symbol id="sm-73d">
         <name>__aeabi_uidiv</name>
         <value>0x7871</value>
         <object_component_ref idref="oc-295"/>
      </symbol>
      <symbol id="sm-73e">
         <name>__aeabi_uidivmod</name>
         <value>0x7871</value>
         <object_component_ref idref="oc-295"/>
      </symbol>
      <symbol id="sm-744">
         <name>__aeabi_uldivmod</name>
         <value>0x8e3d</value>
         <object_component_ref idref="oc-37b"/>
      </symbol>
      <symbol id="sm-74d">
         <name>__eqsf2</name>
         <value>0x7c05</value>
         <object_component_ref idref="oc-2b7"/>
      </symbol>
      <symbol id="sm-74e">
         <name>__lesf2</name>
         <value>0x7c05</value>
         <object_component_ref idref="oc-2b7"/>
      </symbol>
      <symbol id="sm-74f">
         <name>__ltsf2</name>
         <value>0x7c05</value>
         <object_component_ref idref="oc-2b7"/>
      </symbol>
      <symbol id="sm-750">
         <name>__nesf2</name>
         <value>0x7c05</value>
         <object_component_ref idref="oc-2b7"/>
      </symbol>
      <symbol id="sm-751">
         <name>__cmpsf2</name>
         <value>0x7c05</value>
         <object_component_ref idref="oc-2b7"/>
      </symbol>
      <symbol id="sm-752">
         <name>__gtsf2</name>
         <value>0x7b15</value>
         <object_component_ref idref="oc-2bc"/>
      </symbol>
      <symbol id="sm-753">
         <name>__gesf2</name>
         <value>0x7b15</value>
         <object_component_ref idref="oc-2bc"/>
      </symbol>
      <symbol id="sm-759">
         <name>__udivmoddi4</name>
         <value>0x5d69</value>
         <object_component_ref idref="oc-392"/>
      </symbol>
      <symbol id="sm-75f">
         <name>__aeabi_llsl</name>
         <value>0x86f1</value>
         <object_component_ref idref="oc-3ab"/>
      </symbol>
      <symbol id="sm-760">
         <name>__ashldi3</name>
         <value>0x86f1</value>
         <object_component_ref idref="oc-3ab"/>
      </symbol>
      <symbol id="sm-76e">
         <name>__ledf2</name>
         <value>0x6bcd</value>
         <object_component_ref idref="oc-33a"/>
      </symbol>
      <symbol id="sm-76f">
         <name>__gedf2</name>
         <value>0x6855</value>
         <object_component_ref idref="oc-340"/>
      </symbol>
      <symbol id="sm-770">
         <name>__cmpdf2</name>
         <value>0x6bcd</value>
         <object_component_ref idref="oc-33a"/>
      </symbol>
      <symbol id="sm-771">
         <name>__eqdf2</name>
         <value>0x6bcd</value>
         <object_component_ref idref="oc-33a"/>
      </symbol>
      <symbol id="sm-772">
         <name>__ltdf2</name>
         <value>0x6bcd</value>
         <object_component_ref idref="oc-33a"/>
      </symbol>
      <symbol id="sm-773">
         <name>__nedf2</name>
         <value>0x6bcd</value>
         <object_component_ref idref="oc-33a"/>
      </symbol>
      <symbol id="sm-774">
         <name>__gtdf2</name>
         <value>0x6855</value>
         <object_component_ref idref="oc-340"/>
      </symbol>
      <symbol id="sm-780">
         <name>__aeabi_idiv0</name>
         <value>0x48b3</value>
         <object_component_ref idref="oc-2c6"/>
      </symbol>
      <symbol id="sm-781">
         <name>__aeabi_ldiv0</name>
         <value>0x54c3</value>
         <object_component_ref idref="oc-3aa"/>
      </symbol>
      <symbol id="sm-78b">
         <name>TI_memcpy_small</name>
         <value>0x8e9b</value>
         <object_component_ref idref="oc-de"/>
      </symbol>
      <symbol id="sm-794">
         <name>TI_memset_small</name>
         <value>0x8f4b</value>
         <object_component_ref idref="oc-148"/>
      </symbol>
      <symbol id="sm-795">
         <name>__TI_static_base__</name>
         <value>0x0</value>
      </symbol>
      <symbol id="sm-799">
         <name>__mpu_init</name>
         <value>0x0</value>
      </symbol>
      <symbol id="sm-79a">
         <name>_system_post_cinit</name>
         <value>0x0</value>
      </symbol>
   </symbol_table>
   <title>Link successful</title>
</link_info>
