******************************************************************************
            TI ARM Clang Linker PC v4.0.4                      
******************************************************************************
>> Linked Wed May 20 15:18:56 2026

OUTPUT FILE NAME:   <optoelectronicrace_26.out>
ENTRY POINT SYMBOL: "_c_int00_noargs"  address: 00007bfd


MEMORY CONFIGURATION

         name            origin    length      used     unused   attr    fill
----------------------  --------  ---------  --------  --------  ----  --------
  FLASH                 00000000   00020000  000092b8  00016d48  R  X
  SRAM                  20200000   00008000  00000957  000076a9  RW X
  BCR_CONFIG            41c00000   000000ff  00000000  000000ff  R   
  BSL_CONFIG            41c00100   00000080  00000000  00000080  R   


SEGMENT ALLOCATION MAP

run origin  load origin   length   init length attrs members
----------  ----------- ---------- ----------- ----- -------
00000000    00000000    000092b8   000092b8    r-x
  00000000    00000000    000000c0   000000c0    r-- .intvecs
  000000c0    000000c0    000086b0   000086b0    r-x .text
  00008770    00008770    00000aa0   00000aa0    r-- .rodata
  00009210    00009210    000000a8   000000a8    r-- .cinit
20200000    20200000    0000075a   00000000    rw-
  20200000    20200000    00000611   00000000    rw- .bss
  20200614    20200614    00000146   00000000    rw- .data
20207e00    20207e00    00000200   00000000    rw-
  20207e00    20207e00    00000200   00000000    rw- .stack


SECTION ALLOCATION MAP

 output                                  attributes/
section   page    origin      length       input sections
--------  ----  ----------  ----------   ----------------
.intvecs   0    00000000    000000c0     
                  00000000    000000c0     startup_mspm0g350x_ticlang.o (.intvecs)

.text      0    000000c0    000086b0     
                  000000c0    000009d0     libc.a : _printfi.c.obj (.text:__TI_printfi)
                  00000a90    00000808     Trackline.o (.text.Trackline_Task)
                  00001298    000007d0     Easy_Menu_Page.o (.text.Ordinary_Page_Input)
                  00001a68    000007c4     Easy_Menu_Item.o (.text.Data_Item_Input)
                  0000222c    000004a0     Easy_Menu.o (.text.Easy_Menu_All_Update)
                  000026cc    0000042c     Easy_Menu_Page.o (.text.Ordinary_Page_Enter)
                  00002af8    000003d4     Easy_Menu_User.o (.text.Easy_Menu_Ui_Init)
                  00002ecc    00000364     Easy_Menu_Page.o (.text.Ordinary_Page_Refresh)
                  00003230    000002b0     JY62.o (.text.JY62_ProcessData)
                  000034e0    00000220     libc.a : _printfi.c.obj (.text._pconv_a)
                  00003700    000001dc            : _printfi.c.obj (.text._pconv_g)
                  000038dc    000001d8     Easy_Menu_Page.o (.text.Ordinary_Page_Display)
                  00003ab4    000001d0     Motor.o (.text.Motor_SpeedControl)
                  00003c84    000001b0     ti_msp_dl_config.o (.text.SYSCFG_DL_GPIO_init)
                  00003e34    00000192     libclang_rt.builtins.a : adddf3.S.obj (.text.adddf3_subdf3)
                  00003fc6    00000002                            : aeabi_div0.c.obj (.text.__aeabi_idiv0)
                  00003fc8    00000188     Motor.o (.text.Motor_YawControl)
                  00004150    00000188     No_Mcu_Ganv_Grayscale_Sensor.o (.text.No_MCU_Ganv_Sensor_Init)
                  000042d8    0000013c     libc.a : _printfi.c.obj (.text.fcvt)
                  00004414    00000120            : _printfi.c.obj (.text._pconv_e)
                  00004534    00000118     OLED.o (.text.OLED_ShowChar)
                  0000464c    0000010c     libclang_rt.builtins.a : divdf3.S.obj (.text.__divdf3)
                  00004758    00000104     driverlib.a : dl_timer.o (.text.DL_Timer_initFourCCPWMMode)
                  0000485c    000000fa     OLED.o (.text.OLED_Init)
                  00004956    00000002     libclang_rt.builtins.a : aeabi_div0.c.obj (.text.__aeabi_ldiv0)
                  00004958    000000e4                            : muldf3.S.obj (.text.__muldf3)
                  00004a3c    000000e0     JY62.o (.text.JY62_ConfigMode)
                  00004b1c    000000d8     libc.a : s_scalbn.c.obj (.text.scalbn)
                  00004bf4    000000d8     libclang_rt.builtins.a : addsf3.S.obj (.text)
                  00004ccc    000000cc     Beep.o (.text.Beep_Tick_1ms)
                  00004d98    000000cc     Easy_Menu_Item.o (.text.Data_Item_Init)
                  00004e64    000000c4     gimbal.o (.text.Gimbal_MovePosition)
                  00004f28    000000bc     No_Mcu_Ganv_Grayscale_Sensor.o (.text.Get_Analog_value)
                  00004fe4    000000b8     Easy_Menu_User.o (.text.Jy62_Yaw_Acc_Callback)
                  0000509c    000000b4     Beep.o (.text.Beep_Trigger)
                  00005150    000000aa     No_Mcu_Ganv_Grayscale_Sensor.o (.text.normalizeAnalogValues)
                  000051fa    00000002     --HOLE-- [fill = 0]
                  000051fc    000000a2     libclang_rt.builtins.a : udivmoddi4.S.obj (.text)
                  0000529e    00000002     --HOLE-- [fill = 0]
                  000052a0    000000a0     gimbal.o (.text.Gimbal_GetPanDirection)
                  00005340    000000a0     Knob_drv.o (.text.Knob_get)
                  000053e0    0000009c     Motor.o (.text.Motor_A_SetSpeed)
                  0000547c    0000009c     Motor.o (.text.Motor_B_SetSpeed)
                  00005518    0000009c     ti_msp_dl_config.o (.text.SYSCFG_DL_initPower)
                  000055b4    0000009c     main.o (.text.main)
                  00005650    00000098     Knob_drv.o (.text.Knob_Tick_1ms)
                  000056e8    00000098     Motor.o (.text.Motor_YawIsAtTarget)
                  00005780    00000090     Easy_Menu.o (.text.Easy_Menu_Area_Clear)
                  00005810    00000090     Easy_Menu_Core.o (.text.Easy_Menu_Goto_Page)
                  000058a0    00000090     ti_msp_dl_config.o (.text.SYSCFG_DL_PWM_0_init)
                  00005930    0000008c     libclang_rt.builtins.a : mulsf3.S.obj (.text.__mulsf3)
                  000059bc    0000008c     gimbal.o (.text.gimbal_parse_response)
                  00005a48    00000086     Easy_Menu.o (.text.Easy_Menu_Display_String)
                  00005ace    00000002     --HOLE-- [fill = 0]
                  00005ad0    00000084     ti_msp_dl_config.o (.text.__NVIC_SetPriority)
                  00005b54    00000082     libclang_rt.builtins.a : divsf3.S.obj (.text.__divsf3)
                  00005bd6    00000002     --HOLE-- [fill = 0]
                  00005bd8    00000080     Motor.o (.text.Motor_B_EncoderIRQHandler)
                  00005c58    0000007c     Easy_Menu_Page.o (.text.Ordinary_Page_Init)
                  00005cd4    0000007c     libc.a : copy_decompress_lzss.c.obj (.text:decompress:lzss)
                  00005d50    00000078     JY62.o (.text.JY62_Init)
                  00005dc8    00000074     Easy_Menu_Core.o (.text.Easy_Menu_Display)
                  00005e3c    00000074     gimbal.o (.text.Gimbal_Init)
                  00005eb0    00000074     OLED.o (.text.Send_Byte)
                  00005f24    00000074     libclang_rt.builtins.a : comparedf2.c.obj (.text.__gedf2)
                  00005f98    00000074     Motor.o (.text.clampSpeed)
                  0000600c    00000072     No_Mcu_Ganv_Grayscale_Sensor.o (.text.No_MCU_Ganv_Sensor_Init_Frist)
                  0000607e    00000002     --HOLE-- [fill = 0]
                  00006080    0000006c     Knob_drv.o (.text.Knob_EXTI_Handler)
                  000060ec    0000006c     ti_msp_dl_config.o (.text.SYSCFG_DL_ADC_line_detector_init)
                  00006158    0000006c     Trackline.o (.text.Trackline_Calibrate_Black)
                  000061c4    0000006c     No_Mcu_Ganv_Grayscale_Sensor.o (.text.convertAnalogToDigital)
                  00006230    0000006a     OLED.o (.text.OLED_Clear)
                  0000629a    00000002     --HOLE-- [fill = 0]
                  0000629c    00000068     libclang_rt.builtins.a : comparedf2.c.obj (.text.__ledf2)
                  00006304    00000066     libc.a : _printfi.c.obj (.text._mcpy)
                  0000636a    00000002     --HOLE-- [fill = 0]
                  0000636c    00000064     ti_msp_dl_config.o (.text.DL_ADC12_initSingleSample)
                  000063d0    00000064     gimbal.o (.text.gimbal_start_rx_capture)
                  00006434    00000062     libclang_rt.builtins.a : aeabi_dcmp.S.obj (.text.__aeabi_dcmp)
                  00006496    00000002     --HOLE-- [fill = 0]
                  00006498    00000062                            : aeabi_fcmp.S.obj (.text.__aeabi_fcmp)
                  000064fa    00000002     --HOLE-- [fill = 0]
                  000064fc    0000005c     Easy_Menu.o (.text.Easy_Menu_All_Clear)
                  00006558    0000005c     ADC.o (.text.adc_getValue)
                  000065b4    0000005c     libc.a : s_frexp.c.obj (.text.frexp)
                  00006610    00000058     Easy_Menu_Item.o (.text.Switch_Item_Input)
                  00006668    00000058     Trackline.o (.text.Trackline_Calibrate_White)
                  000066c0    00000058     Trackline.o (.text.Trackline_Reset)
                  00006718    00000058     libc.a : _ltoa.c.obj (.text.__TI_ltoa)
                  00006770    00000058            : _printfi.c.obj (.text._pconv_f)
                  000067c8    00000056     libclang_rt.builtins.a : aeabi_idivmod.S.obj (.text.__aeabi_idivmod)
                  0000681e    00000054     Easy_Menu.o (.text.Compare_String)
                  00006872    00000002     --HOLE-- [fill = 0]
                  00006874    00000054     ti_msp_dl_config.o (.text.DL_Timer_configQEI)
                  000068c8    00000054     Trackline.o (.text.Trackline_Init)
                  0000691c    00000052     Easy_Menu_Item.o (.text.Show_Item_Init)
                  0000696e    00000052     libc.a : _printfi.c.obj (.text._ecpy)
                  000069c0    00000050     ti_msp_dl_config.o (.text.SYSCFG_DL_QEI_0_init)
                  00006a10    00000050     ti_msp_dl_config.o (.text.SysTick_Config)
                  00006a60    0000004e     OLED.o (.text.OLED_WR_Byte)
                  00006aae    00000002     --HOLE-- [fill = 0]
                  00006ab0    0000004c     driverlib.a : dl_dma.o (.text.DL_DMA_initChannel)
                  00006afc    0000004c     ti_msp_dl_config.o (.text.DL_GPIO_initDigitalInputFeatures)
                  00006b48    0000004c     JY62.o (.text.DL_UART_setBaudRateDivisor)
                  00006b94    0000004c     ti_msp_dl_config.o (.text.DL_UART_setBaudRateDivisor)
                  00006be0    0000004c     Easy_Menu_User.o (.text.Still_Aim_Callback)
                  00006c2c    0000004c     Trackline.o (.text.line_mask_from_normal)
                  00006c78    0000004a     ti_msp_dl_config.o (.text.DL_ADC12_configConversionMem)
                  00006cc2    00000002     --HOLE-- [fill = 0]
                  00006cc4    0000004a     libclang_rt.builtins.a : fixdfsi.S.obj (.text.__fixdfsi)
                  00006d0e    00000002     --HOLE-- [fill = 0]
                  00006d10    00000048     driverlib.a : dl_uart.o (.text.DL_UART_init)
                  00006d58    00000048     ti_msp_dl_config.o (.text.SYSCFG_DL_UART_0_init)
                  00006da0    00000048     gimbal.o (.text.UART0_IRQHandler)
                  00006de8    00000048     gimbal.o (.text.gimbal_send_frame)
                  00006e30    00000044     Easy_Menu.o (.text.Easy_Menu_Display_Char)
                  00006e74    00000042     No_Mcu_Ganv_Grayscale_Sensor.o (.text.No_Mcu_Ganv_Sensor_Task_Without_tick)
                  00006eb6    00000002     --HOLE-- [fill = 0]
                  00006eb8    00000040     driverlib.a : dl_adc12.o (.text.DL_ADC12_setClockConfig)
                  00006ef8    00000040     ti_msp_dl_config.o (.text.SYSCFG_DL_UART_JY62_init)
                  00006f38    00000040     ti_msp_dl_config.o (.text.SYSCFG_DL_UART_UP_init)
                  00006f78    00000040     Easy_Menu_Item.o (.text.Switch_Item_Init)
                  00006fb8    00000040     libclang_rt.builtins.a : aeabi_uidivmod.S.obj (.text.__aeabi_uidivmod)
                  00006ff8    00000040                            : extendsfdf2.S.obj (.text.__extendsfdf2)
                  00007038    00000040     libc.a : atoi.c.obj (.text.atoi)
                  00007078    00000040            : vsnprintf.c.obj (.text.vsnprintf)
                  000070b8    0000003c     ti_msp_dl_config.o (.text.DL_Timer_setCounterControl)
                  000070f4    0000003c     Easy_Menu_Core.o (.text.Easy_Menu_Init)
                  00007130    0000003c     Easy_Menu.o (.text.Easy_Menu_Printf)
                  0000716c    0000003c     OLED.o (.text.OLED_Set_Pos)
                  000071a8    0000003c     ti_msp_dl_config.o (.text.SYSCFG_DL_init)
                  000071e4    0000003c     libclang_rt.builtins.a : floatsisf.S.obj (.text.__floatsisf)
                  00007220    0000003c                            : comparesf2.S.obj (.text.__gtsf2)
                  0000725c    0000003c     Beep.o (.text.start_off_phase)
                  00007298    0000003c     Beep.o (.text.start_on_phase)
                  000072d4    0000003c     libc.a : autoinit.c.obj (.text:__TI_auto_init_nobinit_nopinit)
                  00007310    0000003a     libclang_rt.builtins.a : comparesf2.S.obj (.text.__eqsf2)
                  0000734a    00000002     --HOLE-- [fill = 0]
                  0000734c    0000003a                            : muldsi3.S.obj (.text.__muldsi3)
                  00007386    00000038     No_Mcu_Ganv_Grayscale_Sensor.o (.text.Get_Normalize_For_User)
                  000073be    00000002     --HOLE-- [fill = 0]
                  000073c0    00000038     Motor.o (.text.Motor_Brake)
                  000073f8    00000038     Motor.o (.text.Motor_Coast)
                  00007430    00000038     libclang_rt.builtins.a : fixsfsi.S.obj (.text.__fixsfsi)
                  00007468    00000036     No_Mcu_Ganv_Grayscale_Sensor.o (.text.Get_Anolog_Value)
                  0000749e    00000002     --HOLE-- [fill = 0]
                  000074a0    00000034     Easy_Menu_Item.o (.text.Goto_Item_Init)
                  000074d4    00000034     OLED.o (.text.I2C_Start)
                  00007508    00000034     ti_msp_dl_config.o (.text.SYSCFG_DL_SYSCTL_init)
                  0000753c    00000030     gimbal.o (.text.DL_DMA_setTransferSize)
                  0000756c    00000030     ti_msp_dl_config.o (.text.DL_DMA_setTransferSize)
                  0000759c    00000030     ti_msp_dl_config.o (.text.DL_GPIO_initDigitalOutputFeatures)
                  000075cc    00000030     Easy_Menu.o (.text.Display_Char_Line)
                  000075fc    00000030     Motor.o (.text.Motor_Init)
                  0000762c    00000030     Motor.o (.text.Motor_ResetSpeedControl)
                  0000765c    00000030     delay.o (.text.SysTick_Handler)
                  0000768c    00000030     JY62.o (.text.UART1_IRQHandler)
                  000076bc    00000030     libc.a : _printfi.c.obj (.text._fcpy)
                  000076ec    00000030            : vsnprintf.c.obj (.text._outs)
                  0000771c    0000002e     Easy_Menu_Item.o (.text.Goto_Item_Input)
                  0000774a    00000002     --HOLE-- [fill = 0]
                  0000774c    0000002c     ti_msp_dl_config.o (.text.DL_ADC12_setDMASamplesCnt)
                  00007778    0000002c     Knob_drv.o (.text.GROUP1_IRQHandler)
                  000077a4    0000002c     JY62.o (.text.__NVIC_ClearPendingIRQ)
                  000077d0    0000002c     JY62.o (.text.__NVIC_EnableIRQ)
                  000077fc    0000002c     Knob_drv.o (.text.__NVIC_EnableIRQ)
                  00007828    0000002c     Motor.o (.text.__NVIC_EnableIRQ)
                  00007854    0000002c     gimbal.o (.text.__NVIC_EnableIRQ)
                  00007880    0000002c     libclang_rt.builtins.a : floatsidf.S.obj (.text.__floatsidf)
                  000078ac    0000002c     Uart.o (.text.uart0_send_char)
                  000078d8    0000002a     Easy_Menu.o (.text.Display_Char)
                  00007902    00000002     --HOLE-- [fill = 0]
                  00007904    00000028     Easy_Menu_User.o (.text.Cal_Black_Callback)
                  0000792c    00000028     Easy_Menu_User.o (.text.Cal_White_Callback)
                  00007954    00000028     JY62.o (.text.DL_Common_updateReg)
                  0000797c    00000028     gimbal.o (.text.DL_Common_updateReg)
                  000079a4    00000028     ti_msp_dl_config.o (.text.DL_Common_updateReg)
                  000079cc    00000028     Trackline.o (.text.DL_DMA_setDestAddr)
                  000079f4    00000028     gimbal.o (.text.DL_DMA_setDestAddr)
                  00007a1c    00000028     Trackline.o (.text.DL_DMA_setSrcAddr)
                  00007a44    00000028     gimbal.o (.text.DL_DMA_setSrcAddr)
                  00007a6c    00000028     Easy_Menu_Core.o (.text.Easy_Menu_Input)
                  00007a94    00000028     OLED.o (.text.I2C_Stop)
                  00007abc    00000028     OLED.o (.text.I2C_WaitAck)
                  00007ae4    00000028     JY62.o (.text.JY62_Task)
                  00007b0c    00000028     Easy_Menu_User.o (.text.Lspeed_Callback)
                  00007b34    00000028     Motor.o (.text.Motor_SetSpeed)
                  00007b5c    00000028     Easy_Menu_User.o (.text.Rspeed_Callback)
                  00007b84    00000028     ti_msp_dl_config.o (.text.SYSCFG_DL_DMA_detector_out_init)
                  00007bac    00000028     Easy_Menu_User.o (.text.Trackline__Round_Callback)
                  00007bd4    00000028     libclang_rt.builtins.a : floatunsisf.S.obj (.text.__floatunsisf)
                  00007bfc    00000028     libc.a : boot_cortex_m.c.obj (.text:_c_int00_noargs)
                  00007c24    00000026     gimbal.o (.text.DL_DMA_disableChannel)
                  00007c4a    00000026     Trackline.o (.text.DL_DMA_enableChannel)
                  00007c70    00000026     gimbal.o (.text.DL_DMA_enableChannel)
                  00007c96    00000002     --HOLE-- [fill = 0]
                  00007c98    00000024     Beep.o (.text.Beep_Stop)
                  00007cbc    00000024     gimbal.o (.text.DL_DMA_getTransferSize)
                  00007ce0    00000024     gimbal.o (.text.DL_UART_setRXInterruptTimeout)
                  00007d04    00000024     Laser.o (.text.Laser_Init)
                  00007d28    00000024     Motor.o (.text.Motor_A_GetEncoderCnt)
                  00007d4c    00000024     libclang_rt.builtins.a : floatunsidf.S.obj (.text.__floatunsidf)
                  00007d70    00000024                            : muldi3.S.obj (.text.__muldi3)
                  00007d94    00000022     libc.a : memccpy.c.obj (.text.memccpy)
                  00007db6    00000002     --HOLE-- [fill = 0]
                  00007db8    00000020     JY62.o (.text.DL_GPIO_initPeripheralInputFunction)
                  00007dd8    00000020     ti_msp_dl_config.o (.text.DL_GPIO_initPeripheralInputFunction)
                  00007df8    00000020     Easy_Menu_User.o (.text.Trackline_Start_Callback)
                  00007e18    00000020     delay.o (.text.delay_ms)
                  00007e38    00000020     gimbal.o (.text.gimbal_flush_rx)
                  00007e58    0000001e     JY62.o (.text.DL_UART_setOversampling)
                  00007e76    0000001e     ti_msp_dl_config.o (.text.DL_UART_setOversampling)
                  00007e94    0000001e     libclang_rt.builtins.a : ashldi3.S.obj (.text.__ashldi3)
                  00007eb2    00000002     --HOLE-- [fill = 0]
                  00007eb4    0000001c     ti_msp_dl_config.o (.text.DL_ADC12_enableDMA)
                  00007ed0    0000001c     ti_msp_dl_config.o (.text.DL_ADC12_enableDMATrigger)
                  00007eec    0000001c     Trackline.o (.text.DL_ADC12_startConversion)
                  00007f08    0000001c     Knob_drv.o (.text.DL_GPIO_clearInterruptStatus)
                  00007f24    0000001c     Motor.o (.text.DL_GPIO_clearInterruptStatus)
                  00007f40    0000001c     ti_msp_dl_config.o (.text.DL_GPIO_clearInterruptStatus)
                  00007f5c    0000001c     ti_msp_dl_config.o (.text.DL_GPIO_enableInterrupt)
                  00007f78    0000001c     JY62.o (.text.DL_GPIO_initPeripheralOutputFunction)
                  00007f94    0000001c     ti_msp_dl_config.o (.text.DL_GPIO_initPeripheralOutputFunction)
                  00007fb0    0000001c     ti_msp_dl_config.o (.text.DL_GPIO_setLowerPinsPolarity)
                  00007fcc    0000001c     Knob_drv.o (.text.DL_Interrupt_getPendingGroup)
                  00007fe8    0000001c     ti_msp_dl_config.o (.text.DL_SYSCTL_setSYSOSCFreq)
                  00008004    0000001c     driverlib.a : dl_timer.o (.text.DL_Timer_setCaptCompUpdateMethod)
                  00008020    0000001c                 : dl_timer.o (.text.DL_Timer_setClockConfig)
                  0000803c    0000001c     JY62.o (.text.DL_UART_enableInterrupt)
                  00008058    0000001c     gimbal.o (.text.DL_UART_enableInterrupt)
                  00008074    0000001c     driverlib.a : dl_uart.o (.text.DL_UART_receiveDataCheck)
                  00008090    0000001c     Motor.o (.text.Motor_YawSetTarget)
                  000080ac    00000018     ti_msp_dl_config.o (.text.DL_ADC12_enablePower)
                  000080c4    00000018     ti_msp_dl_config.o (.text.DL_ADC12_reset)
                  000080dc    00000018     ti_msp_dl_config.o (.text.DL_ADC12_setSampleTime0)
                  000080f4    00000018     Laser.o (.text.DL_GPIO_enableOutput)
                  0000810c    00000018     ti_msp_dl_config.o (.text.DL_GPIO_enableOutput)
                  00008124    00000018     ti_msp_dl_config.o (.text.DL_GPIO_enablePower)
                  0000813c    00000018     Knob_drv.o (.text.DL_GPIO_getEnabledInterruptStatus)
                  00008154    00000018     Motor.o (.text.DL_GPIO_getEnabledInterruptStatus)
                  0000816c    00000018     ti_msp_dl_config.o (.text.DL_GPIO_initDigitalOutput)
                  00008184    00000018     ti_msp_dl_config.o (.text.DL_GPIO_reset)
                  0000819c    00000018     Beep.o (.text.DL_GPIO_setPins)
                  000081b4    00000018     Laser.o (.text.DL_GPIO_setPins)
                  000081cc    00000018     Motor.o (.text.DL_GPIO_setPins)
                  000081e4    00000018     No_Mcu_Ganv_Grayscale_Sensor.o (.text.DL_GPIO_setPins)
                  000081fc    00000018     OLED.o (.text.DL_GPIO_setPins)
                  00008214    00000018     ti_msp_dl_config.o (.text.DL_GPIO_setPins)
                  0000822c    00000018     ti_msp_dl_config.o (.text.DL_GPIO_setUpperPinsPolarity)
                  00008244    00000018     ti_msp_dl_config.o (.text.DL_SYSCTL_setBORThreshold)
                  0000825c    00000018     ti_msp_dl_config.o (.text.DL_Timer_enablePower)
                  00008274    00000018     ti_msp_dl_config.o (.text.DL_Timer_reset)
                  0000828c    00000018     driverlib.a : dl_timer.o (.text.DL_Timer_setCaptureCompareOutCtl)
                  000082a4    00000018     ti_msp_dl_config.o (.text.DL_Timer_setLoadValue)
                  000082bc    00000018     ti_msp_dl_config.o (.text.DL_Timer_startCounter)
                  000082d4    00000018     gimbal.o (.text.DL_UART_enableDMAReceiveEvent)
                  000082ec    00000018     ti_msp_dl_config.o (.text.DL_UART_enableDMAReceiveEvent)
                  00008304    00000018     JY62.o (.text.DL_UART_enablePower)
                  0000831c    00000018     ti_msp_dl_config.o (.text.DL_UART_enablePower)
                  00008334    00000018     JY62.o (.text.DL_UART_isBusy)
                  0000834c    00000018     Uart.o (.text.DL_UART_isBusy)
                  00008364    00000018     ti_msp_dl_config.o (.text.DL_UART_reset)
                  0000837c    00000018     ti_msp_dl_config.o (.text.SYSCFG_DL_DMA_CH0_init)
                  00008394    00000018     libc.a : vsnprintf.c.obj (.text._outc)
                  000083ac    00000016     ti_msp_dl_config.o (.text.DL_ADC12_enableConversions)
                  000083c2    00000016     Knob_drv.o (.text.DL_GPIO_readPins)
                  000083d8    00000016     Motor.o (.text.DL_GPIO_readPins)
                  000083ee    00000016     JY62.o (.text.DL_UART_enable)
                  00008404    00000016     ti_msp_dl_config.o (.text.DL_UART_enable)
                  0000841a    00000016     JY62.o (.text.DL_UART_transmitData)
                  00008430    00000016     Uart.o (.text.DL_UART_transmitData)
                  00008446    00000014     Beep.o (.text.DL_GPIO_clearPins)
                  0000845a    00000014     Motor.o (.text.DL_GPIO_clearPins)
                  0000846e    00000014     No_Mcu_Ganv_Grayscale_Sensor.o (.text.DL_GPIO_clearPins)
                  00008482    00000014     OLED.o (.text.DL_GPIO_clearPins)
                  00008496    00000014     ti_msp_dl_config.o (.text.DL_GPIO_clearPins)
                  000084aa    00000002     --HOLE-- [fill = 0]
                  000084ac    00000014     ti_msp_dl_config.o (.text.DL_SYSCTL_disableSYSPLL)
                  000084c0    00000014     ti_msp_dl_config.o (.text.DL_SYSCTL_enableMFCLK)
                  000084d4    00000014     ti_msp_dl_config.o (.text.DL_Timer_enableClock)
                  000084e8    00000014     ti_msp_dl_config.o (.text.DL_Timer_setCCPDirection)
                  000084fc    00000014     Motor.o (.text.DL_Timer_setTimerCount)
                  00008510    00000014     JY62.o (.text.DL_UART_receiveData)
                  00008524    00000014     Easy_Menu_User.o (.text.Jy62_Yaw_Callback)
                  00008538    00000014     Motor.o (.text.Motor_B_EncoderInit)
                  0000854c    00000014     Easy_Menu_Page.o (.text.Ordinary_Page_Exit)
                  00008560    00000014     Easy_Menu_User.o (.text.Track_Pid__Kd_Callback)
                  00008574    00000014     Easy_Menu_User.o (.text.Track_Pid__Kp_Callback)
                  00008588    00000014     libclang_rt.builtins.a : aeabi_uldivmod.S.obj (.text.__aeabi_uldivmod)
                  0000859c    00000014     libc.a : _printfi.c.obj (.text.strchr)
                  000085b0    00000012     JY62.o (.text.DL_UART_getPendingInterrupt)
                  000085c2    00000012     gimbal.o (.text.DL_UART_getPendingInterrupt)
                  000085d4    00000012     driverlib.a : dl_uart.o (.text.DL_UART_setClockConfig)
                  000085e6    00000012     libc.a : memcpy16.S.obj (.text:TI_memcpy_small)
                  000085f8    00000012            : copy_decompress_none.c.obj (.text:decompress:none)
                  0000860a    00000002     --HOLE-- [fill = 0]
                  0000860c    00000010     ti_msp_dl_config.o (.text.DL_SYSCTL_disableHFXT)
                  0000861c    00000010     Motor.o (.text.DL_Timer_getTimerCount)
                  0000862c    00000010     driverlib.a : dl_timer.o (.text.DL_Timer_setCaptureCompareValue)
                  0000863c    00000010     Motor.o (.text.Motor_A_ResetEncoder)
                  0000864c    00000010     libc.a : wcslen.c.obj (.text.wcslen)
                  0000865c    00000010            : copy_zero_init.c.obj (.text:decompress:ZI)
                  0000866c    0000000e     libclang_rt.builtins.a : aeabi_memset.S.obj (.text.__aeabi_memset)
                  0000867a    0000000e     libc.a : _printfi.c.obj (.text.strlen)
                  00008688    0000000e            : strlen.c.obj (.text.strlen)
                  00008696    0000000e            : memset16.S.obj (.text:TI_memset_small)
                  000086a4    0000000c     Motor.o (.text.Motor_B_GetEncoderCnt)
                  000086b0    0000000c     Motor.o (.text.Motor_B_ResetEncoder)
                  000086bc    0000000c     ti_msp_dl_config.o (.text.SYSCFG_DL_DMA_init)
                  000086c8    0000000c     ti_msp_dl_config.o (.text.SYSCFG_DL_SYSTICK_init)
                  000086d4    0000000c     libclang_rt.builtins.a : aeabi_memset.S.obj (.text.__aeabi_memclr)
                  000086e0    0000000a     Easy_Menu_User.o (.text.Centeraim__Start_Callback)
                  000086ea    0000000a     driverlib.a : dl_common.o (.text.DL_Common_delayCycles)
                  000086f4    0000000a     Knob_drv.o (.text.Knob_Init)
                  000086fe    0000000a     libc.a : _printfi.c.obj (.text.OUTLINED_FUNCTION_0)
                  00008708    00000010     libclang_rt.builtins.a : adddf3.S.obj (.tramp.__aeabi_dsub.1)
                  00008718    0000000a     libc.a : _printfi.c.obj (.text.OUTLINED_FUNCTION_1)
                  00008722    0000000a     Easy_Menu_User.o (.text.Still_Aim_Draw_Rectangle_Callback)
                  0000872c    00000008     Easy_Menu_User.o (.text.Center_Aim_Round_Callback)
                  00008734    00000008     libc.a : aeabi_portable.c.obj (.text.__aeabi_errno_addr)
                  0000873c    00000008     libclang_rt.builtins.a : aeabi_memcpy.S.obj (.text.__aeabi_memcpy)
                  00008744    00000006     libc.a : exit.c.obj (.text:abort)
                  0000874a    00000004     startup_mspm0g350x_ticlang.o (.text.Default_Handler)
                  0000874e    00000004     libsysbm.a : hostexit.c.obj (.text.HOSTexit)
                  00008752    00000004     startup_mspm0g350x_ticlang.o (.text.Reset_Handler)
                  00008756    00000002     --HOLE-- [fill = 0]
                  00008758    00000010     libc.a : boot_cortex_m.c.obj (.tramp._c_int00_noargs.1)
                  00008768    00000004            : pre_init.c.obj (.text._system_pre_init)
                  0000876c    00000004     --HOLE-- [fill = 0]

.cinit     0    00009210    000000a8     
                  00009210    00000083     (.cinit..data.load) [load image, compression = lzss]
                  00009293    00000001     --HOLE-- [fill = 0]
                  00009294    0000000c     (__TI_handler_table)
                  000092a0    00000008     (.cinit..bss.load) [load image, compression = zero_init]
                  000092a8    00000010     (__TI_cinit_table)

.rodata    0    00008770    00000aa0     
                  00008770    000005f0     OLED.o (.rodata.asc2_1608)
                  00008d60    00000228     OLED.o (.rodata.asc2_0806)
                  00008f88    00000008     ti_msp_dl_config.o (.rodata.gADC_line_detectorClockConfig)
                  00008f90    00000101     libc.a : aeabi_ctype.S.obj (.rodata:__aeabi_ctype_table_)
                  00009091    00000003     ti_msp_dl_config.o (.rodata.gPWM_0ClockConfig)
                  00009094    00000018     gimbal.o (.rodata.Gimbal_Init.gDMA_rxConfig)
                  000090ac    00000018     ti_msp_dl_config.o (.rodata.gDMA_CH0Config)
                  000090c4    00000018     ti_msp_dl_config.o (.rodata.gDMA_detector_outConfig)
                  000090dc    00000011     libc.a : _printfi.c.obj (.rodata.str1.10348868589481759720.1)
                  000090ed    00000011            : _printfi.c.obj (.rodata.str1.15363888844622738466.1)
                  000090fe    00000010     Trackline.o (.rodata.WEIGHTS)
                  0000910e    0000000f     Easy_Menu_User.o (.rodata.str1.8128223861994239923.1)
                  0000911d    0000000e     Easy_Menu_User.o (.rodata.str1.17975632479887315808.1)
                  0000912b    0000000b     Easy_Menu_User.o (.rodata.str1.8423479308304406733.1)
                  00009136    0000000a     JY62.o (.rodata.gJY62UartConfig)
                  00009140    0000000a     ti_msp_dl_config.o (.rodata.gUART_0Config)
                  0000914a    0000000a     ti_msp_dl_config.o (.rodata.gUART_JY62Config)
                  00009154    0000000a     ti_msp_dl_config.o (.rodata.gUART_UPConfig)
                  0000915e    0000000a     Easy_Menu_User.o (.rodata.str1.11177260976807265928.1)
                  00009168    0000000a     Easy_Menu_User.o (.rodata.str1.14456782623604785242.1)
                  00009172    0000000a     Easy_Menu_User.o (.rodata.str1.15320261422703930955.1)
                  0000917c    0000000a     Easy_Menu_User.o (.rodata.str1.16881440453266969404.1)
                  00009186    0000000a     Easy_Menu_User.o (.rodata.str1.3897238317517470892.1)
                  00009190    00000009     Easy_Menu_User.o (.rodata.str1.13332061176481328327.1)
                  00009199    00000009     Easy_Menu_User.o (.rodata.str1.2853082316097330648.1)
                  000091a2    00000002     JY62.o (.rodata.gJY62UartClockConfig)
                  000091a4    00000008     ti_msp_dl_config.o (.rodata.gPWM_0Config)
                  000091ac    00000008     Easy_Menu_User.o (.rodata.str1.11262980610456716024.1)
                  000091b4    00000008     Easy_Menu_User.o (.rodata.str1.18047220919239444222.1)
                  000091bc    00000007     Easy_Menu_Page.o (.rodata.str1.10162903526471618397.1)
                  000091c3    00000007     Easy_Menu_User.o (.rodata.str1.3961208515143357932.1)
                  000091ca    00000007     Easy_Menu_User.o (.rodata.str1.8156445364985626389.1)
                  000091d1    00000006     Easy_Menu_User.o (.rodata.str1.10308413330439174504.1)
                  000091d7    00000006     Easy_Menu_Page.o (.rodata.str1.11602794411890177903.1)
                  000091dd    00000006     Easy_Menu_User.o (.rodata.str1.1318127491109019352.1)
                  000091e3    00000005     Easy_Menu_Page.o (.rodata.str1.10541918737141963520.1)
                  000091e8    00000005     Easy_Menu_Page.o (.rodata.str1.14526947901870425149.1)
                  000091ed    00000005     Easy_Menu_User.o (.rodata.str1.16980020722660603416.1)
                  000091f2    00000005     Easy_Menu_Page.o (.rodata.str1.17342757695734682319.1)
                  000091f7    00000005     Easy_Menu_User.o (.rodata.str1.2484268131311446048.1)
                  000091fc    00000005     Easy_Menu_Page.o (.rodata.str1.2927598468843798870.1)
                  00009201    00000004     Easy_Menu_User.o (.rodata.str1.4408185141669307452.1)
                  00009205    00000003     ti_msp_dl_config.o (.rodata.gQEI_0ClockConfig)
                  00009208    00000002     ti_msp_dl_config.o (.rodata.gUART_0ClockConfig)
                  0000920a    00000002     ti_msp_dl_config.o (.rodata.gUART_JY62ClockConfig)
                  0000920c    00000002     ti_msp_dl_config.o (.rodata.gUART_UPClockConfig)
                  0000920e    00000002     Easy_Menu_Page.o (.rodata.str1.6187967722562398102.1)

.init_array 
*          0    00000000    00000000     UNINITIALIZED

.binit     0    00000000    00000000     

.bss       0    20200000    00000611     UNINITIALIZED
                  20200000    000000b0     Trackline.o (.bss.sensor)
                  202000b0    000000a0     (.common:easy_menu)
                  20200150    000000a0     (.common:gQEI_0Backup)
                  202001f0    00000050     (.common:ADC_VALUE)
                  20200240    0000002c     (.common:center_aim_round)
                  2020026c    0000002c     (.common:track_pid__kd)
                  20200298    0000002c     (.common:track_pid__kp)
                  202002c4    0000002c     (.common:trackline__round)
                  202002f0    00000028     (.common:Cal_page)
                  20200318    00000028     (.common:JY62_page)
                  20200340    00000028     (.common:centeraim)
                  20200368    00000028     (.common:home_page)
                  20200390    00000028     (.common:mov_aim)
                  202003b8    00000028     (.common:still_aim_task)
                  202003e0    00000028     (.common:trackline)
                  20200408    00000028     (.common:trackline_pid__page)
                  20200430    00000024     (.common:Lspeed)
                  20200454    00000024     (.common:Rspeed)
                  20200478    00000024     (.common:jy62_yaw)
                  2020049c    00000024     (.common:jy62_yaw_acc)
                  202004c0    00000020     gimbal.o (.bss.g_rx_buf)
                  202004e0    00000018     (.common:Cal_black)
                  202004f8    00000018     (.common:Cal_white)
                  20200510    00000018     (.common:centeraim__start)
                  20200528    00000018     (.common:still_aim)
                  20200540    00000018     (.common:still_aim_draw_Rectangle)
                  20200558    00000018     (.common:trackline_start)
                  20200570    00000014     (.common:goto__Cal_page)
                  20200584    00000014     (.common:goto__JY62_page)
                  20200598    00000014     (.common:goto__centeraim)
                  202005ac    00000014     (.common:goto__mov_aim)
                  202005c0    00000014     (.common:goto__still_aim_task)
                  202005d4    00000014     (.common:goto__trackline)
                  202005e8    00000014     (.common:goto__trackline_pid__page)
                  202005fc    00000010     Trackline.o (.bss.Normal)
                  2020060c    00000004     gimbal.o (.bss.g_rx_start_tick)
                  20200610    00000001     gimbal.o (.bss.g_rx_capturing)

.data      0    20200614    00000146     UNINITIALIZED
                  20200614    0000001c     Easy_Menu_User.o (.data.Easy_Menu_Ui_Data)
                  20200630    00000018     Trackline.o (.data.g_Trackline)
                  20200648    00000018     Easy_Menu_User.o (.data.home_page_items)
                  20200660    00000010     Trackline.o (.data.Anolog)
                  20200670    00000010     Easy_Menu_User.o (.data.JY62_page_items)
                  20200680    00000010     Trackline.o (.data.black)
                  20200690    00000010     Trackline.o (.data.white)
                  202006a0    0000000b     JY62.o (.data.rx_buffer)
                  202006ab    00000001     JY62.o (.data.data_index)
                  202006ac    00000008     Easy_Menu_User.o (.data.Cal_page_items)
                  202006b4    00000008     Easy_Menu_User.o (.data.centeraim_items)
                  202006bc    00000008     Easy_Menu_User.o (.data.still_aim_task_items)
                  202006c4    00000008     Easy_Menu_User.o (.data.trackline_items)
                  202006cc    00000008     Easy_Menu_User.o (.data.trackline_pid__page_items)
                  202006d4    00000004     Easy_Menu_User.o (.data.Lspeed_Callback.lastEncA)
                  202006d8    00000004     Easy_Menu_User.o (.data.Rspeed_Callback.lastEncB)
                  202006dc    00000004     libc.a : aeabi_portable.c.obj (.data.__aeabi_errno)
                  202006e0    00000004     JY62.o (.data.ax)
                  202006e4    00000004     JY62.o (.data.ay)
                  202006e8    00000004     JY62.o (.data.az)
                  202006ec    00000004     delay.o (.data.delay_times)
                  202006f0    00000004     delay.o (.data.g_SystemTick)
                  202006f4    00000004     Trackline.o (.data.g_approachTargetYaw)
                  202006f8    00000004     Motor.o (.data.g_encoderB_cnt)
                  202006fc    00000004     Trackline.o (.data.g_initialYaw)
                  20200700    00000004     Motor.o (.data.g_lastEncA)
                  20200704    00000004     Motor.o (.data.g_lastEncB)
                  20200708    00000004     Trackline.o (.data.g_straightTargetYaw)
                  2020070c    00000004     Motor.o (.data.g_velIntA)
                  20200710    00000004     Motor.o (.data.g_velIntB)
                  20200714    00000004     Motor.o (.data.g_yawLastError)
                  20200718    00000004     Motor.o (.data.g_yawTarget)
                  2020071c    00000004     Easy_Menu_User.o (.data.mov_aim_items)
                  20200720    00000004     JY62.o (.data.pitch_angle)
                  20200724    00000004     JY62.o (.data.roll_angle)
                  20200728    00000004     Beep.o (.data.s_tick_start)
                  2020072c    00000004     JY62.o (.data.temperature)
                  20200730    00000004     JY62.o (.data.wx)
                  20200734    00000004     JY62.o (.data.wy)
                  20200738    00000004     JY62.o (.data.wz)
                  2020073c    00000004     JY62.o (.data.yaw_angle)
                  20200740    00000002     Trackline.o (.data.g_approachPulses)
                  20200742    00000002     Beep.o (.data.s_off_time)
                  20200744    00000002     Beep.o (.data.s_on_time)
                  20200746    00000002     Knob_drv.o (.data.s_press_cnt)
                  20200748    00000001     JY62.o (.data.frame_started)
                  20200749    00000001     Knob_drv.o (.data.g_KnobEvent)
                  2020074a    00000001     Trackline.o (.data.g_cornerCount)
                  2020074b    00000001     gimbal.o (.data.g_gimbal_x_done)
                  2020074c    00000001     gimbal.o (.data.g_gimbal_y_done)
                  2020074d    00000001     Trackline.o (.data.g_laps)
                  2020074e    00000001     Trackline.o (.data.g_lineDebounce)
                  2020074f    00000001     Trackline.o (.data.g_phase)
                  20200750    00000001     Trackline.o (.data.g_turnDir)
                  20200751    00000001     JY62.o (.data.jy62_new_data)
                  20200752    00000001     main.o (.data.main.last_start)
                  20200753    00000001     Knob_drv.o (.data.menu_move)
                  20200754    00000001     Beep.o (.data.s_cycle_cnt)
                  20200755    00000001     Beep.o (.data.s_cycle_target)
                  20200756    00000001     Knob_drv.o (.data.s_debounce_cnt)
                  20200757    00000001     Knob_drv.o (.data.s_long_pressed)
                  20200758    00000001     Beep.o (.data.s_mode)
                  20200759    00000001     Beep.o (.data.s_state)

.stack     0    20207e00    00000200     UNINITIALIZED
                  20207e00    00000004     libc.a : boot_cortex_m.c.obj (.stack)
                  20207e04    000001fc     --HOLE--

__llvm_prf_cnts 
*          0    20200000    00000000     UNINITIALIZED

__llvm_prf_bits 
*          0    20200000    00000000     UNINITIALIZED

MODULE SUMMARY

       Module                           code    ro data   rw data
       ------                           ----    -------   -------
    .\
       ti_msp_dl_config.o               3008    106       160    
       startup_mspm0g350x_ticlang.o     8       192       0      
       main.o                           156     0         1      
    +--+--------------------------------+-------+---------+---------+
       Total:                           3172    298       161    
                                                                 
    .\APP\
       Trackline.o                      2646    16        283    
       JY62.o                           1572    12        54     
       gimbal.o                         1318    24        39     
       Laser.o                          84      0         0      
    +--+--------------------------------+-------+---------+---------+
       Total:                           5620    52        376    
                                                                 
    .\BSP\
       Uart.o                           90      0         0      
       delay.o                          80      0         8      
    +--+--------------------------------+-------+---------+---------+
       Total:                           170     0         8      
                                                                 
    .\Drive\Beep\
       Beep.o                           584     0         12     
    +--+--------------------------------+-------+---------+---------+
       Total:                           584     0         12     
                                                                 
    .\Drive\Grayscale_Sensor\
       No_Mcu_Ganv_Grayscale_Sensor.o   1192    0         0      
       ADC.o                            92      0         80     
    +--+--------------------------------+-------+---------+---------+
       Total:                           1284    0         80     
                                                                 
    .\Drive\Knob\
       Knob_drv.o                       620     0         6      
    +--+--------------------------------+-------+---------+---------+
       Total:                           620     0         6      
                                                                 
    .\Drive\Motor\
       Motor.o                          2134    0         28     
    +--+--------------------------------+-------+---------+---------+
       Total:                           2134    0         28     
                                                                 
    .\Drive\OLED_Drv\
       OLED.o                           1066    2072      0      
    +--+--------------------------------+-------+---------+---------+
       Total:                           1066    2072      0      
                                                                 
    .\Menu\
       Easy_Menu_Page.o                 4552    35        0      
       Easy_Menu_User.o                 1560    164       1044   
       Easy_Menu_Item.o                 2524    0         0      
       Easy_Menu.o                      1856    0         160    
       Easy_Menu_Core.o                 360     0         0      
    +--+--------------------------------+-------+---------+---------+
       Total:                           10852   199       1204   
                                                                 
    D:/MSP-SDK/mspm0_sdk_2_10_00_04/source/ti/driverlib/lib/ticlang/m0p/mspm0g1x0x_g3x0x/driverlib.a
       dl_timer.o                       356     0         0      
       dl_uart.o                        118     0         0      
       dl_dma.o                         76      0         0      
       dl_adc12.o                       64      0         0      
       dl_common.o                      10      0         0      
    +--+--------------------------------+-------+---------+---------+
       Total:                           624     0         0      
                                                                 
    D:\CCS\ccs\tools\compiler\ti-cgt-armllvm_4.0.4.LTS\lib\armv6m-ti-none-eabi/c/libc.a
       _printfi.c.obj                   4510    34        0      
       aeabi_ctype.S.obj                0       257       0      
       s_scalbn.c.obj                   216     0         0      
       vsnprintf.c.obj                  136     0         0      
       copy_decompress_lzss.c.obj       124     0         0      
       s_frexp.c.obj                    92      0         0      
       _ltoa.c.obj                      88      0         0      
       atoi.c.obj                       64      0         0      
       autoinit.c.obj                   60      0         0      
       boot_cortex_m.c.obj              56      0         0      
       memccpy.c.obj                    34      0         0      
       copy_decompress_none.c.obj       18      0         0      
       memcpy16.S.obj                   18      0         0      
       copy_zero_init.c.obj             16      0         0      
       wcslen.c.obj                     16      0         0      
       memset16.S.obj                   14      0         0      
       strlen.c.obj                     14      0         0      
       aeabi_portable.c.obj             8       0         4      
       exit.c.obj                       6       0         0      
       pre_init.c.obj                   4       0         0      
    +--+--------------------------------+-------+---------+---------+
       Total:                           5494    291       4      
                                                                 
    D:\CCS\ccs\tools\compiler\ti-cgt-armllvm_4.0.4.LTS\lib\armv6m-ti-none-eabi/c/libsysbm.a
       hostexit.c.obj                   4       0         0      
    +--+--------------------------------+-------+---------+---------+
       Total:                           4       0         0      
                                                                 
    D:\CCS\ccs\tools\compiler\ti-cgt-armllvm_4.0.4.LTS\lib\armv6m-ti-none-eabi/libclang_rt.builtins.a
       adddf3.S.obj                     418     0         0      
       divdf3.S.obj                     268     0         0      
       muldf3.S.obj                     228     0         0      
       comparedf2.c.obj                 220     0         0      
       addsf3.S.obj                     216     0         0      
       udivmoddi4.S.obj                 162     0         0      
       mulsf3.S.obj                     140     0         0      
       divsf3.S.obj                     130     0         0      
       comparesf2.S.obj                 118     0         0      
       aeabi_dcmp.S.obj                 98      0         0      
       aeabi_fcmp.S.obj                 98      0         0      
       aeabi_idivmod.S.obj              86      0         0      
       fixdfsi.S.obj                    74      0         0      
       aeabi_uidivmod.S.obj             64      0         0      
       extendsfdf2.S.obj                64      0         0      
       floatsisf.S.obj                  60      0         0      
       muldsi3.S.obj                    58      0         0      
       fixsfsi.S.obj                    56      0         0      
       floatsidf.S.obj                  44      0         0      
       floatunsisf.S.obj                40      0         0      
       floatunsidf.S.obj                36      0         0      
       muldi3.S.obj                     36      0         0      
       ashldi3.S.obj                    30      0         0      
       aeabi_memset.S.obj               26      0         0      
       aeabi_uldivmod.S.obj             20      0         0      
       aeabi_memcpy.S.obj               8       0         0      
       aeabi_div0.c.obj                 4       0         0      
    +--+--------------------------------+-------+---------+---------+
       Total:                           2802    0         0      
                                                                 
       Stack:                           0       0         512    
       Linker Generated:                0       167       0      
    +--+--------------------------------+-------+---------+---------+
       Grand Total:                     34426   3079      2391   


LINKER GENERATED COPY TABLES

__TI_cinit_table @ 000092a8 records: 2, size/record: 8, table size: 16
	.data: load addr=00009210, load size=00000083 bytes, run addr=20200614, run size=00000146 bytes, compression=lzss
	.bss: load addr=000092a0, load size=00000008 bytes, run addr=20200000, run size=00000611 bytes, compression=zero_init


LINKER GENERATED HANDLER TABLE

__TI_handler_table @ 00009294 records: 3, size/record: 4, table size: 12
	index: 0, handler: __TI_decompress_lzss
	index: 1, handler: __TI_decompress_none
	index: 2, handler: __TI_zero_init


FAR CALL TRAMPOLINES

callee name               trampoline name
   callee addr  tramp addr   call addr  call info
--------------  -----------  ---------  ----------------
__aeabi_dsub              $Tramp$TT$L$PI$$__aeabi_dsub
   00003e35     00008708     00008706   libc.a : _printfi.c.obj (.text.OUTLINED_FUNCTION_0)
_c_int00_noargs           $Tramp$TT$L$PI$$_c_int00_noargs
   00007bfd     00008758     00008752   startup_mspm0g350x_ticlang.o (.text.Reset_Handler)

[2 trampolines]
[2 trampoline calls]


GLOBAL SYMBOLS: SORTED ALPHABETICALLY BY Name 

address   name                                
-------   ----                                
0000874b  ADC0_IRQHandler                     
0000874b  ADC1_IRQHandler                     
202001f0  ADC_VALUE                           
0000874b  AES_IRQHandler                      
00007c99  Beep_Stop                           
00004ccd  Beep_Tick_1ms                       
0000509d  Beep_Trigger                        
0000874e  C$$EXIT                             
0000874b  CANFD0_IRQHandler                   
00007905  Cal_Black_Callback                  
0000792d  Cal_White_Callback                  
202004e0  Cal_black                           
202002f0  Cal_page                            
202006ac  Cal_page_items                      
202004f8  Cal_white                           
0000872d  Center_Aim_Round_Callback           
000086e1  Centeraim__Start_Callback           
0000681f  Compare_String                      
0000874b  DAC0_IRQHandler                     
00006eb9  DL_ADC12_setClockConfig             
000086eb  DL_Common_delayCycles               
00006ab1  DL_DMA_initChannel                  
00004759  DL_Timer_initFourCCPWMMode          
00008005  DL_Timer_setCaptCompUpdateMethod    
0000828d  DL_Timer_setCaptureCompareOutCtl    
0000862d  DL_Timer_setCaptureCompareValue     
00008021  DL_Timer_setClockConfig             
00006d11  DL_UART_init                        
00008075  DL_UART_receiveDataCheck            
000085d5  DL_UART_setClockConfig              
0000874b  DMA_IRQHandler                      
00004d99  Data_Item_Init                      
00001a69  Data_Item_Input                     
0000874b  Default_Handler                     
000078d9  Display_Char                        
000075cd  Display_Char_Line                   
000064fd  Easy_Menu_All_Clear                 
0000222d  Easy_Menu_All_Update                
00005781  Easy_Menu_Area_Clear                
00005dc9  Easy_Menu_Display                   
00006e31  Easy_Menu_Display_Char              
00005a49  Easy_Menu_Display_String            
00005811  Easy_Menu_Goto_Page                 
000070f5  Easy_Menu_Init                      
00007a6d  Easy_Menu_Input                     
00007131  Easy_Menu_Printf                    
20200614  Easy_Menu_Ui_Data                   
00002af9  Easy_Menu_Ui_Init                   
0000874b  GROUP0_IRQHandler                   
00007779  GROUP1_IRQHandler                   
00004f29  Get_Analog_value                    
00007469  Get_Anolog_Value                    
00007387  Get_Normalize_For_User              
000052a1  Gimbal_GetPanDirection              
00005e3d  Gimbal_Init                         
00004e65  Gimbal_MovePosition                 
000074a1  Goto_Item_Init                      
0000771d  Goto_Item_Input                     
0000874f  HOSTexit                            
0000874b  HardFault_Handler                   
0000874b  I2C0_IRQHandler                     
0000874b  I2C1_IRQHandler                     
000074d5  I2C_Start                           
00007a95  I2C_Stop                            
00007abd  I2C_WaitAck                         
00004a3d  JY62_ConfigMode                     
00005d51  JY62_Init                           
00003231  JY62_ProcessData                    
00007ae5  JY62_Task                           
20200318  JY62_page                           
20200670  JY62_page_items                     
00004fe5  Jy62_Yaw_Acc_Callback               
00008525  Jy62_Yaw_Callback                   
00006081  Knob_EXTI_Handler                   
000086f5  Knob_Init                           
00005651  Knob_Tick_1ms                       
00005341  Knob_get                            
00007d05  Laser_Init                          
20200430  Lspeed                              
00007b0d  Lspeed_Callback                     
00007d29  Motor_A_GetEncoderCnt               
0000863d  Motor_A_ResetEncoder                
000053e1  Motor_A_SetSpeed                    
00005bd9  Motor_B_EncoderIRQHandler           
00008539  Motor_B_EncoderInit                 
000086a5  Motor_B_GetEncoderCnt               
000086b1  Motor_B_ResetEncoder                
0000547d  Motor_B_SetSpeed                    
000073c1  Motor_Brake                         
000073f9  Motor_Coast                         
000075fd  Motor_Init                          
0000762d  Motor_ResetSpeedControl             
00007b35  Motor_SetSpeed                      
00003ab5  Motor_SpeedControl                  
00003fc9  Motor_YawControl                    
000056e9  Motor_YawIsAtTarget                 
00008091  Motor_YawSetTarget                  
0000874b  NMI_Handler                         
00004151  No_MCU_Ganv_Sensor_Init             
0000600d  No_MCU_Ganv_Sensor_Init_Frist       
00006e75  No_Mcu_Ganv_Sensor_Task_Without_tick
00006231  OLED_Clear                          
0000485d  OLED_Init                           
0000716d  OLED_Set_Pos                        
00004535  OLED_ShowChar                       
00006a61  OLED_WR_Byte                        
000038dd  Ordinary_Page_Display               
000026cd  Ordinary_Page_Enter                 
0000854d  Ordinary_Page_Exit                  
00005c59  Ordinary_Page_Init                  
00001299  Ordinary_Page_Input                 
00002ecd  Ordinary_Page_Refresh               
0000874b  PendSV_Handler                      
0000874b  RTC_IRQHandler                      
00008753  Reset_Handler                       
20200454  Rspeed                              
00007b5d  Rspeed_Callback                     
0000874b  SPI0_IRQHandler                     
0000874b  SPI1_IRQHandler                     
0000874b  SVC_Handler                         
000060ed  SYSCFG_DL_ADC_line_detector_init    
0000837d  SYSCFG_DL_DMA_CH0_init              
00007b85  SYSCFG_DL_DMA_detector_out_init     
000086bd  SYSCFG_DL_DMA_init                  
00003c85  SYSCFG_DL_GPIO_init                 
000058a1  SYSCFG_DL_PWM_0_init                
000069c1  SYSCFG_DL_QEI_0_init                
00007509  SYSCFG_DL_SYSCTL_init               
000086c9  SYSCFG_DL_SYSTICK_init              
00006d59  SYSCFG_DL_UART_0_init               
00006ef9  SYSCFG_DL_UART_JY62_init            
00006f39  SYSCFG_DL_UART_UP_init              
000071a9  SYSCFG_DL_init                      
00005519  SYSCFG_DL_initPower                 
00005eb1  Send_Byte                           
0000691d  Show_Item_Init                      
00006be1  Still_Aim_Callback                  
00008723  Still_Aim_Draw_Rectangle_Callback   
00006f79  Switch_Item_Init                    
00006611  Switch_Item_Input                   
0000765d  SysTick_Handler                     
0000874b  TIMA0_IRQHandler                    
0000874b  TIMA1_IRQHandler                    
0000874b  TIMG0_IRQHandler                    
0000874b  TIMG12_IRQHandler                   
0000874b  TIMG6_IRQHandler                    
0000874b  TIMG7_IRQHandler                    
0000874b  TIMG8_IRQHandler                    
000085e7  TI_memcpy_small                     
00008697  TI_memset_small                     
00008561  Track_Pid__Kd_Callback              
00008575  Track_Pid__Kp_Callback              
00006159  Trackline_Calibrate_Black           
00006669  Trackline_Calibrate_White           
000068c9  Trackline_Init                      
000066c1  Trackline_Reset                     
00007df9  Trackline_Start_Callback            
00000a91  Trackline_Task                      
00007bad  Trackline__Round_Callback           
00006da1  UART0_IRQHandler                    
0000768d  UART1_IRQHandler                    
0000874b  UART2_IRQHandler                    
0000874b  UART3_IRQHandler                    
20208000  __STACK_END                         
00000200  __STACK_SIZE                        
00000000  __TI_ATRegion0_region_sz            
00000000  __TI_ATRegion0_src_addr             
00000000  __TI_ATRegion0_trg_addr             
00000000  __TI_ATRegion1_region_sz            
00000000  __TI_ATRegion1_src_addr             
00000000  __TI_ATRegion1_trg_addr             
00000000  __TI_ATRegion2_region_sz            
00000000  __TI_ATRegion2_src_addr             
00000000  __TI_ATRegion2_trg_addr             
000092a8  __TI_CINIT_Base                     
000092b8  __TI_CINIT_Limit                    
000092b8  __TI_CINIT_Warm                     
00009294  __TI_Handler_Table_Base             
000092a0  __TI_Handler_Table_Limit            
000072d5  __TI_auto_init_nobinit_nopinit      
00005cd5  __TI_decompress_lzss                
000085f9  __TI_decompress_none                
00006719  __TI_ltoa                           
ffffffff  __TI_pprof_out_hndl                 
000000c1  __TI_printfi                        
ffffffff  __TI_prof_data_size                 
ffffffff  __TI_prof_data_start                
00000000  __TI_static_base__                  
0000865d  __TI_zero_init                      
00003e3f  __adddf3                            
00004bff  __addsf3                            
00008f90  __aeabi_ctype_table_                
00008f90  __aeabi_ctype_table_C               
00006cc5  __aeabi_d2iz                        
00003e3f  __aeabi_dadd                        
00006435  __aeabi_dcmpeq                      
00006471  __aeabi_dcmpge                      
00006485  __aeabi_dcmpgt                      
0000645d  __aeabi_dcmple                      
00006449  __aeabi_dcmplt                      
0000464d  __aeabi_ddiv                        
00004959  __aeabi_dmul                        
00003e35  __aeabi_dsub                        
202006dc  __aeabi_errno                       
00008735  __aeabi_errno_addr                  
00006ff9  __aeabi_f2d                         
00007431  __aeabi_f2iz                        
00004bff  __aeabi_fadd                        
00006499  __aeabi_fcmpeq                      
000064d5  __aeabi_fcmpge                      
000064e9  __aeabi_fcmpgt                      
000064c1  __aeabi_fcmple                      
000064ad  __aeabi_fcmplt                      
00005b55  __aeabi_fdiv                        
00005931  __aeabi_fmul                        
00004bf5  __aeabi_fsub                        
00007881  __aeabi_i2d                         
000071e5  __aeabi_i2f                         
000067c9  __aeabi_idiv                        
00003fc7  __aeabi_idiv0                       
000067c9  __aeabi_idivmod                     
00004957  __aeabi_ldiv0                       
00007e95  __aeabi_llsl                        
00007d71  __aeabi_lmul                        
000086d5  __aeabi_memclr                      
000086d5  __aeabi_memclr4                     
000086d5  __aeabi_memclr8                     
0000873d  __aeabi_memcpy                      
0000873d  __aeabi_memcpy4                     
0000873d  __aeabi_memcpy8                     
0000866d  __aeabi_memset                      
0000866d  __aeabi_memset4                     
0000866d  __aeabi_memset8                     
00007d4d  __aeabi_ui2d                        
00007bd5  __aeabi_ui2f                        
00006fb9  __aeabi_uidiv                       
00006fb9  __aeabi_uidivmod                    
00008589  __aeabi_uldivmod                    
00007e95  __ashldi3                           
ffffffff  __binit__                           
0000629d  __cmpdf2                            
00007311  __cmpsf2                            
0000464d  __divdf3                            
00005b55  __divsf3                            
0000629d  __eqdf2                             
00007311  __eqsf2                             
00006ff9  __extendsfdf2                       
00006cc5  __fixdfsi                           
00007431  __fixsfsi                           
00007881  __floatsidf                         
000071e5  __floatsisf                         
00007d4d  __floatunsidf                       
00007bd5  __floatunsisf                       
00005f25  __gedf2                             
00007221  __gesf2                             
00005f25  __gtdf2                             
00007221  __gtsf2                             
0000629d  __ledf2                             
00007311  __lesf2                             
0000629d  __ltdf2                             
00007311  __ltsf2                             
UNDEFED   __mpu_init                          
00004959  __muldf3                            
00007d71  __muldi3                            
0000734d  __muldsi3                           
00005931  __mulsf3                            
0000629d  __nedf2                             
00007311  __nesf2                             
20207e00  __stack                             
20200000  __start___llvm_prf_bits             
20200000  __start___llvm_prf_cnts             
20200000  __stop___llvm_prf_bits              
20200000  __stop___llvm_prf_cnts              
00003e35  __subdf3                            
00004bf5  __subsf3                            
000051fd  __udivmoddi4                        
00007bfd  _c_int00_noargs                     
UNDEFED   _system_post_cinit                  
00008769  _system_pre_init                    
00008745  abort                               
00006559  adc_getValue                        
00008d60  asc2_0806                           
00008770  asc2_1608                           
00007039  atoi                                
202006e0  ax                                  
202006e4  ay                                  
202006e8  az                                  
ffffffff  binit                               
20200240  center_aim_round                    
20200340  centeraim                           
20200510  centeraim__start                    
202006b4  centeraim_items                     
000061c5  convertAnalogToDigital              
00007e19  delay_ms                            
202006ec  delay_times                         
202000b0  easy_menu                           
000065b5  frexp                               
000065b5  frexpl                              
20200150  gQEI_0Backup                        
20200749  g_KnobEvent                         
202006f0  g_SystemTick                        
20200630  g_Trackline                         
2020074b  g_gimbal_x_done                     
2020074c  g_gimbal_y_done                     
2020074d  g_laps                              
20200570  goto__Cal_page                      
20200584  goto__JY62_page                     
20200598  goto__centeraim                     
202005ac  goto__mov_aim                       
202005c0  goto__still_aim_task                
202005d4  goto__trackline                     
202005e8  goto__trackline_pid__page           
20200368  home_page                           
20200648  home_page_items                     
00000000  interruptVectors                    
20200751  jy62_new_data                       
20200478  jy62_yaw                            
2020049c  jy62_yaw_acc                        
00004b1d  ldexp                               
00004b1d  ldexpl                              
000055b5  main                                
00007d95  memccpy                             
20200753  menu_move                           
20200390  mov_aim                             
2020071c  mov_aim_items                       
00005151  normalizeAnalogValues               
20200720  pitch_angle                         
20200724  roll_angle                          
00004b1d  scalbn                              
00004b1d  scalbnl                             
20200528  still_aim                           
20200540  still_aim_draw_Rectangle            
202003b8  still_aim_task                      
202006bc  still_aim_task_items                
00008689  strlen                              
2020072c  temperature                         
2020026c  track_pid__kd                       
20200298  track_pid__kp                       
202003e0  trackline                           
202002c4  trackline__round                    
202006c4  trackline_items                     
20200408  trackline_pid__page                 
202006cc  trackline_pid__page_items           
20200558  trackline_start                     
000078ad  uart0_send_char                     
00007079  vsnprintf                           
0000864d  wcslen                              
20200730  wx                                  
20200734  wy                                  
20200738  wz                                  
2020073c  yaw_angle                           


GLOBAL SYMBOLS: SORTED BY Symbol Address 

address   name                                
-------   ----                                
00000000  __TI_ATRegion0_region_sz            
00000000  __TI_ATRegion0_src_addr             
00000000  __TI_ATRegion0_trg_addr             
00000000  __TI_ATRegion1_region_sz            
00000000  __TI_ATRegion1_src_addr             
00000000  __TI_ATRegion1_trg_addr             
00000000  __TI_ATRegion2_region_sz            
00000000  __TI_ATRegion2_src_addr             
00000000  __TI_ATRegion2_trg_addr             
00000000  __TI_static_base__                  
00000000  interruptVectors                    
000000c1  __TI_printfi                        
00000200  __STACK_SIZE                        
00000a91  Trackline_Task                      
00001299  Ordinary_Page_Input                 
00001a69  Data_Item_Input                     
0000222d  Easy_Menu_All_Update                
000026cd  Ordinary_Page_Enter                 
00002af9  Easy_Menu_Ui_Init                   
00002ecd  Ordinary_Page_Refresh               
00003231  JY62_ProcessData                    
000038dd  Ordinary_Page_Display               
00003ab5  Motor_SpeedControl                  
00003c85  SYSCFG_DL_GPIO_init                 
00003e35  __aeabi_dsub                        
00003e35  __subdf3                            
00003e3f  __adddf3                            
00003e3f  __aeabi_dadd                        
00003fc7  __aeabi_idiv0                       
00003fc9  Motor_YawControl                    
00004151  No_MCU_Ganv_Sensor_Init             
00004535  OLED_ShowChar                       
0000464d  __aeabi_ddiv                        
0000464d  __divdf3                            
00004759  DL_Timer_initFourCCPWMMode          
0000485d  OLED_Init                           
00004957  __aeabi_ldiv0                       
00004959  __aeabi_dmul                        
00004959  __muldf3                            
00004a3d  JY62_ConfigMode                     
00004b1d  ldexp                               
00004b1d  ldexpl                              
00004b1d  scalbn                              
00004b1d  scalbnl                             
00004bf5  __aeabi_fsub                        
00004bf5  __subsf3                            
00004bff  __addsf3                            
00004bff  __aeabi_fadd                        
00004ccd  Beep_Tick_1ms                       
00004d99  Data_Item_Init                      
00004e65  Gimbal_MovePosition                 
00004f29  Get_Analog_value                    
00004fe5  Jy62_Yaw_Acc_Callback               
0000509d  Beep_Trigger                        
00005151  normalizeAnalogValues               
000051fd  __udivmoddi4                        
000052a1  Gimbal_GetPanDirection              
00005341  Knob_get                            
000053e1  Motor_A_SetSpeed                    
0000547d  Motor_B_SetSpeed                    
00005519  SYSCFG_DL_initPower                 
000055b5  main                                
00005651  Knob_Tick_1ms                       
000056e9  Motor_YawIsAtTarget                 
00005781  Easy_Menu_Area_Clear                
00005811  Easy_Menu_Goto_Page                 
000058a1  SYSCFG_DL_PWM_0_init                
00005931  __aeabi_fmul                        
00005931  __mulsf3                            
00005a49  Easy_Menu_Display_String            
00005b55  __aeabi_fdiv                        
00005b55  __divsf3                            
00005bd9  Motor_B_EncoderIRQHandler           
00005c59  Ordinary_Page_Init                  
00005cd5  __TI_decompress_lzss                
00005d51  JY62_Init                           
00005dc9  Easy_Menu_Display                   
00005e3d  Gimbal_Init                         
00005eb1  Send_Byte                           
00005f25  __gedf2                             
00005f25  __gtdf2                             
0000600d  No_MCU_Ganv_Sensor_Init_Frist       
00006081  Knob_EXTI_Handler                   
000060ed  SYSCFG_DL_ADC_line_detector_init    
00006159  Trackline_Calibrate_Black           
000061c5  convertAnalogToDigital              
00006231  OLED_Clear                          
0000629d  __cmpdf2                            
0000629d  __eqdf2                             
0000629d  __ledf2                             
0000629d  __ltdf2                             
0000629d  __nedf2                             
00006435  __aeabi_dcmpeq                      
00006449  __aeabi_dcmplt                      
0000645d  __aeabi_dcmple                      
00006471  __aeabi_dcmpge                      
00006485  __aeabi_dcmpgt                      
00006499  __aeabi_fcmpeq                      
000064ad  __aeabi_fcmplt                      
000064c1  __aeabi_fcmple                      
000064d5  __aeabi_fcmpge                      
000064e9  __aeabi_fcmpgt                      
000064fd  Easy_Menu_All_Clear                 
00006559  adc_getValue                        
000065b5  frexp                               
000065b5  frexpl                              
00006611  Switch_Item_Input                   
00006669  Trackline_Calibrate_White           
000066c1  Trackline_Reset                     
00006719  __TI_ltoa                           
000067c9  __aeabi_idiv                        
000067c9  __aeabi_idivmod                     
0000681f  Compare_String                      
000068c9  Trackline_Init                      
0000691d  Show_Item_Init                      
000069c1  SYSCFG_DL_QEI_0_init                
00006a61  OLED_WR_Byte                        
00006ab1  DL_DMA_initChannel                  
00006be1  Still_Aim_Callback                  
00006cc5  __aeabi_d2iz                        
00006cc5  __fixdfsi                           
00006d11  DL_UART_init                        
00006d59  SYSCFG_DL_UART_0_init               
00006da1  UART0_IRQHandler                    
00006e31  Easy_Menu_Display_Char              
00006e75  No_Mcu_Ganv_Sensor_Task_Without_tick
00006eb9  DL_ADC12_setClockConfig             
00006ef9  SYSCFG_DL_UART_JY62_init            
00006f39  SYSCFG_DL_UART_UP_init              
00006f79  Switch_Item_Init                    
00006fb9  __aeabi_uidiv                       
00006fb9  __aeabi_uidivmod                    
00006ff9  __aeabi_f2d                         
00006ff9  __extendsfdf2                       
00007039  atoi                                
00007079  vsnprintf                           
000070f5  Easy_Menu_Init                      
00007131  Easy_Menu_Printf                    
0000716d  OLED_Set_Pos                        
000071a9  SYSCFG_DL_init                      
000071e5  __aeabi_i2f                         
000071e5  __floatsisf                         
00007221  __gesf2                             
00007221  __gtsf2                             
000072d5  __TI_auto_init_nobinit_nopinit      
00007311  __cmpsf2                            
00007311  __eqsf2                             
00007311  __lesf2                             
00007311  __ltsf2                             
00007311  __nesf2                             
0000734d  __muldsi3                           
00007387  Get_Normalize_For_User              
000073c1  Motor_Brake                         
000073f9  Motor_Coast                         
00007431  __aeabi_f2iz                        
00007431  __fixsfsi                           
00007469  Get_Anolog_Value                    
000074a1  Goto_Item_Init                      
000074d5  I2C_Start                           
00007509  SYSCFG_DL_SYSCTL_init               
000075cd  Display_Char_Line                   
000075fd  Motor_Init                          
0000762d  Motor_ResetSpeedControl             
0000765d  SysTick_Handler                     
0000768d  UART1_IRQHandler                    
0000771d  Goto_Item_Input                     
00007779  GROUP1_IRQHandler                   
00007881  __aeabi_i2d                         
00007881  __floatsidf                         
000078ad  uart0_send_char                     
000078d9  Display_Char                        
00007905  Cal_Black_Callback                  
0000792d  Cal_White_Callback                  
00007a6d  Easy_Menu_Input                     
00007a95  I2C_Stop                            
00007abd  I2C_WaitAck                         
00007ae5  JY62_Task                           
00007b0d  Lspeed_Callback                     
00007b35  Motor_SetSpeed                      
00007b5d  Rspeed_Callback                     
00007b85  SYSCFG_DL_DMA_detector_out_init     
00007bad  Trackline__Round_Callback           
00007bd5  __aeabi_ui2f                        
00007bd5  __floatunsisf                       
00007bfd  _c_int00_noargs                     
00007c99  Beep_Stop                           
00007d05  Laser_Init                          
00007d29  Motor_A_GetEncoderCnt               
00007d4d  __aeabi_ui2d                        
00007d4d  __floatunsidf                       
00007d71  __aeabi_lmul                        
00007d71  __muldi3                            
00007d95  memccpy                             
00007df9  Trackline_Start_Callback            
00007e19  delay_ms                            
00007e95  __aeabi_llsl                        
00007e95  __ashldi3                           
00008005  DL_Timer_setCaptCompUpdateMethod    
00008021  DL_Timer_setClockConfig             
00008075  DL_UART_receiveDataCheck            
00008091  Motor_YawSetTarget                  
0000828d  DL_Timer_setCaptureCompareOutCtl    
0000837d  SYSCFG_DL_DMA_CH0_init              
00008525  Jy62_Yaw_Callback                   
00008539  Motor_B_EncoderInit                 
0000854d  Ordinary_Page_Exit                  
00008561  Track_Pid__Kd_Callback              
00008575  Track_Pid__Kp_Callback              
00008589  __aeabi_uldivmod                    
000085d5  DL_UART_setClockConfig              
000085e7  TI_memcpy_small                     
000085f9  __TI_decompress_none                
0000862d  DL_Timer_setCaptureCompareValue     
0000863d  Motor_A_ResetEncoder                
0000864d  wcslen                              
0000865d  __TI_zero_init                      
0000866d  __aeabi_memset                      
0000866d  __aeabi_memset4                     
0000866d  __aeabi_memset8                     
00008689  strlen                              
00008697  TI_memset_small                     
000086a5  Motor_B_GetEncoderCnt               
000086b1  Motor_B_ResetEncoder                
000086bd  SYSCFG_DL_DMA_init                  
000086c9  SYSCFG_DL_SYSTICK_init              
000086d5  __aeabi_memclr                      
000086d5  __aeabi_memclr4                     
000086d5  __aeabi_memclr8                     
000086e1  Centeraim__Start_Callback           
000086eb  DL_Common_delayCycles               
000086f5  Knob_Init                           
00008723  Still_Aim_Draw_Rectangle_Callback   
0000872d  Center_Aim_Round_Callback           
00008735  __aeabi_errno_addr                  
0000873d  __aeabi_memcpy                      
0000873d  __aeabi_memcpy4                     
0000873d  __aeabi_memcpy8                     
00008745  abort                               
0000874b  ADC0_IRQHandler                     
0000874b  ADC1_IRQHandler                     
0000874b  AES_IRQHandler                      
0000874b  CANFD0_IRQHandler                   
0000874b  DAC0_IRQHandler                     
0000874b  DMA_IRQHandler                      
0000874b  Default_Handler                     
0000874b  GROUP0_IRQHandler                   
0000874b  HardFault_Handler                   
0000874b  I2C0_IRQHandler                     
0000874b  I2C1_IRQHandler                     
0000874b  NMI_Handler                         
0000874b  PendSV_Handler                      
0000874b  RTC_IRQHandler                      
0000874b  SPI0_IRQHandler                     
0000874b  SPI1_IRQHandler                     
0000874b  SVC_Handler                         
0000874b  TIMA0_IRQHandler                    
0000874b  TIMA1_IRQHandler                    
0000874b  TIMG0_IRQHandler                    
0000874b  TIMG12_IRQHandler                   
0000874b  TIMG6_IRQHandler                    
0000874b  TIMG7_IRQHandler                    
0000874b  TIMG8_IRQHandler                    
0000874b  UART2_IRQHandler                    
0000874b  UART3_IRQHandler                    
0000874e  C$$EXIT                             
0000874f  HOSTexit                            
00008753  Reset_Handler                       
00008769  _system_pre_init                    
00008770  asc2_1608                           
00008d60  asc2_0806                           
00008f90  __aeabi_ctype_table_                
00008f90  __aeabi_ctype_table_C               
00009294  __TI_Handler_Table_Base             
000092a0  __TI_Handler_Table_Limit            
000092a8  __TI_CINIT_Base                     
000092b8  __TI_CINIT_Limit                    
000092b8  __TI_CINIT_Warm                     
20200000  __start___llvm_prf_bits             
20200000  __start___llvm_prf_cnts             
20200000  __stop___llvm_prf_bits              
20200000  __stop___llvm_prf_cnts              
202000b0  easy_menu                           
20200150  gQEI_0Backup                        
202001f0  ADC_VALUE                           
20200240  center_aim_round                    
2020026c  track_pid__kd                       
20200298  track_pid__kp                       
202002c4  trackline__round                    
202002f0  Cal_page                            
20200318  JY62_page                           
20200340  centeraim                           
20200368  home_page                           
20200390  mov_aim                             
202003b8  still_aim_task                      
202003e0  trackline                           
20200408  trackline_pid__page                 
20200430  Lspeed                              
20200454  Rspeed                              
20200478  jy62_yaw                            
2020049c  jy62_yaw_acc                        
202004e0  Cal_black                           
202004f8  Cal_white                           
20200510  centeraim__start                    
20200528  still_aim                           
20200540  still_aim_draw_Rectangle            
20200558  trackline_start                     
20200570  goto__Cal_page                      
20200584  goto__JY62_page                     
20200598  goto__centeraim                     
202005ac  goto__mov_aim                       
202005c0  goto__still_aim_task                
202005d4  goto__trackline                     
202005e8  goto__trackline_pid__page           
20200614  Easy_Menu_Ui_Data                   
20200630  g_Trackline                         
20200648  home_page_items                     
20200670  JY62_page_items                     
202006ac  Cal_page_items                      
202006b4  centeraim_items                     
202006bc  still_aim_task_items                
202006c4  trackline_items                     
202006cc  trackline_pid__page_items           
202006dc  __aeabi_errno                       
202006e0  ax                                  
202006e4  ay                                  
202006e8  az                                  
202006ec  delay_times                         
202006f0  g_SystemTick                        
2020071c  mov_aim_items                       
20200720  pitch_angle                         
20200724  roll_angle                          
2020072c  temperature                         
20200730  wx                                  
20200734  wy                                  
20200738  wz                                  
2020073c  yaw_angle                           
20200749  g_KnobEvent                         
2020074b  g_gimbal_x_done                     
2020074c  g_gimbal_y_done                     
2020074d  g_laps                              
20200751  jy62_new_data                       
20200753  menu_move                           
20207e00  __stack                             
20208000  __STACK_END                         
ffffffff  __TI_pprof_out_hndl                 
ffffffff  __TI_prof_data_size                 
ffffffff  __TI_prof_data_start                
ffffffff  __binit__                           
ffffffff  binit                               
UNDEFED   __mpu_init                          
UNDEFED   _system_post_cinit                  

[351 symbols]
