******************************************************************************
            TI ARM Clang Linker PC v4.0.4                      
******************************************************************************
>> Linked Mon May 11 16:51:47 2026

OUTPUT FILE NAME:   <optoelectronicrace_26.out>
ENTRY POINT SYMBOL: "_c_int00_noargs"  address: 00006251


MEMORY CONFIGURATION

         name            origin    length      used     unused   attr    fill
----------------------  --------  ---------  --------  --------  ----  --------
  FLASH                 00000000   00020000  000074d8  00018b28  R  X
  SRAM                  20200000   00008000  000006d5  0000792b  RW X
  BCR_CONFIG            41c00000   000000ff  00000000  000000ff  R   
  BSL_CONFIG            41c00100   00000080  00000000  00000080  R   


SEGMENT ALLOCATION MAP

run origin  load origin   length   init length attrs members
----------  ----------- ---------- ----------- ----- -------
00000000    00000000    000074d8   000074d8    r-x
  00000000    00000000    000000c0   000000c0    r-- .intvecs
  000000c0    000000c0    00006980   00006980    r-x .text
  00006a40    00006a40    00000a30   00000a30    r-- .rodata
  00007470    00007470    00000068   00000068    r-- .cinit
20200000    20200000    000004d5   00000000    rw-
  20200000    20200000    00000434   00000000    rw- .bss
  20200434    20200434    000000a1   00000000    rw- .data
20207e00    20207e00    00000200   00000000    rw-
  20207e00    20207e00    00000200   00000000    rw- .stack


SECTION ALLOCATION MAP

 output                                  attributes/
section   page    origin      length       input sections
--------  ----  ----------  ----------   ----------------
.intvecs   0    00000000    000000c0     
                  00000000    000000c0     startup_mspm0g350x_ticlang.o (.intvecs)

.text      0    000000c0    00006980     
                  000000c0    000009d0     libc.a : _printfi.c.obj (.text:__TI_printfi)
                  00000a90    000007d0     Easy_Menu_Page.o (.text.Ordinary_Page_Input)
                  00001260    000007c4     Easy_Menu_Item.o (.text.Data_Item_Input)
                  00001a24    000004a0     Easy_Menu.o (.text.Easy_Menu_All_Update)
                  00001ec4    0000042c     Easy_Menu_Page.o (.text.Ordinary_Page_Enter)
                  000022f0    00000364     Easy_Menu_Page.o (.text.Ordinary_Page_Refresh)
                  00002654    00000220     libc.a : _printfi.c.obj (.text._pconv_a)
                  00002874    00000218     Trackline.o (.text.Trackline_Task)
                  00002a8c    00000214     Easy_Menu_User.o (.text.Easy_Menu_Ui_Init)
                  00002ca0    000001dc     libc.a : _printfi.c.obj (.text._pconv_g)
                  00002e7c    000001d8     Easy_Menu_Page.o (.text.Ordinary_Page_Display)
                  00003054    00000192     libclang_rt.builtins.a : adddf3.S.obj (.text.adddf3_subdf3)
                  000031e6    00000002                            : aeabi_div0.c.obj (.text.__aeabi_idiv0)
                  000031e8    00000188     No_Mcu_Ganv_Grayscale_Sensor.o (.text.No_MCU_Ganv_Sensor_Init)
                  00003370    0000017c     ti_msp_dl_config.o (.text.SYSCFG_DL_GPIO_init)
                  000034ec    0000013c     libc.a : _printfi.c.obj (.text.fcvt)
                  00003628    00000120            : _printfi.c.obj (.text._pconv_e)
                  00003748    00000118     OLED.o (.text.OLED_ShowChar)
                  00003860    0000010c     libclang_rt.builtins.a : divdf3.S.obj (.text.__divdf3)
                  0000396c    00000104     driverlib.a : dl_timer.o (.text.DL_Timer_initFourCCPWMMode)
                  00003a70    000000fa     OLED.o (.text.OLED_Init)
                  00003b6a    00000002     libclang_rt.builtins.a : aeabi_div0.c.obj (.text.__aeabi_ldiv0)
                  00003b6c    000000e4                            : muldf3.S.obj (.text.__muldf3)
                  00003c50    000000d8     libc.a : s_scalbn.c.obj (.text.scalbn)
                  00003d28    000000d8     libclang_rt.builtins.a : addsf3.S.obj (.text)
                  00003e00    000000cc     Beep.o (.text.Beep_Tick_1ms)
                  00003ecc    000000cc     Easy_Menu_Item.o (.text.Data_Item_Init)
                  00003f98    000000b8     No_Mcu_Ganv_Grayscale_Sensor.o (.text.Get_Analog_value)
                  00004050    000000b4     Beep.o (.text.Beep_Trigger)
                  00004104    000000aa     No_Mcu_Ganv_Grayscale_Sensor.o (.text.normalizeAnalogValues)
                  000041ae    00000002     --HOLE-- [fill = 0]
                  000041b0    000000a2     libclang_rt.builtins.a : udivmoddi4.S.obj (.text)
                  00004252    00000002     --HOLE-- [fill = 0]
                  00004254    000000a0     Knob_drv.o (.text.Knob_get)
                  000042f4    0000009c     Motor.o (.text.Motor_A_SetSpeed)
                  00004390    0000009c     Motor.o (.text.Motor_B_SetSpeed)
                  0000442c    00000090     Easy_Menu.o (.text.Easy_Menu_Area_Clear)
                  000044bc    00000090     Easy_Menu_Core.o (.text.Easy_Menu_Goto_Page)
                  0000454c    00000090     ti_msp_dl_config.o (.text.SYSCFG_DL_PWM_0_init)
                  000045dc    0000008c     ti_msp_dl_config.o (.text.SYSCFG_DL_initPower)
                  00004668    0000008c     libclang_rt.builtins.a : mulsf3.S.obj (.text.__mulsf3)
                  000046f4    00000086     Easy_Menu.o (.text.Easy_Menu_Display_String)
                  0000477a    00000002     --HOLE-- [fill = 0]
                  0000477c    00000084     ti_msp_dl_config.o (.text.__NVIC_SetPriority)
                  00004800    00000080     Knob_drv.o (.text.Knob_Tick_1ms)
                  00004880    00000080     Motor.o (.text.Motor_B_EncoderIRQHandler)
                  00004900    0000007c     Easy_Menu_Page.o (.text.Ordinary_Page_Init)
                  0000497c    0000007c     libc.a : copy_decompress_lzss.c.obj (.text:decompress:lzss)
                  000049f8    00000074     Easy_Menu_Core.o (.text.Easy_Menu_Display)
                  00004a6c    00000074     OLED.o (.text.Send_Byte)
                  00004ae0    00000074     libclang_rt.builtins.a : comparedf2.c.obj (.text.__gedf2)
                  00004b54    00000074     Motor.o (.text.clampSpeed)
                  00004bc8    00000072     No_Mcu_Ganv_Grayscale_Sensor.o (.text.No_MCU_Ganv_Sensor_Init_Frist)
                  00004c3a    00000002     --HOLE-- [fill = 0]
                  00004c3c    0000006c     ti_msp_dl_config.o (.text.SYSCFG_DL_ADC_line_detector_init)
                  00004ca8    0000006c     Trackline.o (.text.Trackline_Calibrate_Black)
                  00004d14    0000006c     No_Mcu_Ganv_Grayscale_Sensor.o (.text.convertAnalogToDigital)
                  00004d80    0000006a     OLED.o (.text.OLED_Clear)
                  00004dea    00000002     --HOLE-- [fill = 0]
                  00004dec    00000068     libclang_rt.builtins.a : comparedf2.c.obj (.text.__ledf2)
                  00004e54    00000066     libc.a : _printfi.c.obj (.text._mcpy)
                  00004eba    00000002     --HOLE-- [fill = 0]
                  00004ebc    00000064     ti_msp_dl_config.o (.text.DL_ADC12_initSingleSample)
                  00004f20    00000062     libclang_rt.builtins.a : aeabi_dcmp.S.obj (.text.__aeabi_dcmp)
                  00004f82    00000002     --HOLE-- [fill = 0]
                  00004f84    00000062                            : aeabi_fcmp.S.obj (.text.__aeabi_fcmp)
                  00004fe6    00000002     --HOLE-- [fill = 0]
                  00004fe8    0000005c     Easy_Menu.o (.text.Easy_Menu_All_Clear)
                  00005044    0000005c     ADC.o (.text.adc_getValue)
                  000050a0    0000005c     libc.a : s_frexp.c.obj (.text.frexp)
                  000050fc    0000005c     main.o (.text.main)
                  00005158    00000058     Easy_Menu_Item.o (.text.Switch_Item_Input)
                  000051b0    00000058     Trackline.o (.text.Trackline_Calibrate_White)
                  00005208    00000058     libc.a : _ltoa.c.obj (.text.__TI_ltoa)
                  00005260    00000058            : _printfi.c.obj (.text._pconv_f)
                  000052b8    00000056     libclang_rt.builtins.a : aeabi_idivmod.S.obj (.text.__aeabi_idivmod)
                  0000530e    00000054     Easy_Menu.o (.text.Compare_String)
                  00005362    00000002     --HOLE-- [fill = 0]
                  00005364    00000054     ti_msp_dl_config.o (.text.DL_Timer_configQEI)
                  000053b8    00000054     Knob_drv.o (.text.Knob_EXTI_Handler)
                  0000540c    00000054     Trackline.o (.text.Trackline_Init)
                  00005460    00000052     libc.a : _printfi.c.obj (.text._ecpy)
                  000054b2    00000002     --HOLE-- [fill = 0]
                  000054b4    00000050     ti_msp_dl_config.o (.text.SYSCFG_DL_QEI_0_init)
                  00005504    00000050     ti_msp_dl_config.o (.text.SysTick_Config)
                  00005554    0000004e     OLED.o (.text.OLED_WR_Byte)
                  000055a2    00000002     --HOLE-- [fill = 0]
                  000055a4    0000004c     driverlib.a : dl_dma.o (.text.DL_DMA_initChannel)
                  000055f0    0000004c     ti_msp_dl_config.o (.text.DL_GPIO_initDigitalInputFeatures)
                  0000563c    0000004c     ti_msp_dl_config.o (.text.DL_UART_setBaudRateDivisor)
                  00005688    0000004a     ti_msp_dl_config.o (.text.DL_ADC12_configConversionMem)
                  000056d2    00000002     --HOLE-- [fill = 0]
                  000056d4    0000004a     libclang_rt.builtins.a : fixdfsi.S.obj (.text.__fixdfsi)
                  0000571e    00000002     --HOLE-- [fill = 0]
                  00005720    00000048     driverlib.a : dl_uart.o (.text.DL_UART_init)
                  00005768    00000044     Easy_Menu.o (.text.Easy_Menu_Display_Char)
                  000057ac    00000042     No_Mcu_Ganv_Grayscale_Sensor.o (.text.No_Mcu_Ganv_Sensor_Task_Without_tick)
                  000057ee    00000002     --HOLE-- [fill = 0]
                  000057f0    00000040     driverlib.a : dl_adc12.o (.text.DL_ADC12_setClockConfig)
                  00005830    00000040     ti_msp_dl_config.o (.text.SYSCFG_DL_UART_0_init)
                  00005870    00000040     ti_msp_dl_config.o (.text.SYSCFG_DL_UART_UP_init)
                  000058b0    00000040     Easy_Menu_Item.o (.text.Switch_Item_Init)
                  000058f0    00000040     libclang_rt.builtins.a : aeabi_uidivmod.S.obj (.text.__aeabi_uidivmod)
                  00005930    00000040                            : extendsfdf2.S.obj (.text.__extendsfdf2)
                  00005970    00000040     libc.a : atoi.c.obj (.text.atoi)
                  000059b0    00000040            : vsnprintf.c.obj (.text.vsnprintf)
                  000059f0    0000003c     ti_msp_dl_config.o (.text.DL_Timer_setCounterControl)
                  00005a2c    0000003c     Easy_Menu_Core.o (.text.Easy_Menu_Init)
                  00005a68    0000003c     Easy_Menu.o (.text.Easy_Menu_Printf)
                  00005aa4    0000003c     OLED.o (.text.OLED_Set_Pos)
                  00005ae0    0000003c     libclang_rt.builtins.a : floatsisf.S.obj (.text.__floatsisf)
                  00005b1c    0000003c                            : comparesf2.S.obj (.text.__gtsf2)
                  00005b58    0000003c     Beep.o (.text.start_off_phase)
                  00005b94    0000003c     Beep.o (.text.start_on_phase)
                  00005bd0    0000003c     libc.a : autoinit.c.obj (.text:__TI_auto_init_nobinit_nopinit)
                  00005c0c    0000003a     libclang_rt.builtins.a : comparesf2.S.obj (.text.__eqsf2)
                  00005c46    00000002     --HOLE-- [fill = 0]
                  00005c48    0000003a                            : muldsi3.S.obj (.text.__muldsi3)
                  00005c82    00000038     No_Mcu_Ganv_Grayscale_Sensor.o (.text.Get_Normalize_For_User)
                  00005cba    00000002     --HOLE-- [fill = 0]
                  00005cbc    00000038     Motor.o (.text.Motor_Coast)
                  00005cf4    00000038     ti_msp_dl_config.o (.text.SYSCFG_DL_init)
                  00005d2c    00000038     libclang_rt.builtins.a : fixsfsi.S.obj (.text.__fixsfsi)
                  00005d64    00000036     No_Mcu_Ganv_Grayscale_Sensor.o (.text.Get_Anolog_Value)
                  00005d9a    00000002     --HOLE-- [fill = 0]
                  00005d9c    00000034     Easy_Menu_Item.o (.text.Goto_Item_Init)
                  00005dd0    00000034     OLED.o (.text.I2C_Start)
                  00005e04    00000034     ti_msp_dl_config.o (.text.SYSCFG_DL_SYSCTL_init)
                  00005e38    00000030     ti_msp_dl_config.o (.text.DL_DMA_setTransferSize)
                  00005e68    00000030     ti_msp_dl_config.o (.text.DL_GPIO_initDigitalOutputFeatures)
                  00005e98    00000030     Easy_Menu.o (.text.Display_Char_Line)
                  00005ec8    00000030     Motor.o (.text.Motor_Init)
                  00005ef8    00000030     delay.o (.text.SysTick_Handler)
                  00005f28    00000030     libc.a : _printfi.c.obj (.text._fcpy)
                  00005f58    00000030            : vsnprintf.c.obj (.text._outs)
                  00005f88    0000002e     Easy_Menu_Item.o (.text.Goto_Item_Input)
                  00005fb6    00000002     --HOLE-- [fill = 0]
                  00005fb8    0000002c     ti_msp_dl_config.o (.text.DL_ADC12_setDMASamplesCnt)
                  00005fe4    0000002c     Knob_drv.o (.text.GROUP1_IRQHandler)
                  00006010    0000002c     Knob_drv.o (.text.__NVIC_EnableIRQ)
                  0000603c    0000002c     Motor.o (.text.__NVIC_EnableIRQ)
                  00006068    0000002c     libclang_rt.builtins.a : floatsidf.S.obj (.text.__floatsidf)
                  00006094    0000002a     Easy_Menu.o (.text.Display_Char)
                  000060be    00000002     --HOLE-- [fill = 0]
                  000060c0    00000028     Easy_Menu_User.o (.text.Cal_Black_Callback)
                  000060e8    00000028     Easy_Menu_User.o (.text.Cal_White_Callback)
                  00006110    00000028     ti_msp_dl_config.o (.text.DL_Common_updateReg)
                  00006138    00000028     Trackline.o (.text.DL_DMA_setDestAddr)
                  00006160    00000028     Trackline.o (.text.DL_DMA_setSrcAddr)
                  00006188    00000028     Easy_Menu_Core.o (.text.Easy_Menu_Input)
                  000061b0    00000028     OLED.o (.text.I2C_Stop)
                  000061d8    00000028     OLED.o (.text.I2C_WaitAck)
                  00006200    00000028     Motor.o (.text.Motor_SetSpeed)
                  00006228    00000028     ti_msp_dl_config.o (.text.SYSCFG_DL_DMA_detector_out_init)
                  00006250    00000028     libc.a : boot_cortex_m.c.obj (.text:_c_int00_noargs)
                  00006278    00000026     Trackline.o (.text.DL_DMA_enableChannel)
                  0000629e    00000002     --HOLE-- [fill = 0]
                  000062a0    00000024     Beep.o (.text.Beep_Stop)
                  000062c4    00000024     libclang_rt.builtins.a : floatunsidf.S.obj (.text.__floatunsidf)
                  000062e8    00000024                            : muldi3.S.obj (.text.__muldi3)
                  0000630c    00000022     libc.a : memccpy.c.obj (.text.memccpy)
                  0000632e    00000002     --HOLE-- [fill = 0]
                  00006330    00000020     ti_msp_dl_config.o (.text.DL_GPIO_initPeripheralInputFunction)
                  00006350    00000020     Easy_Menu_User.o (.text.Trackline_Start_Callback)
                  00006370    00000020     delay.o (.text.delay_ms)
                  00006390    0000001e     ti_msp_dl_config.o (.text.DL_UART_setOversampling)
                  000063ae    00000002     --HOLE-- [fill = 0]
                  000063b0    0000001e     libclang_rt.builtins.a : ashldi3.S.obj (.text.__ashldi3)
                  000063ce    00000002     --HOLE-- [fill = 0]
                  000063d0    0000001c     ti_msp_dl_config.o (.text.DL_ADC12_enableDMA)
                  000063ec    0000001c     ti_msp_dl_config.o (.text.DL_ADC12_enableDMATrigger)
                  00006408    0000001c     Trackline.o (.text.DL_ADC12_startConversion)
                  00006424    0000001c     Knob_drv.o (.text.DL_GPIO_clearInterruptStatus)
                  00006440    0000001c     Motor.o (.text.DL_GPIO_clearInterruptStatus)
                  0000645c    0000001c     ti_msp_dl_config.o (.text.DL_GPIO_clearInterruptStatus)
                  00006478    0000001c     ti_msp_dl_config.o (.text.DL_GPIO_enableInterrupt)
                  00006494    0000001c     ti_msp_dl_config.o (.text.DL_GPIO_initPeripheralOutputFunction)
                  000064b0    0000001c     ti_msp_dl_config.o (.text.DL_GPIO_setLowerPinsPolarity)
                  000064cc    0000001c     Knob_drv.o (.text.DL_Interrupt_getPendingGroup)
                  000064e8    0000001c     ti_msp_dl_config.o (.text.DL_SYSCTL_setSYSOSCFreq)
                  00006504    0000001c     driverlib.a : dl_timer.o (.text.DL_Timer_setCaptCompUpdateMethod)
                  00006520    0000001c                 : dl_timer.o (.text.DL_Timer_setClockConfig)
                  0000653c    00000018     ti_msp_dl_config.o (.text.DL_ADC12_enablePower)
                  00006554    00000018     ti_msp_dl_config.o (.text.DL_ADC12_reset)
                  0000656c    00000018     ti_msp_dl_config.o (.text.DL_ADC12_setSampleTime0)
                  00006584    00000018     ti_msp_dl_config.o (.text.DL_GPIO_enableOutput)
                  0000659c    00000018     ti_msp_dl_config.o (.text.DL_GPIO_enablePower)
                  000065b4    00000018     Knob_drv.o (.text.DL_GPIO_getEnabledInterruptStatus)
                  000065cc    00000018     Motor.o (.text.DL_GPIO_getEnabledInterruptStatus)
                  000065e4    00000018     ti_msp_dl_config.o (.text.DL_GPIO_initDigitalOutput)
                  000065fc    00000018     ti_msp_dl_config.o (.text.DL_GPIO_reset)
                  00006614    00000018     Beep.o (.text.DL_GPIO_setPins)
                  0000662c    00000018     Motor.o (.text.DL_GPIO_setPins)
                  00006644    00000018     No_Mcu_Ganv_Grayscale_Sensor.o (.text.DL_GPIO_setPins)
                  0000665c    00000018     OLED.o (.text.DL_GPIO_setPins)
                  00006674    00000018     ti_msp_dl_config.o (.text.DL_GPIO_setPins)
                  0000668c    00000018     ti_msp_dl_config.o (.text.DL_GPIO_setUpperPinsPolarity)
                  000066a4    00000018     ti_msp_dl_config.o (.text.DL_SYSCTL_setBORThreshold)
                  000066bc    00000018     ti_msp_dl_config.o (.text.DL_Timer_enablePower)
                  000066d4    00000018     ti_msp_dl_config.o (.text.DL_Timer_reset)
                  000066ec    00000018     driverlib.a : dl_timer.o (.text.DL_Timer_setCaptureCompareOutCtl)
                  00006704    00000018     ti_msp_dl_config.o (.text.DL_Timer_setLoadValue)
                  0000671c    00000018     ti_msp_dl_config.o (.text.DL_Timer_startCounter)
                  00006734    00000018     ti_msp_dl_config.o (.text.DL_UART_enablePower)
                  0000674c    00000018     ti_msp_dl_config.o (.text.DL_UART_reset)
                  00006764    00000018     libc.a : vsnprintf.c.obj (.text._outc)
                  0000677c    00000016     ti_msp_dl_config.o (.text.DL_ADC12_enableConversions)
                  00006792    00000016     Knob_drv.o (.text.DL_GPIO_readPins)
                  000067a8    00000016     Motor.o (.text.DL_GPIO_readPins)
                  000067be    00000016     ti_msp_dl_config.o (.text.DL_UART_enable)
                  000067d4    00000014     Beep.o (.text.DL_GPIO_clearPins)
                  000067e8    00000014     Motor.o (.text.DL_GPIO_clearPins)
                  000067fc    00000014     No_Mcu_Ganv_Grayscale_Sensor.o (.text.DL_GPIO_clearPins)
                  00006810    00000014     OLED.o (.text.DL_GPIO_clearPins)
                  00006824    00000014     ti_msp_dl_config.o (.text.DL_GPIO_clearPins)
                  00006838    00000014     ti_msp_dl_config.o (.text.DL_SYSCTL_disableSYSPLL)
                  0000684c    00000014     ti_msp_dl_config.o (.text.DL_SYSCTL_enableMFCLK)
                  00006860    00000014     ti_msp_dl_config.o (.text.DL_Timer_enableClock)
                  00006874    00000014     ti_msp_dl_config.o (.text.DL_Timer_setCCPDirection)
                  00006888    00000014     Motor.o (.text.Motor_B_EncoderInit)
                  0000689c    00000014     Easy_Menu_Page.o (.text.Ordinary_Page_Exit)
                  000068b0    00000014     Easy_Menu_User.o (.text.Track_Pid__Kd_Callback)
                  000068c4    00000014     Easy_Menu_User.o (.text.Track_Pid__Kp_Callback)
                  000068d8    00000014     libclang_rt.builtins.a : aeabi_uldivmod.S.obj (.text.__aeabi_uldivmod)
                  000068ec    00000014     libc.a : _printfi.c.obj (.text.strchr)
                  00006900    00000012     driverlib.a : dl_uart.o (.text.DL_UART_setClockConfig)
                  00006912    00000012     libc.a : memcpy16.S.obj (.text:TI_memcpy_small)
                  00006924    00000012            : copy_decompress_none.c.obj (.text:decompress:none)
                  00006936    00000002     --HOLE-- [fill = 0]
                  00006938    00000010     ti_msp_dl_config.o (.text.DL_SYSCTL_disableHFXT)
                  00006948    00000010     driverlib.a : dl_timer.o (.text.DL_Timer_setCaptureCompareValue)
                  00006958    00000010     libc.a : wcslen.c.obj (.text.wcslen)
                  00006968    00000010            : copy_zero_init.c.obj (.text:decompress:ZI)
                  00006978    0000000e     libclang_rt.builtins.a : aeabi_memset.S.obj (.text.__aeabi_memset)
                  00006986    0000000e     libc.a : _printfi.c.obj (.text.strlen)
                  00006994    0000000e            : strlen.c.obj (.text.strlen)
                  000069a2    0000000e            : memset16.S.obj (.text:TI_memset_small)
                  000069b0    0000000c     ti_msp_dl_config.o (.text.SYSCFG_DL_SYSTICK_init)
                  000069bc    0000000c     libclang_rt.builtins.a : aeabi_memset.S.obj (.text.__aeabi_memclr)
                  000069c8    0000000a     driverlib.a : dl_common.o (.text.DL_Common_delayCycles)
                  000069d2    0000000a     Knob_drv.o (.text.Knob_Init)
                  000069dc    0000000a     libc.a : _printfi.c.obj (.text.OUTLINED_FUNCTION_0)
                  000069e6    00000002     --HOLE-- [fill = 0]
                  000069e8    00000010     libclang_rt.builtins.a : adddf3.S.obj (.tramp.__aeabi_dsub.1)
                  000069f8    0000000a     libc.a : _printfi.c.obj (.text.OUTLINED_FUNCTION_1)
                  00006a02    00000008     ti_msp_dl_config.o (.text.SYSCFG_DL_DMA_init)
                  00006a0a    00000008     Easy_Menu_User.o (.text.Trackline__Round_Callback)
                  00006a12    00000002     --HOLE-- [fill = 0]
                  00006a14    00000008     libc.a : aeabi_portable.c.obj (.text.__aeabi_errno_addr)
                  00006a1c    00000008     libclang_rt.builtins.a : aeabi_memcpy.S.obj (.text.__aeabi_memcpy)
                  00006a24    00000006     libc.a : exit.c.obj (.text:abort)
                  00006a2a    00000004     startup_mspm0g350x_ticlang.o (.text.Default_Handler)
                  00006a2e    00000004     libsysbm.a : hostexit.c.obj (.text.HOSTexit)
                  00006a32    00000004     startup_mspm0g350x_ticlang.o (.text.Reset_Handler)
                  00006a36    00000004     libc.a : pre_init.c.obj (.text._system_pre_init)
                  00006a3a    00000006     --HOLE-- [fill = 0]

.cinit     0    00007470    00000068     
                  00007470    00000044     (.cinit..data.load) [load image, compression = lzss]
                  000074b4    0000000c     (__TI_handler_table)
                  000074c0    00000008     (.cinit..bss.load) [load image, compression = zero_init]
                  000074c8    00000010     (__TI_cinit_table)

.rodata    0    00006a40    00000a30     
                  00006a40    000005f0     OLED.o (.rodata.asc2_1608)
                  00007030    00000228     OLED.o (.rodata.asc2_0806)
                  00007258    00000008     ti_msp_dl_config.o (.rodata.gADC_line_detectorClockConfig)
                  00007260    00000101     libc.a : aeabi_ctype.S.obj (.rodata:__aeabi_ctype_table_)
                  00007361    00000003     ti_msp_dl_config.o (.rodata.gPWM_0ClockConfig)
                  00007364    00000018     ti_msp_dl_config.o (.rodata.gDMA_detector_outConfig)
                  0000737c    00000011     libc.a : _printfi.c.obj (.rodata.str1.10348868589481759720.1)
                  0000738d    00000011            : _printfi.c.obj (.rodata.str1.15363888844622738466.1)
                  0000739e    00000010     Trackline.o (.rodata.WEIGHTS)
                  000073ae    0000000e     Easy_Menu_User.o (.rodata.str1.11177260976807265928.1)
                  000073bc    0000000c     Easy_Menu_User.o (.rodata.str1.1318127491109019352.1)
                  000073c8    0000000c     Easy_Menu_User.o (.rodata.str1.14456782623604785242.1)
                  000073d4    0000000b     Easy_Menu_User.o (.rodata.str1.8423479308304406733.1)
                  000073df    00000001     --HOLE-- [fill = 0]
                  000073e0    0000000a     ti_msp_dl_config.o (.rodata.gUART_0Config)
                  000073ea    0000000a     ti_msp_dl_config.o (.rodata.gUART_UPConfig)
                  000073f4    0000000a     Easy_Menu_User.o (.rodata.str1.11262980610456716024.1)
                  000073fe    0000000a     Easy_Menu_User.o (.rodata.str1.15320261422703930955.1)
                  00007408    0000000a     Easy_Menu_User.o (.rodata.str1.17975632479887315808.1)
                  00007412    00000009     Easy_Menu_User.o (.rodata.str1.16980020722660603416.1)
                  0000741b    00000009     Easy_Menu_User.o (.rodata.str1.3897238317517470892.1)
                  00007424    00000008     ti_msp_dl_config.o (.rodata.gPWM_0Config)
                  0000742c    00000007     Easy_Menu_Page.o (.rodata.str1.10162903526471618397.1)
                  00007433    00000006     Easy_Menu_User.o (.rodata.str1.10308413330439174504.1)
                  00007439    00000006     Easy_Menu_Page.o (.rodata.str1.11602794411890177903.1)
                  0000743f    00000005     Easy_Menu_Page.o (.rodata.str1.10541918737141963520.1)
                  00007444    00000005     Easy_Menu_Page.o (.rodata.str1.14526947901870425149.1)
                  00007449    00000005     Easy_Menu_Page.o (.rodata.str1.17342757695734682319.1)
                  0000744e    00000005     Easy_Menu_User.o (.rodata.str1.2484268131311446048.1)
                  00007453    00000005     Easy_Menu_Page.o (.rodata.str1.2927598468843798870.1)
                  00007458    00000003     ti_msp_dl_config.o (.rodata.gQEI_0ClockConfig)
                  0000745b    00000002     ti_msp_dl_config.o (.rodata.gUART_0ClockConfig)
                  0000745d    00000002     ti_msp_dl_config.o (.rodata.gUART_UPClockConfig)
                  0000745f    00000002     Easy_Menu_Page.o (.rodata.str1.6187967722562398102.1)
                  00007461    0000000f     --HOLE-- [fill = 0]

.init_array 
*          0    00000000    00000000     UNINITIALIZED

.binit     0    00000000    00000000     

.bss       0    20200000    00000434     UNINITIALIZED
                  20200000    000000b0     Trackline.o (.bss.sensor)
                  202000b0    000000a0     (.common:easy_menu)
                  20200150    000000a0     (.common:gQEI_0Backup)
                  202001f0    00000050     (.common:ADC_VALUE)
                  20200240    0000002c     (.common:track_pid__kd)
                  2020026c    0000002c     (.common:track_pid__kp)
                  20200298    0000002c     (.common:trackline__round)
                  202002c4    00000028     (.common:Cal_page)
                  202002ec    00000028     (.common:Tasks)
                  20200314    00000028     (.common:home_page)
                  2020033c    00000028     (.common:trackline)
                  20200364    00000028     (.common:trackline_pid__page)
                  2020038c    00000018     (.common:Cal_black)
                  202003a4    00000018     (.common:Cal_white)
                  202003bc    00000018     (.common:trackline_start)
                  202003d4    00000014     (.common:goto__Cal_page)
                  202003e8    00000014     (.common:goto__Tasks)
                  202003fc    00000014     (.common:goto__trackline)
                  20200410    00000014     (.common:goto__trackline_pid__page)
                  20200424    00000010     Trackline.o (.bss.Normal)

.data      0    20200434    000000a1     UNINITIALIZED
                  20200434    00000018     Trackline.o (.data.g_Trackline)
                  2020044c    00000010     Trackline.o (.data.Anolog)
                  2020045c    00000010     Easy_Menu_User.o (.data.Easy_Menu_Ui_Data)
                  2020046c    00000010     Trackline.o (.data.black)
                  2020047c    00000010     Trackline.o (.data.white)
                  2020048c    0000000c     Easy_Menu_User.o (.data.home_page_items)
                  20200498    00000008     Easy_Menu_User.o (.data.Cal_page_items)
                  202004a0    00000008     Easy_Menu_User.o (.data.trackline_items)
                  202004a8    00000008     Easy_Menu_User.o (.data.trackline_pid__page_items)
                  202004b0    00000004     Easy_Menu_User.o (.data.Tasks_items)
                  202004b4    00000004     libc.a : aeabi_portable.c.obj (.data.__aeabi_errno)
                  202004b8    00000004     delay.o (.data.delay_times)
                  202004bc    00000004     delay.o (.data.g_SystemTick)
                  202004c0    00000004     Motor.o (.data.g_encoderB_cnt)
                  202004c4    00000004     Beep.o (.data.s_tick_start)
                  202004c8    00000002     Beep.o (.data.s_off_time)
                  202004ca    00000002     Beep.o (.data.s_on_time)
                  202004cc    00000002     Knob_drv.o (.data.s_press_cnt)
                  202004ce    00000001     Knob_drv.o (.data.g_KnobEvent)
                  202004cf    00000001     Knob_drv.o (.data.menu_move)
                  202004d0    00000001     Beep.o (.data.s_cycle_cnt)
                  202004d1    00000001     Beep.o (.data.s_cycle_target)
                  202004d2    00000001     Knob_drv.o (.data.s_long_pressed)
                  202004d3    00000001     Beep.o (.data.s_mode)
                  202004d4    00000001     Beep.o (.data.s_state)

.stack     0    20207e00    00000200     UNINITIALIZED
                  20207e00    00000004     libc.a : boot_cortex_m.c.obj (.stack)
                  20207e04    000001fc     --HOLE--

__llvm_prf_cnts 
*          0    20200000    00000000     UNINITIALIZED

__llvm_prf_bits 
*          0    20200000    00000000     UNINITIALIZED

MODULE SUMMARY

       Module                           code    ro data   rw data
       ------                           ----    -------   -------
    .\
       ti_msp_dl_config.o               2812    70        160    
       startup_mspm0g350x_ticlang.o     8       192       0      
       main.o                           92      0         0      
    +--+--------------------------------+-------+---------+---------+
       Total:                           2912    262       160    
                                                                 
    .\APP\
       Trackline.o                      962     16        264    
    +--+--------------------------------+-------+---------+---------+
       Total:                           962     16        264    
                                                                 
    .\BSP\
       delay.o                          80      0         8      
    +--+--------------------------------+-------+---------+---------+
       Total:                           80      0         8      
                                                                 
    .\Drive\Beep\
       Beep.o                           584     0         12     
    +--+--------------------------------+-------+---------+---------+
       Total:                           584     0         12     
                                                                 
    .\Drive\Grayscale_Sensor\
       No_Mcu_Ganv_Grayscale_Sensor.o   1188    0         0      
       ADC.o                            92      0         80     
    +--+--------------------------------+-------+---------+---------+
       Total:                           1280    0         80     
                                                                 
    .\Drive\Knob\
       Knob_drv.o                       572     0         5      
    +--+--------------------------------+-------+---------+---------+
       Total:                           572     0         5      
                                                                 
    .\Drive\Motor\
       Motor.o                          882     0         4      
    +--+--------------------------------+-------+---------+---------+
       Total:                           882     0         4      
                                                                 
    .\Drive\OLED_Drv\
       OLED.o                           1066    2072      0      
    +--+--------------------------------+-------+---------+---------+
       Total:                           1066    2072      0      
                                                                 
    .\Menu\
       Easy_Menu_Page.o                 4552    35        0      
       Easy_Menu_Item.o                 2442    0         0      
       Easy_Menu.o                      1856    0         160    
       Easy_Menu_User.o                 692     108       540    
       Easy_Menu_Core.o                 360     0         0      
    +--+--------------------------------+-------+---------+---------+
       Total:                           9902    143       700    
                                                                 
    D:/MSP-SDK/mspm0_sdk_2_10_00_04/source/ti/driverlib/lib/ticlang/m0p/mspm0g1x0x_g3x0x/driverlib.a
       dl_timer.o                       356     0         0      
       dl_uart.o                        90      0         0      
       dl_dma.o                         76      0         0      
       dl_adc12.o                       64      0         0      
       dl_common.o                      10      0         0      
    +--+--------------------------------+-------+---------+---------+
       Total:                           596     0         0      
                                                                 
    D:\CCS\ccs\tools\compiler\ti-cgt-armllvm_4.0.4.LTS\lib\armv6m-ti-none-eabi/c/libc.a
       _printfi.c.obj                   4510    34        0      
       aeabi_ctype.S.obj                0       257       0      
       s_scalbn.c.obj                   216     0         0      
       vsnprintf.c.obj                  136     0         0      
       copy_decompress_lzss.c.obj       124     0         0      
       s_frexp.c.obj                    92      0         0      
       _ltoa.c.obj                      88      0         0      
       atoi.c.obj                       64      0         0      
       autoinit.c.obj                   60      0         0      
       boot_cortex_m.c.obj              40      0         0      
       memccpy.c.obj                    34      0         0      
       copy_decompress_none.c.obj       18      0         0      
       memcpy16.S.obj                   18      0         0      
       copy_zero_init.c.obj             16      0         0      
       wcslen.c.obj                     16      0         0      
       memset16.S.obj                   14      0         0      
       strlen.c.obj                     14      0         0      
       aeabi_portable.c.obj             8       0         4      
       exit.c.obj                       6       0         0      
       pre_init.c.obj                   4       0         0      
    +--+--------------------------------+-------+---------+---------+
       Total:                           5478    291       4      
                                                                 
    D:\CCS\ccs\tools\compiler\ti-cgt-armllvm_4.0.4.LTS\lib\armv6m-ti-none-eabi/c/libsysbm.a
       hostexit.c.obj                   4       0         0      
    +--+--------------------------------+-------+---------+---------+
       Total:                           4       0         0      
                                                                 
    D:\CCS\ccs\tools\compiler\ti-cgt-armllvm_4.0.4.LTS\lib\armv6m-ti-none-eabi/libclang_rt.builtins.a
       adddf3.S.obj                     418     0         0      
       divdf3.S.obj                     268     0         0      
       muldf3.S.obj                     228     0         0      
       comparedf2.c.obj                 220     0         0      
       addsf3.S.obj                     216     0         0      
       udivmoddi4.S.obj                 162     0         0      
       mulsf3.S.obj                     140     0         0      
       comparesf2.S.obj                 118     0         0      
       aeabi_dcmp.S.obj                 98      0         0      
       aeabi_fcmp.S.obj                 98      0         0      
       aeabi_idivmod.S.obj              86      0         0      
       fixdfsi.S.obj                    74      0         0      
       aeabi_uidivmod.S.obj             64      0         0      
       extendsfdf2.S.obj                64      0         0      
       floatsisf.S.obj                  60      0         0      
       muldsi3.S.obj                    58      0         0      
       fixsfsi.S.obj                    56      0         0      
       floatsidf.S.obj                  44      0         0      
       floatunsidf.S.obj                36      0         0      
       muldi3.S.obj                     36      0         0      
       ashldi3.S.obj                    30      0         0      
       aeabi_memset.S.obj               26      0         0      
       aeabi_uldivmod.S.obj             20      0         0      
       aeabi_memcpy.S.obj               8       0         0      
       aeabi_div0.c.obj                 4       0         0      
    +--+--------------------------------+-------+---------+---------+
       Total:                           2632    0         0      
                                                                 
       Stack:                           0       0         512    
       Linker Generated:                0       104       0      
    +--+--------------------------------+-------+---------+---------+
       Grand Total:                     26950   2888      1749   


LINKER GENERATED COPY TABLES

__TI_cinit_table @ 000074c8 records: 2, size/record: 8, table size: 16
	.data: load addr=00007470, load size=00000044 bytes, run addr=20200434, run size=000000a1 bytes, compression=lzss
	.bss: load addr=000074c0, load size=00000008 bytes, run addr=20200000, run size=00000434 bytes, compression=zero_init


LINKER GENERATED HANDLER TABLE

__TI_handler_table @ 000074b4 records: 3, size/record: 4, table size: 12
	index: 0, handler: __TI_decompress_lzss
	index: 1, handler: __TI_decompress_none
	index: 2, handler: __TI_zero_init


FAR CALL TRAMPOLINES

callee name               trampoline name
   callee addr  tramp addr   call addr  call info
--------------  -----------  ---------  ----------------
__aeabi_dsub              $Tramp$TT$L$PI$$__aeabi_dsub
   00003055     000069e8     000069e4   libc.a : _printfi.c.obj (.text.OUTLINED_FUNCTION_0)

[1 trampolines]
[1 trampoline calls]


GLOBAL SYMBOLS: SORTED ALPHABETICALLY BY Name 

address   name                                
-------   ----                                
00006a2b  ADC0_IRQHandler                     
00006a2b  ADC1_IRQHandler                     
202001f0  ADC_VALUE                           
00006a2b  AES_IRQHandler                      
000062a1  Beep_Stop                           
00003e01  Beep_Tick_1ms                       
00004051  Beep_Trigger                        
00006a2e  C$$EXIT                             
00006a2b  CANFD0_IRQHandler                   
000060c1  Cal_Black_Callback                  
000060e9  Cal_White_Callback                  
2020038c  Cal_black                           
202002c4  Cal_page                            
20200498  Cal_page_items                      
202003a4  Cal_white                           
0000530f  Compare_String                      
00006a2b  DAC0_IRQHandler                     
000057f1  DL_ADC12_setClockConfig             
000069c9  DL_Common_delayCycles               
000055a5  DL_DMA_initChannel                  
0000396d  DL_Timer_initFourCCPWMMode          
00006505  DL_Timer_setCaptCompUpdateMethod    
000066ed  DL_Timer_setCaptureCompareOutCtl    
00006949  DL_Timer_setCaptureCompareValue     
00006521  DL_Timer_setClockConfig             
00005721  DL_UART_init                        
00006901  DL_UART_setClockConfig              
00006a2b  DMA_IRQHandler                      
00003ecd  Data_Item_Init                      
00001261  Data_Item_Input                     
00006a2b  Default_Handler                     
00006095  Display_Char                        
00005e99  Display_Char_Line                   
00004fe9  Easy_Menu_All_Clear                 
00001a25  Easy_Menu_All_Update                
0000442d  Easy_Menu_Area_Clear                
000049f9  Easy_Menu_Display                   
00005769  Easy_Menu_Display_Char              
000046f5  Easy_Menu_Display_String            
000044bd  Easy_Menu_Goto_Page                 
00005a2d  Easy_Menu_Init                      
00006189  Easy_Menu_Input                     
00005a69  Easy_Menu_Printf                    
2020045c  Easy_Menu_Ui_Data                   
00002a8d  Easy_Menu_Ui_Init                   
00006a2b  GROUP0_IRQHandler                   
00005fe5  GROUP1_IRQHandler                   
00003f99  Get_Analog_value                    
00005d65  Get_Anolog_Value                    
00005c83  Get_Normalize_For_User              
00005d9d  Goto_Item_Init                      
00005f89  Goto_Item_Input                     
00006a2f  HOSTexit                            
00006a2b  HardFault_Handler                   
00006a2b  I2C0_IRQHandler                     
00006a2b  I2C1_IRQHandler                     
00005dd1  I2C_Start                           
000061b1  I2C_Stop                            
000061d9  I2C_WaitAck                         
000053b9  Knob_EXTI_Handler                   
000069d3  Knob_Init                           
00004801  Knob_Tick_1ms                       
00004255  Knob_get                            
000042f5  Motor_A_SetSpeed                    
00004881  Motor_B_EncoderIRQHandler           
00006889  Motor_B_EncoderInit                 
00004391  Motor_B_SetSpeed                    
00005cbd  Motor_Coast                         
00005ec9  Motor_Init                          
00006201  Motor_SetSpeed                      
00006a2b  NMI_Handler                         
000031e9  No_MCU_Ganv_Sensor_Init             
00004bc9  No_MCU_Ganv_Sensor_Init_Frist       
000057ad  No_Mcu_Ganv_Sensor_Task_Without_tick
00004d81  OLED_Clear                          
00003a71  OLED_Init                           
00005aa5  OLED_Set_Pos                        
00003749  OLED_ShowChar                       
00005555  OLED_WR_Byte                        
00002e7d  Ordinary_Page_Display               
00001ec5  Ordinary_Page_Enter                 
0000689d  Ordinary_Page_Exit                  
00004901  Ordinary_Page_Init                  
00000a91  Ordinary_Page_Input                 
000022f1  Ordinary_Page_Refresh               
00006a2b  PendSV_Handler                      
00006a2b  RTC_IRQHandler                      
00006a33  Reset_Handler                       
00006a2b  SPI0_IRQHandler                     
00006a2b  SPI1_IRQHandler                     
00006a2b  SVC_Handler                         
00004c3d  SYSCFG_DL_ADC_line_detector_init    
00006229  SYSCFG_DL_DMA_detector_out_init     
00006a03  SYSCFG_DL_DMA_init                  
00003371  SYSCFG_DL_GPIO_init                 
0000454d  SYSCFG_DL_PWM_0_init                
000054b5  SYSCFG_DL_QEI_0_init                
00005e05  SYSCFG_DL_SYSCTL_init               
000069b1  SYSCFG_DL_SYSTICK_init              
00005831  SYSCFG_DL_UART_0_init               
00005871  SYSCFG_DL_UART_UP_init              
00005cf5  SYSCFG_DL_init                      
000045dd  SYSCFG_DL_initPower                 
00004a6d  Send_Byte                           
000058b1  Switch_Item_Init                    
00005159  Switch_Item_Input                   
00005ef9  SysTick_Handler                     
00006a2b  TIMA0_IRQHandler                    
00006a2b  TIMA1_IRQHandler                    
00006a2b  TIMG0_IRQHandler                    
00006a2b  TIMG12_IRQHandler                   
00006a2b  TIMG6_IRQHandler                    
00006a2b  TIMG7_IRQHandler                    
00006a2b  TIMG8_IRQHandler                    
00006913  TI_memcpy_small                     
000069a3  TI_memset_small                     
202002ec  Tasks                               
202004b0  Tasks_items                         
000068b1  Track_Pid__Kd_Callback              
000068c5  Track_Pid__Kp_Callback              
00004ca9  Trackline_Calibrate_Black           
000051b1  Trackline_Calibrate_White           
0000540d  Trackline_Init                      
00006351  Trackline_Start_Callback            
00002875  Trackline_Task                      
00006a0b  Trackline__Round_Callback           
00006a2b  UART0_IRQHandler                    
00006a2b  UART1_IRQHandler                    
00006a2b  UART2_IRQHandler                    
00006a2b  UART3_IRQHandler                    
20208000  __STACK_END                         
00000200  __STACK_SIZE                        
00000000  __TI_ATRegion0_region_sz            
00000000  __TI_ATRegion0_src_addr             
00000000  __TI_ATRegion0_trg_addr             
00000000  __TI_ATRegion1_region_sz            
00000000  __TI_ATRegion1_src_addr             
00000000  __TI_ATRegion1_trg_addr             
00000000  __TI_ATRegion2_region_sz            
00000000  __TI_ATRegion2_src_addr             
00000000  __TI_ATRegion2_trg_addr             
000074c8  __TI_CINIT_Base                     
000074d8  __TI_CINIT_Limit                    
000074d8  __TI_CINIT_Warm                     
000074b4  __TI_Handler_Table_Base             
000074c0  __TI_Handler_Table_Limit            
00005bd1  __TI_auto_init_nobinit_nopinit      
0000497d  __TI_decompress_lzss                
00006925  __TI_decompress_none                
00005209  __TI_ltoa                           
ffffffff  __TI_pprof_out_hndl                 
000000c1  __TI_printfi                        
ffffffff  __TI_prof_data_size                 
ffffffff  __TI_prof_data_start                
00000000  __TI_static_base__                  
00006969  __TI_zero_init                      
0000305f  __adddf3                            
00003d33  __addsf3                            
00007260  __aeabi_ctype_table_                
00007260  __aeabi_ctype_table_C               
000056d5  __aeabi_d2iz                        
0000305f  __aeabi_dadd                        
00004f21  __aeabi_dcmpeq                      
00004f5d  __aeabi_dcmpge                      
00004f71  __aeabi_dcmpgt                      
00004f49  __aeabi_dcmple                      
00004f35  __aeabi_dcmplt                      
00003861  __aeabi_ddiv                        
00003b6d  __aeabi_dmul                        
00003055  __aeabi_dsub                        
202004b4  __aeabi_errno                       
00006a15  __aeabi_errno_addr                  
00005931  __aeabi_f2d                         
00005d2d  __aeabi_f2iz                        
00003d33  __aeabi_fadd                        
00004f85  __aeabi_fcmpeq                      
00004fc1  __aeabi_fcmpge                      
00004fd5  __aeabi_fcmpgt                      
00004fad  __aeabi_fcmple                      
00004f99  __aeabi_fcmplt                      
00004669  __aeabi_fmul                        
00003d29  __aeabi_fsub                        
00006069  __aeabi_i2d                         
00005ae1  __aeabi_i2f                         
000052b9  __aeabi_idiv                        
000031e7  __aeabi_idiv0                       
000052b9  __aeabi_idivmod                     
00003b6b  __aeabi_ldiv0                       
000063b1  __aeabi_llsl                        
000062e9  __aeabi_lmul                        
000069bd  __aeabi_memclr                      
000069bd  __aeabi_memclr4                     
000069bd  __aeabi_memclr8                     
00006a1d  __aeabi_memcpy                      
00006a1d  __aeabi_memcpy4                     
00006a1d  __aeabi_memcpy8                     
00006979  __aeabi_memset                      
00006979  __aeabi_memset4                     
00006979  __aeabi_memset8                     
000062c5  __aeabi_ui2d                        
000058f1  __aeabi_uidiv                       
000058f1  __aeabi_uidivmod                    
000068d9  __aeabi_uldivmod                    
000063b1  __ashldi3                           
ffffffff  __binit__                           
00004ded  __cmpdf2                            
00005c0d  __cmpsf2                            
00003861  __divdf3                            
00004ded  __eqdf2                             
00005c0d  __eqsf2                             
00005931  __extendsfdf2                       
000056d5  __fixdfsi                           
00005d2d  __fixsfsi                           
00006069  __floatsidf                         
00005ae1  __floatsisf                         
000062c5  __floatunsidf                       
00004ae1  __gedf2                             
00005b1d  __gesf2                             
00004ae1  __gtdf2                             
00005b1d  __gtsf2                             
00004ded  __ledf2                             
00005c0d  __lesf2                             
00004ded  __ltdf2                             
00005c0d  __ltsf2                             
UNDEFED   __mpu_init                          
00003b6d  __muldf3                            
000062e9  __muldi3                            
00005c49  __muldsi3                           
00004669  __mulsf3                            
00004ded  __nedf2                             
00005c0d  __nesf2                             
20207e00  __stack                             
20200000  __start___llvm_prf_bits             
20200000  __start___llvm_prf_cnts             
20200000  __stop___llvm_prf_bits              
20200000  __stop___llvm_prf_cnts              
00003055  __subdf3                            
00003d29  __subsf3                            
000041b1  __udivmoddi4                        
00006251  _c_int00_noargs                     
UNDEFED   _system_post_cinit                  
00006a37  _system_pre_init                    
00006a25  abort                               
00005045  adc_getValue                        
00007030  asc2_0806                           
00006a40  asc2_1608                           
00005971  atoi                                
ffffffff  binit                               
00004d15  convertAnalogToDigital              
00006371  delay_ms                            
202004b8  delay_times                         
202000b0  easy_menu                           
000050a1  frexp                               
000050a1  frexpl                              
20200150  gQEI_0Backup                        
202004ce  g_KnobEvent                         
202004bc  g_SystemTick                        
20200434  g_Trackline                         
202003d4  goto__Cal_page                      
202003e8  goto__Tasks                         
202003fc  goto__trackline                     
20200410  goto__trackline_pid__page           
20200314  home_page                           
2020048c  home_page_items                     
00000000  interruptVectors                    
00003c51  ldexp                               
00003c51  ldexpl                              
000050fd  main                                
0000630d  memccpy                             
202004cf  menu_move                           
00004105  normalizeAnalogValues               
00003c51  scalbn                              
00003c51  scalbnl                             
00006995  strlen                              
20200240  track_pid__kd                       
2020026c  track_pid__kp                       
2020033c  trackline                           
20200298  trackline__round                    
202004a0  trackline_items                     
20200364  trackline_pid__page                 
202004a8  trackline_pid__page_items           
202003bc  trackline_start                     
000059b1  vsnprintf                           
00006959  wcslen                              


GLOBAL SYMBOLS: SORTED BY Symbol Address 

address   name                                
-------   ----                                
00000000  __TI_ATRegion0_region_sz            
00000000  __TI_ATRegion0_src_addr             
00000000  __TI_ATRegion0_trg_addr             
00000000  __TI_ATRegion1_region_sz            
00000000  __TI_ATRegion1_src_addr             
00000000  __TI_ATRegion1_trg_addr             
00000000  __TI_ATRegion2_region_sz            
00000000  __TI_ATRegion2_src_addr             
00000000  __TI_ATRegion2_trg_addr             
00000000  __TI_static_base__                  
00000000  interruptVectors                    
000000c1  __TI_printfi                        
00000200  __STACK_SIZE                        
00000a91  Ordinary_Page_Input                 
00001261  Data_Item_Input                     
00001a25  Easy_Menu_All_Update                
00001ec5  Ordinary_Page_Enter                 
000022f1  Ordinary_Page_Refresh               
00002875  Trackline_Task                      
00002a8d  Easy_Menu_Ui_Init                   
00002e7d  Ordinary_Page_Display               
00003055  __aeabi_dsub                        
00003055  __subdf3                            
0000305f  __adddf3                            
0000305f  __aeabi_dadd                        
000031e7  __aeabi_idiv0                       
000031e9  No_MCU_Ganv_Sensor_Init             
00003371  SYSCFG_DL_GPIO_init                 
00003749  OLED_ShowChar                       
00003861  __aeabi_ddiv                        
00003861  __divdf3                            
0000396d  DL_Timer_initFourCCPWMMode          
00003a71  OLED_Init                           
00003b6b  __aeabi_ldiv0                       
00003b6d  __aeabi_dmul                        
00003b6d  __muldf3                            
00003c51  ldexp                               
00003c51  ldexpl                              
00003c51  scalbn                              
00003c51  scalbnl                             
00003d29  __aeabi_fsub                        
00003d29  __subsf3                            
00003d33  __addsf3                            
00003d33  __aeabi_fadd                        
00003e01  Beep_Tick_1ms                       
00003ecd  Data_Item_Init                      
00003f99  Get_Analog_value                    
00004051  Beep_Trigger                        
00004105  normalizeAnalogValues               
000041b1  __udivmoddi4                        
00004255  Knob_get                            
000042f5  Motor_A_SetSpeed                    
00004391  Motor_B_SetSpeed                    
0000442d  Easy_Menu_Area_Clear                
000044bd  Easy_Menu_Goto_Page                 
0000454d  SYSCFG_DL_PWM_0_init                
000045dd  SYSCFG_DL_initPower                 
00004669  __aeabi_fmul                        
00004669  __mulsf3                            
000046f5  Easy_Menu_Display_String            
00004801  Knob_Tick_1ms                       
00004881  Motor_B_EncoderIRQHandler           
00004901  Ordinary_Page_Init                  
0000497d  __TI_decompress_lzss                
000049f9  Easy_Menu_Display                   
00004a6d  Send_Byte                           
00004ae1  __gedf2                             
00004ae1  __gtdf2                             
00004bc9  No_MCU_Ganv_Sensor_Init_Frist       
00004c3d  SYSCFG_DL_ADC_line_detector_init    
00004ca9  Trackline_Calibrate_Black           
00004d15  convertAnalogToDigital              
00004d81  OLED_Clear                          
00004ded  __cmpdf2                            
00004ded  __eqdf2                             
00004ded  __ledf2                             
00004ded  __ltdf2                             
00004ded  __nedf2                             
00004f21  __aeabi_dcmpeq                      
00004f35  __aeabi_dcmplt                      
00004f49  __aeabi_dcmple                      
00004f5d  __aeabi_dcmpge                      
00004f71  __aeabi_dcmpgt                      
00004f85  __aeabi_fcmpeq                      
00004f99  __aeabi_fcmplt                      
00004fad  __aeabi_fcmple                      
00004fc1  __aeabi_fcmpge                      
00004fd5  __aeabi_fcmpgt                      
00004fe9  Easy_Menu_All_Clear                 
00005045  adc_getValue                        
000050a1  frexp                               
000050a1  frexpl                              
000050fd  main                                
00005159  Switch_Item_Input                   
000051b1  Trackline_Calibrate_White           
00005209  __TI_ltoa                           
000052b9  __aeabi_idiv                        
000052b9  __aeabi_idivmod                     
0000530f  Compare_String                      
000053b9  Knob_EXTI_Handler                   
0000540d  Trackline_Init                      
000054b5  SYSCFG_DL_QEI_0_init                
00005555  OLED_WR_Byte                        
000055a5  DL_DMA_initChannel                  
000056d5  __aeabi_d2iz                        
000056d5  __fixdfsi                           
00005721  DL_UART_init                        
00005769  Easy_Menu_Display_Char              
000057ad  No_Mcu_Ganv_Sensor_Task_Without_tick
000057f1  DL_ADC12_setClockConfig             
00005831  SYSCFG_DL_UART_0_init               
00005871  SYSCFG_DL_UART_UP_init              
000058b1  Switch_Item_Init                    
000058f1  __aeabi_uidiv                       
000058f1  __aeabi_uidivmod                    
00005931  __aeabi_f2d                         
00005931  __extendsfdf2                       
00005971  atoi                                
000059b1  vsnprintf                           
00005a2d  Easy_Menu_Init                      
00005a69  Easy_Menu_Printf                    
00005aa5  OLED_Set_Pos                        
00005ae1  __aeabi_i2f                         
00005ae1  __floatsisf                         
00005b1d  __gesf2                             
00005b1d  __gtsf2                             
00005bd1  __TI_auto_init_nobinit_nopinit      
00005c0d  __cmpsf2                            
00005c0d  __eqsf2                             
00005c0d  __lesf2                             
00005c0d  __ltsf2                             
00005c0d  __nesf2                             
00005c49  __muldsi3                           
00005c83  Get_Normalize_For_User              
00005cbd  Motor_Coast                         
00005cf5  SYSCFG_DL_init                      
00005d2d  __aeabi_f2iz                        
00005d2d  __fixsfsi                           
00005d65  Get_Anolog_Value                    
00005d9d  Goto_Item_Init                      
00005dd1  I2C_Start                           
00005e05  SYSCFG_DL_SYSCTL_init               
00005e99  Display_Char_Line                   
00005ec9  Motor_Init                          
00005ef9  SysTick_Handler                     
00005f89  Goto_Item_Input                     
00005fe5  GROUP1_IRQHandler                   
00006069  __aeabi_i2d                         
00006069  __floatsidf                         
00006095  Display_Char                        
000060c1  Cal_Black_Callback                  
000060e9  Cal_White_Callback                  
00006189  Easy_Menu_Input                     
000061b1  I2C_Stop                            
000061d9  I2C_WaitAck                         
00006201  Motor_SetSpeed                      
00006229  SYSCFG_DL_DMA_detector_out_init     
00006251  _c_int00_noargs                     
000062a1  Beep_Stop                           
000062c5  __aeabi_ui2d                        
000062c5  __floatunsidf                       
000062e9  __aeabi_lmul                        
000062e9  __muldi3                            
0000630d  memccpy                             
00006351  Trackline_Start_Callback            
00006371  delay_ms                            
000063b1  __aeabi_llsl                        
000063b1  __ashldi3                           
00006505  DL_Timer_setCaptCompUpdateMethod    
00006521  DL_Timer_setClockConfig             
000066ed  DL_Timer_setCaptureCompareOutCtl    
00006889  Motor_B_EncoderInit                 
0000689d  Ordinary_Page_Exit                  
000068b1  Track_Pid__Kd_Callback              
000068c5  Track_Pid__Kp_Callback              
000068d9  __aeabi_uldivmod                    
00006901  DL_UART_setClockConfig              
00006913  TI_memcpy_small                     
00006925  __TI_decompress_none                
00006949  DL_Timer_setCaptureCompareValue     
00006959  wcslen                              
00006969  __TI_zero_init                      
00006979  __aeabi_memset                      
00006979  __aeabi_memset4                     
00006979  __aeabi_memset8                     
00006995  strlen                              
000069a3  TI_memset_small                     
000069b1  SYSCFG_DL_SYSTICK_init              
000069bd  __aeabi_memclr                      
000069bd  __aeabi_memclr4                     
000069bd  __aeabi_memclr8                     
000069c9  DL_Common_delayCycles               
000069d3  Knob_Init                           
00006a03  SYSCFG_DL_DMA_init                  
00006a0b  Trackline__Round_Callback           
00006a15  __aeabi_errno_addr                  
00006a1d  __aeabi_memcpy                      
00006a1d  __aeabi_memcpy4                     
00006a1d  __aeabi_memcpy8                     
00006a25  abort                               
00006a2b  ADC0_IRQHandler                     
00006a2b  ADC1_IRQHandler                     
00006a2b  AES_IRQHandler                      
00006a2b  CANFD0_IRQHandler                   
00006a2b  DAC0_IRQHandler                     
00006a2b  DMA_IRQHandler                      
00006a2b  Default_Handler                     
00006a2b  GROUP0_IRQHandler                   
00006a2b  HardFault_Handler                   
00006a2b  I2C0_IRQHandler                     
00006a2b  I2C1_IRQHandler                     
00006a2b  NMI_Handler                         
00006a2b  PendSV_Handler                      
00006a2b  RTC_IRQHandler                      
00006a2b  SPI0_IRQHandler                     
00006a2b  SPI1_IRQHandler                     
00006a2b  SVC_Handler                         
00006a2b  TIMA0_IRQHandler                    
00006a2b  TIMA1_IRQHandler                    
00006a2b  TIMG0_IRQHandler                    
00006a2b  TIMG12_IRQHandler                   
00006a2b  TIMG6_IRQHandler                    
00006a2b  TIMG7_IRQHandler                    
00006a2b  TIMG8_IRQHandler                    
00006a2b  UART0_IRQHandler                    
00006a2b  UART1_IRQHandler                    
00006a2b  UART2_IRQHandler                    
00006a2b  UART3_IRQHandler                    
00006a2e  C$$EXIT                             
00006a2f  HOSTexit                            
00006a33  Reset_Handler                       
00006a37  _system_pre_init                    
00006a40  asc2_1608                           
00007030  asc2_0806                           
00007260  __aeabi_ctype_table_                
00007260  __aeabi_ctype_table_C               
000074b4  __TI_Handler_Table_Base             
000074c0  __TI_Handler_Table_Limit            
000074c8  __TI_CINIT_Base                     
000074d8  __TI_CINIT_Limit                    
000074d8  __TI_CINIT_Warm                     
20200000  __start___llvm_prf_bits             
20200000  __start___llvm_prf_cnts             
20200000  __stop___llvm_prf_bits              
20200000  __stop___llvm_prf_cnts              
202000b0  easy_menu                           
20200150  gQEI_0Backup                        
202001f0  ADC_VALUE                           
20200240  track_pid__kd                       
2020026c  track_pid__kp                       
20200298  trackline__round                    
202002c4  Cal_page                            
202002ec  Tasks                               
20200314  home_page                           
2020033c  trackline                           
20200364  trackline_pid__page                 
2020038c  Cal_black                           
202003a4  Cal_white                           
202003bc  trackline_start                     
202003d4  goto__Cal_page                      
202003e8  goto__Tasks                         
202003fc  goto__trackline                     
20200410  goto__trackline_pid__page           
20200434  g_Trackline                         
2020045c  Easy_Menu_Ui_Data                   
2020048c  home_page_items                     
20200498  Cal_page_items                      
202004a0  trackline_items                     
202004a8  trackline_pid__page_items           
202004b0  Tasks_items                         
202004b4  __aeabi_errno                       
202004b8  delay_times                         
202004bc  g_SystemTick                        
202004ce  g_KnobEvent                         
202004cf  menu_move                           
20207e00  __stack                             
20208000  __STACK_END                         
ffffffff  __TI_pprof_out_hndl                 
ffffffff  __TI_prof_data_size                 
ffffffff  __TI_prof_data_start                
ffffffff  __binit__                           
ffffffff  binit                               
UNDEFED   __mpu_init                          
UNDEFED   _system_post_cinit                  

[284 symbols]
