******************************************************************************
            TI ARM Clang Linker PC v4.0.4                      
******************************************************************************
>> Linked Sun May 24 07:57:10 2026

OUTPUT FILE NAME:   <optoelectronicrace_26.out>
ENTRY POINT SYMBOL: "_c_int00_noargs"  address: 000086b9


MEMORY CONFIGURATION

         name            origin    length      used     unused   attr    fill
----------------------  --------  ---------  --------  --------  ----  --------
  FLASH                 00000000   00020000  00009d98  00016268  R  X
  SRAM                  20200000   00008000  000009b1  0000764f  RW X
  BCR_CONFIG            41c00000   000000ff  00000000  000000ff  R   
  BSL_CONFIG            41c00100   00000080  00000000  00000080  R   


SEGMENT ALLOCATION MAP

run origin  load origin   length   init length attrs members
----------  ----------- ---------- ----------- ----- -------
00000000    00000000    00009d98   00009d98    r-x
  00000000    00000000    000000c0   000000c0    r-- .intvecs
  000000c0    000000c0    00009160   00009160    r-x .text
  00009220    00009220    00000ac0   00000ac0    r-- .rodata
  00009ce0    00009ce0    000000b8   000000b8    r-- .cinit
20200000    20200000    000007b4   00000000    rw-
  20200000    20200000    0000063d   00000000    rw- .bss
  20200640    20200640    00000174   00000000    rw- .data
20207e00    20207e00    00000200   00000000    rw-
  20207e00    20207e00    00000200   00000000    rw- .stack


SECTION ALLOCATION MAP

 output                                  attributes/
section   page    origin      length       input sections
--------  ----  ----------  ----------   ----------------
.intvecs   0    00000000    000000c0     
                  00000000    000000c0     startup_mspm0g350x_ticlang.o (.intvecs)

.text      0    000000c0    00009160     
                  000000c0    000009d0     libc.a : _printfi.c.obj (.text:__TI_printfi)
                  00000a90    000007d0     Easy_Menu_Page.o (.text.Ordinary_Page_Input)
                  00001260    000007c4     Easy_Menu_Item.o (.text.Data_Item_Input)
                  00001a24    000004c0     k230_track.o (.text.K230_DrawRect_Task)
                  00001ee4    000004a0     Easy_Menu.o (.text.Easy_Menu_All_Update)
                  00002384    000004a0     Trackline.o (.text.Trackline_Task)
                  00002824    0000042c     Easy_Menu_Page.o (.text.Ordinary_Page_Enter)
                  00002c50    0000040c     Easy_Menu_User.o (.text.Easy_Menu_Ui_Init)
                  0000305c    0000039c     k230_track.o (.text.K230_Aim_Task)
                  000033f8    00000364     Easy_Menu_Page.o (.text.Ordinary_Page_Refresh)
                  0000375c    000002b0     JY62.o (.text.JY62_ProcessData)
                  00003a0c    00000220     libc.a : _printfi.c.obj (.text._pconv_a)
                  00003c2c    000001dc            : _printfi.c.obj (.text._pconv_g)
                  00003e08    000001d8     Easy_Menu_Page.o (.text.Ordinary_Page_Display)
                  00003fe0    000001d0     Motor.o (.text.Motor_SpeedControl)
                  000041b0    000001ac     ti_msp_dl_config.o (.text.SYSCFG_DL_GPIO_init)
                  0000435c    00000192     libclang_rt.builtins.a : adddf3.S.obj (.text.adddf3_subdf3)
                  000044ee    00000002                            : aeabi_div0.c.obj (.text.__aeabi_idiv0)
                  000044f0    00000188     No_Mcu_Ganv_Grayscale_Sensor.o (.text.No_MCU_Ganv_Sensor_Init)
                  00004678    00000180     Motor.o (.text.Motor_YawControl)
                  000047f8    00000170     Trackline.o (.text.corner_action)
                  00004968    00000160     main.o (.text.main)
                  00004ac8    0000013c     libc.a : _printfi.c.obj (.text.fcvt)
                  00004c04    00000130     k230_track.o (.text.UART0_IRQHandler)
                  00004d34    00000120     libc.a : _printfi.c.obj (.text._pconv_e)
                  00004e54    00000118     OLED.o (.text.OLED_ShowChar)
                  00004f6c    0000010c     libclang_rt.builtins.a : divdf3.S.obj (.text.__divdf3)
                  00005078    00000104     driverlib.a : dl_timer.o (.text.DL_Timer_initFourCCPWMMode)
                  0000517c    000000fa     OLED.o (.text.OLED_Init)
                  00005276    00000002     libclang_rt.builtins.a : aeabi_div0.c.obj (.text.__aeabi_ldiv0)
                  00005278    000000ec     Trackline.o (.text.is_corner_detected)
                  00005364    000000e4     libclang_rt.builtins.a : muldf3.S.obj (.text.__muldf3)
                  00005448    000000e0     JY62.o (.text.JY62_ConfigMode)
                  00005528    000000d8     libc.a : s_scalbn.c.obj (.text.scalbn)
                  00005600    000000d8     libclang_rt.builtins.a : addsf3.S.obj (.text)
                  000056d8    000000cc     Beep.o (.text.Beep_Tick_1ms)
                  000057a4    000000cc     Easy_Menu_Item.o (.text.Data_Item_Init)
                  00005870    000000c4     Knob_drv.o (.text.Knob_Tick_1ms)
                  00005934    000000bc     No_Mcu_Ganv_Grayscale_Sensor.o (.text.Get_Analog_value)
                  000059f0    000000b8     Easy_Menu_User.o (.text.Jy62_Yaw_Acc_Callback)
                  00005aa8    000000b4     Beep.o (.text.Beep_Trigger)
                  00005b5c    000000aa     No_Mcu_Ganv_Grayscale_Sensor.o (.text.normalizeAnalogValues)
                  00005c06    00000002     --HOLE-- [fill = 0]
                  00005c08    000000a2     libclang_rt.builtins.a : udivmoddi4.S.obj (.text)
                  00005caa    00000002     --HOLE-- [fill = 0]
                  00005cac    000000a0     Knob_drv.o (.text.Knob_get)
                  00005d4c    0000009c     Motor.o (.text.Motor_A_SetSpeed)
                  00005de8    0000009c     Motor.o (.text.Motor_B_SetSpeed)
                  00005e84    0000009c     ti_msp_dl_config.o (.text.SYSCFG_DL_initPower)
                  00005f20    00000098     gimbal.o (.text.Gimbal_MovePosition)
                  00005fb8    00000098     Motor.o (.text.Motor_YawIsAtTarget)
                  00006050    00000090     Easy_Menu.o (.text.Easy_Menu_Area_Clear)
                  000060e0    00000090     Easy_Menu_Core.o (.text.Easy_Menu_Goto_Page)
                  00006170    00000090     ti_msp_dl_config.o (.text.SYSCFG_DL_PWM_0_init)
                  00006200    00000090     Easy_Menu_Page.o (.text.Show_Page_Input)
                  00006290    0000008c     libclang_rt.builtins.a : mulsf3.S.obj (.text.__mulsf3)
                  0000631c    00000086     Easy_Menu.o (.text.Easy_Menu_Display_String)
                  000063a2    00000002     --HOLE-- [fill = 0]
                  000063a4    00000084     ti_msp_dl_config.o (.text.__NVIC_SetPriority)
                  00006428    00000082     libclang_rt.builtins.a : divsf3.S.obj (.text.__divsf3)
                  000064aa    00000002     --HOLE-- [fill = 0]
                  000064ac    00000080     Motor.o (.text.Motor_B_EncoderIRQHandler)
                  0000652c    00000080     No_Mcu_Ganv_Grayscale_Sensor.o (.text.convertAnalogToDigital)
                  000065ac    0000007c     Easy_Menu_Page.o (.text.Ordinary_Page_Init)
                  00006628    0000007c     libc.a : copy_decompress_lzss.c.obj (.text:decompress:lzss)
                  000066a4    00000078     JY62.o (.text.JY62_Init)
                  0000671c    00000074     Easy_Menu_Core.o (.text.Easy_Menu_Display)
                  00006790    00000074     OLED.o (.text.Send_Byte)
                  00006804    00000074     Easy_Menu_Page.o (.text.Show_Page_Init)
                  00006878    00000074     libclang_rt.builtins.a : comparedf2.c.obj (.text.__gedf2)
                  000068ec    00000074     Motor.o (.text.clampSpeed)
                  00006960    00000072     No_Mcu_Ganv_Grayscale_Sensor.o (.text.No_MCU_Ganv_Sensor_Init_Frist)
                  000069d2    00000070     OLED.o (.text.OLED_ShowString)
                  00006a42    00000002     --HOLE-- [fill = 0]
                  00006a44    0000006c     Knob_drv.o (.text.Knob_EXTI_Handler)
                  00006ab0    0000006c     ti_msp_dl_config.o (.text.SYSCFG_DL_ADC_line_detector_init)
                  00006b1c    0000006a     OLED.o (.text.OLED_Clear)
                  00006b86    00000002     --HOLE-- [fill = 0]
                  00006b88    00000068     Trackline.o (.text.Trackline_Calibrate_Black)
                  00006bf0    00000068     Trackline.o (.text.Trackline_Reset)
                  00006c58    00000068     libclang_rt.builtins.a : comparedf2.c.obj (.text.__ledf2)
                  00006cc0    00000066     libc.a : _printfi.c.obj (.text._mcpy)
                  00006d26    00000002     --HOLE-- [fill = 0]
                  00006d28    00000064     ti_msp_dl_config.o (.text.DL_ADC12_initSingleSample)
                  00006d8c    00000062     libclang_rt.builtins.a : aeabi_dcmp.S.obj (.text.__aeabi_dcmp)
                  00006dee    00000002     --HOLE-- [fill = 0]
                  00006df0    00000062                            : aeabi_fcmp.S.obj (.text.__aeabi_fcmp)
                  00006e52    00000002     --HOLE-- [fill = 0]
                  00006e54    0000005c     Easy_Menu.o (.text.Easy_Menu_All_Clear)
                  00006eb0    0000005c     ADC.o (.text.adc_getValue)
                  00006f0c    0000005c     libc.a : s_frexp.c.obj (.text.frexp)
                  00006f68    00000058     Easy_Menu_Item.o (.text.Switch_Item_Input)
                  00006fc0    00000058     libc.a : _ltoa.c.obj (.text.__TI_ltoa)
                  00007018    00000058            : _printfi.c.obj (.text._pconv_f)
                  00007070    00000056     libclang_rt.builtins.a : aeabi_idivmod.S.obj (.text.__aeabi_idivmod)
                  000070c6    00000054     Easy_Menu.o (.text.Compare_String)
                  0000711a    00000002     --HOLE-- [fill = 0]
                  0000711c    00000054     ti_msp_dl_config.o (.text.DL_Timer_configQEI)
                  00007170    00000054     Trackline.o (.text.Trackline_Calibrate_White)
                  000071c4    00000054     Trackline.o (.text.Trackline_Init)
                  00007218    00000052     Easy_Menu_Item.o (.text.Show_Item_Init)
                  0000726a    00000052     libc.a : _printfi.c.obj (.text._ecpy)
                  000072bc    00000050     ti_msp_dl_config.o (.text.SYSCFG_DL_QEI_0_init)
                  0000730c    00000050     ti_msp_dl_config.o (.text.SysTick_Config)
                  0000735c    00000050     Trackline.o (.text.any_line_detected)
                  000073ac    0000004e     OLED.o (.text.OLED_WR_Byte)
                  000073fa    00000002     --HOLE-- [fill = 0]
                  000073fc    0000004c     driverlib.a : dl_dma.o (.text.DL_DMA_initChannel)
                  00007448    0000004c     ti_msp_dl_config.o (.text.DL_GPIO_initDigitalInputFeatures)
                  00007494    0000004c     JY62.o (.text.DL_UART_setBaudRateDivisor)
                  000074e0    0000004c     ti_msp_dl_config.o (.text.DL_UART_setBaudRateDivisor)
                  0000752c    0000004c     Easy_Menu_User.o (.text.Show__1__Page_Period_Callback)
                  00007578    0000004a     ti_msp_dl_config.o (.text.DL_ADC12_configConversionMem)
                  000075c2    00000002     --HOLE-- [fill = 0]
                  000075c4    0000004a     libclang_rt.builtins.a : fixdfsi.S.obj (.text.__fixdfsi)
                  0000760e    00000002     --HOLE-- [fill = 0]
                  00007610    00000048     driverlib.a : dl_uart.o (.text.DL_UART_init)
                  00007658    00000048     k230_track.o (.text.K230_DrawRect_Reset)
                  000076a0    00000048     Easy_Menu_Page.o (.text.Show_Page_Diaplsy)
                  000076e8    00000048     gimbal.o (.text.gimbal_send_frame)
                  00007730    00000044     Easy_Menu.o (.text.Easy_Menu_Display_Char)
                  00007774    00000044     Trackline.o (.text.count_active_lines)
                  000077b8    00000042     No_Mcu_Ganv_Grayscale_Sensor.o (.text.No_Mcu_Ganv_Sensor_Task_Without_tick)
                  000077fa    00000042     k230_track.o (.text.pixel_to_pulse)
                  0000783c    00000040     driverlib.a : dl_adc12.o (.text.DL_ADC12_setClockConfig)
                  0000787c    00000040     ti_msp_dl_config.o (.text.SYSCFG_DL_UART_0_init)
                  000078bc    00000040     ti_msp_dl_config.o (.text.SYSCFG_DL_UART_JY62_init)
                  000078fc    00000040     ti_msp_dl_config.o (.text.SYSCFG_DL_UART_UP_init)
                  0000793c    00000040     Easy_Menu_Item.o (.text.Switch_Item_Init)
                  0000797c    00000040     libclang_rt.builtins.a : aeabi_uidivmod.S.obj (.text.__aeabi_uidivmod)
                  000079bc    00000040                            : extendsfdf2.S.obj (.text.__extendsfdf2)
                  000079fc    00000040     libc.a : atoi.c.obj (.text.atoi)
                  00007a3c    00000040            : vsnprintf.c.obj (.text.vsnprintf)
                  00007a7c    0000003c     ti_msp_dl_config.o (.text.DL_Timer_setCounterControl)
                  00007ab8    0000003c     Easy_Menu_Core.o (.text.Easy_Menu_Init)
                  00007af4    0000003c     Easy_Menu.o (.text.Easy_Menu_Printf)
                  00007b30    0000003c     gimbal.o (.text.Gimbal_Enable)
                  00007b6c    0000003c     OLED.o (.text.OLED_Set_Pos)
                  00007ba8    0000003c     ti_msp_dl_config.o (.text.SYSCFG_DL_init)
                  00007be4    0000003c     libclang_rt.builtins.a : floatsisf.S.obj (.text.__floatsisf)
                  00007c20    0000003c                            : comparesf2.S.obj (.text.__gtsf2)
                  00007c5c    0000003c     Beep.o (.text.start_off_phase)
                  00007c98    0000003c     Beep.o (.text.start_on_phase)
                  00007cd4    0000003c     libc.a : autoinit.c.obj (.text:__TI_auto_init_nobinit_nopinit)
                  00007d10    0000003a     libclang_rt.builtins.a : comparesf2.S.obj (.text.__eqsf2)
                  00007d4a    00000002     --HOLE-- [fill = 0]
                  00007d4c    0000003a                            : muldsi3.S.obj (.text.__muldsi3)
                  00007d86    00000038     No_Mcu_Ganv_Grayscale_Sensor.o (.text.Get_Normalize_For_User)
                  00007dbe    00000002     --HOLE-- [fill = 0]
                  00007dc0    00000038     k230_track.o (.text.K230_Aim_Reset)
                  00007df8    00000038     Motor.o (.text.Motor_Brake)
                  00007e30    00000038     Motor.o (.text.Motor_Coast)
                  00007e68    00000038     Easy_Menu_Page.o (.text.Show_Page_Enter)
                  00007ea0    00000038     libclang_rt.builtins.a : fixsfsi.S.obj (.text.__fixsfsi)
                  00007ed8    00000038     libc.a : sprintf.c.obj (.text.sprintf)
                  00007f10    00000036     No_Mcu_Ganv_Grayscale_Sensor.o (.text.Get_Anolog_Value)
                  00007f46    00000002     --HOLE-- [fill = 0]
                  00007f48    00000034     Easy_Menu_Item.o (.text.Goto_Item_Init)
                  00007f7c    00000034     OLED.o (.text.I2C_Start)
                  00007fb0    00000034     ti_msp_dl_config.o (.text.SYSCFG_DL_SYSCTL_init)
                  00007fe4    00000030     ti_msp_dl_config.o (.text.DL_DMA_setTransferSize)
                  00008014    00000030     ti_msp_dl_config.o (.text.DL_GPIO_initDigitalOutputFeatures)
                  00008044    00000030     Easy_Menu.o (.text.Display_Char_Line)
                  00008074    00000030     gimbal.o (.text.Gimbal_Stop)
                  000080a4    00000030     k230_track.o (.text.K230_Track_Init)
                  000080d4    00000030     Motor.o (.text.Motor_Init)
                  00008104    00000030     Motor.o (.text.Motor_ResetSpeedControl)
                  00008134    00000030     Easy_Menu_Page.o (.text.Show_Page_Exit)
                  00008164    00000030     delay.o (.text.SysTick_Handler)
                  00008194    00000030     JY62.o (.text.UART1_IRQHandler)
                  000081c4    00000030     libc.a : _printfi.c.obj (.text._fcpy)
                  000081f4    00000030            : vsnprintf.c.obj (.text._outs)
                  00008224    0000002e     Easy_Menu_Item.o (.text.Goto_Item_Input)
                  00008252    00000002     --HOLE-- [fill = 0]
                  00008254    0000002c     ti_msp_dl_config.o (.text.DL_ADC12_setDMASamplesCnt)
                  00008280    0000002c     Knob_drv.o (.text.GROUP1_IRQHandler)
                  000082ac    0000002c     JY62.o (.text.__NVIC_ClearPendingIRQ)
                  000082d8    0000002c     k230_track.o (.text.__NVIC_ClearPendingIRQ)
                  00008304    0000002c     JY62.o (.text.__NVIC_EnableIRQ)
                  00008330    0000002c     Knob_drv.o (.text.__NVIC_EnableIRQ)
                  0000835c    0000002c     Motor.o (.text.__NVIC_EnableIRQ)
                  00008388    0000002c     k230_track.o (.text.__NVIC_EnableIRQ)
                  000083b4    0000002c     libclang_rt.builtins.a : floatsidf.S.obj (.text.__floatsidf)
                  000083e0    0000002c     Uart.o (.text.uart0_send_char)
                  0000840c    0000002a     Easy_Menu.o (.text.Display_Char)
                  00008436    00000002     --HOLE-- [fill = 0]
                  00008438    00000028     Easy_Menu_User.o (.text.Cal_Black_Callback)
                  00008460    00000028     Easy_Menu_User.o (.text.Cal_White_Callback)
                  00008488    00000028     JY62.o (.text.DL_Common_updateReg)
                  000084b0    00000028     ti_msp_dl_config.o (.text.DL_Common_updateReg)
                  000084d8    00000028     Trackline.o (.text.DL_DMA_setDestAddr)
                  00008500    00000028     Trackline.o (.text.DL_DMA_setSrcAddr)
                  00008528    00000028     Easy_Menu_Core.o (.text.Easy_Menu_Input)
                  00008550    00000028     OLED.o (.text.I2C_Stop)
                  00008578    00000028     OLED.o (.text.I2C_WaitAck)
                  000085a0    00000028     JY62.o (.text.JY62_Task)
                  000085c8    00000028     Easy_Menu_User.o (.text.Lspeed_Callback)
                  000085f0    00000028     Motor.o (.text.Motor_SetSpeed)
                  00008618    00000028     Easy_Menu_User.o (.text.Rspeed_Callback)
                  00008640    00000028     ti_msp_dl_config.o (.text.SYSCFG_DL_DMA_detector_out_init)
                  00008668    00000028     Easy_Menu_User.o (.text.Trackline__Round_Callback)
                  00008690    00000028     libclang_rt.builtins.a : floatunsisf.S.obj (.text.__floatunsisf)
                  000086b8    00000028     libc.a : boot_cortex_m.c.obj (.text:_c_int00_noargs)
                  000086e0    00000026     Trackline.o (.text.DL_DMA_enableChannel)
                  00008706    00000002     --HOLE-- [fill = 0]
                  00008708    00000024     Beep.o (.text.Beep_Stop)
                  0000872c    00000024     Laser.o (.text.Laser_Init)
                  00008750    00000024     Motor.o (.text.Motor_A_GetEncoderCnt)
                  00008774    00000024     libclang_rt.builtins.a : floatunsidf.S.obj (.text.__floatunsidf)
                  00008798    00000024                            : muldi3.S.obj (.text.__muldi3)
                  000087bc    00000022     libc.a : memccpy.c.obj (.text.memccpy)
                  000087de    00000002     --HOLE-- [fill = 0]
                  000087e0    00000020     JY62.o (.text.DL_GPIO_initPeripheralInputFunction)
                  00008800    00000020     ti_msp_dl_config.o (.text.DL_GPIO_initPeripheralInputFunction)
                  00008820    00000020     Easy_Menu_User.o (.text.Trackline_Start_Callback)
                  00008840    00000020     delay.o (.text.delay_ms)
                  00008860    0000001e     JY62.o (.text.DL_UART_setOversampling)
                  0000887e    0000001e     ti_msp_dl_config.o (.text.DL_UART_setOversampling)
                  0000889c    0000001e     libclang_rt.builtins.a : ashldi3.S.obj (.text.__ashldi3)
                  000088ba    00000002     --HOLE-- [fill = 0]
                  000088bc    0000001c     ti_msp_dl_config.o (.text.DL_ADC12_enableDMA)
                  000088d8    0000001c     ti_msp_dl_config.o (.text.DL_ADC12_enableDMATrigger)
                  000088f4    0000001c     Trackline.o (.text.DL_ADC12_startConversion)
                  00008910    0000001c     Knob_drv.o (.text.DL_GPIO_clearInterruptStatus)
                  0000892c    0000001c     Motor.o (.text.DL_GPIO_clearInterruptStatus)
                  00008948    0000001c     ti_msp_dl_config.o (.text.DL_GPIO_clearInterruptStatus)
                  00008964    0000001c     ti_msp_dl_config.o (.text.DL_GPIO_enableInterrupt)
                  00008980    0000001c     JY62.o (.text.DL_GPIO_initPeripheralOutputFunction)
                  0000899c    0000001c     ti_msp_dl_config.o (.text.DL_GPIO_initPeripheralOutputFunction)
                  000089b8    0000001c     ti_msp_dl_config.o (.text.DL_GPIO_setLowerPinsPolarity)
                  000089d4    0000001c     Knob_drv.o (.text.DL_Interrupt_getPendingGroup)
                  000089f0    0000001c     ti_msp_dl_config.o (.text.DL_SYSCTL_setSYSOSCFreq)
                  00008a0c    0000001c     driverlib.a : dl_timer.o (.text.DL_Timer_setCaptCompUpdateMethod)
                  00008a28    0000001c                 : dl_timer.o (.text.DL_Timer_setClockConfig)
                  00008a44    0000001c     k230_track.o (.text.DL_UART_disableDMAReceiveEvent)
                  00008a60    0000001c     JY62.o (.text.DL_UART_enableInterrupt)
                  00008a7c    0000001c     k230_track.o (.text.DL_UART_enableInterrupt)
                  00008a98    0000001c     driverlib.a : dl_uart.o (.text.DL_UART_receiveDataCheck)
                  00008ab4    0000001c     Motor.o (.text.Motor_YawSetTarget)
                  00008ad0    0000001a     gimbal.o (.text.Gimbal_Enable_All)
                  00008aea    00000002     --HOLE-- [fill = 0]
                  00008aec    00000018     ti_msp_dl_config.o (.text.DL_ADC12_enablePower)
                  00008b04    00000018     ti_msp_dl_config.o (.text.DL_ADC12_reset)
                  00008b1c    00000018     ti_msp_dl_config.o (.text.DL_ADC12_setSampleTime0)
                  00008b34    00000018     Laser.o (.text.DL_GPIO_enableOutput)
                  00008b4c    00000018     ti_msp_dl_config.o (.text.DL_GPIO_enableOutput)
                  00008b64    00000018     ti_msp_dl_config.o (.text.DL_GPIO_enablePower)
                  00008b7c    00000018     Knob_drv.o (.text.DL_GPIO_getEnabledInterruptStatus)
                  00008b94    00000018     Motor.o (.text.DL_GPIO_getEnabledInterruptStatus)
                  00008bac    00000018     ti_msp_dl_config.o (.text.DL_GPIO_initDigitalOutput)
                  00008bc4    00000018     ti_msp_dl_config.o (.text.DL_GPIO_reset)
                  00008bdc    00000018     Beep.o (.text.DL_GPIO_setPins)
                  00008bf4    00000018     Laser.o (.text.DL_GPIO_setPins)
                  00008c0c    00000018     Motor.o (.text.DL_GPIO_setPins)
                  00008c24    00000018     No_Mcu_Ganv_Grayscale_Sensor.o (.text.DL_GPIO_setPins)
                  00008c3c    00000018     OLED.o (.text.DL_GPIO_setPins)
                  00008c54    00000018     ti_msp_dl_config.o (.text.DL_GPIO_setPins)
                  00008c6c    00000018     ti_msp_dl_config.o (.text.DL_GPIO_setUpperPinsPolarity)
                  00008c84    00000018     ti_msp_dl_config.o (.text.DL_SYSCTL_setBORThreshold)
                  00008c9c    00000018     ti_msp_dl_config.o (.text.DL_Timer_enablePower)
                  00008cb4    00000018     ti_msp_dl_config.o (.text.DL_Timer_reset)
                  00008ccc    00000018     driverlib.a : dl_timer.o (.text.DL_Timer_setCaptureCompareOutCtl)
                  00008ce4    00000018     ti_msp_dl_config.o (.text.DL_Timer_setLoadValue)
                  00008cfc    00000018     ti_msp_dl_config.o (.text.DL_Timer_startCounter)
                  00008d14    00000018     JY62.o (.text.DL_UART_enablePower)
                  00008d2c    00000018     ti_msp_dl_config.o (.text.DL_UART_enablePower)
                  00008d44    00000018     JY62.o (.text.DL_UART_isBusy)
                  00008d5c    00000018     Uart.o (.text.DL_UART_isBusy)
                  00008d74    00000018     ti_msp_dl_config.o (.text.DL_UART_reset)
                  00008d8c    00000018     ti_msp_dl_config.o (.text.SYSCFG_DL_DMA_CH0_init)
                  00008da4    00000018     libc.a : vsnprintf.c.obj (.text._outc)
                  00008dbc    00000018            : sprintf.c.obj (.text._outs)
                  00008dd4    00000016     ti_msp_dl_config.o (.text.DL_ADC12_enableConversions)
                  00008dea    00000016     Knob_drv.o (.text.DL_GPIO_readPins)
                  00008e00    00000016     Motor.o (.text.DL_GPIO_readPins)
                  00008e16    00000016     JY62.o (.text.DL_UART_enable)
                  00008e2c    00000016     ti_msp_dl_config.o (.text.DL_UART_enable)
                  00008e42    00000016     JY62.o (.text.DL_UART_transmitData)
                  00008e58    00000016     Uart.o (.text.DL_UART_transmitData)
                  00008e6e    00000014     Beep.o (.text.DL_GPIO_clearPins)
                  00008e82    00000014     Laser.o (.text.DL_GPIO_clearPins)
                  00008e96    00000014     Motor.o (.text.DL_GPIO_clearPins)
                  00008eaa    00000014     No_Mcu_Ganv_Grayscale_Sensor.o (.text.DL_GPIO_clearPins)
                  00008ebe    00000014     OLED.o (.text.DL_GPIO_clearPins)
                  00008ed2    00000014     ti_msp_dl_config.o (.text.DL_GPIO_clearPins)
                  00008ee6    00000002     --HOLE-- [fill = 0]
                  00008ee8    00000014     ti_msp_dl_config.o (.text.DL_SYSCTL_disableSYSPLL)
                  00008efc    00000014     ti_msp_dl_config.o (.text.DL_SYSCTL_enableMFCLK)
                  00008f10    00000014     ti_msp_dl_config.o (.text.DL_Timer_enableClock)
                  00008f24    00000014     ti_msp_dl_config.o (.text.DL_Timer_setCCPDirection)
                  00008f38    00000014     Motor.o (.text.DL_Timer_setTimerCount)
                  00008f4c    00000014     JY62.o (.text.DL_UART_receiveData)
                  00008f60    00000014     k230_track.o (.text.DL_UART_receiveData)
                  00008f74    00000014     Easy_Menu_User.o (.text.Jy62_Yaw_Callback)
                  00008f88    00000014     Laser.o (.text.Laser_Off)
                  00008f9c    00000014     Laser.o (.text.Laser_On)
                  00008fb0    00000014     Motor.o (.text.Motor_B_EncoderInit)
                  00008fc4    00000014     Easy_Menu_Page.o (.text.Ordinary_Page_Exit)
                  00008fd8    00000014     Easy_Menu_User.o (.text.Track_Pid__Kd_Callback)
                  00008fec    00000014     Easy_Menu_User.o (.text.Track_Pid__Kp_Callback)
                  00009000    00000014     libclang_rt.builtins.a : aeabi_uldivmod.S.obj (.text.__aeabi_uldivmod)
                  00009014    00000014     libc.a : _printfi.c.obj (.text.strchr)
                  00009028    00000012     JY62.o (.text.DL_UART_getPendingInterrupt)
                  0000903a    00000012     k230_track.o (.text.DL_UART_getPendingInterrupt)
                  0000904c    00000012     driverlib.a : dl_uart.o (.text.DL_UART_setClockConfig)
                  0000905e    00000012     libc.a : memcpy16.S.obj (.text:TI_memcpy_small)
                  00009070    00000012            : copy_decompress_none.c.obj (.text:decompress:none)
                  00009082    00000002     --HOLE-- [fill = 0]
                  00009084    00000010     ti_msp_dl_config.o (.text.DL_SYSCTL_disableHFXT)
                  00009094    00000010     Motor.o (.text.DL_Timer_getTimerCount)
                  000090a4    00000010     driverlib.a : dl_timer.o (.text.DL_Timer_setCaptureCompareValue)
                  000090b4    00000010     Motor.o (.text.Motor_A_ResetEncoder)
                  000090c4    00000010     Trackline.o (.text.sensor_update)
                  000090d4    00000010     libc.a : wcslen.c.obj (.text.wcslen)
                  000090e4    00000010            : copy_zero_init.c.obj (.text:decompress:ZI)
                  000090f4    0000000e     libclang_rt.builtins.a : aeabi_memset.S.obj (.text.__aeabi_memset)
                  00009102    0000000e     libc.a : _printfi.c.obj (.text.strlen)
                  00009110    0000000e            : strlen.c.obj (.text.strlen)
                  0000911e    0000000e            : memset16.S.obj (.text:TI_memset_small)
                  0000912c    0000000c     Motor.o (.text.Motor_B_GetEncoderCnt)
                  00009138    0000000c     Motor.o (.text.Motor_B_ResetEncoder)
                  00009144    0000000c     Motor.o (.text.Motor_YawReset)
                  00009150    0000000c     ti_msp_dl_config.o (.text.SYSCFG_DL_DMA_init)
                  0000915c    0000000c     ti_msp_dl_config.o (.text.SYSCFG_DL_SYSTICK_init)
                  00009168    0000000c     libclang_rt.builtins.a : aeabi_memset.S.obj (.text.__aeabi_memclr)
                  00009174    0000000a     Easy_Menu_User.o (.text.Centeraim__Start_Callback)
                  0000917e    0000000a     driverlib.a : dl_common.o (.text.DL_Common_delayCycles)
                  00009188    0000000a     Knob_drv.o (.text.Knob_Init)
                  00009192    0000000a     libc.a : _printfi.c.obj (.text.OUTLINED_FUNCTION_0)
                  0000919c    00000010     libclang_rt.builtins.a : adddf3.S.obj (.tramp.__aeabi_dsub.1)
                  000091ac    0000000a     libc.a : _printfi.c.obj (.text.OUTLINED_FUNCTION_1)
                  000091b6    0000000a     Easy_Menu_User.o (.text.Still_Aim_Callback)
                  000091c0    0000000a     Easy_Menu_User.o (.text.Still_Aim_Draw_Rectangle_Callback)
                  000091ca    0000000a     libc.a : sprintf.c.obj (.text._outc)
                  000091d4    00000008     Easy_Menu_User.o (.text.Center_Aim_Round_Callback)
                  000091dc    00000008     Easy_Menu_User.o (.text.Show__1__Page_Exit_Callback)
                  000091e4    00000008     libc.a : aeabi_portable.c.obj (.text.__aeabi_errno_addr)
                  000091ec    00000008     libclang_rt.builtins.a : aeabi_memcpy.S.obj (.text.__aeabi_memcpy)
                  000091f4    00000006     libc.a : exit.c.obj (.text:abort)
                  000091fa    00000004     startup_mspm0g350x_ticlang.o (.text.Default_Handler)
                  000091fe    00000004     libsysbm.a : hostexit.c.obj (.text.HOSTexit)
                  00009202    00000004     startup_mspm0g350x_ticlang.o (.text.Reset_Handler)
                  00009206    00000002     --HOLE-- [fill = 0]
                  00009208    00000010     libc.a : boot_cortex_m.c.obj (.tramp._c_int00_noargs.1)
                  00009218    00000004            : pre_init.c.obj (.text._system_pre_init)
                  0000921c    00000004     --HOLE-- [fill = 0]

.cinit     0    00009ce0    000000b8     
                  00009ce0    0000008d     (.cinit..data.load) [load image, compression = lzss]
                  00009d6d    00000003     --HOLE-- [fill = 0]
                  00009d70    0000000c     (__TI_handler_table)
                  00009d7c    00000008     (.cinit..bss.load) [load image, compression = zero_init]
                  00009d84    00000010     (__TI_cinit_table)
                  00009d94    00000004     --HOLE-- [fill = 0]

.rodata    0    00009220    00000ac0     
                  00009220    000005f0     OLED.o (.rodata.asc2_1608)
                  00009810    00000228     OLED.o (.rodata.asc2_0806)
                  00009a38    00000008     ti_msp_dl_config.o (.rodata.gADC_line_detectorClockConfig)
                  00009a40    00000101     libc.a : aeabi_ctype.S.obj (.rodata:__aeabi_ctype_table_)
                  00009b41    0000001a     Easy_Menu_User.o (.rodata.str1.2484268131311446048.1)
                  00009b5b    00000001     --HOLE-- [fill = 0]
                  00009b5c    00000018     ti_msp_dl_config.o (.rodata.gDMA_CH0Config)
                  00009b74    00000018     ti_msp_dl_config.o (.rodata.gDMA_detector_outConfig)
                  00009b8c    00000011     libc.a : _printfi.c.obj (.rodata.str1.10348868589481759720.1)
                  00009b9d    00000011            : _printfi.c.obj (.rodata.str1.15363888844622738466.1)
                  00009bae    00000010     Trackline.o (.rodata.WEIGHTS)
                  00009bbe    0000000f     Easy_Menu_User.o (.rodata.str1.13332061176481328327.1)
                  00009bcd    0000000e     Easy_Menu_User.o (.rodata.str1.15320261422703930955.1)
                  00009bdb    0000000e     Easy_Menu_User.o (.rodata.str1.16980020722660603416.1)
                  00009be9    0000000b     Easy_Menu_User.o (.rodata.str1.11177260976807265928.1)
                  00009bf4    0000000a     JY62.o (.rodata.gJY62UartConfig)
                  00009bfe    0000000a     ti_msp_dl_config.o (.rodata.gUART_0Config)
                  00009c08    0000000a     ti_msp_dl_config.o (.rodata.gUART_JY62Config)
                  00009c12    0000000a     ti_msp_dl_config.o (.rodata.gUART_UPConfig)
                  00009c1c    0000000a     Easy_Menu_User.o (.rodata.str1.10308413330439174504.1)
                  00009c26    0000000a     Easy_Menu_User.o (.rodata.str1.11262980610456716024.1)
                  00009c30    0000000a     Easy_Menu_User.o (.rodata.str1.1318127491109019352.1)
                  00009c3a    0000000a     Easy_Menu_User.o (.rodata.str1.14456782623604785242.1)
                  00009c44    0000000a     Easy_Menu_User.o (.rodata.str1.2853082316097330648.1)
                  00009c4e    00000009     Easy_Menu_User.o (.rodata.str1.18047220919239444222.1)
                  00009c57    00000009     Easy_Menu_User.o (.rodata.str1.4408185141669307452.1)
                  00009c60    00000008     ti_msp_dl_config.o (.rodata.gPWM_0Config)
                  00009c68    00000008     Easy_Menu_User.o (.rodata.str1.17975632479887315808.1)
                  00009c70    00000008     Easy_Menu_User.o (.rodata.str1.8156445364985626389.1)
                  00009c78    00000007     Easy_Menu_Page.o (.rodata.str1.10162903526471618397.1)
                  00009c7f    00000007     Easy_Menu_User.o (.rodata.str1.14517664341077644678.1)
                  00009c86    00000007     Easy_Menu_User.o (.rodata.str1.2224424980219509423.1)
                  00009c8d    00000006     Easy_Menu_Page.o (.rodata.str1.11602794411890177903.1)
                  00009c93    00000006     Easy_Menu_User.o (.rodata.str1.16881440453266969404.1)
                  00009c99    00000006     Easy_Menu_User.o (.rodata.str1.8128223861994239923.1)
                  00009c9f    00000005     Easy_Menu_Page.o (.rodata.str1.10541918737141963520.1)
                  00009ca4    00000005     Easy_Menu_Page.o (.rodata.str1.14526947901870425149.1)
                  00009ca9    00000005     Easy_Menu_Page.o (.rodata.str1.17342757695734682319.1)
                  00009cae    00000005     Easy_Menu_Page.o (.rodata.str1.2927598468843798870.1)
                  00009cb3    00000005     Easy_Menu_User.o (.rodata.str1.3897238317517470892.1)
                  00009cb8    00000005     Easy_Menu_User.o (.rodata.str1.8423479308304406733.1)
                  00009cbd    00000004     Easy_Menu_User.o (.rodata.str1.3961208515143357932.1)
                  00009cc1    00000003     ti_msp_dl_config.o (.rodata.gPWM_0ClockConfig)
                  00009cc4    00000003     ti_msp_dl_config.o (.rodata.gQEI_0ClockConfig)
                  00009cc7    00000002     JY62.o (.rodata.gJY62UartClockConfig)
                  00009cc9    00000002     ti_msp_dl_config.o (.rodata.gUART_0ClockConfig)
                  00009ccb    00000002     ti_msp_dl_config.o (.rodata.gUART_JY62ClockConfig)
                  00009ccd    00000002     ti_msp_dl_config.o (.rodata.gUART_UPClockConfig)
                  00009ccf    00000002     Easy_Menu_Page.o (.rodata.str1.6187967722562398102.1)
                  00009cd1    0000000f     --HOLE-- [fill = 0]

.init_array 
*          0    00000000    00000000     UNINITIALIZED

.binit     0    00000000    00000000     

.bss       0    20200000    0000063d     UNINITIALIZED
                  20200000    000000b0     (.common:sensor)
                  202000b0    000000a0     (.common:easy_menu)
                  20200150    000000a0     (.common:gQEI_0Backup)
                  202001f0    00000050     (.common:ADC_VALUE)
                  20200240    00000030     (.common:show__1__page)
                  20200270    0000002c     (.common:center_aim_round)
                  2020029c    0000002c     (.common:track_pid__kd)
                  202002c8    0000002c     (.common:track_pid__kp)
                  202002f4    0000002c     (.common:trackline__round)
                  20200320    00000028     (.common:Cal_page)
                  20200348    00000028     (.common:JY62_page)
                  20200370    00000028     (.common:centeraim)
                  20200398    00000028     (.common:home_page)
                  202003c0    00000028     (.common:mov_aim)
                  202003e8    00000028     (.common:still_aim_task)
                  20200410    00000028     (.common:trackline)
                  20200438    00000028     (.common:trackline_pid__page)
                  20200460    00000024     (.common:Lspeed)
                  20200484    00000024     (.common:Rspeed)
                  202004a8    00000024     (.common:jy62_yaw)
                  202004cc    00000024     (.common:jy62_yaw_acc)
                  202004f0    00000018     (.common:Cal_black)
                  20200508    00000018     (.common:Cal_white)
                  20200520    00000018     (.common:centeraim__start)
                  20200538    00000018     (.common:still_aim)
                  20200550    00000018     (.common:still_aim_draw_Rectangle)
                  20200568    00000018     (.common:trackline_start)
                  20200580    00000014     (.common:goto__Cal_page)
                  20200594    00000014     (.common:goto__JY62_page)
                  202005a8    00000014     (.common:goto__centeraim)
                  202005bc    00000014     (.common:goto__mov_aim)
                  202005d0    00000014     (.common:goto__show__1__page)
                  202005e4    00000014     (.common:goto__still_aim_task)
                  202005f8    00000014     (.common:goto__trackline)
                  2020060c    00000014     (.common:goto__trackline_pid__page)
                  20200620    00000010     Trackline.o (.bss.Normal)
                  20200630    0000000d     k230_track.o (.bss.g_rx_buf)

.data      0    20200640    00000174     UNINITIALIZED
                  20200640    0000001c     Easy_Menu_User.o (.data.Easy_Menu_Ui_Data)
                  2020065c    0000001c     Easy_Menu_User.o (.data.home_page_items)
                  20200678    00000018     Trackline.o (.data.g_Trackline)
                  20200690    00000010     Trackline.o (.data.Anolog)
                  202006a0    00000010     Easy_Menu_User.o (.data.JY62_page_items)
                  202006b0    00000010     Trackline.o (.data.black)
                  202006c0    00000010     Trackline.o (.data.white)
                  202006d0    0000000b     JY62.o (.data.rx_buffer)
                  202006db    0000000a     k230_track.o (.data.g_k230_data)
                  202006e5    00000001     JY62.o (.data.data_index)
                  202006e6    00000002     Beep.o (.data.s_off_time)
                  202006e8    00000008     Easy_Menu_User.o (.data.Cal_page_items)
                  202006f0    00000008     Easy_Menu_User.o (.data.centeraim_items)
                  202006f8    00000008     No_Mcu_Ganv_Grayscale_Sensor.o (.data.digtals)
                  20200700    00000008     Easy_Menu_User.o (.data.still_aim_task_items)
                  20200708    00000008     Easy_Menu_User.o (.data.trackline_items)
                  20200710    00000008     Easy_Menu_User.o (.data.trackline_pid__page_items)
                  20200718    00000004     Easy_Menu_User.o (.data.Lspeed_Callback.lastEncA)
                  2020071c    00000004     Easy_Menu_User.o (.data.Rspeed_Callback.lastEncB)
                  20200720    00000004     libc.a : aeabi_portable.c.obj (.data.__aeabi_errno)
                  20200724    00000004     JY62.o (.data.ax)
                  20200728    00000004     JY62.o (.data.ay)
                  2020072c    00000004     JY62.o (.data.az)
                  20200730    00000004     delay.o (.data.delay_times)
                  20200734    00000004     delay.o (.data.g_SystemTick)
                  20200738    00000004     k230_track.o (.data.g_dr_pitch)
                  2020073c    00000004     Motor.o (.data.g_encoderB_cnt)
                  20200740    00000004     Trackline.o (.data.g_holdStartTick)
                  20200744    00000004     Motor.o (.data.g_lastEncA)
                  20200748    00000004     Motor.o (.data.g_lastEncB)
                  2020074c    00000004     k230_track.o (.data.g_pitch_pos)
                  20200750    00000004     Trackline.o (.data.g_turnTargetYaw)
                  20200754    00000004     Motor.o (.data.g_velIntA)
                  20200758    00000004     Motor.o (.data.g_velIntB)
                  2020075c    00000004     Trackline.o (.data.g_yawHoldLastErr)
                  20200760    00000004     Motor.o (.data.g_yawLastError)
                  20200764    00000004     Motor.o (.data.g_yawTarget)
                  20200768    00000004     Easy_Menu_User.o (.data.mov_aim_items)
                  2020076c    00000004     JY62.o (.data.pitch_angle)
                  20200770    00000004     JY62.o (.data.roll_angle)
                  20200774    00000004     Beep.o (.data.s_tick_start)
                  20200778    00000004     JY62.o (.data.temperature)
                  2020077c    00000004     JY62.o (.data.wx)
                  20200780    00000004     JY62.o (.data.wy)
                  20200784    00000004     JY62.o (.data.wz)
                  20200788    00000004     JY62.o (.data.yaw_angle)
                  2020078c    00000002     Beep.o (.data.s_on_time)
                  2020078e    00000002     Knob_drv.o (.data.s_press_cnt)
                  20200790    00000001     JY62.o (.data.frame_started)
                  20200791    00000001     Knob_drv.o (.data.g_KnobEvent)
                  20200792    00000001     k230_track.o (.data.g_aim_state)
                  20200793    00000001     Trackline.o (.data.g_cornerCount)
                  20200794    00000001     k230_track.o (.data.g_dr_laser)
                  20200795    00000001     k230_track.o (.data.g_dr_stable)
                  20200796    00000001     k230_track.o (.data.g_dr_state)
                  20200797    00000001     k230_track.o (.data.g_dr_tries)
                  20200798    00000001     k230_track.o (.data.g_dr_wait)
                  20200799    00000001     k230_track.o (.data.g_fine_tries)
                  2020079a    00000001     Trackline.o (.data.g_hadLine)
                  2020079b    00000001     k230_track.o (.data.g_k230_new_frame)
                  2020079c    00000001     Trackline.o (.data.g_laps)
                  2020079d    00000001     k230_track.o (.data.g_laser_latched)
                  2020079e    00000001     Trackline.o (.data.g_lastLineLeft)
                  2020079f    00000001     Trackline.o (.data.g_lineConfirmCnt)
                  202007a0    00000001     Trackline.o (.data.g_lostLineCnt)
                  202007a1    00000001     Trackline.o (.data.g_phase)
                  202007a2    00000001     k230_track.o (.data.g_rx_idx)
                  202007a3    00000001     k230_track.o (.data.g_rx_state)
                  202007a4    00000001     k230_track.o (.data.g_stable_cnt)
                  202007a5    00000001     k230_track.o (.data.g_wait_cnt)
                  202007a6    00000001     JY62.o (.data.jy62_new_data)
                  202007a7    00000001     main.o (.data.main.aim_off_cnt)
                  202007a8    00000001     main.o (.data.main.dr_off_cnt)
                  202007a9    00000001     main.o (.data.main.last_start)
                  202007aa    00000001     main.o (.data.main.prev_aim)
                  202007ab    00000001     main.o (.data.main.prev_dr)
                  202007ac    00000001     Knob_drv.o (.data.menu_move)
                  202007ad    00000001     Beep.o (.data.s_cycle_cnt)
                  202007ae    00000001     Beep.o (.data.s_cycle_target)
                  202007af    00000001     Knob_drv.o (.data.s_debounce_cnt)
                  202007b0    00000001     Knob_drv.o (.data.s_long_pressed)
                  202007b1    00000001     Beep.o (.data.s_mode)
                  202007b2    00000001     Knob_drv.o (.data.s_release_cnt)
                  202007b3    00000001     Beep.o (.data.s_state)

.stack     0    20207e00    00000200     UNINITIALIZED
                  20207e00    00000004     libc.a : boot_cortex_m.c.obj (.stack)
                  20207e04    000001fc     --HOLE--

__llvm_prf_cnts 
*          0    20200000    00000000     UNINITIALIZED

__llvm_prf_bits 
*          0    20200000    00000000     UNINITIALIZED

MODULE SUMMARY

       Module                           code    ro data   rw data
       ------                           ----    -------   -------
    .\
       ti_msp_dl_config.o               2972    106       160    
       main.o                           352     0         5      
       startup_mspm0g350x_ticlang.o     8       192       0      
    +--+--------------------------------+-------+---------+---------+
       Total:                           3332    298       165    
                                                                 
    .\APP\
       k230_track.o                     2868    0         44     
       Trackline.o                      2474    16        283    
       JY62.o                           1572    12        54     
       gimbal.o                         358     0         0      
       Laser.o                          144     0         0      
    +--+--------------------------------+-------+---------+---------+
       Total:                           7416    28        381    
                                                                 
    .\BSP\
       Uart.o                           90      0         0      
       delay.o                          80      0         8      
    +--+--------------------------------+-------+---------+---------+
       Total:                           170     0         8      
                                                                 
    .\Drive\Beep\
       Beep.o                           584     0         12     
    +--+--------------------------------+-------+---------+---------+
       Total:                           584     0         12     
                                                                 
    .\Drive\Grayscale_Sensor\
       No_Mcu_Ganv_Grayscale_Sensor.o   1212    0         8      
       ADC.o                            92      0         80     
    +--+--------------------------------+-------+---------+---------+
       Total:                           1304    0         88     
                                                                 
    .\Drive\Knob\
       Knob_drv.o                       664     0         7      
    +--+--------------------------------+-------+---------+---------+
       Total:                           664     0         7      
                                                                 
    .\Drive\Motor\
       Motor.o                          2138    0         28     
    +--+--------------------------------+-------+---------+---------+
       Total:                           2138    0         28     
                                                                 
    .\Drive\OLED_Drv\
       OLED.o                           1178    2072      0      
    +--+--------------------------------+-------+---------+---------+
       Total:                           1178    2072      0      
                                                                 
    .\Menu\
       Easy_Menu_Page.o                 4988    35        0      
       Easy_Menu_User.o                 1634    204       1116   
       Easy_Menu_Item.o                 2524    0         0      
       Easy_Menu.o                      1856    0         160    
       Easy_Menu_Core.o                 360     0         0      
    +--+--------------------------------+-------+---------+---------+
       Total:                           11362   239       1276   
                                                                 
    D:/MSP-SDK/mspm0_sdk_2_10_00_04/source/ti/driverlib/lib/ticlang/m0p/mspm0g1x0x_g3x0x/driverlib.a
       dl_timer.o                       356     0         0      
       dl_uart.o                        118     0         0      
       dl_dma.o                         76      0         0      
       dl_adc12.o                       64      0         0      
       dl_common.o                      10      0         0      
    +--+--------------------------------+-------+---------+---------+
       Total:                           624     0         0      
                                                                 
    D:\CCS\ccs\tools\compiler\ti-cgt-armllvm_4.0.4.LTS\lib\armv6m-ti-none-eabi/c/libc.a
       _printfi.c.obj                   4510    34        0      
       aeabi_ctype.S.obj                0       257       0      
       s_scalbn.c.obj                   216     0         0      
       vsnprintf.c.obj                  136     0         0      
       copy_decompress_lzss.c.obj       124     0         0      
       s_frexp.c.obj                    92      0         0      
       sprintf.c.obj                    90      0         0      
       _ltoa.c.obj                      88      0         0      
       atoi.c.obj                       64      0         0      
       autoinit.c.obj                   60      0         0      
       boot_cortex_m.c.obj              56      0         0      
       memccpy.c.obj                    34      0         0      
       copy_decompress_none.c.obj       18      0         0      
       memcpy16.S.obj                   18      0         0      
       copy_zero_init.c.obj             16      0         0      
       wcslen.c.obj                     16      0         0      
       memset16.S.obj                   14      0         0      
       strlen.c.obj                     14      0         0      
       aeabi_portable.c.obj             8       0         4      
       exit.c.obj                       6       0         0      
       pre_init.c.obj                   4       0         0      
    +--+--------------------------------+-------+---------+---------+
       Total:                           5584    291       4      
                                                                 
    D:\CCS\ccs\tools\compiler\ti-cgt-armllvm_4.0.4.LTS\lib\armv6m-ti-none-eabi/c/libsysbm.a
       hostexit.c.obj                   4       0         0      
    +--+--------------------------------+-------+---------+---------+
       Total:                           4       0         0      
                                                                 
    D:\CCS\ccs\tools\compiler\ti-cgt-armllvm_4.0.4.LTS\lib\armv6m-ti-none-eabi/libclang_rt.builtins.a
       adddf3.S.obj                     418     0         0      
       divdf3.S.obj                     268     0         0      
       muldf3.S.obj                     228     0         0      
       comparedf2.c.obj                 220     0         0      
       addsf3.S.obj                     216     0         0      
       udivmoddi4.S.obj                 162     0         0      
       mulsf3.S.obj                     140     0         0      
       divsf3.S.obj                     130     0         0      
       comparesf2.S.obj                 118     0         0      
       aeabi_dcmp.S.obj                 98      0         0      
       aeabi_fcmp.S.obj                 98      0         0      
       aeabi_idivmod.S.obj              86      0         0      
       fixdfsi.S.obj                    74      0         0      
       aeabi_uidivmod.S.obj             64      0         0      
       extendsfdf2.S.obj                64      0         0      
       floatsisf.S.obj                  60      0         0      
       muldsi3.S.obj                    58      0         0      
       fixsfsi.S.obj                    56      0         0      
       floatsidf.S.obj                  44      0         0      
       floatunsisf.S.obj                40      0         0      
       floatunsidf.S.obj                36      0         0      
       muldi3.S.obj                     36      0         0      
       ashldi3.S.obj                    30      0         0      
       aeabi_memset.S.obj               26      0         0      
       aeabi_uldivmod.S.obj             20      0         0      
       aeabi_memcpy.S.obj               8       0         0      
       aeabi_div0.c.obj                 4       0         0      
    +--+--------------------------------+-------+---------+---------+
       Total:                           2802    0         0      
                                                                 
       Stack:                           0       0         512    
       Linker Generated:                0       177       0      
    +--+--------------------------------+-------+---------+---------+
       Grand Total:                     37162   3105      2481   


LINKER GENERATED COPY TABLES

__TI_cinit_table @ 00009d84 records: 2, size/record: 8, table size: 16
	.data: load addr=00009ce0, load size=0000008d bytes, run addr=20200640, run size=00000174 bytes, compression=lzss
	.bss: load addr=00009d7c, load size=00000008 bytes, run addr=20200000, run size=0000063d bytes, compression=zero_init


LINKER GENERATED HANDLER TABLE

__TI_handler_table @ 00009d70 records: 3, size/record: 4, table size: 12
	index: 0, handler: __TI_decompress_lzss
	index: 1, handler: __TI_decompress_none
	index: 2, handler: __TI_zero_init


FAR CALL TRAMPOLINES

callee name               trampoline name
   callee addr  tramp addr   call addr  call info
--------------  -----------  ---------  ----------------
__aeabi_dsub              $Tramp$TT$L$PI$$__aeabi_dsub
   0000435d     0000919c     0000919a   libc.a : _printfi.c.obj (.text.OUTLINED_FUNCTION_0)
_c_int00_noargs           $Tramp$TT$L$PI$$_c_int00_noargs
   000086b9     00009208     00009202   startup_mspm0g350x_ticlang.o (.text.Reset_Handler)

[2 trampolines]
[2 trampoline calls]


GLOBAL SYMBOLS: SORTED ALPHABETICALLY BY Name 

address   name                                
-------   ----                                
000091fb  ADC0_IRQHandler                     
000091fb  ADC1_IRQHandler                     
202001f0  ADC_VALUE                           
000091fb  AES_IRQHandler                      
00008709  Beep_Stop                           
000056d9  Beep_Tick_1ms                       
00005aa9  Beep_Trigger                        
000091fe  C$$EXIT                             
000091fb  CANFD0_IRQHandler                   
00008439  Cal_Black_Callback                  
00008461  Cal_White_Callback                  
202004f0  Cal_black                           
20200320  Cal_page                            
202006e8  Cal_page_items                      
20200508  Cal_white                           
000091d5  Center_Aim_Round_Callback           
00009175  Centeraim__Start_Callback           
000070c7  Compare_String                      
000091fb  DAC0_IRQHandler                     
0000783d  DL_ADC12_setClockConfig             
0000917f  DL_Common_delayCycles               
000073fd  DL_DMA_initChannel                  
00005079  DL_Timer_initFourCCPWMMode          
00008a0d  DL_Timer_setCaptCompUpdateMethod    
00008ccd  DL_Timer_setCaptureCompareOutCtl    
000090a5  DL_Timer_setCaptureCompareValue     
00008a29  DL_Timer_setClockConfig             
00007611  DL_UART_init                        
00008a99  DL_UART_receiveDataCheck            
0000904d  DL_UART_setClockConfig              
000091fb  DMA_IRQHandler                      
000057a5  Data_Item_Init                      
00001261  Data_Item_Input                     
000091fb  Default_Handler                     
0000840d  Display_Char                        
00008045  Display_Char_Line                   
00006e55  Easy_Menu_All_Clear                 
00001ee5  Easy_Menu_All_Update                
00006051  Easy_Menu_Area_Clear                
0000671d  Easy_Menu_Display                   
00007731  Easy_Menu_Display_Char              
0000631d  Easy_Menu_Display_String            
000060e1  Easy_Menu_Goto_Page                 
00007ab9  Easy_Menu_Init                      
00008529  Easy_Menu_Input                     
00007af5  Easy_Menu_Printf                    
20200640  Easy_Menu_Ui_Data                   
00002c51  Easy_Menu_Ui_Init                   
000091fb  GROUP0_IRQHandler                   
00008281  GROUP1_IRQHandler                   
00005935  Get_Analog_value                    
00007f11  Get_Anolog_Value                    
00007d87  Get_Normalize_For_User              
00007b31  Gimbal_Enable                       
00008ad1  Gimbal_Enable_All                   
00005f21  Gimbal_MovePosition                 
00008075  Gimbal_Stop                         
00007f49  Goto_Item_Init                      
00008225  Goto_Item_Input                     
000091ff  HOSTexit                            
000091fb  HardFault_Handler                   
000091fb  I2C0_IRQHandler                     
000091fb  I2C1_IRQHandler                     
00007f7d  I2C_Start                           
00008551  I2C_Stop                            
00008579  I2C_WaitAck                         
00005449  JY62_ConfigMode                     
000066a5  JY62_Init                           
0000375d  JY62_ProcessData                    
000085a1  JY62_Task                           
20200348  JY62_page                           
202006a0  JY62_page_items                     
000059f1  Jy62_Yaw_Acc_Callback               
00008f75  Jy62_Yaw_Callback                   
00007dc1  K230_Aim_Reset                      
0000305d  K230_Aim_Task                       
00007659  K230_DrawRect_Reset                 
00001a25  K230_DrawRect_Task                  
000080a5  K230_Track_Init                     
00006a45  Knob_EXTI_Handler                   
00009189  Knob_Init                           
00005871  Knob_Tick_1ms                       
00005cad  Knob_get                            
0000872d  Laser_Init                          
00008f89  Laser_Off                           
00008f9d  Laser_On                            
20200460  Lspeed                              
000085c9  Lspeed_Callback                     
00008751  Motor_A_GetEncoderCnt               
000090b5  Motor_A_ResetEncoder                
00005d4d  Motor_A_SetSpeed                    
000064ad  Motor_B_EncoderIRQHandler           
00008fb1  Motor_B_EncoderInit                 
0000912d  Motor_B_GetEncoderCnt               
00009139  Motor_B_ResetEncoder                
00005de9  Motor_B_SetSpeed                    
00007df9  Motor_Brake                         
00007e31  Motor_Coast                         
000080d5  Motor_Init                          
00008105  Motor_ResetSpeedControl             
000085f1  Motor_SetSpeed                      
00003fe1  Motor_SpeedControl                  
00004679  Motor_YawControl                    
00005fb9  Motor_YawIsAtTarget                 
00009145  Motor_YawReset                      
00008ab5  Motor_YawSetTarget                  
000091fb  NMI_Handler                         
000044f1  No_MCU_Ganv_Sensor_Init             
00006961  No_MCU_Ganv_Sensor_Init_Frist       
000077b9  No_Mcu_Ganv_Sensor_Task_Without_tick
00006b1d  OLED_Clear                          
0000517d  OLED_Init                           
00007b6d  OLED_Set_Pos                        
00004e55  OLED_ShowChar                       
000069d3  OLED_ShowString                     
000073ad  OLED_WR_Byte                        
00003e09  Ordinary_Page_Display               
00002825  Ordinary_Page_Enter                 
00008fc5  Ordinary_Page_Exit                  
000065ad  Ordinary_Page_Init                  
00000a91  Ordinary_Page_Input                 
000033f9  Ordinary_Page_Refresh               
000091fb  PendSV_Handler                      
000091fb  RTC_IRQHandler                      
00009203  Reset_Handler                       
20200484  Rspeed                              
00008619  Rspeed_Callback                     
000091fb  SPI0_IRQHandler                     
000091fb  SPI1_IRQHandler                     
000091fb  SVC_Handler                         
00006ab1  SYSCFG_DL_ADC_line_detector_init    
00008d8d  SYSCFG_DL_DMA_CH0_init              
00008641  SYSCFG_DL_DMA_detector_out_init     
00009151  SYSCFG_DL_DMA_init                  
000041b1  SYSCFG_DL_GPIO_init                 
00006171  SYSCFG_DL_PWM_0_init                
000072bd  SYSCFG_DL_QEI_0_init                
00007fb1  SYSCFG_DL_SYSCTL_init               
0000915d  SYSCFG_DL_SYSTICK_init              
0000787d  SYSCFG_DL_UART_0_init               
000078bd  SYSCFG_DL_UART_JY62_init            
000078fd  SYSCFG_DL_UART_UP_init              
00007ba9  SYSCFG_DL_init                      
00005e85  SYSCFG_DL_initPower                 
00006791  Send_Byte                           
00007219  Show_Item_Init                      
000076a1  Show_Page_Diaplsy                   
00007e69  Show_Page_Enter                     
00008135  Show_Page_Exit                      
00006805  Show_Page_Init                      
00006201  Show_Page_Input                     
000091dd  Show__1__Page_Exit_Callback         
0000752d  Show__1__Page_Period_Callback       
000091b7  Still_Aim_Callback                  
000091c1  Still_Aim_Draw_Rectangle_Callback   
0000793d  Switch_Item_Init                    
00006f69  Switch_Item_Input                   
00008165  SysTick_Handler                     
000091fb  TIMA0_IRQHandler                    
000091fb  TIMA1_IRQHandler                    
000091fb  TIMG0_IRQHandler                    
000091fb  TIMG12_IRQHandler                   
000091fb  TIMG6_IRQHandler                    
000091fb  TIMG7_IRQHandler                    
000091fb  TIMG8_IRQHandler                    
0000905f  TI_memcpy_small                     
0000911f  TI_memset_small                     
00008fd9  Track_Pid__Kd_Callback              
00008fed  Track_Pid__Kp_Callback              
00006b89  Trackline_Calibrate_Black           
00007171  Trackline_Calibrate_White           
000071c5  Trackline_Init                      
00006bf1  Trackline_Reset                     
00008821  Trackline_Start_Callback            
00002385  Trackline_Task                      
00008669  Trackline__Round_Callback           
00004c05  UART0_IRQHandler                    
00008195  UART1_IRQHandler                    
000091fb  UART2_IRQHandler                    
000091fb  UART3_IRQHandler                    
20208000  __STACK_END                         
00000200  __STACK_SIZE                        
00000000  __TI_ATRegion0_region_sz            
00000000  __TI_ATRegion0_src_addr             
00000000  __TI_ATRegion0_trg_addr             
00000000  __TI_ATRegion1_region_sz            
00000000  __TI_ATRegion1_src_addr             
00000000  __TI_ATRegion1_trg_addr             
00000000  __TI_ATRegion2_region_sz            
00000000  __TI_ATRegion2_src_addr             
00000000  __TI_ATRegion2_trg_addr             
00009d84  __TI_CINIT_Base                     
00009d94  __TI_CINIT_Limit                    
00009d94  __TI_CINIT_Warm                     
00009d70  __TI_Handler_Table_Base             
00009d7c  __TI_Handler_Table_Limit            
00007cd5  __TI_auto_init_nobinit_nopinit      
00006629  __TI_decompress_lzss                
00009071  __TI_decompress_none                
00006fc1  __TI_ltoa                           
ffffffff  __TI_pprof_out_hndl                 
000000c1  __TI_printfi                        
ffffffff  __TI_prof_data_size                 
ffffffff  __TI_prof_data_start                
00000000  __TI_static_base__                  
000090e5  __TI_zero_init                      
00004367  __adddf3                            
0000560b  __addsf3                            
00009a40  __aeabi_ctype_table_                
00009a40  __aeabi_ctype_table_C               
000075c5  __aeabi_d2iz                        
00004367  __aeabi_dadd                        
00006d8d  __aeabi_dcmpeq                      
00006dc9  __aeabi_dcmpge                      
00006ddd  __aeabi_dcmpgt                      
00006db5  __aeabi_dcmple                      
00006da1  __aeabi_dcmplt                      
00004f6d  __aeabi_ddiv                        
00005365  __aeabi_dmul                        
0000435d  __aeabi_dsub                        
20200720  __aeabi_errno                       
000091e5  __aeabi_errno_addr                  
000079bd  __aeabi_f2d                         
00007ea1  __aeabi_f2iz                        
0000560b  __aeabi_fadd                        
00006df1  __aeabi_fcmpeq                      
00006e2d  __aeabi_fcmpge                      
00006e41  __aeabi_fcmpgt                      
00006e19  __aeabi_fcmple                      
00006e05  __aeabi_fcmplt                      
00006429  __aeabi_fdiv                        
00006291  __aeabi_fmul                        
00005601  __aeabi_fsub                        
000083b5  __aeabi_i2d                         
00007be5  __aeabi_i2f                         
00007071  __aeabi_idiv                        
000044ef  __aeabi_idiv0                       
00007071  __aeabi_idivmod                     
00005277  __aeabi_ldiv0                       
0000889d  __aeabi_llsl                        
00008799  __aeabi_lmul                        
00009169  __aeabi_memclr                      
00009169  __aeabi_memclr4                     
00009169  __aeabi_memclr8                     
000091ed  __aeabi_memcpy                      
000091ed  __aeabi_memcpy4                     
000091ed  __aeabi_memcpy8                     
000090f5  __aeabi_memset                      
000090f5  __aeabi_memset4                     
000090f5  __aeabi_memset8                     
00008775  __aeabi_ui2d                        
00008691  __aeabi_ui2f                        
0000797d  __aeabi_uidiv                       
0000797d  __aeabi_uidivmod                    
00009001  __aeabi_uldivmod                    
0000889d  __ashldi3                           
ffffffff  __binit__                           
00006c59  __cmpdf2                            
00007d11  __cmpsf2                            
00004f6d  __divdf3                            
00006429  __divsf3                            
00006c59  __eqdf2                             
00007d11  __eqsf2                             
000079bd  __extendsfdf2                       
000075c5  __fixdfsi                           
00007ea1  __fixsfsi                           
000083b5  __floatsidf                         
00007be5  __floatsisf                         
00008775  __floatunsidf                       
00008691  __floatunsisf                       
00006879  __gedf2                             
00007c21  __gesf2                             
00006879  __gtdf2                             
00007c21  __gtsf2                             
00006c59  __ledf2                             
00007d11  __lesf2                             
00006c59  __ltdf2                             
00007d11  __ltsf2                             
UNDEFED   __mpu_init                          
00005365  __muldf3                            
00008799  __muldi3                            
00007d4d  __muldsi3                           
00006291  __mulsf3                            
00006c59  __nedf2                             
00007d11  __nesf2                             
20207e00  __stack                             
20200000  __start___llvm_prf_bits             
20200000  __start___llvm_prf_cnts             
20200000  __stop___llvm_prf_bits              
20200000  __stop___llvm_prf_cnts              
0000435d  __subdf3                            
00005601  __subsf3                            
00005c09  __udivmoddi4                        
000086b9  _c_int00_noargs                     
UNDEFED   _system_post_cinit                  
00009219  _system_pre_init                    
000091f5  abort                               
00006eb1  adc_getValue                        
00009810  asc2_0806                           
00009220  asc2_1608                           
000079fd  atoi                                
20200724  ax                                  
20200728  ay                                  
2020072c  az                                  
ffffffff  binit                               
20200270  center_aim_round                    
20200370  centeraim                           
20200520  centeraim__start                    
202006f0  centeraim_items                     
0000652d  convertAnalogToDigital              
00008841  delay_ms                            
20200730  delay_times                         
202006f8  digtals                             
202000b0  easy_menu                           
00006f0d  frexp                               
00006f0d  frexpl                              
20200150  gQEI_0Backup                        
20200791  g_KnobEvent                         
20200734  g_SystemTick                        
20200678  g_Trackline                         
202006db  g_k230_data                         
2020079b  g_k230_new_frame                    
2020079c  g_laps                              
20200580  goto__Cal_page                      
20200594  goto__JY62_page                     
202005a8  goto__centeraim                     
202005bc  goto__mov_aim                       
202005d0  goto__show__1__page                 
202005e4  goto__still_aim_task                
202005f8  goto__trackline                     
2020060c  goto__trackline_pid__page           
20200398  home_page                           
2020065c  home_page_items                     
00000000  interruptVectors                    
202007a6  jy62_new_data                       
202004a8  jy62_yaw                            
202004cc  jy62_yaw_acc                        
00005529  ldexp                               
00005529  ldexpl                              
00004969  main                                
000087bd  memccpy                             
202007ac  menu_move                           
202003c0  mov_aim                             
20200768  mov_aim_items                       
00005b5d  normalizeAnalogValues               
2020076c  pitch_angle                         
20200770  roll_angle                          
00005529  scalbn                              
00005529  scalbnl                             
20200000  sensor                              
20200240  show__1__page                       
00007ed9  sprintf                             
20200538  still_aim                           
20200550  still_aim_draw_Rectangle            
202003e8  still_aim_task                      
20200700  still_aim_task_items                
00009111  strlen                              
20200778  temperature                         
2020029c  track_pid__kd                       
202002c8  track_pid__kp                       
20200410  trackline                           
202002f4  trackline__round                    
20200708  trackline_items                     
20200438  trackline_pid__page                 
20200710  trackline_pid__page_items           
20200568  trackline_start                     
000083e1  uart0_send_char                     
00007a3d  vsnprintf                           
000090d5  wcslen                              
2020077c  wx                                  
20200780  wy                                  
20200784  wz                                  
20200788  yaw_angle                           


GLOBAL SYMBOLS: SORTED BY Symbol Address 

address   name                                
-------   ----                                
00000000  __TI_ATRegion0_region_sz            
00000000  __TI_ATRegion0_src_addr             
00000000  __TI_ATRegion0_trg_addr             
00000000  __TI_ATRegion1_region_sz            
00000000  __TI_ATRegion1_src_addr             
00000000  __TI_ATRegion1_trg_addr             
00000000  __TI_ATRegion2_region_sz            
00000000  __TI_ATRegion2_src_addr             
00000000  __TI_ATRegion2_trg_addr             
00000000  __TI_static_base__                  
00000000  interruptVectors                    
000000c1  __TI_printfi                        
00000200  __STACK_SIZE                        
00000a91  Ordinary_Page_Input                 
00001261  Data_Item_Input                     
00001a25  K230_DrawRect_Task                  
00001ee5  Easy_Menu_All_Update                
00002385  Trackline_Task                      
00002825  Ordinary_Page_Enter                 
00002c51  Easy_Menu_Ui_Init                   
0000305d  K230_Aim_Task                       
000033f9  Ordinary_Page_Refresh               
0000375d  JY62_ProcessData                    
00003e09  Ordinary_Page_Display               
00003fe1  Motor_SpeedControl                  
000041b1  SYSCFG_DL_GPIO_init                 
0000435d  __aeabi_dsub                        
0000435d  __subdf3                            
00004367  __adddf3                            
00004367  __aeabi_dadd                        
000044ef  __aeabi_idiv0                       
000044f1  No_MCU_Ganv_Sensor_Init             
00004679  Motor_YawControl                    
00004969  main                                
00004c05  UART0_IRQHandler                    
00004e55  OLED_ShowChar                       
00004f6d  __aeabi_ddiv                        
00004f6d  __divdf3                            
00005079  DL_Timer_initFourCCPWMMode          
0000517d  OLED_Init                           
00005277  __aeabi_ldiv0                       
00005365  __aeabi_dmul                        
00005365  __muldf3                            
00005449  JY62_ConfigMode                     
00005529  ldexp                               
00005529  ldexpl                              
00005529  scalbn                              
00005529  scalbnl                             
00005601  __aeabi_fsub                        
00005601  __subsf3                            
0000560b  __addsf3                            
0000560b  __aeabi_fadd                        
000056d9  Beep_Tick_1ms                       
000057a5  Data_Item_Init                      
00005871  Knob_Tick_1ms                       
00005935  Get_Analog_value                    
000059f1  Jy62_Yaw_Acc_Callback               
00005aa9  Beep_Trigger                        
00005b5d  normalizeAnalogValues               
00005c09  __udivmoddi4                        
00005cad  Knob_get                            
00005d4d  Motor_A_SetSpeed                    
00005de9  Motor_B_SetSpeed                    
00005e85  SYSCFG_DL_initPower                 
00005f21  Gimbal_MovePosition                 
00005fb9  Motor_YawIsAtTarget                 
00006051  Easy_Menu_Area_Clear                
000060e1  Easy_Menu_Goto_Page                 
00006171  SYSCFG_DL_PWM_0_init                
00006201  Show_Page_Input                     
00006291  __aeabi_fmul                        
00006291  __mulsf3                            
0000631d  Easy_Menu_Display_String            
00006429  __aeabi_fdiv                        
00006429  __divsf3                            
000064ad  Motor_B_EncoderIRQHandler           
0000652d  convertAnalogToDigital              
000065ad  Ordinary_Page_Init                  
00006629  __TI_decompress_lzss                
000066a5  JY62_Init                           
0000671d  Easy_Menu_Display                   
00006791  Send_Byte                           
00006805  Show_Page_Init                      
00006879  __gedf2                             
00006879  __gtdf2                             
00006961  No_MCU_Ganv_Sensor_Init_Frist       
000069d3  OLED_ShowString                     
00006a45  Knob_EXTI_Handler                   
00006ab1  SYSCFG_DL_ADC_line_detector_init    
00006b1d  OLED_Clear                          
00006b89  Trackline_Calibrate_Black           
00006bf1  Trackline_Reset                     
00006c59  __cmpdf2                            
00006c59  __eqdf2                             
00006c59  __ledf2                             
00006c59  __ltdf2                             
00006c59  __nedf2                             
00006d8d  __aeabi_dcmpeq                      
00006da1  __aeabi_dcmplt                      
00006db5  __aeabi_dcmple                      
00006dc9  __aeabi_dcmpge                      
00006ddd  __aeabi_dcmpgt                      
00006df1  __aeabi_fcmpeq                      
00006e05  __aeabi_fcmplt                      
00006e19  __aeabi_fcmple                      
00006e2d  __aeabi_fcmpge                      
00006e41  __aeabi_fcmpgt                      
00006e55  Easy_Menu_All_Clear                 
00006eb1  adc_getValue                        
00006f0d  frexp                               
00006f0d  frexpl                              
00006f69  Switch_Item_Input                   
00006fc1  __TI_ltoa                           
00007071  __aeabi_idiv                        
00007071  __aeabi_idivmod                     
000070c7  Compare_String                      
00007171  Trackline_Calibrate_White           
000071c5  Trackline_Init                      
00007219  Show_Item_Init                      
000072bd  SYSCFG_DL_QEI_0_init                
000073ad  OLED_WR_Byte                        
000073fd  DL_DMA_initChannel                  
0000752d  Show__1__Page_Period_Callback       
000075c5  __aeabi_d2iz                        
000075c5  __fixdfsi                           
00007611  DL_UART_init                        
00007659  K230_DrawRect_Reset                 
000076a1  Show_Page_Diaplsy                   
00007731  Easy_Menu_Display_Char              
000077b9  No_Mcu_Ganv_Sensor_Task_Without_tick
0000783d  DL_ADC12_setClockConfig             
0000787d  SYSCFG_DL_UART_0_init               
000078bd  SYSCFG_DL_UART_JY62_init            
000078fd  SYSCFG_DL_UART_UP_init              
0000793d  Switch_Item_Init                    
0000797d  __aeabi_uidiv                       
0000797d  __aeabi_uidivmod                    
000079bd  __aeabi_f2d                         
000079bd  __extendsfdf2                       
000079fd  atoi                                
00007a3d  vsnprintf                           
00007ab9  Easy_Menu_Init                      
00007af5  Easy_Menu_Printf                    
00007b31  Gimbal_Enable                       
00007b6d  OLED_Set_Pos                        
00007ba9  SYSCFG_DL_init                      
00007be5  __aeabi_i2f                         
00007be5  __floatsisf                         
00007c21  __gesf2                             
00007c21  __gtsf2                             
00007cd5  __TI_auto_init_nobinit_nopinit      
00007d11  __cmpsf2                            
00007d11  __eqsf2                             
00007d11  __lesf2                             
00007d11  __ltsf2                             
00007d11  __nesf2                             
00007d4d  __muldsi3                           
00007d87  Get_Normalize_For_User              
00007dc1  K230_Aim_Reset                      
00007df9  Motor_Brake                         
00007e31  Motor_Coast                         
00007e69  Show_Page_Enter                     
00007ea1  __aeabi_f2iz                        
00007ea1  __fixsfsi                           
00007ed9  sprintf                             
00007f11  Get_Anolog_Value                    
00007f49  Goto_Item_Init                      
00007f7d  I2C_Start                           
00007fb1  SYSCFG_DL_SYSCTL_init               
00008045  Display_Char_Line                   
00008075  Gimbal_Stop                         
000080a5  K230_Track_Init                     
000080d5  Motor_Init                          
00008105  Motor_ResetSpeedControl             
00008135  Show_Page_Exit                      
00008165  SysTick_Handler                     
00008195  UART1_IRQHandler                    
00008225  Goto_Item_Input                     
00008281  GROUP1_IRQHandler                   
000083b5  __aeabi_i2d                         
000083b5  __floatsidf                         
000083e1  uart0_send_char                     
0000840d  Display_Char                        
00008439  Cal_Black_Callback                  
00008461  Cal_White_Callback                  
00008529  Easy_Menu_Input                     
00008551  I2C_Stop                            
00008579  I2C_WaitAck                         
000085a1  JY62_Task                           
000085c9  Lspeed_Callback                     
000085f1  Motor_SetSpeed                      
00008619  Rspeed_Callback                     
00008641  SYSCFG_DL_DMA_detector_out_init     
00008669  Trackline__Round_Callback           
00008691  __aeabi_ui2f                        
00008691  __floatunsisf                       
000086b9  _c_int00_noargs                     
00008709  Beep_Stop                           
0000872d  Laser_Init                          
00008751  Motor_A_GetEncoderCnt               
00008775  __aeabi_ui2d                        
00008775  __floatunsidf                       
00008799  __aeabi_lmul                        
00008799  __muldi3                            
000087bd  memccpy                             
00008821  Trackline_Start_Callback            
00008841  delay_ms                            
0000889d  __aeabi_llsl                        
0000889d  __ashldi3                           
00008a0d  DL_Timer_setCaptCompUpdateMethod    
00008a29  DL_Timer_setClockConfig             
00008a99  DL_UART_receiveDataCheck            
00008ab5  Motor_YawSetTarget                  
00008ad1  Gimbal_Enable_All                   
00008ccd  DL_Timer_setCaptureCompareOutCtl    
00008d8d  SYSCFG_DL_DMA_CH0_init              
00008f75  Jy62_Yaw_Callback                   
00008f89  Laser_Off                           
00008f9d  Laser_On                            
00008fb1  Motor_B_EncoderInit                 
00008fc5  Ordinary_Page_Exit                  
00008fd9  Track_Pid__Kd_Callback              
00008fed  Track_Pid__Kp_Callback              
00009001  __aeabi_uldivmod                    
0000904d  DL_UART_setClockConfig              
0000905f  TI_memcpy_small                     
00009071  __TI_decompress_none                
000090a5  DL_Timer_setCaptureCompareValue     
000090b5  Motor_A_ResetEncoder                
000090d5  wcslen                              
000090e5  __TI_zero_init                      
000090f5  __aeabi_memset                      
000090f5  __aeabi_memset4                     
000090f5  __aeabi_memset8                     
00009111  strlen                              
0000911f  TI_memset_small                     
0000912d  Motor_B_GetEncoderCnt               
00009139  Motor_B_ResetEncoder                
00009145  Motor_YawReset                      
00009151  SYSCFG_DL_DMA_init                  
0000915d  SYSCFG_DL_SYSTICK_init              
00009169  __aeabi_memclr                      
00009169  __aeabi_memclr4                     
00009169  __aeabi_memclr8                     
00009175  Centeraim__Start_Callback           
0000917f  DL_Common_delayCycles               
00009189  Knob_Init                           
000091b7  Still_Aim_Callback                  
000091c1  Still_Aim_Draw_Rectangle_Callback   
000091d5  Center_Aim_Round_Callback           
000091dd  Show__1__Page_Exit_Callback         
000091e5  __aeabi_errno_addr                  
000091ed  __aeabi_memcpy                      
000091ed  __aeabi_memcpy4                     
000091ed  __aeabi_memcpy8                     
000091f5  abort                               
000091fb  ADC0_IRQHandler                     
000091fb  ADC1_IRQHandler                     
000091fb  AES_IRQHandler                      
000091fb  CANFD0_IRQHandler                   
000091fb  DAC0_IRQHandler                     
000091fb  DMA_IRQHandler                      
000091fb  Default_Handler                     
000091fb  GROUP0_IRQHandler                   
000091fb  HardFault_Handler                   
000091fb  I2C0_IRQHandler                     
000091fb  I2C1_IRQHandler                     
000091fb  NMI_Handler                         
000091fb  PendSV_Handler                      
000091fb  RTC_IRQHandler                      
000091fb  SPI0_IRQHandler                     
000091fb  SPI1_IRQHandler                     
000091fb  SVC_Handler                         
000091fb  TIMA0_IRQHandler                    
000091fb  TIMA1_IRQHandler                    
000091fb  TIMG0_IRQHandler                    
000091fb  TIMG12_IRQHandler                   
000091fb  TIMG6_IRQHandler                    
000091fb  TIMG7_IRQHandler                    
000091fb  TIMG8_IRQHandler                    
000091fb  UART2_IRQHandler                    
000091fb  UART3_IRQHandler                    
000091fe  C$$EXIT                             
000091ff  HOSTexit                            
00009203  Reset_Handler                       
00009219  _system_pre_init                    
00009220  asc2_1608                           
00009810  asc2_0806                           
00009a40  __aeabi_ctype_table_                
00009a40  __aeabi_ctype_table_C               
00009d70  __TI_Handler_Table_Base             
00009d7c  __TI_Handler_Table_Limit            
00009d84  __TI_CINIT_Base                     
00009d94  __TI_CINIT_Limit                    
00009d94  __TI_CINIT_Warm                     
20200000  __start___llvm_prf_bits             
20200000  __start___llvm_prf_cnts             
20200000  __stop___llvm_prf_bits              
20200000  __stop___llvm_prf_cnts              
20200000  sensor                              
202000b0  easy_menu                           
20200150  gQEI_0Backup                        
202001f0  ADC_VALUE                           
20200240  show__1__page                       
20200270  center_aim_round                    
2020029c  track_pid__kd                       
202002c8  track_pid__kp                       
202002f4  trackline__round                    
20200320  Cal_page                            
20200348  JY62_page                           
20200370  centeraim                           
20200398  home_page                           
202003c0  mov_aim                             
202003e8  still_aim_task                      
20200410  trackline                           
20200438  trackline_pid__page                 
20200460  Lspeed                              
20200484  Rspeed                              
202004a8  jy62_yaw                            
202004cc  jy62_yaw_acc                        
202004f0  Cal_black                           
20200508  Cal_white                           
20200520  centeraim__start                    
20200538  still_aim                           
20200550  still_aim_draw_Rectangle            
20200568  trackline_start                     
20200580  goto__Cal_page                      
20200594  goto__JY62_page                     
202005a8  goto__centeraim                     
202005bc  goto__mov_aim                       
202005d0  goto__show__1__page                 
202005e4  goto__still_aim_task                
202005f8  goto__trackline                     
2020060c  goto__trackline_pid__page           
20200640  Easy_Menu_Ui_Data                   
2020065c  home_page_items                     
20200678  g_Trackline                         
202006a0  JY62_page_items                     
202006db  g_k230_data                         
202006e8  Cal_page_items                      
202006f0  centeraim_items                     
202006f8  digtals                             
20200700  still_aim_task_items                
20200708  trackline_items                     
20200710  trackline_pid__page_items           
20200720  __aeabi_errno                       
20200724  ax                                  
20200728  ay                                  
2020072c  az                                  
20200730  delay_times                         
20200734  g_SystemTick                        
20200768  mov_aim_items                       
2020076c  pitch_angle                         
20200770  roll_angle                          
20200778  temperature                         
2020077c  wx                                  
20200780  wy                                  
20200784  wz                                  
20200788  yaw_angle                           
20200791  g_KnobEvent                         
2020079b  g_k230_new_frame                    
2020079c  g_laps                              
202007a6  jy62_new_data                       
202007ac  menu_move                           
20207e00  __stack                             
20208000  __STACK_END                         
ffffffff  __TI_pprof_out_hndl                 
ffffffff  __TI_prof_data_size                 
ffffffff  __TI_prof_data_start                
ffffffff  __binit__                           
ffffffff  binit                               
UNDEFED   __mpu_init                          
UNDEFED   _system_post_cinit                  

[373 symbols]
