******************************************************************************
            TI ARM Clang Linker PC v4.0.4                      
******************************************************************************
>> Linked Wed Apr 29 23:40:05 2026

OUTPUT FILE NAME:   <optoelectronicrace_26.out>
ENTRY POINT SYMBOL: "_c_int00_noargs"  address: 00005645


MEMORY CONFIGURATION

         name            origin    length      used     unused   attr    fill
----------------------  --------  ---------  --------  --------  ----  --------
  FLASH                 00000000   00020000  000067b8  00019848  R  X
  SRAM                  20200000   00008000  000005c0  00007a40  RW X
  BCR_CONFIG            41c00000   000000ff  00000000  000000ff  R   
  BSL_CONFIG            41c00100   00000080  00000000  00000080  R   


SEGMENT ALLOCATION MAP

run origin  load origin   length   init length attrs members
----------  ----------- ---------- ----------- ----- -------
00000000    00000000    00005d88   00005d88    r-x
  00000000    00000000    000000c0   000000c0    r-- .intvecs
  000000c0    000000c0    00005cc8   00005cc8    r-x .text
00005d90    00005d90    00000a30   00000a30    r--
  00005d90    00005d90    000009e0   000009e0    r-- .rodata
  00006770    00006770    00000050   00000050    r-- .cinit
20200000    20200000    000003c0   00000000    rw-
  20200000    20200000    00000368   00000000    rw- .bss
  20200368    20200368    00000058   00000000    rw- .data
20207e00    20207e00    00000200   00000000    rw-
  20207e00    20207e00    00000200   00000000    rw- .stack


SECTION ALLOCATION MAP

 output                                  attributes/
section   page    origin      length       input sections
--------  ----  ----------  ----------   ----------------
.intvecs   0    00000000    000000c0     
                  00000000    000000c0     startup_mspm0g350x_ticlang.o (.intvecs)

.text      0    000000c0    00005cc8     
                  000000c0    000009d0     libc.a : _printfi.c.obj (.text:__TI_printfi)
                  00000a90    000007d0     Easy_Menu_Page.o (.text.Ordinary_Page_Input)
                  00001260    000007c4     Easy_Menu_Item.o (.text.Data_Item_Input)
                  00001a24    000004a0     Easy_Menu.o (.text.Easy_Menu_All_Update)
                  00001ec4    0000042c     Easy_Menu_Page.o (.text.Ordinary_Page_Enter)
                  000022f0    00000364     Easy_Menu_Page.o (.text.Ordinary_Page_Refresh)
                  00002654    00000220     libc.a : _printfi.c.obj (.text._pconv_a)
                  00002874    000001dc            : _printfi.c.obj (.text._pconv_g)
                  00002a50    000001d8     Easy_Menu_Page.o (.text.Ordinary_Page_Display)
                  00002c28    00000192     libclang_rt.builtins.a : adddf3.S.obj (.text.adddf3_subdf3)
                  00002dba    00000002                            : aeabi_div0.c.obj (.text.__aeabi_idiv0)
                  00002dbc    00000188     No_Mcu_Ganv_Grayscale_Sensor.o (.text.No_MCU_Ganv_Sensor_Init)
                  00002f44    00000178     ti_msp_dl_config.o (.text.SYSCFG_DL_GPIO_init)
                  000030bc    00000154     Easy_Menu_User.o (.text.Easy_Menu_Ui_Init)
                  00003210    0000013c     libc.a : _printfi.c.obj (.text.fcvt)
                  0000334c    00000120            : _printfi.c.obj (.text._pconv_e)
                  0000346c    00000118     OLED.o (.text.OLED_ShowChar)
                  00003584    0000010c     libclang_rt.builtins.a : divdf3.S.obj (.text.__divdf3)
                  00003690    00000104     driverlib.a : dl_timer.o (.text.DL_Timer_initFourCCPWMMode)
                  00003794    000000fa     OLED.o (.text.OLED_Init)
                  0000388e    000000f6     OLED.o (.text.OLED_ShowNum)
                  00003984    000000e4     libclang_rt.builtins.a : muldf3.S.obj (.text.__muldf3)
                  00003a68    000000d8     libc.a : s_scalbn.c.obj (.text.scalbn)
                  00003b40    000000d8     libclang_rt.builtins.a : addsf3.S.obj (.text)
                  00003c18    000000cc     Easy_Menu_Item.o (.text.Data_Item_Init)
                  00003ce4    000000b4     main.o (.text.main)
                  00003d98    000000a2     libclang_rt.builtins.a : udivmoddi4.S.obj (.text)
                  00003e3a    00000002                            : aeabi_div0.c.obj (.text.__aeabi_ldiv0)
                  00003e3c    00000090     Easy_Menu.o (.text.Easy_Menu_Area_Clear)
                  00003ecc    00000090     Easy_Menu_Core.o (.text.Easy_Menu_Goto_Page)
                  00003f5c    00000090     ti_msp_dl_config.o (.text.SYSCFG_DL_PWM_0_init)
                  00003fec    0000008c     ti_msp_dl_config.o (.text.SYSCFG_DL_initPower)
                  00004078    00000086     Easy_Menu.o (.text.Easy_Menu_Display_String)
                  000040fe    00000002     --HOLE-- [fill = 0]
                  00004100    00000084     ti_msp_dl_config.o (.text.__NVIC_SetPriority)
                  00004184    00000080     Knob_drv.o (.text.Knob_Tick_1ms)
                  00004204    0000007c     Easy_Menu_Page.o (.text.Ordinary_Page_Init)
                  00004280    0000007c     libc.a : copy_decompress_lzss.c.obj (.text:decompress:lzss)
                  000042fc    00000074     OLED.o (.text.Send_Byte)
                  00004370    00000074     libclang_rt.builtins.a : comparedf2.c.obj (.text.__gedf2)
                  000043e4    00000072     No_Mcu_Ganv_Grayscale_Sensor.o (.text.No_MCU_Ganv_Sensor_Init_Frist)
                  00004456    00000002     --HOLE-- [fill = 0]
                  00004458    0000006c     ti_msp_dl_config.o (.text.SYSCFG_DL_ADC_line_detector_init)
                  000044c4    0000006a     OLED.o (.text.OLED_Clear)
                  0000452e    00000002     --HOLE-- [fill = 0]
                  00004530    00000068     libclang_rt.builtins.a : comparedf2.c.obj (.text.__ledf2)
                  00004598    00000066     libc.a : _printfi.c.obj (.text._mcpy)
                  000045fe    00000002     --HOLE-- [fill = 0]
                  00004600    00000064     ti_msp_dl_config.o (.text.DL_ADC12_initSingleSample)
                  00004664    00000062     libclang_rt.builtins.a : aeabi_dcmp.S.obj (.text.__aeabi_dcmp)
                  000046c6    00000002     --HOLE-- [fill = 0]
                  000046c8    00000062                            : aeabi_fcmp.S.obj (.text.__aeabi_fcmp)
                  0000472a    00000002     --HOLE-- [fill = 0]
                  0000472c    0000005c     Easy_Menu.o (.text.Easy_Menu_All_Clear)
                  00004788    0000005c     libc.a : s_frexp.c.obj (.text.frexp)
                  000047e4    00000058     Motor.o (.text.Motor_B_EncoderIRQHandler)
                  0000483c    00000058     Easy_Menu_Item.o (.text.Switch_Item_Input)
                  00004894    00000058     libc.a : _ltoa.c.obj (.text.__TI_ltoa)
                  000048ec    00000058            : _printfi.c.obj (.text._pconv_f)
                  00004944    00000056     libclang_rt.builtins.a : aeabi_idivmod.S.obj (.text.__aeabi_idivmod)
                  0000499a    00000054     Easy_Menu.o (.text.Compare_String)
                  000049ee    00000002     --HOLE-- [fill = 0]
                  000049f0    00000054     ti_msp_dl_config.o (.text.DL_Timer_configQEI)
                  00004a44    00000054     Knob_drv.o (.text.Knob_EXTI_Handler)
                  00004a98    00000052     libc.a : _printfi.c.obj (.text._ecpy)
                  00004aea    00000002     --HOLE-- [fill = 0]
                  00004aec    00000050     ti_msp_dl_config.o (.text.SYSCFG_DL_QEI_0_init)
                  00004b3c    00000050     ti_msp_dl_config.o (.text.SysTick_Config)
                  00004b8c    0000004e     OLED.o (.text.OLED_WR_Byte)
                  00004bda    00000002     --HOLE-- [fill = 0]
                  00004bdc    0000004c     driverlib.a : dl_dma.o (.text.DL_DMA_initChannel)
                  00004c28    0000004c     ti_msp_dl_config.o (.text.DL_GPIO_initDigitalInputFeatures)
                  00004c74    0000004c     ti_msp_dl_config.o (.text.DL_UART_setBaudRateDivisor)
                  00004cc0    0000004a     ti_msp_dl_config.o (.text.DL_ADC12_configConversionMem)
                  00004d0a    00000002     --HOLE-- [fill = 0]
                  00004d0c    0000004a     libclang_rt.builtins.a : fixdfsi.S.obj (.text.__fixdfsi)
                  00004d56    00000002     --HOLE-- [fill = 0]
                  00004d58    00000048     driverlib.a : dl_uart.o (.text.DL_UART_init)
                  00004da0    00000044     Easy_Menu.o (.text.Easy_Menu_Display_Char)
                  00004de4    00000040     driverlib.a : dl_adc12.o (.text.DL_ADC12_setClockConfig)
                  00004e24    00000040     ti_msp_dl_config.o (.text.SYSCFG_DL_UART_0_init)
                  00004e64    00000040     ti_msp_dl_config.o (.text.SYSCFG_DL_UART_UP_init)
                  00004ea4    00000040     Easy_Menu_Item.o (.text.Switch_Item_Init)
                  00004ee4    00000040     libclang_rt.builtins.a : aeabi_uidivmod.S.obj (.text.__aeabi_uidivmod)
                  00004f24    00000040                            : extendsfdf2.S.obj (.text.__extendsfdf2)
                  00004f64    00000040     libc.a : atoi.c.obj (.text.atoi)
                  00004fa4    00000040            : vsnprintf.c.obj (.text.vsnprintf)
                  00004fe4    0000003c     ti_msp_dl_config.o (.text.DL_Timer_setCounterControl)
                  00005020    0000003c     Easy_Menu_Core.o (.text.Easy_Menu_Init)
                  0000505c    0000003c     Easy_Menu.o (.text.Easy_Menu_Printf)
                  00005098    0000003c     OLED.o (.text.OLED_Set_Pos)
                  000050d4    0000003c     libclang_rt.builtins.a : comparesf2.S.obj (.text.__gtsf2)
                  00005110    0000003c     libc.a : autoinit.c.obj (.text:__TI_auto_init_nobinit_nopinit)
                  0000514c    0000003a     libclang_rt.builtins.a : comparesf2.S.obj (.text.__eqsf2)
                  00005186    00000002     --HOLE-- [fill = 0]
                  00005188    0000003a                            : muldsi3.S.obj (.text.__muldsi3)
                  000051c2    00000002     --HOLE-- [fill = 0]
                  000051c4    00000038     Motor.o (.text.Motor_Coast)
                  000051fc    00000038     ti_msp_dl_config.o (.text.SYSCFG_DL_init)
                  00005234    00000034     Easy_Menu_Item.o (.text.Goto_Item_Init)
                  00005268    00000034     OLED.o (.text.I2C_Start)
                  0000529c    00000034     ti_msp_dl_config.o (.text.SYSCFG_DL_SYSCTL_init)
                  000052d0    00000030     ti_msp_dl_config.o (.text.DL_DMA_setTransferSize)
                  00005300    00000030     ti_msp_dl_config.o (.text.DL_GPIO_initDigitalOutputFeatures)
                  00005330    00000030     Easy_Menu.o (.text.Display_Char_Line)
                  00005360    00000030     libc.a : _printfi.c.obj (.text._fcpy)
                  00005390    00000030            : vsnprintf.c.obj (.text._outs)
                  000053c0    00000030     OLED.o (.text.oled_pow)
                  000053f0    0000002e     Easy_Menu_Item.o (.text.Goto_Item_Input)
                  0000541e    00000002     --HOLE-- [fill = 0]
                  00005420    0000002c     ti_msp_dl_config.o (.text.DL_ADC12_setDMASamplesCnt)
                  0000544c    0000002c     Knob_drv.o (.text.GROUP1_IRQHandler)
                  00005478    0000002c     Motor.o (.text.Motor_Init)
                  000054a4    0000002c     delay.o (.text.SysTick_Handler)
                  000054d0    0000002c     Knob_drv.o (.text.__NVIC_EnableIRQ)
                  000054fc    0000002c     libclang_rt.builtins.a : floatsidf.S.obj (.text.__floatsidf)
                  00005528    0000002a     Easy_Menu.o (.text.Display_Char)
                  00005552    00000028     ti_msp_dl_config.o (.text.DL_Common_updateReg)
                  0000557a    00000002     --HOLE-- [fill = 0]
                  0000557c    00000028     main.o (.text.DL_DMA_setDestAddr)
                  000055a4    00000028     main.o (.text.DL_DMA_setSrcAddr)
                  000055cc    00000028     OLED.o (.text.I2C_Stop)
                  000055f4    00000028     OLED.o (.text.I2C_WaitAck)
                  0000561c    00000028     ti_msp_dl_config.o (.text.SYSCFG_DL_DMA_detector_out_init)
                  00005644    00000028     libc.a : boot_cortex_m.c.obj (.text:_c_int00_noargs)
                  0000566c    00000026     main.o (.text.DL_DMA_enableChannel)
                  00005692    00000002     --HOLE-- [fill = 0]
                  00005694    00000024     libclang_rt.builtins.a : floatunsidf.S.obj (.text.__floatunsidf)
                  000056b8    00000024                            : muldi3.S.obj (.text.__muldi3)
                  000056dc    00000022     libc.a : memccpy.c.obj (.text.memccpy)
                  000056fe    00000002     --HOLE-- [fill = 0]
                  00005700    00000020     ti_msp_dl_config.o (.text.DL_GPIO_initPeripheralInputFunction)
                  00005720    00000020     delay.o (.text.delay_ms)
                  00005740    0000001e     ti_msp_dl_config.o (.text.DL_UART_setOversampling)
                  0000575e    00000002     --HOLE-- [fill = 0]
                  00005760    0000001e     libclang_rt.builtins.a : ashldi3.S.obj (.text.__ashldi3)
                  0000577e    00000002     --HOLE-- [fill = 0]
                  00005780    0000001c     ti_msp_dl_config.o (.text.DL_ADC12_enableDMA)
                  0000579c    0000001c     ti_msp_dl_config.o (.text.DL_ADC12_enableDMATrigger)
                  000057b8    0000001c     main.o (.text.DL_ADC12_startConversion)
                  000057d4    0000001c     Knob_drv.o (.text.DL_GPIO_clearInterruptStatus)
                  000057f0    0000001c     Motor.o (.text.DL_GPIO_clearInterruptStatus)
                  0000580c    0000001c     ti_msp_dl_config.o (.text.DL_GPIO_clearInterruptStatus)
                  00005828    0000001c     ti_msp_dl_config.o (.text.DL_GPIO_enableInterrupt)
                  00005844    0000001c     ti_msp_dl_config.o (.text.DL_GPIO_initPeripheralOutputFunction)
                  00005860    0000001c     ti_msp_dl_config.o (.text.DL_GPIO_setLowerPinsPolarity)
                  0000587c    0000001c     Knob_drv.o (.text.DL_Interrupt_getPendingGroup)
                  00005898    0000001c     ti_msp_dl_config.o (.text.DL_SYSCTL_setSYSOSCFreq)
                  000058b4    0000001c     driverlib.a : dl_timer.o (.text.DL_Timer_setCaptCompUpdateMethod)
                  000058d0    0000001c                 : dl_timer.o (.text.DL_Timer_setClockConfig)
                  000058ec    00000018     ti_msp_dl_config.o (.text.DL_ADC12_enablePower)
                  00005904    00000018     ti_msp_dl_config.o (.text.DL_ADC12_reset)
                  0000591c    00000018     ti_msp_dl_config.o (.text.DL_ADC12_setSampleTime0)
                  00005934    00000018     ti_msp_dl_config.o (.text.DL_GPIO_enableOutput)
                  0000594c    00000018     ti_msp_dl_config.o (.text.DL_GPIO_enablePower)
                  00005964    00000018     Knob_drv.o (.text.DL_GPIO_getEnabledInterruptStatus)
                  0000597c    00000018     Motor.o (.text.DL_GPIO_getEnabledInterruptStatus)
                  00005994    00000018     ti_msp_dl_config.o (.text.DL_GPIO_initDigitalOutput)
                  000059ac    00000018     ti_msp_dl_config.o (.text.DL_GPIO_reset)
                  000059c4    00000018     OLED.o (.text.DL_GPIO_setPins)
                  000059dc    00000018     ti_msp_dl_config.o (.text.DL_GPIO_setPins)
                  000059f4    00000018     ti_msp_dl_config.o (.text.DL_GPIO_setUpperPinsPolarity)
                  00005a0c    00000018     ti_msp_dl_config.o (.text.DL_SYSCTL_setBORThreshold)
                  00005a24    00000018     ti_msp_dl_config.o (.text.DL_Timer_enablePower)
                  00005a3c    00000018     ti_msp_dl_config.o (.text.DL_Timer_reset)
                  00005a54    00000018     driverlib.a : dl_timer.o (.text.DL_Timer_setCaptureCompareOutCtl)
                  00005a6c    00000018     ti_msp_dl_config.o (.text.DL_Timer_setLoadValue)
                  00005a84    00000018     ti_msp_dl_config.o (.text.DL_Timer_startCounter)
                  00005a9c    00000018     ti_msp_dl_config.o (.text.DL_UART_enablePower)
                  00005ab4    00000018     ti_msp_dl_config.o (.text.DL_UART_reset)
                  00005acc    00000018     libc.a : vsnprintf.c.obj (.text._outc)
                  00005ae4    00000016     ti_msp_dl_config.o (.text.DL_ADC12_enableConversions)
                  00005afa    00000016     Knob_drv.o (.text.DL_GPIO_readPins)
                  00005b10    00000016     Motor.o (.text.DL_GPIO_readPins)
                  00005b26    00000016     ti_msp_dl_config.o (.text.DL_UART_enable)
                  00005b3c    00000016     libc.a : copy_zero_init.c.obj (.text:decompress:ZI:__TI_zero_init_nomemset)
                  00005b52    00000014     Motor.o (.text.DL_GPIO_clearPins)
                  00005b66    00000014     OLED.o (.text.DL_GPIO_clearPins)
                  00005b7a    00000014     ti_msp_dl_config.o (.text.DL_GPIO_clearPins)
                  00005b8e    00000002     --HOLE-- [fill = 0]
                  00005b90    00000014     ti_msp_dl_config.o (.text.DL_SYSCTL_disableSYSPLL)
                  00005ba4    00000014     ti_msp_dl_config.o (.text.DL_SYSCTL_enableMFCLK)
                  00005bb8    00000014     ti_msp_dl_config.o (.text.DL_Timer_enableClock)
                  00005bcc    00000014     ti_msp_dl_config.o (.text.DL_Timer_setCCPDirection)
                  00005be0    00000014     Easy_Menu_Page.o (.text.Ordinary_Page_Exit)
                  00005bf4    00000014     libclang_rt.builtins.a : aeabi_uldivmod.S.obj (.text.__aeabi_uldivmod)
                  00005c08    00000014     libc.a : _printfi.c.obj (.text.strchr)
                  00005c1c    00000012     driverlib.a : dl_uart.o (.text.DL_UART_setClockConfig)
                  00005c2e    00000012     libc.a : memcpy16.S.obj (.text:TI_memcpy_small)
                  00005c40    00000012            : copy_decompress_none.c.obj (.text:decompress:none)
                  00005c52    00000002     --HOLE-- [fill = 0]
                  00005c54    00000010     ti_msp_dl_config.o (.text.DL_SYSCTL_disableHFXT)
                  00005c64    00000010     Motor.o (.text.DL_Timer_getTimerCount)
                  00005c74    00000010     driverlib.a : dl_timer.o (.text.DL_Timer_setCaptureCompareValue)
                  00005c84    00000010     Motor.o (.text.Motor_A_GetEncoderCnt)
                  00005c94    00000010     libc.a : wcslen.c.obj (.text.wcslen)
                  00005ca4    0000000e     libclang_rt.builtins.a : aeabi_memset.S.obj (.text.__aeabi_memset)
                  00005cb2    0000000e     libc.a : _printfi.c.obj (.text.strlen)
                  00005cc0    0000000e            : strlen.c.obj (.text.strlen)
                  00005cce    0000000e            : memset16.S.obj (.text:TI_memset_small)
                  00005cdc    0000000c     Motor.o (.text.Motor_B_GetEncoderCnt)
                  00005ce8    0000000c     ti_msp_dl_config.o (.text.SYSCFG_DL_SYSTICK_init)
                  00005cf4    0000000a     driverlib.a : dl_common.o (.text.DL_Common_delayCycles)
                  00005cfe    0000000a     Knob_drv.o (.text.Knob_Init)
                  00005d08    0000000a     libc.a : _printfi.c.obj (.text.OUTLINED_FUNCTION_0)
                  00005d12    00000002     --HOLE-- [fill = 0]
                  00005d14    00000010     libclang_rt.builtins.a : adddf3.S.obj (.tramp.__aeabi_dsub.1)
                  00005d24    0000000a     libc.a : _printfi.c.obj (.text.OUTLINED_FUNCTION_1)
                  00005d2e    0000000a     Easy_Menu_User.o (.text.Task1_Callback)
                  00005d38    0000000a     Easy_Menu_User.o (.text.Task2_Callback)
                  00005d42    00000008     ti_msp_dl_config.o (.text.SYSCFG_DL_DMA_init)
                  00005d4a    00000008     Easy_Menu_User.o (.text.Speed_Pid__Ki_Callback)
                  00005d52    00000008     Easy_Menu_User.o (.text.Speed_Pid__Kp_Callback)
                  00005d5a    00000002     --HOLE-- [fill = 0]
                  00005d5c    00000008     libc.a : aeabi_portable.c.obj (.text.__aeabi_errno_addr)
                  00005d64    00000008     libclang_rt.builtins.a : aeabi_memcpy.S.obj (.text.__aeabi_memcpy)
                  00005d6c    00000006     libc.a : exit.c.obj (.text:abort)
                  00005d72    00000004     startup_mspm0g350x_ticlang.o (.text.Default_Handler)
                  00005d76    00000004     libsysbm.a : hostexit.c.obj (.text.HOSTexit)
                  00005d7a    00000004     startup_mspm0g350x_ticlang.o (.text.Reset_Handler)
                  00005d7e    00000004     libc.a : pre_init.c.obj (.text._system_pre_init)
                  00005d82    00000006     --HOLE-- [fill = 0]

.cinit     0    00006770    00000050     
                  00006770    0000002a     (.cinit..data.load) [load image, compression = lzss]
                  0000679a    00000002     --HOLE-- [fill = 0]
                  0000679c    0000000c     (__TI_handler_table)
                  000067a8    00000008     (.cinit..bss.load) [load image, compression = zero_init]
                  000067b0    00000010     (__TI_cinit_table)

.rodata    0    00005d90    000009e0     
                  00005d90    000005f0     OLED.o (.rodata.asc2_1608)
                  00006380    00000228     OLED.o (.rodata.asc2_0806)
                  000065a8    00000008     ti_msp_dl_config.o (.rodata.gADC_line_detectorClockConfig)
                  000065b0    00000101     libc.a : aeabi_ctype.S.obj (.rodata:__aeabi_ctype_table_)
                  000066b1    00000003     ti_msp_dl_config.o (.rodata.gPWM_0ClockConfig)
                  000066b4    00000018     ti_msp_dl_config.o (.rodata.gDMA_detector_outConfig)
                  000066cc    00000011     libc.a : _printfi.c.obj (.rodata.str1.10348868589481759720.1)
                  000066dd    00000011            : _printfi.c.obj (.rodata.str1.15363888844622738466.1)
                  000066ee    0000000a     ti_msp_dl_config.o (.rodata.gUART_0Config)
                  000066f8    0000000a     ti_msp_dl_config.o (.rodata.gUART_UPConfig)
                  00006702    0000000a     Easy_Menu_User.o (.rodata.str1.11262980610456716024.1)
                  0000670c    0000000a     Easy_Menu_User.o (.rodata.str1.8423479308304406733.1)
                  00006716    00000009     Easy_Menu_User.o (.rodata.str1.14456782623604785242.1)
                  0000671f    00000001     --HOLE-- [fill = 0]
                  00006720    00000008     ti_msp_dl_config.o (.rodata.gPWM_0Config)
                  00006728    00000007     Easy_Menu_Page.o (.rodata.str1.10162903526471618397.1)
                  0000672f    00000006     Easy_Menu_User.o (.rodata.str1.11177260976807265928.1)
                  00006735    00000006     Easy_Menu_Page.o (.rodata.str1.11602794411890177903.1)
                  0000673b    00000006     Easy_Menu_User.o (.rodata.str1.16980020722660603416.1)
                  00006741    00000006     Easy_Menu_User.o (.rodata.str1.17975632479887315808.1)
                  00006747    00000005     Easy_Menu_Page.o (.rodata.str1.10541918737141963520.1)
                  0000674c    00000005     Easy_Menu_Page.o (.rodata.str1.14526947901870425149.1)
                  00006751    00000005     Easy_Menu_Page.o (.rodata.str1.17342757695734682319.1)
                  00006756    00000005     Easy_Menu_User.o (.rodata.str1.2484268131311446048.1)
                  0000675b    00000005     Easy_Menu_Page.o (.rodata.str1.2927598468843798870.1)
                  00006760    00000003     ti_msp_dl_config.o (.rodata.gQEI_0ClockConfig)
                  00006763    00000002     ti_msp_dl_config.o (.rodata.gUART_0ClockConfig)
                  00006765    00000002     ti_msp_dl_config.o (.rodata.gUART_UPClockConfig)
                  00006767    00000002     Easy_Menu_Page.o (.rodata.str1.6187967722562398102.1)
                  00006769    00000007     --HOLE-- [fill = 0]

.init_array 
*          0    00000000    00000000     UNINITIALIZED

.binit     0    00000000    00000000     

.bss       0    20200000    00000368     UNINITIALIZED
                  20200000    000000b0     (.common:sensor)
                  202000b0    000000a0     (.common:easy_menu)
                  20200150    000000a0     (.common:gQEI_0Backup)
                  202001f0    00000050     (.common:ADC_VALUE)
                  20200240    0000002c     (.common:speed_pid__ki)
                  2020026c    0000002c     (.common:speed_pid__kp)
                  20200298    00000028     (.common:home_page)
                  202002c0    00000028     (.common:speed_pid__page)
                  202002e8    00000028     (.common:tasks__page)
                  20200310    00000018     (.common:task1)
                  20200328    00000018     (.common:task2)
                  20200340    00000014     (.common:goto__speed_pid__page)
                  20200354    00000014     (.common:goto__tasks__page)

.data      0    20200368    00000058     UNINITIALIZED
                  20200368    00000010     main.o (.data.black)
                  20200378    00000010     main.o (.data.white)
                  20200388    0000000c     Easy_Menu_User.o (.data.Easy_Menu_Ui_Data)
                  20200394    00000008     Easy_Menu_User.o (.data.home_page_items)
                  2020039c    00000008     Easy_Menu_User.o (.data.speed_pid__page_items)
                  202003a4    00000008     Easy_Menu_User.o (.data.tasks__page_items)
                  202003ac    00000004     libc.a : aeabi_portable.c.obj (.data.__aeabi_errno)
                  202003b0    00000004     delay.o (.data.delay_times)
                  202003b4    00000004     delay.o (.data.g_SystemTick)
                  202003b8    00000004     Motor.o (.data.g_encoderB_cnt)
                  202003bc    00000002     Knob_drv.o (.data.s_press_cnt)
                  202003be    00000001     Knob_drv.o (.data.g_KnobEvent)
                  202003bf    00000001     Knob_drv.o (.data.s_long_pressed)

.stack     0    20207e00    00000200     UNINITIALIZED
                  20207e00    00000004     libc.a : boot_cortex_m.c.obj (.stack)
                  20207e04    000001fc     --HOLE--

__llvm_prf_cnts 
*          0    20200000    00000000     UNINITIALIZED

__llvm_prf_bits 
*          0    20200000    00000000     UNINITIALIZED

MODULE SUMMARY

       Module                           code    ro data   rw data
       ------                           ----    -------   -------
    .\
       ti_msp_dl_config.o               2808    70        160    
       main.o                           326     0         208    
       startup_mspm0g350x_ticlang.o     8       192       0      
    +--+--------------------------------+-------+---------+---------+
       Total:                           3142    262       368    
                                                                 
    .\BSP\
       delay.o                          76      0         8      
    +--+--------------------------------+-------+---------+---------+
       Total:                           76      0         8      
                                                                 
    .\Drive\Grayscale_Sensor\
       No_Mcu_Ganv_Grayscale_Sensor.o   506     0         0      
       ADC.o                            0       0         80     
    +--+--------------------------------+-------+---------+---------+
       Total:                           506     0         80     
                                                                 
    .\Drive\Knob\
       Knob_drv.o                       412     0         4      
    +--+--------------------------------+-------+---------+---------+
       Total:                           412     0         4      
                                                                 
    .\Drive\Motor\
       Motor.o                          326     0         4      
    +--+--------------------------------+-------+---------+---------+
       Total:                           326     0         4      
                                                                 
    .\Drive\OLED_Drv\
       OLED.o                           1360    2072      0      
    +--+--------------------------------+-------+---------+---------+
       Total:                           1360    2072      0      
                                                                 
    .\Menu\
       Easy_Menu_Page.o                 4552    35        0      
       Easy_Menu_Item.o                 2442    0         0      
       Easy_Menu.o                      1856    0         160    
       Easy_Menu_User.o                 376     52        332    
       Easy_Menu_Core.o                 204     0         0      
    +--+--------------------------------+-------+---------+---------+
       Total:                           9430    87        492    
                                                                 
    D:/MSP-SDK/mspm0_sdk_2_10_00_04/source/ti/driverlib/lib/ticlang/m0p/mspm0g1x0x_g3x0x/driverlib.a
       dl_timer.o                       356     0         0      
       dl_uart.o                        90      0         0      
       dl_dma.o                         76      0         0      
       dl_adc12.o                       64      0         0      
       dl_common.o                      10      0         0      
    +--+--------------------------------+-------+---------+---------+
       Total:                           596     0         0      
                                                                 
    D:\CCS\ccs\tools\compiler\ti-cgt-armllvm_4.0.4.LTS\lib\armv6m-ti-none-eabi/c/libc.a
       _printfi.c.obj                   4510    34        0      
       aeabi_ctype.S.obj                0       257       0      
       s_scalbn.c.obj                   216     0         0      
       vsnprintf.c.obj                  136     0         0      
       copy_decompress_lzss.c.obj       124     0         0      
       s_frexp.c.obj                    92      0         0      
       _ltoa.c.obj                      88      0         0      
       atoi.c.obj                       64      0         0      
       autoinit.c.obj                   60      0         0      
       boot_cortex_m.c.obj              40      0         0      
       memccpy.c.obj                    34      0         0      
       copy_zero_init.c.obj             22      0         0      
       copy_decompress_none.c.obj       18      0         0      
       memcpy16.S.obj                   18      0         0      
       wcslen.c.obj                     16      0         0      
       memset16.S.obj                   14      0         0      
       strlen.c.obj                     14      0         0      
       aeabi_portable.c.obj             8       0         4      
       exit.c.obj                       6       0         0      
       pre_init.c.obj                   4       0         0      
    +--+--------------------------------+-------+---------+---------+
       Total:                           5484    291       4      
                                                                 
    D:\CCS\ccs\tools\compiler\ti-cgt-armllvm_4.0.4.LTS\lib\armv6m-ti-none-eabi/c/libsysbm.a
       hostexit.c.obj                   4       0         0      
    +--+--------------------------------+-------+---------+---------+
       Total:                           4       0         0      
                                                                 
    D:\CCS\ccs\tools\compiler\ti-cgt-armllvm_4.0.4.LTS\lib\armv6m-ti-none-eabi/libclang_rt.builtins.a
       adddf3.S.obj                     418     0         0      
       divdf3.S.obj                     268     0         0      
       muldf3.S.obj                     228     0         0      
       comparedf2.c.obj                 220     0         0      
       addsf3.S.obj                     216     0         0      
       udivmoddi4.S.obj                 162     0         0      
       comparesf2.S.obj                 118     0         0      
       aeabi_dcmp.S.obj                 98      0         0      
       aeabi_fcmp.S.obj                 98      0         0      
       aeabi_idivmod.S.obj              86      0         0      
       fixdfsi.S.obj                    74      0         0      
       aeabi_uidivmod.S.obj             64      0         0      
       extendsfdf2.S.obj                64      0         0      
       muldsi3.S.obj                    58      0         0      
       floatsidf.S.obj                  44      0         0      
       floatunsidf.S.obj                36      0         0      
       muldi3.S.obj                     36      0         0      
       ashldi3.S.obj                    30      0         0      
       aeabi_uldivmod.S.obj             20      0         0      
       aeabi_memset.S.obj               14      0         0      
       aeabi_memcpy.S.obj               8       0         0      
       aeabi_div0.c.obj                 4       0         0      
    +--+--------------------------------+-------+---------+---------+
       Total:                           2364    0         0      
                                                                 
       Stack:                           0       0         512    
       Linker Generated:                0       78        0      
    +--+--------------------------------+-------+---------+---------+
       Grand Total:                     23700   2790      1472   


LINKER GENERATED COPY TABLES

__TI_cinit_table @ 000067b0 records: 2, size/record: 8, table size: 16
	.data: load addr=00006770, load size=0000002a bytes, run addr=20200368, run size=00000058 bytes, compression=lzss
	.bss: load addr=000067a8, load size=00000008 bytes, run addr=20200000, run size=00000368 bytes, compression=zero_init


LINKER GENERATED HANDLER TABLE

__TI_handler_table @ 0000679c records: 3, size/record: 4, table size: 12
	index: 0, handler: __TI_decompress_lzss
	index: 1, handler: __TI_decompress_none
	index: 2, handler: __TI_zero_init


FAR CALL TRAMPOLINES

callee name               trampoline name
   callee addr  tramp addr   call addr  call info
--------------  -----------  ---------  ----------------
__aeabi_dsub              $Tramp$TT$L$PI$$__aeabi_dsub
   00002c29     00005d14     00005d10   libc.a : _printfi.c.obj (.text.OUTLINED_FUNCTION_0)

[1 trampolines]
[1 trampoline calls]


GLOBAL SYMBOLS: SORTED ALPHABETICALLY BY Name 

address   name                            
-------   ----                            
00005d73  ADC0_IRQHandler                 
00005d73  ADC1_IRQHandler                 
202001f0  ADC_VALUE                       
00005d73  AES_IRQHandler                  
00005d76  C$$EXIT                         
00005d73  CANFD0_IRQHandler               
0000499b  Compare_String                  
00005d73  DAC0_IRQHandler                 
00004de5  DL_ADC12_setClockConfig         
00005cf5  DL_Common_delayCycles           
00004bdd  DL_DMA_initChannel              
00003691  DL_Timer_initFourCCPWMMode      
000058b5  DL_Timer_setCaptCompUpdateMethod
00005a55  DL_Timer_setCaptureCompareOutCtl
00005c75  DL_Timer_setCaptureCompareValue 
000058d1  DL_Timer_setClockConfig         
00004d59  DL_UART_init                    
00005c1d  DL_UART_setClockConfig          
00005d73  DMA_IRQHandler                  
00003c19  Data_Item_Init                  
00001261  Data_Item_Input                 
00005d73  Default_Handler                 
00005529  Display_Char                    
00005331  Display_Char_Line               
0000472d  Easy_Menu_All_Clear             
00001a25  Easy_Menu_All_Update            
00003e3d  Easy_Menu_Area_Clear            
00004da1  Easy_Menu_Display_Char          
00004079  Easy_Menu_Display_String        
00003ecd  Easy_Menu_Goto_Page             
00005021  Easy_Menu_Init                  
0000505d  Easy_Menu_Printf                
20200388  Easy_Menu_Ui_Data               
000030bd  Easy_Menu_Ui_Init               
00005d73  GROUP0_IRQHandler               
0000544d  GROUP1_IRQHandler               
00005235  Goto_Item_Init                  
000053f1  Goto_Item_Input                 
00005d77  HOSTexit                        
00005d73  HardFault_Handler               
00005d73  I2C0_IRQHandler                 
00005d73  I2C1_IRQHandler                 
00005269  I2C_Start                       
000055cd  I2C_Stop                        
000055f5  I2C_WaitAck                     
00004a45  Knob_EXTI_Handler               
00005cff  Knob_Init                       
00004185  Knob_Tick_1ms                   
00005c85  Motor_A_GetEncoderCnt           
000047e5  Motor_B_EncoderIRQHandler       
00005cdd  Motor_B_GetEncoderCnt           
000051c5  Motor_Coast                     
00005479  Motor_Init                      
00005d73  NMI_Handler                     
00002dbd  No_MCU_Ganv_Sensor_Init         
000043e5  No_MCU_Ganv_Sensor_Init_Frist   
000044c5  OLED_Clear                      
00003795  OLED_Init                       
00005099  OLED_Set_Pos                    
0000346d  OLED_ShowChar                   
0000388f  OLED_ShowNum                    
00004b8d  OLED_WR_Byte                    
00002a51  Ordinary_Page_Display           
00001ec5  Ordinary_Page_Enter             
00005be1  Ordinary_Page_Exit              
00004205  Ordinary_Page_Init              
00000a91  Ordinary_Page_Input             
000022f1  Ordinary_Page_Refresh           
00005d73  PendSV_Handler                  
00005d73  RTC_IRQHandler                  
00005d7b  Reset_Handler                   
00005d73  SPI0_IRQHandler                 
00005d73  SPI1_IRQHandler                 
00005d73  SVC_Handler                     
00004459  SYSCFG_DL_ADC_line_detector_init
0000561d  SYSCFG_DL_DMA_detector_out_init 
00005d43  SYSCFG_DL_DMA_init              
00002f45  SYSCFG_DL_GPIO_init             
00003f5d  SYSCFG_DL_PWM_0_init            
00004aed  SYSCFG_DL_QEI_0_init            
0000529d  SYSCFG_DL_SYSCTL_init           
00005ce9  SYSCFG_DL_SYSTICK_init          
00004e25  SYSCFG_DL_UART_0_init           
00004e65  SYSCFG_DL_UART_UP_init          
000051fd  SYSCFG_DL_init                  
00003fed  SYSCFG_DL_initPower             
000042fd  Send_Byte                       
00005d4b  Speed_Pid__Ki_Callback          
00005d53  Speed_Pid__Kp_Callback          
00004ea5  Switch_Item_Init                
0000483d  Switch_Item_Input               
000054a5  SysTick_Handler                 
00005d73  TIMA0_IRQHandler                
00005d73  TIMA1_IRQHandler                
00005d73  TIMG0_IRQHandler                
00005d73  TIMG12_IRQHandler               
00005d73  TIMG6_IRQHandler                
00005d73  TIMG7_IRQHandler                
00005d73  TIMG8_IRQHandler                
00005c2f  TI_memcpy_small                 
00005ccf  TI_memset_small                 
00005d2f  Task1_Callback                  
00005d39  Task2_Callback                  
00005d73  UART0_IRQHandler                
00005d73  UART1_IRQHandler                
00005d73  UART2_IRQHandler                
00005d73  UART3_IRQHandler                
20208000  __STACK_END                     
00000200  __STACK_SIZE                    
00000000  __TI_ATRegion0_region_sz        
00000000  __TI_ATRegion0_src_addr         
00000000  __TI_ATRegion0_trg_addr         
00000000  __TI_ATRegion1_region_sz        
00000000  __TI_ATRegion1_src_addr         
00000000  __TI_ATRegion1_trg_addr         
00000000  __TI_ATRegion2_region_sz        
00000000  __TI_ATRegion2_src_addr         
00000000  __TI_ATRegion2_trg_addr         
000067b0  __TI_CINIT_Base                 
000067c0  __TI_CINIT_Limit                
000067c0  __TI_CINIT_Warm                 
0000679c  __TI_Handler_Table_Base         
000067a8  __TI_Handler_Table_Limit        
00005111  __TI_auto_init_nobinit_nopinit  
00004281  __TI_decompress_lzss            
00005c41  __TI_decompress_none            
00004895  __TI_ltoa                       
ffffffff  __TI_pprof_out_hndl             
000000c1  __TI_printfi                    
ffffffff  __TI_prof_data_size             
ffffffff  __TI_prof_data_start            
00000000  __TI_static_base__              
00005b3d  __TI_zero_init_nomemset         
00002c33  __adddf3                        
00003b4b  __addsf3                        
000065b0  __aeabi_ctype_table_            
000065b0  __aeabi_ctype_table_C           
00004d0d  __aeabi_d2iz                    
00002c33  __aeabi_dadd                    
00004665  __aeabi_dcmpeq                  
000046a1  __aeabi_dcmpge                  
000046b5  __aeabi_dcmpgt                  
0000468d  __aeabi_dcmple                  
00004679  __aeabi_dcmplt                  
00003585  __aeabi_ddiv                    
00003985  __aeabi_dmul                    
00002c29  __aeabi_dsub                    
202003ac  __aeabi_errno                   
00005d5d  __aeabi_errno_addr              
00004f25  __aeabi_f2d                     
00003b4b  __aeabi_fadd                    
000046c9  __aeabi_fcmpeq                  
00004705  __aeabi_fcmpge                  
00004719  __aeabi_fcmpgt                  
000046f1  __aeabi_fcmple                  
000046dd  __aeabi_fcmplt                  
00003b41  __aeabi_fsub                    
000054fd  __aeabi_i2d                     
00004945  __aeabi_idiv                    
00002dbb  __aeabi_idiv0                   
00004945  __aeabi_idivmod                 
00003e3b  __aeabi_ldiv0                   
00005761  __aeabi_llsl                    
000056b9  __aeabi_lmul                    
00005d65  __aeabi_memcpy                  
00005d65  __aeabi_memcpy4                 
00005d65  __aeabi_memcpy8                 
00005ca5  __aeabi_memset                  
00005ca5  __aeabi_memset4                 
00005ca5  __aeabi_memset8                 
00005695  __aeabi_ui2d                    
00004ee5  __aeabi_uidiv                   
00004ee5  __aeabi_uidivmod                
00005bf5  __aeabi_uldivmod                
00005761  __ashldi3                       
ffffffff  __binit__                       
00004531  __cmpdf2                        
0000514d  __cmpsf2                        
00003585  __divdf3                        
00004531  __eqdf2                         
0000514d  __eqsf2                         
00004f25  __extendsfdf2                   
00004d0d  __fixdfsi                       
000054fd  __floatsidf                     
00005695  __floatunsidf                   
00004371  __gedf2                         
000050d5  __gesf2                         
00004371  __gtdf2                         
000050d5  __gtsf2                         
00004531  __ledf2                         
0000514d  __lesf2                         
00004531  __ltdf2                         
0000514d  __ltsf2                         
UNDEFED   __mpu_init                      
00003985  __muldf3                        
000056b9  __muldi3                        
00005189  __muldsi3                       
00004531  __nedf2                         
0000514d  __nesf2                         
20207e00  __stack                         
20200000  __start___llvm_prf_bits         
20200000  __start___llvm_prf_cnts         
20200000  __stop___llvm_prf_bits          
20200000  __stop___llvm_prf_cnts          
00002c29  __subdf3                        
00003b41  __subsf3                        
00003d99  __udivmoddi4                    
00005645  _c_int00_noargs                 
UNDEFED   _system_post_cinit              
00005d7f  _system_pre_init                
00005d6d  abort                           
00006380  asc2_0806                       
00005d90  asc2_1608                       
00004f65  atoi                            
ffffffff  binit                           
20200368  black                           
00005721  delay_ms                        
202003b0  delay_times                     
202000b0  easy_menu                       
00004789  frexp                           
00004789  frexpl                          
20200150  gQEI_0Backup                    
202003be  g_KnobEvent                     
202003b4  g_SystemTick                    
20200340  goto__speed_pid__page           
20200354  goto__tasks__page               
20200298  home_page                       
20200394  home_page_items                 
00000000  interruptVectors                
00003a69  ldexp                           
00003a69  ldexpl                          
00003ce5  main                            
000056dd  memccpy                         
000053c1  oled_pow                        
00003a69  scalbn                          
00003a69  scalbnl                         
20200000  sensor                          
20200240  speed_pid__ki                   
2020026c  speed_pid__kp                   
202002c0  speed_pid__page                 
2020039c  speed_pid__page_items           
00005cc1  strlen                          
20200310  task1                           
20200328  task2                           
202002e8  tasks__page                     
202003a4  tasks__page_items               
00004fa5  vsnprintf                       
00005c95  wcslen                          
20200378  white                           


GLOBAL SYMBOLS: SORTED BY Symbol Address 

address   name                            
-------   ----                            
00000000  __TI_ATRegion0_region_sz        
00000000  __TI_ATRegion0_src_addr         
00000000  __TI_ATRegion0_trg_addr         
00000000  __TI_ATRegion1_region_sz        
00000000  __TI_ATRegion1_src_addr         
00000000  __TI_ATRegion1_trg_addr         
00000000  __TI_ATRegion2_region_sz        
00000000  __TI_ATRegion2_src_addr         
00000000  __TI_ATRegion2_trg_addr         
00000000  __TI_static_base__              
00000000  interruptVectors                
000000c1  __TI_printfi                    
00000200  __STACK_SIZE                    
00000a91  Ordinary_Page_Input             
00001261  Data_Item_Input                 
00001a25  Easy_Menu_All_Update            
00001ec5  Ordinary_Page_Enter             
000022f1  Ordinary_Page_Refresh           
00002a51  Ordinary_Page_Display           
00002c29  __aeabi_dsub                    
00002c29  __subdf3                        
00002c33  __adddf3                        
00002c33  __aeabi_dadd                    
00002dbb  __aeabi_idiv0                   
00002dbd  No_MCU_Ganv_Sensor_Init         
00002f45  SYSCFG_DL_GPIO_init             
000030bd  Easy_Menu_Ui_Init               
0000346d  OLED_ShowChar                   
00003585  __aeabi_ddiv                    
00003585  __divdf3                        
00003691  DL_Timer_initFourCCPWMMode      
00003795  OLED_Init                       
0000388f  OLED_ShowNum                    
00003985  __aeabi_dmul                    
00003985  __muldf3                        
00003a69  ldexp                           
00003a69  ldexpl                          
00003a69  scalbn                          
00003a69  scalbnl                         
00003b41  __aeabi_fsub                    
00003b41  __subsf3                        
00003b4b  __addsf3                        
00003b4b  __aeabi_fadd                    
00003c19  Data_Item_Init                  
00003ce5  main                            
00003d99  __udivmoddi4                    
00003e3b  __aeabi_ldiv0                   
00003e3d  Easy_Menu_Area_Clear            
00003ecd  Easy_Menu_Goto_Page             
00003f5d  SYSCFG_DL_PWM_0_init            
00003fed  SYSCFG_DL_initPower             
00004079  Easy_Menu_Display_String        
00004185  Knob_Tick_1ms                   
00004205  Ordinary_Page_Init              
00004281  __TI_decompress_lzss            
000042fd  Send_Byte                       
00004371  __gedf2                         
00004371  __gtdf2                         
000043e5  No_MCU_Ganv_Sensor_Init_Frist   
00004459  SYSCFG_DL_ADC_line_detector_init
000044c5  OLED_Clear                      
00004531  __cmpdf2                        
00004531  __eqdf2                         
00004531  __ledf2                         
00004531  __ltdf2                         
00004531  __nedf2                         
00004665  __aeabi_dcmpeq                  
00004679  __aeabi_dcmplt                  
0000468d  __aeabi_dcmple                  
000046a1  __aeabi_dcmpge                  
000046b5  __aeabi_dcmpgt                  
000046c9  __aeabi_fcmpeq                  
000046dd  __aeabi_fcmplt                  
000046f1  __aeabi_fcmple                  
00004705  __aeabi_fcmpge                  
00004719  __aeabi_fcmpgt                  
0000472d  Easy_Menu_All_Clear             
00004789  frexp                           
00004789  frexpl                          
000047e5  Motor_B_EncoderIRQHandler       
0000483d  Switch_Item_Input               
00004895  __TI_ltoa                       
00004945  __aeabi_idiv                    
00004945  __aeabi_idivmod                 
0000499b  Compare_String                  
00004a45  Knob_EXTI_Handler               
00004aed  SYSCFG_DL_QEI_0_init            
00004b8d  OLED_WR_Byte                    
00004bdd  DL_DMA_initChannel              
00004d0d  __aeabi_d2iz                    
00004d0d  __fixdfsi                       
00004d59  DL_UART_init                    
00004da1  Easy_Menu_Display_Char          
00004de5  DL_ADC12_setClockConfig         
00004e25  SYSCFG_DL_UART_0_init           
00004e65  SYSCFG_DL_UART_UP_init          
00004ea5  Switch_Item_Init                
00004ee5  __aeabi_uidiv                   
00004ee5  __aeabi_uidivmod                
00004f25  __aeabi_f2d                     
00004f25  __extendsfdf2                   
00004f65  atoi                            
00004fa5  vsnprintf                       
00005021  Easy_Menu_Init                  
0000505d  Easy_Menu_Printf                
00005099  OLED_Set_Pos                    
000050d5  __gesf2                         
000050d5  __gtsf2                         
00005111  __TI_auto_init_nobinit_nopinit  
0000514d  __cmpsf2                        
0000514d  __eqsf2                         
0000514d  __lesf2                         
0000514d  __ltsf2                         
0000514d  __nesf2                         
00005189  __muldsi3                       
000051c5  Motor_Coast                     
000051fd  SYSCFG_DL_init                  
00005235  Goto_Item_Init                  
00005269  I2C_Start                       
0000529d  SYSCFG_DL_SYSCTL_init           
00005331  Display_Char_Line               
000053c1  oled_pow                        
000053f1  Goto_Item_Input                 
0000544d  GROUP1_IRQHandler               
00005479  Motor_Init                      
000054a5  SysTick_Handler                 
000054fd  __aeabi_i2d                     
000054fd  __floatsidf                     
00005529  Display_Char                    
000055cd  I2C_Stop                        
000055f5  I2C_WaitAck                     
0000561d  SYSCFG_DL_DMA_detector_out_init 
00005645  _c_int00_noargs                 
00005695  __aeabi_ui2d                    
00005695  __floatunsidf                   
000056b9  __aeabi_lmul                    
000056b9  __muldi3                        
000056dd  memccpy                         
00005721  delay_ms                        
00005761  __aeabi_llsl                    
00005761  __ashldi3                       
000058b5  DL_Timer_setCaptCompUpdateMethod
000058d1  DL_Timer_setClockConfig         
00005a55  DL_Timer_setCaptureCompareOutCtl
00005b3d  __TI_zero_init_nomemset         
00005be1  Ordinary_Page_Exit              
00005bf5  __aeabi_uldivmod                
00005c1d  DL_UART_setClockConfig          
00005c2f  TI_memcpy_small                 
00005c41  __TI_decompress_none            
00005c75  DL_Timer_setCaptureCompareValue 
00005c85  Motor_A_GetEncoderCnt           
00005c95  wcslen                          
00005ca5  __aeabi_memset                  
00005ca5  __aeabi_memset4                 
00005ca5  __aeabi_memset8                 
00005cc1  strlen                          
00005ccf  TI_memset_small                 
00005cdd  Motor_B_GetEncoderCnt           
00005ce9  SYSCFG_DL_SYSTICK_init          
00005cf5  DL_Common_delayCycles           
00005cff  Knob_Init                       
00005d2f  Task1_Callback                  
00005d39  Task2_Callback                  
00005d43  SYSCFG_DL_DMA_init              
00005d4b  Speed_Pid__Ki_Callback          
00005d53  Speed_Pid__Kp_Callback          
00005d5d  __aeabi_errno_addr              
00005d65  __aeabi_memcpy                  
00005d65  __aeabi_memcpy4                 
00005d65  __aeabi_memcpy8                 
00005d6d  abort                           
00005d73  ADC0_IRQHandler                 
00005d73  ADC1_IRQHandler                 
00005d73  AES_IRQHandler                  
00005d73  CANFD0_IRQHandler               
00005d73  DAC0_IRQHandler                 
00005d73  DMA_IRQHandler                  
00005d73  Default_Handler                 
00005d73  GROUP0_IRQHandler               
00005d73  HardFault_Handler               
00005d73  I2C0_IRQHandler                 
00005d73  I2C1_IRQHandler                 
00005d73  NMI_Handler                     
00005d73  PendSV_Handler                  
00005d73  RTC_IRQHandler                  
00005d73  SPI0_IRQHandler                 
00005d73  SPI1_IRQHandler                 
00005d73  SVC_Handler                     
00005d73  TIMA0_IRQHandler                
00005d73  TIMA1_IRQHandler                
00005d73  TIMG0_IRQHandler                
00005d73  TIMG12_IRQHandler               
00005d73  TIMG6_IRQHandler                
00005d73  TIMG7_IRQHandler                
00005d73  TIMG8_IRQHandler                
00005d73  UART0_IRQHandler                
00005d73  UART1_IRQHandler                
00005d73  UART2_IRQHandler                
00005d73  UART3_IRQHandler                
00005d76  C$$EXIT                         
00005d77  HOSTexit                        
00005d7b  Reset_Handler                   
00005d7f  _system_pre_init                
00005d90  asc2_1608                       
00006380  asc2_0806                       
000065b0  __aeabi_ctype_table_            
000065b0  __aeabi_ctype_table_C           
0000679c  __TI_Handler_Table_Base         
000067a8  __TI_Handler_Table_Limit        
000067b0  __TI_CINIT_Base                 
000067c0  __TI_CINIT_Limit                
000067c0  __TI_CINIT_Warm                 
20200000  __start___llvm_prf_bits         
20200000  __start___llvm_prf_cnts         
20200000  __stop___llvm_prf_bits          
20200000  __stop___llvm_prf_cnts          
20200000  sensor                          
202000b0  easy_menu                       
20200150  gQEI_0Backup                    
202001f0  ADC_VALUE                       
20200240  speed_pid__ki                   
2020026c  speed_pid__kp                   
20200298  home_page                       
202002c0  speed_pid__page                 
202002e8  tasks__page                     
20200310  task1                           
20200328  task2                           
20200340  goto__speed_pid__page           
20200354  goto__tasks__page               
20200368  black                           
20200378  white                           
20200388  Easy_Menu_Ui_Data               
20200394  home_page_items                 
2020039c  speed_pid__page_items           
202003a4  tasks__page_items               
202003ac  __aeabi_errno                   
202003b0  delay_times                     
202003b4  g_SystemTick                    
202003be  g_KnobEvent                     
20207e00  __stack                         
20208000  __STACK_END                     
ffffffff  __TI_pprof_out_hndl             
ffffffff  __TI_prof_data_size             
ffffffff  __TI_prof_data_start            
ffffffff  __binit__                       
ffffffff  binit                           
UNDEFED   __mpu_init                      
UNDEFED   _system_post_cinit              

[249 symbols]
