******************************************************************************
            TI ARM Clang Linker PC v4.0.4                      
******************************************************************************
>> Linked Thu May 21 13:43:26 2026

OUTPUT FILE NAME:   <optoelectronicrace_26.out>
ENTRY POINT SYMBOL: "_c_int00_noargs"  address: 00007dd5


MEMORY CONFIGURATION

         name            origin    length      used     unused   attr    fill
----------------------  --------  ---------  --------  --------  ----  --------
  FLASH                 00000000   00020000  00009420  00016be0  R  X
  SRAM                  20200000   00008000  0000096c  00007694  RW X
  BCR_CONFIG            41c00000   000000ff  00000000  000000ff  R   
  BSL_CONFIG            41c00100   00000080  00000000  00000080  R   


SEGMENT ALLOCATION MAP

run origin  load origin   length   init length attrs members
----------  ----------- ---------- ----------- ----- -------
00000000    00000000    000088e8   000088e8    r-x
  00000000    00000000    000000c0   000000c0    r-- .intvecs
  000000c0    000000c0    00008828   00008828    r-x .text
000088f0    000088f0    00000b38   00000b38    r--
  000088f0    000088f0    00000a90   00000a90    r-- .rodata
  00009380    00009380    000000a8   000000a8    r-- .cinit
20200000    20200000    0000076c   00000000    rw-
  20200000    20200000    00000600   00000000    rw- .bss
  20200600    20200600    0000016c   00000000    rw- .data
20207e00    20207e00    00000200   00000000    rw-
  20207e00    20207e00    00000200   00000000    rw- .stack


SECTION ALLOCATION MAP

 output                                  attributes/
section   page    origin      length       input sections
--------  ----  ----------  ----------   ----------------
.intvecs   0    00000000    000000c0     
                  00000000    000000c0     startup_mspm0g350x_ticlang.o (.intvecs)

.text      0    000000c0    00008828     
                  000000c0    000009d0     libc.a : _printfi.c.obj (.text:__TI_printfi)
                  00000a90    000007d0     Easy_Menu_Page.o (.text.Ordinary_Page_Input)
                  00001260    000007c4     Easy_Menu_Item.o (.text.Data_Item_Input)
                  00001a24    00000670     Trackline.o (.text.Trackline_Task)
                  00002094    000004a0     Easy_Menu.o (.text.Easy_Menu_All_Update)
                  00002534    0000042c     Easy_Menu_Page.o (.text.Ordinary_Page_Enter)
                  00002960    000003d4     Easy_Menu_User.o (.text.Easy_Menu_Ui_Init)
                  00002d34    00000364     Easy_Menu_Page.o (.text.Ordinary_Page_Refresh)
                  00003098    000002b0     JY62.o (.text.JY62_ProcessData)
                  00003348    00000284     k230_track.o (.text.K230_Aim_Task)
                  000035cc    00000220     libc.a : _printfi.c.obj (.text._pconv_a)
                  000037ec    000001f8     Trackline.o (.text.trackline_pid_apply)
                  000039e4    000001dc     libc.a : _printfi.c.obj (.text._pconv_g)
                  00003bc0    000001d8     Easy_Menu_Page.o (.text.Ordinary_Page_Display)
                  00003d98    000001d0     Motor.o (.text.Motor_SpeedControl)
                  00003f68    000001b0     ti_msp_dl_config.o (.text.SYSCFG_DL_GPIO_init)
                  00004118    00000192     libclang_rt.builtins.a : adddf3.S.obj (.text.adddf3_subdf3)
                  000042aa    00000002                            : aeabi_div0.c.obj (.text.__aeabi_idiv0)
                  000042ac    00000188     Motor.o (.text.Motor_YawControl)
                  00004434    00000188     No_Mcu_Ganv_Grayscale_Sensor.o (.text.No_MCU_Ganv_Sensor_Init)
                  000045bc    0000013c     libc.a : _printfi.c.obj (.text.fcvt)
                  000046f8    00000130     k230_track.o (.text.UART0_IRQHandler)
                  00004828    00000120     libc.a : _printfi.c.obj (.text._pconv_e)
                  00004948    00000118     OLED.o (.text.OLED_ShowChar)
                  00004a60    0000010c     libclang_rt.builtins.a : divdf3.S.obj (.text.__divdf3)
                  00004b6c    00000104     driverlib.a : dl_timer.o (.text.DL_Timer_initFourCCPWMMode)
                  00004c70    000000fa     OLED.o (.text.OLED_Init)
                  00004d6a    00000002     libclang_rt.builtins.a : aeabi_div0.c.obj (.text.__aeabi_ldiv0)
                  00004d6c    000000e4                            : muldf3.S.obj (.text.__muldf3)
                  00004e50    000000e0     JY62.o (.text.JY62_ConfigMode)
                  00004f30    000000d8     libc.a : s_scalbn.c.obj (.text.scalbn)
                  00005008    000000d8     libclang_rt.builtins.a : addsf3.S.obj (.text)
                  000050e0    000000cc     Beep.o (.text.Beep_Tick_1ms)
                  000051ac    000000cc     Easy_Menu_Item.o (.text.Data_Item_Init)
                  00005278    000000bc     No_Mcu_Ganv_Grayscale_Sensor.o (.text.Get_Analog_value)
                  00005334    000000b8     Easy_Menu_User.o (.text.Jy62_Yaw_Acc_Callback)
                  000053ec    000000b4     Beep.o (.text.Beep_Trigger)
                  000054a0    000000ac     main.o (.text.main)
                  0000554c    000000aa     No_Mcu_Ganv_Grayscale_Sensor.o (.text.normalizeAnalogValues)
                  000055f6    00000002     --HOLE-- [fill = 0]
                  000055f8    000000a2     libclang_rt.builtins.a : udivmoddi4.S.obj (.text)
                  0000569a    00000002     --HOLE-- [fill = 0]
                  0000569c    000000a0     Knob_drv.o (.text.Knob_get)
                  0000573c    0000009c     Motor.o (.text.Motor_A_SetSpeed)
                  000057d8    0000009c     Motor.o (.text.Motor_B_SetSpeed)
                  00005874    0000009c     ti_msp_dl_config.o (.text.SYSCFG_DL_initPower)
                  00005910    00000098     Knob_drv.o (.text.Knob_Tick_1ms)
                  000059a8    00000098     Motor.o (.text.Motor_YawIsAtTarget)
                  00005a40    00000090     Easy_Menu.o (.text.Easy_Menu_Area_Clear)
                  00005ad0    00000090     Easy_Menu_Core.o (.text.Easy_Menu_Goto_Page)
                  00005b60    00000090     ti_msp_dl_config.o (.text.SYSCFG_DL_PWM_0_init)
                  00005bf0    0000008e     gimbal.o (.text.Gimbal_MovePosition)
                  00005c7e    00000002     --HOLE-- [fill = 0]
                  00005c80    0000008c     libclang_rt.builtins.a : mulsf3.S.obj (.text.__mulsf3)
                  00005d0c    00000086     Easy_Menu.o (.text.Easy_Menu_Display_String)
                  00005d92    00000002     --HOLE-- [fill = 0]
                  00005d94    00000084     ti_msp_dl_config.o (.text.__NVIC_SetPriority)
                  00005e18    00000082     libclang_rt.builtins.a : divsf3.S.obj (.text.__divsf3)
                  00005e9a    00000002     --HOLE-- [fill = 0]
                  00005e9c    00000080     Motor.o (.text.Motor_B_EncoderIRQHandler)
                  00005f1c    0000007c     Easy_Menu_Page.o (.text.Ordinary_Page_Init)
                  00005f98    0000007c     libc.a : copy_decompress_lzss.c.obj (.text:decompress:lzss)
                  00006014    00000078     JY62.o (.text.JY62_Init)
                  0000608c    00000074     Easy_Menu_Core.o (.text.Easy_Menu_Display)
                  00006100    00000074     OLED.o (.text.Send_Byte)
                  00006174    00000074     libclang_rt.builtins.a : comparedf2.c.obj (.text.__gedf2)
                  000061e8    00000074     Motor.o (.text.clampSpeed)
                  0000625c    00000072     No_Mcu_Ganv_Grayscale_Sensor.o (.text.No_MCU_Ganv_Sensor_Init_Frist)
                  000062ce    00000002     --HOLE-- [fill = 0]
                  000062d0    0000006c     Knob_drv.o (.text.Knob_EXTI_Handler)
                  0000633c    0000006c     ti_msp_dl_config.o (.text.SYSCFG_DL_ADC_line_detector_init)
                  000063a8    0000006c     Trackline.o (.text.Trackline_Calibrate_Black)
                  00006414    0000006c     No_Mcu_Ganv_Grayscale_Sensor.o (.text.convertAnalogToDigital)
                  00006480    0000006a     OLED.o (.text.OLED_Clear)
                  000064ea    00000002     --HOLE-- [fill = 0]
                  000064ec    00000068     libclang_rt.builtins.a : comparedf2.c.obj (.text.__ledf2)
                  00006554    00000066     libc.a : _printfi.c.obj (.text._mcpy)
                  000065ba    00000002     --HOLE-- [fill = 0]
                  000065bc    00000064     ti_msp_dl_config.o (.text.DL_ADC12_initSingleSample)
                  00006620    00000062     libclang_rt.builtins.a : aeabi_dcmp.S.obj (.text.__aeabi_dcmp)
                  00006682    00000002     --HOLE-- [fill = 0]
                  00006684    00000062                            : aeabi_fcmp.S.obj (.text.__aeabi_fcmp)
                  000066e6    00000002     --HOLE-- [fill = 0]
                  000066e8    0000005c     Easy_Menu.o (.text.Easy_Menu_All_Clear)
                  00006744    0000005c     ADC.o (.text.adc_getValue)
                  000067a0    0000005c     libc.a : s_frexp.c.obj (.text.frexp)
                  000067fc    00000058     Easy_Menu_Item.o (.text.Switch_Item_Input)
                  00006854    00000058     Trackline.o (.text.Trackline_Calibrate_White)
                  000068ac    00000058     Trackline.o (.text.Trackline_Reset)
                  00006904    00000058     libc.a : _ltoa.c.obj (.text.__TI_ltoa)
                  0000695c    00000058            : _printfi.c.obj (.text._pconv_f)
                  000069b4    00000056     libclang_rt.builtins.a : aeabi_idivmod.S.obj (.text.__aeabi_idivmod)
                  00006a0a    00000054     Easy_Menu.o (.text.Compare_String)
                  00006a5e    00000002     --HOLE-- [fill = 0]
                  00006a60    00000054     ti_msp_dl_config.o (.text.DL_Timer_configQEI)
                  00006ab4    00000054     Trackline.o (.text.Trackline_Init)
                  00006b08    00000052     Easy_Menu_Item.o (.text.Show_Item_Init)
                  00006b5a    00000052     libc.a : _printfi.c.obj (.text._ecpy)
                  00006bac    00000050     ti_msp_dl_config.o (.text.SYSCFG_DL_QEI_0_init)
                  00006bfc    00000050     ti_msp_dl_config.o (.text.SysTick_Config)
                  00006c4c    0000004e     OLED.o (.text.OLED_WR_Byte)
                  00006c9a    00000002     --HOLE-- [fill = 0]
                  00006c9c    0000004c     driverlib.a : dl_dma.o (.text.DL_DMA_initChannel)
                  00006ce8    0000004c     ti_msp_dl_config.o (.text.DL_GPIO_initDigitalInputFeatures)
                  00006d34    0000004c     JY62.o (.text.DL_UART_setBaudRateDivisor)
                  00006d80    0000004c     ti_msp_dl_config.o (.text.DL_UART_setBaudRateDivisor)
                  00006dcc    0000004c     Trackline.o (.text.line_mask_from_normal)
                  00006e18    0000004a     ti_msp_dl_config.o (.text.DL_ADC12_configConversionMem)
                  00006e62    00000002     --HOLE-- [fill = 0]
                  00006e64    0000004a     libclang_rt.builtins.a : fixdfsi.S.obj (.text.__fixdfsi)
                  00006eae    00000002     --HOLE-- [fill = 0]
                  00006eb0    00000048     driverlib.a : dl_uart.o (.text.DL_UART_init)
                  00006ef8    00000048     gimbal.o (.text.gimbal_send_frame)
                  00006f40    00000044     Easy_Menu.o (.text.Easy_Menu_Display_Char)
                  00006f84    00000042     No_Mcu_Ganv_Grayscale_Sensor.o (.text.No_Mcu_Ganv_Sensor_Task_Without_tick)
                  00006fc6    00000002     --HOLE-- [fill = 0]
                  00006fc8    00000040     driverlib.a : dl_adc12.o (.text.DL_ADC12_setClockConfig)
                  00007008    00000040     ti_msp_dl_config.o (.text.SYSCFG_DL_UART_0_init)
                  00007048    00000040     ti_msp_dl_config.o (.text.SYSCFG_DL_UART_JY62_init)
                  00007088    00000040     ti_msp_dl_config.o (.text.SYSCFG_DL_UART_UP_init)
                  000070c8    00000040     Easy_Menu_Item.o (.text.Switch_Item_Init)
                  00007108    00000040     libclang_rt.builtins.a : aeabi_uidivmod.S.obj (.text.__aeabi_uidivmod)
                  00007148    00000040                            : extendsfdf2.S.obj (.text.__extendsfdf2)
                  00007188    00000040     libc.a : atoi.c.obj (.text.atoi)
                  000071c8    00000040            : vsnprintf.c.obj (.text.vsnprintf)
                  00007208    0000003c     ti_msp_dl_config.o (.text.DL_Timer_setCounterControl)
                  00007244    0000003c     Easy_Menu_Core.o (.text.Easy_Menu_Init)
                  00007280    0000003c     Easy_Menu.o (.text.Easy_Menu_Printf)
                  000072bc    0000003c     gimbal.o (.text.Gimbal_Enable)
                  000072f8    0000003c     k230_track.o (.text.K230_Aim_Reset)
                  00007334    0000003c     OLED.o (.text.OLED_Set_Pos)
                  00007370    0000003c     ti_msp_dl_config.o (.text.SYSCFG_DL_init)
                  000073ac    0000003c     libclang_rt.builtins.a : floatsisf.S.obj (.text.__floatsisf)
                  000073e8    0000003c                            : comparesf2.S.obj (.text.__gtsf2)
                  00007424    0000003c     Beep.o (.text.start_off_phase)
                  00007460    0000003c     Beep.o (.text.start_on_phase)
                  0000749c    0000003c     libc.a : autoinit.c.obj (.text:__TI_auto_init_nobinit_nopinit)
                  000074d8    0000003a     libclang_rt.builtins.a : comparesf2.S.obj (.text.__eqsf2)
                  00007512    00000002     --HOLE-- [fill = 0]
                  00007514    0000003a                            : muldsi3.S.obj (.text.__muldsi3)
                  0000754e    00000038     No_Mcu_Ganv_Grayscale_Sensor.o (.text.Get_Normalize_For_User)
                  00007586    00000002     --HOLE-- [fill = 0]
                  00007588    00000038     Motor.o (.text.Motor_Brake)
                  000075c0    00000038     Motor.o (.text.Motor_Coast)
                  000075f8    00000038     libclang_rt.builtins.a : fixsfsi.S.obj (.text.__fixsfsi)
                  00007630    00000036     No_Mcu_Ganv_Grayscale_Sensor.o (.text.Get_Anolog_Value)
                  00007666    00000002     --HOLE-- [fill = 0]
                  00007668    00000034     Easy_Menu_Item.o (.text.Goto_Item_Init)
                  0000769c    00000034     OLED.o (.text.I2C_Start)
                  000076d0    00000034     ti_msp_dl_config.o (.text.SYSCFG_DL_SYSCTL_init)
                  00007704    00000030     ti_msp_dl_config.o (.text.DL_DMA_setTransferSize)
                  00007734    00000030     ti_msp_dl_config.o (.text.DL_GPIO_initDigitalOutputFeatures)
                  00007764    00000030     Easy_Menu.o (.text.Display_Char_Line)
                  00007794    00000030     gimbal.o (.text.Gimbal_Stop)
                  000077c4    00000030     k230_track.o (.text.K230_Track_Init)
                  000077f4    00000030     Motor.o (.text.Motor_Init)
                  00007824    00000030     Motor.o (.text.Motor_ResetSpeedControl)
                  00007854    00000030     delay.o (.text.SysTick_Handler)
                  00007884    00000030     JY62.o (.text.UART1_IRQHandler)
                  000078b4    00000030     libc.a : _printfi.c.obj (.text._fcpy)
                  000078e4    00000030            : vsnprintf.c.obj (.text._outs)
                  00007914    0000002e     Easy_Menu_Item.o (.text.Goto_Item_Input)
                  00007942    00000002     --HOLE-- [fill = 0]
                  00007944    0000002c     ti_msp_dl_config.o (.text.DL_ADC12_setDMASamplesCnt)
                  00007970    0000002c     Knob_drv.o (.text.GROUP1_IRQHandler)
                  0000799c    0000002c     Easy_Menu_User.o (.text.Still_Aim_Callback)
                  000079c8    0000002c     JY62.o (.text.__NVIC_ClearPendingIRQ)
                  000079f4    0000002c     k230_track.o (.text.__NVIC_ClearPendingIRQ)
                  00007a20    0000002c     JY62.o (.text.__NVIC_EnableIRQ)
                  00007a4c    0000002c     Knob_drv.o (.text.__NVIC_EnableIRQ)
                  00007a78    0000002c     Motor.o (.text.__NVIC_EnableIRQ)
                  00007aa4    0000002c     k230_track.o (.text.__NVIC_EnableIRQ)
                  00007ad0    0000002c     libclang_rt.builtins.a : floatsidf.S.obj (.text.__floatsidf)
                  00007afc    0000002c     Uart.o (.text.uart0_send_char)
                  00007b28    0000002a     Easy_Menu.o (.text.Display_Char)
                  00007b52    00000002     --HOLE-- [fill = 0]
                  00007b54    00000028     Easy_Menu_User.o (.text.Cal_Black_Callback)
                  00007b7c    00000028     Easy_Menu_User.o (.text.Cal_White_Callback)
                  00007ba4    00000028     JY62.o (.text.DL_Common_updateReg)
                  00007bcc    00000028     ti_msp_dl_config.o (.text.DL_Common_updateReg)
                  00007bf4    00000028     Trackline.o (.text.DL_DMA_setDestAddr)
                  00007c1c    00000028     Trackline.o (.text.DL_DMA_setSrcAddr)
                  00007c44    00000028     Easy_Menu_Core.o (.text.Easy_Menu_Input)
                  00007c6c    00000028     OLED.o (.text.I2C_Stop)
                  00007c94    00000028     OLED.o (.text.I2C_WaitAck)
                  00007cbc    00000028     JY62.o (.text.JY62_Task)
                  00007ce4    00000028     Easy_Menu_User.o (.text.Lspeed_Callback)
                  00007d0c    00000028     Motor.o (.text.Motor_SetSpeed)
                  00007d34    00000028     Easy_Menu_User.o (.text.Rspeed_Callback)
                  00007d5c    00000028     ti_msp_dl_config.o (.text.SYSCFG_DL_DMA_detector_out_init)
                  00007d84    00000028     Easy_Menu_User.o (.text.Trackline__Round_Callback)
                  00007dac    00000028     libclang_rt.builtins.a : floatunsisf.S.obj (.text.__floatunsisf)
                  00007dd4    00000028     libc.a : boot_cortex_m.c.obj (.text:_c_int00_noargs)
                  00007dfc    00000026     Trackline.o (.text.DL_DMA_enableChannel)
                  00007e22    00000002     --HOLE-- [fill = 0]
                  00007e24    00000024     Beep.o (.text.Beep_Stop)
                  00007e48    00000024     Laser.o (.text.Laser_Init)
                  00007e6c    00000024     Motor.o (.text.Motor_A_GetEncoderCnt)
                  00007e90    00000024     libclang_rt.builtins.a : floatunsidf.S.obj (.text.__floatunsidf)
                  00007eb4    00000024                            : muldi3.S.obj (.text.__muldi3)
                  00007ed8    00000022     libc.a : memccpy.c.obj (.text.memccpy)
                  00007efa    00000002     --HOLE-- [fill = 0]
                  00007efc    00000020     JY62.o (.text.DL_GPIO_initPeripheralInputFunction)
                  00007f1c    00000020     ti_msp_dl_config.o (.text.DL_GPIO_initPeripheralInputFunction)
                  00007f3c    00000020     Easy_Menu_User.o (.text.Trackline_Start_Callback)
                  00007f5c    00000020     delay.o (.text.delay_ms)
                  00007f7c    0000001e     JY62.o (.text.DL_UART_setOversampling)
                  00007f9a    0000001e     ti_msp_dl_config.o (.text.DL_UART_setOversampling)
                  00007fb8    0000001e     libclang_rt.builtins.a : ashldi3.S.obj (.text.__ashldi3)
                  00007fd6    00000002     --HOLE-- [fill = 0]
                  00007fd8    0000001c     ti_msp_dl_config.o (.text.DL_ADC12_enableDMA)
                  00007ff4    0000001c     ti_msp_dl_config.o (.text.DL_ADC12_enableDMATrigger)
                  00008010    0000001c     Trackline.o (.text.DL_ADC12_startConversion)
                  0000802c    0000001c     Knob_drv.o (.text.DL_GPIO_clearInterruptStatus)
                  00008048    0000001c     Motor.o (.text.DL_GPIO_clearInterruptStatus)
                  00008064    0000001c     ti_msp_dl_config.o (.text.DL_GPIO_clearInterruptStatus)
                  00008080    0000001c     ti_msp_dl_config.o (.text.DL_GPIO_enableInterrupt)
                  0000809c    0000001c     JY62.o (.text.DL_GPIO_initPeripheralOutputFunction)
                  000080b8    0000001c     ti_msp_dl_config.o (.text.DL_GPIO_initPeripheralOutputFunction)
                  000080d4    0000001c     ti_msp_dl_config.o (.text.DL_GPIO_setLowerPinsPolarity)
                  000080f0    0000001c     Knob_drv.o (.text.DL_Interrupt_getPendingGroup)
                  0000810c    0000001c     ti_msp_dl_config.o (.text.DL_SYSCTL_setSYSOSCFreq)
                  00008128    0000001c     driverlib.a : dl_timer.o (.text.DL_Timer_setCaptCompUpdateMethod)
                  00008144    0000001c                 : dl_timer.o (.text.DL_Timer_setClockConfig)
                  00008160    0000001c     k230_track.o (.text.DL_UART_disableDMAReceiveEvent)
                  0000817c    0000001c     JY62.o (.text.DL_UART_enableInterrupt)
                  00008198    0000001c     k230_track.o (.text.DL_UART_enableInterrupt)
                  000081b4    0000001c     driverlib.a : dl_uart.o (.text.DL_UART_receiveDataCheck)
                  000081d0    0000001c     Motor.o (.text.Motor_YawSetTarget)
                  000081ec    0000001a     gimbal.o (.text.Gimbal_Enable_All)
                  00008206    00000002     --HOLE-- [fill = 0]
                  00008208    00000018     ti_msp_dl_config.o (.text.DL_ADC12_enablePower)
                  00008220    00000018     ti_msp_dl_config.o (.text.DL_ADC12_reset)
                  00008238    00000018     ti_msp_dl_config.o (.text.DL_ADC12_setSampleTime0)
                  00008250    00000018     Laser.o (.text.DL_GPIO_enableOutput)
                  00008268    00000018     ti_msp_dl_config.o (.text.DL_GPIO_enableOutput)
                  00008280    00000018     ti_msp_dl_config.o (.text.DL_GPIO_enablePower)
                  00008298    00000018     Knob_drv.o (.text.DL_GPIO_getEnabledInterruptStatus)
                  000082b0    00000018     Motor.o (.text.DL_GPIO_getEnabledInterruptStatus)
                  000082c8    00000018     ti_msp_dl_config.o (.text.DL_GPIO_initDigitalOutput)
                  000082e0    00000018     ti_msp_dl_config.o (.text.DL_GPIO_reset)
                  000082f8    00000018     Beep.o (.text.DL_GPIO_setPins)
                  00008310    00000018     Laser.o (.text.DL_GPIO_setPins)
                  00008328    00000018     Motor.o (.text.DL_GPIO_setPins)
                  00008340    00000018     No_Mcu_Ganv_Grayscale_Sensor.o (.text.DL_GPIO_setPins)
                  00008358    00000018     OLED.o (.text.DL_GPIO_setPins)
                  00008370    00000018     ti_msp_dl_config.o (.text.DL_GPIO_setPins)
                  00008388    00000018     ti_msp_dl_config.o (.text.DL_GPIO_setUpperPinsPolarity)
                  000083a0    00000018     ti_msp_dl_config.o (.text.DL_SYSCTL_setBORThreshold)
                  000083b8    00000018     ti_msp_dl_config.o (.text.DL_Timer_enablePower)
                  000083d0    00000018     ti_msp_dl_config.o (.text.DL_Timer_reset)
                  000083e8    00000018     driverlib.a : dl_timer.o (.text.DL_Timer_setCaptureCompareOutCtl)
                  00008400    00000018     ti_msp_dl_config.o (.text.DL_Timer_setLoadValue)
                  00008418    00000018     ti_msp_dl_config.o (.text.DL_Timer_startCounter)
                  00008430    00000018     JY62.o (.text.DL_UART_enablePower)
                  00008448    00000018     ti_msp_dl_config.o (.text.DL_UART_enablePower)
                  00008460    00000018     JY62.o (.text.DL_UART_isBusy)
                  00008478    00000018     Uart.o (.text.DL_UART_isBusy)
                  00008490    00000018     ti_msp_dl_config.o (.text.DL_UART_reset)
                  000084a8    00000018     ti_msp_dl_config.o (.text.SYSCFG_DL_DMA_CH0_init)
                  000084c0    00000018     libc.a : vsnprintf.c.obj (.text._outc)
                  000084d8    00000016     ti_msp_dl_config.o (.text.DL_ADC12_enableConversions)
                  000084ee    00000016     Knob_drv.o (.text.DL_GPIO_readPins)
                  00008504    00000016     Motor.o (.text.DL_GPIO_readPins)
                  0000851a    00000016     JY62.o (.text.DL_UART_enable)
                  00008530    00000016     ti_msp_dl_config.o (.text.DL_UART_enable)
                  00008546    00000016     JY62.o (.text.DL_UART_transmitData)
                  0000855c    00000016     Uart.o (.text.DL_UART_transmitData)
                  00008572    00000014     Beep.o (.text.DL_GPIO_clearPins)
                  00008586    00000014     Laser.o (.text.DL_GPIO_clearPins)
                  0000859a    00000014     Motor.o (.text.DL_GPIO_clearPins)
                  000085ae    00000014     No_Mcu_Ganv_Grayscale_Sensor.o (.text.DL_GPIO_clearPins)
                  000085c2    00000014     OLED.o (.text.DL_GPIO_clearPins)
                  000085d6    00000014     ti_msp_dl_config.o (.text.DL_GPIO_clearPins)
                  000085ea    00000002     --HOLE-- [fill = 0]
                  000085ec    00000014     ti_msp_dl_config.o (.text.DL_SYSCTL_disableSYSPLL)
                  00008600    00000014     ti_msp_dl_config.o (.text.DL_SYSCTL_enableMFCLK)
                  00008614    00000014     ti_msp_dl_config.o (.text.DL_Timer_enableClock)
                  00008628    00000014     ti_msp_dl_config.o (.text.DL_Timer_setCCPDirection)
                  0000863c    00000014     Motor.o (.text.DL_Timer_setTimerCount)
                  00008650    00000014     JY62.o (.text.DL_UART_receiveData)
                  00008664    00000014     k230_track.o (.text.DL_UART_receiveData)
                  00008678    00000014     Easy_Menu_User.o (.text.Jy62_Yaw_Callback)
                  0000868c    00000014     Laser.o (.text.Laser_Off)
                  000086a0    00000014     Laser.o (.text.Laser_On)
                  000086b4    00000014     Motor.o (.text.Motor_B_EncoderInit)
                  000086c8    00000014     Easy_Menu_Page.o (.text.Ordinary_Page_Exit)
                  000086dc    00000014     Easy_Menu_User.o (.text.Track_Pid__Kd_Callback)
                  000086f0    00000014     Easy_Menu_User.o (.text.Track_Pid__Kp_Callback)
                  00008704    00000014     libclang_rt.builtins.a : aeabi_uldivmod.S.obj (.text.__aeabi_uldivmod)
                  00008718    00000014     libc.a : _printfi.c.obj (.text.strchr)
                  0000872c    00000012     JY62.o (.text.DL_UART_getPendingInterrupt)
                  0000873e    00000012     k230_track.o (.text.DL_UART_getPendingInterrupt)
                  00008750    00000012     driverlib.a : dl_uart.o (.text.DL_UART_setClockConfig)
                  00008762    00000012     libc.a : memcpy16.S.obj (.text:TI_memcpy_small)
                  00008774    00000012            : copy_decompress_none.c.obj (.text:decompress:none)
                  00008786    00000002     --HOLE-- [fill = 0]
                  00008788    00000010     ti_msp_dl_config.o (.text.DL_SYSCTL_disableHFXT)
                  00008798    00000010     Motor.o (.text.DL_Timer_getTimerCount)
                  000087a8    00000010     driverlib.a : dl_timer.o (.text.DL_Timer_setCaptureCompareValue)
                  000087b8    00000010     Motor.o (.text.Motor_A_ResetEncoder)
                  000087c8    00000010     libc.a : wcslen.c.obj (.text.wcslen)
                  000087d8    00000010            : copy_zero_init.c.obj (.text:decompress:ZI)
                  000087e8    0000000e     libclang_rt.builtins.a : aeabi_memset.S.obj (.text.__aeabi_memset)
                  000087f6    0000000e     libc.a : _printfi.c.obj (.text.strlen)
                  00008804    0000000e            : strlen.c.obj (.text.strlen)
                  00008812    0000000e            : memset16.S.obj (.text:TI_memset_small)
                  00008820    0000000c     Motor.o (.text.Motor_B_GetEncoderCnt)
                  0000882c    0000000c     Motor.o (.text.Motor_B_ResetEncoder)
                  00008838    0000000c     ti_msp_dl_config.o (.text.SYSCFG_DL_DMA_init)
                  00008844    0000000c     ti_msp_dl_config.o (.text.SYSCFG_DL_SYSTICK_init)
                  00008850    0000000c     libclang_rt.builtins.a : aeabi_memset.S.obj (.text.__aeabi_memclr)
                  0000885c    0000000a     Easy_Menu_User.o (.text.Centeraim__Start_Callback)
                  00008866    0000000a     driverlib.a : dl_common.o (.text.DL_Common_delayCycles)
                  00008870    0000000a     Knob_drv.o (.text.Knob_Init)
                  0000887a    0000000a     libc.a : _printfi.c.obj (.text.OUTLINED_FUNCTION_0)
                  00008884    00000010     libclang_rt.builtins.a : adddf3.S.obj (.tramp.__aeabi_dsub.1)
                  00008894    0000000a     libc.a : _printfi.c.obj (.text.OUTLINED_FUNCTION_1)
                  0000889e    0000000a     Easy_Menu_User.o (.text.Still_Aim_Draw_Rectangle_Callback)
                  000088a8    00000008     Easy_Menu_User.o (.text.Center_Aim_Round_Callback)
                  000088b0    00000008     libc.a : aeabi_portable.c.obj (.text.__aeabi_errno_addr)
                  000088b8    00000008     libclang_rt.builtins.a : aeabi_memcpy.S.obj (.text.__aeabi_memcpy)
                  000088c0    00000006     libc.a : exit.c.obj (.text:abort)
                  000088c6    00000004     startup_mspm0g350x_ticlang.o (.text.Default_Handler)
                  000088ca    00000004     libsysbm.a : hostexit.c.obj (.text.HOSTexit)
                  000088ce    00000004     startup_mspm0g350x_ticlang.o (.text.Reset_Handler)
                  000088d2    00000002     --HOLE-- [fill = 0]
                  000088d4    00000010     libc.a : boot_cortex_m.c.obj (.tramp._c_int00_noargs.1)
                  000088e4    00000004            : pre_init.c.obj (.text._system_pre_init)

.cinit     0    00009380    000000a8     
                  00009380    00000084     (.cinit..data.load) [load image, compression = lzss]
                  00009404    0000000c     (__TI_handler_table)
                  00009410    00000008     (.cinit..bss.load) [load image, compression = zero_init]
                  00009418    00000010     (__TI_cinit_table)

.rodata    0    000088f0    00000a90     
                  000088f0    000005f0     OLED.o (.rodata.asc2_1608)
                  00008ee0    00000228     OLED.o (.rodata.asc2_0806)
                  00009108    00000008     ti_msp_dl_config.o (.rodata.gADC_line_detectorClockConfig)
                  00009110    00000101     libc.a : aeabi_ctype.S.obj (.rodata:__aeabi_ctype_table_)
                  00009211    00000003     ti_msp_dl_config.o (.rodata.gPWM_0ClockConfig)
                  00009214    00000018     ti_msp_dl_config.o (.rodata.gDMA_CH0Config)
                  0000922c    00000018     ti_msp_dl_config.o (.rodata.gDMA_detector_outConfig)
                  00009244    00000011     libc.a : _printfi.c.obj (.rodata.str1.10348868589481759720.1)
                  00009255    00000011            : _printfi.c.obj (.rodata.str1.15363888844622738466.1)
                  00009266    00000010     Trackline.o (.rodata.WEIGHTS)
                  00009276    0000000f     Easy_Menu_User.o (.rodata.str1.8128223861994239923.1)
                  00009285    0000000e     Easy_Menu_User.o (.rodata.str1.17975632479887315808.1)
                  00009293    0000000b     Easy_Menu_User.o (.rodata.str1.8423479308304406733.1)
                  0000929e    0000000a     JY62.o (.rodata.gJY62UartConfig)
                  000092a8    0000000a     ti_msp_dl_config.o (.rodata.gUART_0Config)
                  000092b2    0000000a     ti_msp_dl_config.o (.rodata.gUART_JY62Config)
                  000092bc    0000000a     ti_msp_dl_config.o (.rodata.gUART_UPConfig)
                  000092c6    0000000a     Easy_Menu_User.o (.rodata.str1.11177260976807265928.1)
                  000092d0    0000000a     Easy_Menu_User.o (.rodata.str1.14456782623604785242.1)
                  000092da    0000000a     Easy_Menu_User.o (.rodata.str1.15320261422703930955.1)
                  000092e4    0000000a     Easy_Menu_User.o (.rodata.str1.16881440453266969404.1)
                  000092ee    0000000a     Easy_Menu_User.o (.rodata.str1.3897238317517470892.1)
                  000092f8    00000009     Easy_Menu_User.o (.rodata.str1.13332061176481328327.1)
                  00009301    00000009     Easy_Menu_User.o (.rodata.str1.2853082316097330648.1)
                  0000930a    00000002     JY62.o (.rodata.gJY62UartClockConfig)
                  0000930c    00000008     ti_msp_dl_config.o (.rodata.gPWM_0Config)
                  00009314    00000008     Easy_Menu_User.o (.rodata.str1.11262980610456716024.1)
                  0000931c    00000008     Easy_Menu_User.o (.rodata.str1.18047220919239444222.1)
                  00009324    00000007     Easy_Menu_Page.o (.rodata.str1.10162903526471618397.1)
                  0000932b    00000007     Easy_Menu_User.o (.rodata.str1.3961208515143357932.1)
                  00009332    00000007     Easy_Menu_User.o (.rodata.str1.8156445364985626389.1)
                  00009339    00000006     Easy_Menu_User.o (.rodata.str1.10308413330439174504.1)
                  0000933f    00000006     Easy_Menu_Page.o (.rodata.str1.11602794411890177903.1)
                  00009345    00000006     Easy_Menu_User.o (.rodata.str1.1318127491109019352.1)
                  0000934b    00000005     Easy_Menu_Page.o (.rodata.str1.10541918737141963520.1)
                  00009350    00000005     Easy_Menu_Page.o (.rodata.str1.14526947901870425149.1)
                  00009355    00000005     Easy_Menu_User.o (.rodata.str1.16980020722660603416.1)
                  0000935a    00000005     Easy_Menu_Page.o (.rodata.str1.17342757695734682319.1)
                  0000935f    00000005     Easy_Menu_User.o (.rodata.str1.2484268131311446048.1)
                  00009364    00000005     Easy_Menu_Page.o (.rodata.str1.2927598468843798870.1)
                  00009369    00000004     Easy_Menu_User.o (.rodata.str1.4408185141669307452.1)
                  0000936d    00000003     ti_msp_dl_config.o (.rodata.gQEI_0ClockConfig)
                  00009370    00000002     ti_msp_dl_config.o (.rodata.gUART_0ClockConfig)
                  00009372    00000002     ti_msp_dl_config.o (.rodata.gUART_JY62ClockConfig)
                  00009374    00000002     ti_msp_dl_config.o (.rodata.gUART_UPClockConfig)
                  00009376    00000002     Easy_Menu_Page.o (.rodata.str1.6187967722562398102.1)
                  00009378    00000008     --HOLE-- [fill = 0]

.init_array 
*          0    00000000    00000000     UNINITIALIZED

.binit     0    00000000    00000000     

.bss       0    20200000    00000600     UNINITIALIZED
                  20200000    000000b0     Trackline.o (.bss.sensor)
                  202000b0    000000a0     (.common:easy_menu)
                  20200150    000000a0     (.common:gQEI_0Backup)
                  202001f0    00000050     (.common:ADC_VALUE)
                  20200240    0000002c     (.common:center_aim_round)
                  2020026c    0000002c     (.common:track_pid__kd)
                  20200298    0000002c     (.common:track_pid__kp)
                  202002c4    0000002c     (.common:trackline__round)
                  202002f0    00000028     (.common:Cal_page)
                  20200318    00000028     (.common:JY62_page)
                  20200340    00000028     (.common:centeraim)
                  20200368    00000028     (.common:home_page)
                  20200390    00000028     (.common:mov_aim)
                  202003b8    00000028     (.common:still_aim_task)
                  202003e0    00000028     (.common:trackline)
                  20200408    00000028     (.common:trackline_pid__page)
                  20200430    00000024     (.common:Lspeed)
                  20200454    00000024     (.common:Rspeed)
                  20200478    00000024     (.common:jy62_yaw)
                  2020049c    00000024     (.common:jy62_yaw_acc)
                  202004c0    00000018     (.common:Cal_black)
                  202004d8    00000018     (.common:Cal_white)
                  202004f0    00000018     (.common:centeraim__start)
                  20200508    00000018     (.common:still_aim)
                  20200520    00000018     (.common:still_aim_draw_Rectangle)
                  20200538    00000018     (.common:trackline_start)
                  20200550    00000014     (.common:goto__Cal_page)
                  20200564    00000014     (.common:goto__JY62_page)
                  20200578    00000014     (.common:goto__centeraim)
                  2020058c    00000014     (.common:goto__mov_aim)
                  202005a0    00000014     (.common:goto__still_aim_task)
                  202005b4    00000014     (.common:goto__trackline)
                  202005c8    00000014     (.common:goto__trackline_pid__page)
                  202005dc    00000010     Trackline.o (.bss.Normal)
                  202005ec    0000000d     k230_track.o (.bss.g_rx_buf)
                  202005f9    00000003     --HOLE--
                  202005fc    00000004     Trackline.o (.bss.g_pivotStartEncA)

.data      0    20200600    0000016c     UNINITIALIZED
                  20200600    0000001c     Easy_Menu_User.o (.data.Easy_Menu_Ui_Data)
                  2020061c    00000018     Trackline.o (.data.g_Trackline)
                  20200634    00000018     Easy_Menu_User.o (.data.home_page_items)
                  2020064c    00000010     Trackline.o (.data.Anolog)
                  2020065c    00000010     Easy_Menu_User.o (.data.JY62_page_items)
                  2020066c    00000010     Trackline.o (.data.black)
                  2020067c    00000010     Trackline.o (.data.white)
                  2020068c    0000000b     JY62.o (.data.rx_buffer)
                  20200697    0000000a     k230_track.o (.data.g_k230_data)
                  202006a1    00000001     JY62.o (.data.data_index)
                  202006a2    00000002     Trackline.o (.data.g_approachPulses)
                  202006a4    00000008     Easy_Menu_User.o (.data.Cal_page_items)
                  202006ac    00000008     Easy_Menu_User.o (.data.centeraim_items)
                  202006b4    00000008     Easy_Menu_User.o (.data.still_aim_task_items)
                  202006bc    00000008     Easy_Menu_User.o (.data.trackline_items)
                  202006c4    00000008     Easy_Menu_User.o (.data.trackline_pid__page_items)
                  202006cc    00000004     Easy_Menu_User.o (.data.Lspeed_Callback.lastEncA)
                  202006d0    00000004     Easy_Menu_User.o (.data.Rspeed_Callback.lastEncB)
                  202006d4    00000004     libc.a : aeabi_portable.c.obj (.data.__aeabi_errno)
                  202006d8    00000004     JY62.o (.data.ax)
                  202006dc    00000004     JY62.o (.data.ay)
                  202006e0    00000004     JY62.o (.data.az)
                  202006e4    00000004     delay.o (.data.delay_times)
                  202006e8    00000004     delay.o (.data.g_SystemTick)
                  202006ec    00000004     Trackline.o (.data.g_approachTargetYaw)
                  202006f0    00000004     Motor.o (.data.g_encoderB_cnt)
                  202006f4    00000004     k230_track.o (.data.g_i_x)
                  202006f8    00000004     k230_track.o (.data.g_i_y)
                  202006fc    00000004     Trackline.o (.data.g_initialYaw)
                  20200700    00000004     Motor.o (.data.g_lastEncA)
                  20200704    00000004     Motor.o (.data.g_lastEncB)
                  20200708    00000004     k230_track.o (.data.g_last_x)
                  2020070c    00000004     k230_track.o (.data.g_last_y)
                  20200710    00000004     Trackline.o (.data.g_straightTargetYaw)
                  20200714    00000004     k230_track.o (.data.g_target_pan)
                  20200718    00000004     k230_track.o (.data.g_target_pitch)
                  2020071c    00000004     Motor.o (.data.g_velIntA)
                  20200720    00000004     Motor.o (.data.g_velIntB)
                  20200724    00000004     Motor.o (.data.g_yawLastError)
                  20200728    00000004     Motor.o (.data.g_yawTarget)
                  2020072c    00000004     Easy_Menu_User.o (.data.mov_aim_items)
                  20200730    00000004     JY62.o (.data.pitch_angle)
                  20200734    00000004     JY62.o (.data.roll_angle)
                  20200738    00000004     Beep.o (.data.s_tick_start)
                  2020073c    00000004     JY62.o (.data.temperature)
                  20200740    00000004     JY62.o (.data.wx)
                  20200744    00000004     JY62.o (.data.wy)
                  20200748    00000004     JY62.o (.data.wz)
                  2020074c    00000004     JY62.o (.data.yaw_angle)
                  20200750    00000002     Beep.o (.data.s_off_time)
                  20200752    00000002     Beep.o (.data.s_on_time)
                  20200754    00000002     Knob_drv.o (.data.s_press_cnt)
                  20200756    00000001     JY62.o (.data.frame_started)
                  20200757    00000001     Knob_drv.o (.data.g_KnobEvent)
                  20200758    00000001     k230_track.o (.data.g_aim_started)
                  20200759    00000001     Trackline.o (.data.g_cornerCount)
                  2020075a    00000001     k230_track.o (.data.g_k230_new_frame)
                  2020075b    00000001     Trackline.o (.data.g_laps)
                  2020075c    00000001     k230_track.o (.data.g_laser_latched)
                  2020075d    00000001     Trackline.o (.data.g_lineDebounce)
                  2020075e    00000001     Trackline.o (.data.g_phase)
                  2020075f    00000001     k230_track.o (.data.g_rx_idx)
                  20200760    00000001     k230_track.o (.data.g_rx_state)
                  20200761    00000001     Trackline.o (.data.g_turnDir)
                  20200762    00000001     k230_track.o (.data.g_update_cnt)
                  20200763    00000001     JY62.o (.data.jy62_new_data)
                  20200764    00000001     main.o (.data.main.last_start)
                  20200765    00000001     Knob_drv.o (.data.menu_move)
                  20200766    00000001     Beep.o (.data.s_cycle_cnt)
                  20200767    00000001     Beep.o (.data.s_cycle_target)
                  20200768    00000001     Knob_drv.o (.data.s_debounce_cnt)
                  20200769    00000001     Knob_drv.o (.data.s_long_pressed)
                  2020076a    00000001     Beep.o (.data.s_mode)
                  2020076b    00000001     Beep.o (.data.s_state)

.stack     0    20207e00    00000200     UNINITIALIZED
                  20207e00    00000004     libc.a : boot_cortex_m.c.obj (.stack)
                  20207e04    000001fc     --HOLE--

__llvm_prf_cnts 
*          0    20200000    00000000     UNINITIALIZED

__llvm_prf_bits 
*          0    20200000    00000000     UNINITIALIZED

MODULE SUMMARY

       Module                           code    ro data   rw data
       ------                           ----    -------   -------
    .\
       ti_msp_dl_config.o               2976    106       160    
       startup_mspm0g350x_ticlang.o     8       192       0      
       main.o                           172     0         1      
    +--+--------------------------------+-------+---------+---------+
       Total:                           3156    298       161    
                                                                 
    .\APP\
       Trackline.o                      2742    16        287    
       JY62.o                           1572    12        54     
       k230_track.o                     1238    0         53     
       gimbal.o                         348     0         0      
       Laser.o                          144     0         0      
    +--+--------------------------------+-------+---------+---------+
       Total:                           6044    28        394    
                                                                 
    .\BSP\
       Uart.o                           90      0         0      
       delay.o                          80      0         8      
    +--+--------------------------------+-------+---------+---------+
       Total:                           170     0         8      
                                                                 
    .\Drive\Beep\
       Beep.o                           584     0         12     
    +--+--------------------------------+-------+---------+---------+
       Total:                           584     0         12     
                                                                 
    .\Drive\Grayscale_Sensor\
       No_Mcu_Ganv_Grayscale_Sensor.o   1192    0         0      
       ADC.o                            92      0         80     
    +--+--------------------------------+-------+---------+---------+
       Total:                           1284    0         80     
                                                                 
    .\Drive\Knob\
       Knob_drv.o                       620     0         6      
    +--+--------------------------------+-------+---------+---------+
       Total:                           620     0         6      
                                                                 
    .\Drive\Motor\
       Motor.o                          2134    0         28     
    +--+--------------------------------+-------+---------+---------+
       Total:                           2134    0         28     
                                                                 
    .\Drive\OLED_Drv\
       OLED.o                           1066    2072      0      
    +--+--------------------------------+-------+---------+---------+
       Total:                           1066    2072      0      
                                                                 
    .\Menu\
       Easy_Menu_Page.o                 4552    35        0      
       Easy_Menu_User.o                 1528    164       1044   
       Easy_Menu_Item.o                 2524    0         0      
       Easy_Menu.o                      1856    0         160    
       Easy_Menu_Core.o                 360     0         0      
    +--+--------------------------------+-------+---------+---------+
       Total:                           10820   199       1204   
                                                                 
    D:/MSP-SDK/mspm0_sdk_2_10_00_04/source/ti/driverlib/lib/ticlang/m0p/mspm0g1x0x_g3x0x/driverlib.a
       dl_timer.o                       356     0         0      
       dl_uart.o                        118     0         0      
       dl_dma.o                         76      0         0      
       dl_adc12.o                       64      0         0      
       dl_common.o                      10      0         0      
    +--+--------------------------------+-------+---------+---------+
       Total:                           624     0         0      
                                                                 
    D:\CCS\ccs\tools\compiler\ti-cgt-armllvm_4.0.4.LTS\lib\armv6m-ti-none-eabi/c/libc.a
       _printfi.c.obj                   4510    34        0      
       aeabi_ctype.S.obj                0       257       0      
       s_scalbn.c.obj                   216     0         0      
       vsnprintf.c.obj                  136     0         0      
       copy_decompress_lzss.c.obj       124     0         0      
       s_frexp.c.obj                    92      0         0      
       _ltoa.c.obj                      88      0         0      
       atoi.c.obj                       64      0         0      
       autoinit.c.obj                   60      0         0      
       boot_cortex_m.c.obj              56      0         0      
       memccpy.c.obj                    34      0         0      
       copy_decompress_none.c.obj       18      0         0      
       memcpy16.S.obj                   18      0         0      
       copy_zero_init.c.obj             16      0         0      
       wcslen.c.obj                     16      0         0      
       memset16.S.obj                   14      0         0      
       strlen.c.obj                     14      0         0      
       aeabi_portable.c.obj             8       0         4      
       exit.c.obj                       6       0         0      
       pre_init.c.obj                   4       0         0      
    +--+--------------------------------+-------+---------+---------+
       Total:                           5494    291       4      
                                                                 
    D:\CCS\ccs\tools\compiler\ti-cgt-armllvm_4.0.4.LTS\lib\armv6m-ti-none-eabi/c/libsysbm.a
       hostexit.c.obj                   4       0         0      
    +--+--------------------------------+-------+---------+---------+
       Total:                           4       0         0      
                                                                 
    D:\CCS\ccs\tools\compiler\ti-cgt-armllvm_4.0.4.LTS\lib\armv6m-ti-none-eabi/libclang_rt.builtins.a
       adddf3.S.obj                     418     0         0      
       divdf3.S.obj                     268     0         0      
       muldf3.S.obj                     228     0         0      
       comparedf2.c.obj                 220     0         0      
       addsf3.S.obj                     216     0         0      
       udivmoddi4.S.obj                 162     0         0      
       mulsf3.S.obj                     140     0         0      
       divsf3.S.obj                     130     0         0      
       comparesf2.S.obj                 118     0         0      
       aeabi_dcmp.S.obj                 98      0         0      
       aeabi_fcmp.S.obj                 98      0         0      
       aeabi_idivmod.S.obj              86      0         0      
       fixdfsi.S.obj                    74      0         0      
       aeabi_uidivmod.S.obj             64      0         0      
       extendsfdf2.S.obj                64      0         0      
       floatsisf.S.obj                  60      0         0      
       muldsi3.S.obj                    58      0         0      
       fixsfsi.S.obj                    56      0         0      
       floatsidf.S.obj                  44      0         0      
       floatunsisf.S.obj                40      0         0      
       floatunsidf.S.obj                36      0         0      
       muldi3.S.obj                     36      0         0      
       ashldi3.S.obj                    30      0         0      
       aeabi_memset.S.obj               26      0         0      
       aeabi_uldivmod.S.obj             20      0         0      
       aeabi_memcpy.S.obj               8       0         0      
       aeabi_div0.c.obj                 4       0         0      
    +--+--------------------------------+-------+---------+---------+
       Total:                           2802    0         0      
                                                                 
       Stack:                           0       0         512    
       Linker Generated:                0       168       0      
    +--+--------------------------------+-------+---------+---------+
       Grand Total:                     34802   3056      2409   


LINKER GENERATED COPY TABLES

__TI_cinit_table @ 00009418 records: 2, size/record: 8, table size: 16
	.data: load addr=00009380, load size=00000084 bytes, run addr=20200600, run size=0000016c bytes, compression=lzss
	.bss: load addr=00009410, load size=00000008 bytes, run addr=20200000, run size=00000600 bytes, compression=zero_init


LINKER GENERATED HANDLER TABLE

__TI_handler_table @ 00009404 records: 3, size/record: 4, table size: 12
	index: 0, handler: __TI_decompress_lzss
	index: 1, handler: __TI_decompress_none
	index: 2, handler: __TI_zero_init


FAR CALL TRAMPOLINES

callee name               trampoline name
   callee addr  tramp addr   call addr  call info
--------------  -----------  ---------  ----------------
__aeabi_dsub              $Tramp$TT$L$PI$$__aeabi_dsub
   00004119     00008884     00008882   libc.a : _printfi.c.obj (.text.OUTLINED_FUNCTION_0)
_c_int00_noargs           $Tramp$TT$L$PI$$_c_int00_noargs
   00007dd5     000088d4     000088ce   startup_mspm0g350x_ticlang.o (.text.Reset_Handler)

[2 trampolines]
[2 trampoline calls]


GLOBAL SYMBOLS: SORTED ALPHABETICALLY BY Name 

address   name                                
-------   ----                                
000088c7  ADC0_IRQHandler                     
000088c7  ADC1_IRQHandler                     
202001f0  ADC_VALUE                           
000088c7  AES_IRQHandler                      
00007e25  Beep_Stop                           
000050e1  Beep_Tick_1ms                       
000053ed  Beep_Trigger                        
000088ca  C$$EXIT                             
000088c7  CANFD0_IRQHandler                   
00007b55  Cal_Black_Callback                  
00007b7d  Cal_White_Callback                  
202004c0  Cal_black                           
202002f0  Cal_page                            
202006a4  Cal_page_items                      
202004d8  Cal_white                           
000088a9  Center_Aim_Round_Callback           
0000885d  Centeraim__Start_Callback           
00006a0b  Compare_String                      
000088c7  DAC0_IRQHandler                     
00006fc9  DL_ADC12_setClockConfig             
00008867  DL_Common_delayCycles               
00006c9d  DL_DMA_initChannel                  
00004b6d  DL_Timer_initFourCCPWMMode          
00008129  DL_Timer_setCaptCompUpdateMethod    
000083e9  DL_Timer_setCaptureCompareOutCtl    
000087a9  DL_Timer_setCaptureCompareValue     
00008145  DL_Timer_setClockConfig             
00006eb1  DL_UART_init                        
000081b5  DL_UART_receiveDataCheck            
00008751  DL_UART_setClockConfig              
000088c7  DMA_IRQHandler                      
000051ad  Data_Item_Init                      
00001261  Data_Item_Input                     
000088c7  Default_Handler                     
00007b29  Display_Char                        
00007765  Display_Char_Line                   
000066e9  Easy_Menu_All_Clear                 
00002095  Easy_Menu_All_Update                
00005a41  Easy_Menu_Area_Clear                
0000608d  Easy_Menu_Display                   
00006f41  Easy_Menu_Display_Char              
00005d0d  Easy_Menu_Display_String            
00005ad1  Easy_Menu_Goto_Page                 
00007245  Easy_Menu_Init                      
00007c45  Easy_Menu_Input                     
00007281  Easy_Menu_Printf                    
20200600  Easy_Menu_Ui_Data                   
00002961  Easy_Menu_Ui_Init                   
000088c7  GROUP0_IRQHandler                   
00007971  GROUP1_IRQHandler                   
00005279  Get_Analog_value                    
00007631  Get_Anolog_Value                    
0000754f  Get_Normalize_For_User              
000072bd  Gimbal_Enable                       
000081ed  Gimbal_Enable_All                   
00005bf1  Gimbal_MovePosition                 
00007795  Gimbal_Stop                         
00007669  Goto_Item_Init                      
00007915  Goto_Item_Input                     
000088cb  HOSTexit                            
000088c7  HardFault_Handler                   
000088c7  I2C0_IRQHandler                     
000088c7  I2C1_IRQHandler                     
0000769d  I2C_Start                           
00007c6d  I2C_Stop                            
00007c95  I2C_WaitAck                         
00004e51  JY62_ConfigMode                     
00006015  JY62_Init                           
00003099  JY62_ProcessData                    
00007cbd  JY62_Task                           
20200318  JY62_page                           
2020065c  JY62_page_items                     
00005335  Jy62_Yaw_Acc_Callback               
00008679  Jy62_Yaw_Callback                   
000072f9  K230_Aim_Reset                      
00003349  K230_Aim_Task                       
000077c5  K230_Track_Init                     
000062d1  Knob_EXTI_Handler                   
00008871  Knob_Init                           
00005911  Knob_Tick_1ms                       
0000569d  Knob_get                            
00007e49  Laser_Init                          
0000868d  Laser_Off                           
000086a1  Laser_On                            
20200430  Lspeed                              
00007ce5  Lspeed_Callback                     
00007e6d  Motor_A_GetEncoderCnt               
000087b9  Motor_A_ResetEncoder                
0000573d  Motor_A_SetSpeed                    
00005e9d  Motor_B_EncoderIRQHandler           
000086b5  Motor_B_EncoderInit                 
00008821  Motor_B_GetEncoderCnt               
0000882d  Motor_B_ResetEncoder                
000057d9  Motor_B_SetSpeed                    
00007589  Motor_Brake                         
000075c1  Motor_Coast                         
000077f5  Motor_Init                          
00007825  Motor_ResetSpeedControl             
00007d0d  Motor_SetSpeed                      
00003d99  Motor_SpeedControl                  
000042ad  Motor_YawControl                    
000059a9  Motor_YawIsAtTarget                 
000081d1  Motor_YawSetTarget                  
000088c7  NMI_Handler                         
00004435  No_MCU_Ganv_Sensor_Init             
0000625d  No_MCU_Ganv_Sensor_Init_Frist       
00006f85  No_Mcu_Ganv_Sensor_Task_Without_tick
00006481  OLED_Clear                          
00004c71  OLED_Init                           
00007335  OLED_Set_Pos                        
00004949  OLED_ShowChar                       
00006c4d  OLED_WR_Byte                        
00003bc1  Ordinary_Page_Display               
00002535  Ordinary_Page_Enter                 
000086c9  Ordinary_Page_Exit                  
00005f1d  Ordinary_Page_Init                  
00000a91  Ordinary_Page_Input                 
00002d35  Ordinary_Page_Refresh               
000088c7  PendSV_Handler                      
000088c7  RTC_IRQHandler                      
000088cf  Reset_Handler                       
20200454  Rspeed                              
00007d35  Rspeed_Callback                     
000088c7  SPI0_IRQHandler                     
000088c7  SPI1_IRQHandler                     
000088c7  SVC_Handler                         
0000633d  SYSCFG_DL_ADC_line_detector_init    
000084a9  SYSCFG_DL_DMA_CH0_init              
00007d5d  SYSCFG_DL_DMA_detector_out_init     
00008839  SYSCFG_DL_DMA_init                  
00003f69  SYSCFG_DL_GPIO_init                 
00005b61  SYSCFG_DL_PWM_0_init                
00006bad  SYSCFG_DL_QEI_0_init                
000076d1  SYSCFG_DL_SYSCTL_init               
00008845  SYSCFG_DL_SYSTICK_init              
00007009  SYSCFG_DL_UART_0_init               
00007049  SYSCFG_DL_UART_JY62_init            
00007089  SYSCFG_DL_UART_UP_init              
00007371  SYSCFG_DL_init                      
00005875  SYSCFG_DL_initPower                 
00006101  Send_Byte                           
00006b09  Show_Item_Init                      
0000799d  Still_Aim_Callback                  
0000889f  Still_Aim_Draw_Rectangle_Callback   
000070c9  Switch_Item_Init                    
000067fd  Switch_Item_Input                   
00007855  SysTick_Handler                     
000088c7  TIMA0_IRQHandler                    
000088c7  TIMA1_IRQHandler                    
000088c7  TIMG0_IRQHandler                    
000088c7  TIMG12_IRQHandler                   
000088c7  TIMG6_IRQHandler                    
000088c7  TIMG7_IRQHandler                    
000088c7  TIMG8_IRQHandler                    
00008763  TI_memcpy_small                     
00008813  TI_memset_small                     
000086dd  Track_Pid__Kd_Callback              
000086f1  Track_Pid__Kp_Callback              
000063a9  Trackline_Calibrate_Black           
00006855  Trackline_Calibrate_White           
00006ab5  Trackline_Init                      
000068ad  Trackline_Reset                     
00007f3d  Trackline_Start_Callback            
00001a25  Trackline_Task                      
00007d85  Trackline__Round_Callback           
000046f9  UART0_IRQHandler                    
00007885  UART1_IRQHandler                    
000088c7  UART2_IRQHandler                    
000088c7  UART3_IRQHandler                    
20208000  __STACK_END                         
00000200  __STACK_SIZE                        
00000000  __TI_ATRegion0_region_sz            
00000000  __TI_ATRegion0_src_addr             
00000000  __TI_ATRegion0_trg_addr             
00000000  __TI_ATRegion1_region_sz            
00000000  __TI_ATRegion1_src_addr             
00000000  __TI_ATRegion1_trg_addr             
00000000  __TI_ATRegion2_region_sz            
00000000  __TI_ATRegion2_src_addr             
00000000  __TI_ATRegion2_trg_addr             
00009418  __TI_CINIT_Base                     
00009428  __TI_CINIT_Limit                    
00009428  __TI_CINIT_Warm                     
00009404  __TI_Handler_Table_Base             
00009410  __TI_Handler_Table_Limit            
0000749d  __TI_auto_init_nobinit_nopinit      
00005f99  __TI_decompress_lzss                
00008775  __TI_decompress_none                
00006905  __TI_ltoa                           
ffffffff  __TI_pprof_out_hndl                 
000000c1  __TI_printfi                        
ffffffff  __TI_prof_data_size                 
ffffffff  __TI_prof_data_start                
00000000  __TI_static_base__                  
000087d9  __TI_zero_init                      
00004123  __adddf3                            
00005013  __addsf3                            
00009110  __aeabi_ctype_table_                
00009110  __aeabi_ctype_table_C               
00006e65  __aeabi_d2iz                        
00004123  __aeabi_dadd                        
00006621  __aeabi_dcmpeq                      
0000665d  __aeabi_dcmpge                      
00006671  __aeabi_dcmpgt                      
00006649  __aeabi_dcmple                      
00006635  __aeabi_dcmplt                      
00004a61  __aeabi_ddiv                        
00004d6d  __aeabi_dmul                        
00004119  __aeabi_dsub                        
202006d4  __aeabi_errno                       
000088b1  __aeabi_errno_addr                  
00007149  __aeabi_f2d                         
000075f9  __aeabi_f2iz                        
00005013  __aeabi_fadd                        
00006685  __aeabi_fcmpeq                      
000066c1  __aeabi_fcmpge                      
000066d5  __aeabi_fcmpgt                      
000066ad  __aeabi_fcmple                      
00006699  __aeabi_fcmplt                      
00005e19  __aeabi_fdiv                        
00005c81  __aeabi_fmul                        
00005009  __aeabi_fsub                        
00007ad1  __aeabi_i2d                         
000073ad  __aeabi_i2f                         
000069b5  __aeabi_idiv                        
000042ab  __aeabi_idiv0                       
000069b5  __aeabi_idivmod                     
00004d6b  __aeabi_ldiv0                       
00007fb9  __aeabi_llsl                        
00007eb5  __aeabi_lmul                        
00008851  __aeabi_memclr                      
00008851  __aeabi_memclr4                     
00008851  __aeabi_memclr8                     
000088b9  __aeabi_memcpy                      
000088b9  __aeabi_memcpy4                     
000088b9  __aeabi_memcpy8                     
000087e9  __aeabi_memset                      
000087e9  __aeabi_memset4                     
000087e9  __aeabi_memset8                     
00007e91  __aeabi_ui2d                        
00007dad  __aeabi_ui2f                        
00007109  __aeabi_uidiv                       
00007109  __aeabi_uidivmod                    
00008705  __aeabi_uldivmod                    
00007fb9  __ashldi3                           
ffffffff  __binit__                           
000064ed  __cmpdf2                            
000074d9  __cmpsf2                            
00004a61  __divdf3                            
00005e19  __divsf3                            
000064ed  __eqdf2                             
000074d9  __eqsf2                             
00007149  __extendsfdf2                       
00006e65  __fixdfsi                           
000075f9  __fixsfsi                           
00007ad1  __floatsidf                         
000073ad  __floatsisf                         
00007e91  __floatunsidf                       
00007dad  __floatunsisf                       
00006175  __gedf2                             
000073e9  __gesf2                             
00006175  __gtdf2                             
000073e9  __gtsf2                             
000064ed  __ledf2                             
000074d9  __lesf2                             
000064ed  __ltdf2                             
000074d9  __ltsf2                             
UNDEFED   __mpu_init                          
00004d6d  __muldf3                            
00007eb5  __muldi3                            
00007515  __muldsi3                           
00005c81  __mulsf3                            
000064ed  __nedf2                             
000074d9  __nesf2                             
20207e00  __stack                             
20200000  __start___llvm_prf_bits             
20200000  __start___llvm_prf_cnts             
20200000  __stop___llvm_prf_bits              
20200000  __stop___llvm_prf_cnts              
00004119  __subdf3                            
00005009  __subsf3                            
000055f9  __udivmoddi4                        
00007dd5  _c_int00_noargs                     
UNDEFED   _system_post_cinit                  
000088e5  _system_pre_init                    
000088c1  abort                               
00006745  adc_getValue                        
00008ee0  asc2_0806                           
000088f0  asc2_1608                           
00007189  atoi                                
202006d8  ax                                  
202006dc  ay                                  
202006e0  az                                  
ffffffff  binit                               
20200240  center_aim_round                    
20200340  centeraim                           
202004f0  centeraim__start                    
202006ac  centeraim_items                     
00006415  convertAnalogToDigital              
00007f5d  delay_ms                            
202006e4  delay_times                         
202000b0  easy_menu                           
000067a1  frexp                               
000067a1  frexpl                              
20200150  gQEI_0Backup                        
20200757  g_KnobEvent                         
202006e8  g_SystemTick                        
2020061c  g_Trackline                         
20200697  g_k230_data                         
2020075a  g_k230_new_frame                    
2020075b  g_laps                              
20200550  goto__Cal_page                      
20200564  goto__JY62_page                     
20200578  goto__centeraim                     
2020058c  goto__mov_aim                       
202005a0  goto__still_aim_task                
202005b4  goto__trackline                     
202005c8  goto__trackline_pid__page           
20200368  home_page                           
20200634  home_page_items                     
00000000  interruptVectors                    
20200763  jy62_new_data                       
20200478  jy62_yaw                            
2020049c  jy62_yaw_acc                        
00004f31  ldexp                               
00004f31  ldexpl                              
000054a1  main                                
00007ed9  memccpy                             
20200765  menu_move                           
20200390  mov_aim                             
2020072c  mov_aim_items                       
0000554d  normalizeAnalogValues               
20200730  pitch_angle                         
20200734  roll_angle                          
00004f31  scalbn                              
00004f31  scalbnl                             
20200508  still_aim                           
20200520  still_aim_draw_Rectangle            
202003b8  still_aim_task                      
202006b4  still_aim_task_items                
00008805  strlen                              
2020073c  temperature                         
2020026c  track_pid__kd                       
20200298  track_pid__kp                       
202003e0  trackline                           
202002c4  trackline__round                    
202006bc  trackline_items                     
20200408  trackline_pid__page                 
202006c4  trackline_pid__page_items           
20200538  trackline_start                     
00007afd  uart0_send_char                     
000071c9  vsnprintf                           
000087c9  wcslen                              
20200740  wx                                  
20200744  wy                                  
20200748  wz                                  
2020074c  yaw_angle                           


GLOBAL SYMBOLS: SORTED BY Symbol Address 

address   name                                
-------   ----                                
00000000  __TI_ATRegion0_region_sz            
00000000  __TI_ATRegion0_src_addr             
00000000  __TI_ATRegion0_trg_addr             
00000000  __TI_ATRegion1_region_sz            
00000000  __TI_ATRegion1_src_addr             
00000000  __TI_ATRegion1_trg_addr             
00000000  __TI_ATRegion2_region_sz            
00000000  __TI_ATRegion2_src_addr             
00000000  __TI_ATRegion2_trg_addr             
00000000  __TI_static_base__                  
00000000  interruptVectors                    
000000c1  __TI_printfi                        
00000200  __STACK_SIZE                        
00000a91  Ordinary_Page_Input                 
00001261  Data_Item_Input                     
00001a25  Trackline_Task                      
00002095  Easy_Menu_All_Update                
00002535  Ordinary_Page_Enter                 
00002961  Easy_Menu_Ui_Init                   
00002d35  Ordinary_Page_Refresh               
00003099  JY62_ProcessData                    
00003349  K230_Aim_Task                       
00003bc1  Ordinary_Page_Display               
00003d99  Motor_SpeedControl                  
00003f69  SYSCFG_DL_GPIO_init                 
00004119  __aeabi_dsub                        
00004119  __subdf3                            
00004123  __adddf3                            
00004123  __aeabi_dadd                        
000042ab  __aeabi_idiv0                       
000042ad  Motor_YawControl                    
00004435  No_MCU_Ganv_Sensor_Init             
000046f9  UART0_IRQHandler                    
00004949  OLED_ShowChar                       
00004a61  __aeabi_ddiv                        
00004a61  __divdf3                            
00004b6d  DL_Timer_initFourCCPWMMode          
00004c71  OLED_Init                           
00004d6b  __aeabi_ldiv0                       
00004d6d  __aeabi_dmul                        
00004d6d  __muldf3                            
00004e51  JY62_ConfigMode                     
00004f31  ldexp                               
00004f31  ldexpl                              
00004f31  scalbn                              
00004f31  scalbnl                             
00005009  __aeabi_fsub                        
00005009  __subsf3                            
00005013  __addsf3                            
00005013  __aeabi_fadd                        
000050e1  Beep_Tick_1ms                       
000051ad  Data_Item_Init                      
00005279  Get_Analog_value                    
00005335  Jy62_Yaw_Acc_Callback               
000053ed  Beep_Trigger                        
000054a1  main                                
0000554d  normalizeAnalogValues               
000055f9  __udivmoddi4                        
0000569d  Knob_get                            
0000573d  Motor_A_SetSpeed                    
000057d9  Motor_B_SetSpeed                    
00005875  SYSCFG_DL_initPower                 
00005911  Knob_Tick_1ms                       
000059a9  Motor_YawIsAtTarget                 
00005a41  Easy_Menu_Area_Clear                
00005ad1  Easy_Menu_Goto_Page                 
00005b61  SYSCFG_DL_PWM_0_init                
00005bf1  Gimbal_MovePosition                 
00005c81  __aeabi_fmul                        
00005c81  __mulsf3                            
00005d0d  Easy_Menu_Display_String            
00005e19  __aeabi_fdiv                        
00005e19  __divsf3                            
00005e9d  Motor_B_EncoderIRQHandler           
00005f1d  Ordinary_Page_Init                  
00005f99  __TI_decompress_lzss                
00006015  JY62_Init                           
0000608d  Easy_Menu_Display                   
00006101  Send_Byte                           
00006175  __gedf2                             
00006175  __gtdf2                             
0000625d  No_MCU_Ganv_Sensor_Init_Frist       
000062d1  Knob_EXTI_Handler                   
0000633d  SYSCFG_DL_ADC_line_detector_init    
000063a9  Trackline_Calibrate_Black           
00006415  convertAnalogToDigital              
00006481  OLED_Clear                          
000064ed  __cmpdf2                            
000064ed  __eqdf2                             
000064ed  __ledf2                             
000064ed  __ltdf2                             
000064ed  __nedf2                             
00006621  __aeabi_dcmpeq                      
00006635  __aeabi_dcmplt                      
00006649  __aeabi_dcmple                      
0000665d  __aeabi_dcmpge                      
00006671  __aeabi_dcmpgt                      
00006685  __aeabi_fcmpeq                      
00006699  __aeabi_fcmplt                      
000066ad  __aeabi_fcmple                      
000066c1  __aeabi_fcmpge                      
000066d5  __aeabi_fcmpgt                      
000066e9  Easy_Menu_All_Clear                 
00006745  adc_getValue                        
000067a1  frexp                               
000067a1  frexpl                              
000067fd  Switch_Item_Input                   
00006855  Trackline_Calibrate_White           
000068ad  Trackline_Reset                     
00006905  __TI_ltoa                           
000069b5  __aeabi_idiv                        
000069b5  __aeabi_idivmod                     
00006a0b  Compare_String                      
00006ab5  Trackline_Init                      
00006b09  Show_Item_Init                      
00006bad  SYSCFG_DL_QEI_0_init                
00006c4d  OLED_WR_Byte                        
00006c9d  DL_DMA_initChannel                  
00006e65  __aeabi_d2iz                        
00006e65  __fixdfsi                           
00006eb1  DL_UART_init                        
00006f41  Easy_Menu_Display_Char              
00006f85  No_Mcu_Ganv_Sensor_Task_Without_tick
00006fc9  DL_ADC12_setClockConfig             
00007009  SYSCFG_DL_UART_0_init               
00007049  SYSCFG_DL_UART_JY62_init            
00007089  SYSCFG_DL_UART_UP_init              
000070c9  Switch_Item_Init                    
00007109  __aeabi_uidiv                       
00007109  __aeabi_uidivmod                    
00007149  __aeabi_f2d                         
00007149  __extendsfdf2                       
00007189  atoi                                
000071c9  vsnprintf                           
00007245  Easy_Menu_Init                      
00007281  Easy_Menu_Printf                    
000072bd  Gimbal_Enable                       
000072f9  K230_Aim_Reset                      
00007335  OLED_Set_Pos                        
00007371  SYSCFG_DL_init                      
000073ad  __aeabi_i2f                         
000073ad  __floatsisf                         
000073e9  __gesf2                             
000073e9  __gtsf2                             
0000749d  __TI_auto_init_nobinit_nopinit      
000074d9  __cmpsf2                            
000074d9  __eqsf2                             
000074d9  __lesf2                             
000074d9  __ltsf2                             
000074d9  __nesf2                             
00007515  __muldsi3                           
0000754f  Get_Normalize_For_User              
00007589  Motor_Brake                         
000075c1  Motor_Coast                         
000075f9  __aeabi_f2iz                        
000075f9  __fixsfsi                           
00007631  Get_Anolog_Value                    
00007669  Goto_Item_Init                      
0000769d  I2C_Start                           
000076d1  SYSCFG_DL_SYSCTL_init               
00007765  Display_Char_Line                   
00007795  Gimbal_Stop                         
000077c5  K230_Track_Init                     
000077f5  Motor_Init                          
00007825  Motor_ResetSpeedControl             
00007855  SysTick_Handler                     
00007885  UART1_IRQHandler                    
00007915  Goto_Item_Input                     
00007971  GROUP1_IRQHandler                   
0000799d  Still_Aim_Callback                  
00007ad1  __aeabi_i2d                         
00007ad1  __floatsidf                         
00007afd  uart0_send_char                     
00007b29  Display_Char                        
00007b55  Cal_Black_Callback                  
00007b7d  Cal_White_Callback                  
00007c45  Easy_Menu_Input                     
00007c6d  I2C_Stop                            
00007c95  I2C_WaitAck                         
00007cbd  JY62_Task                           
00007ce5  Lspeed_Callback                     
00007d0d  Motor_SetSpeed                      
00007d35  Rspeed_Callback                     
00007d5d  SYSCFG_DL_DMA_detector_out_init     
00007d85  Trackline__Round_Callback           
00007dad  __aeabi_ui2f                        
00007dad  __floatunsisf                       
00007dd5  _c_int00_noargs                     
00007e25  Beep_Stop                           
00007e49  Laser_Init                          
00007e6d  Motor_A_GetEncoderCnt               
00007e91  __aeabi_ui2d                        
00007e91  __floatunsidf                       
00007eb5  __aeabi_lmul                        
00007eb5  __muldi3                            
00007ed9  memccpy                             
00007f3d  Trackline_Start_Callback            
00007f5d  delay_ms                            
00007fb9  __aeabi_llsl                        
00007fb9  __ashldi3                           
00008129  DL_Timer_setCaptCompUpdateMethod    
00008145  DL_Timer_setClockConfig             
000081b5  DL_UART_receiveDataCheck            
000081d1  Motor_YawSetTarget                  
000081ed  Gimbal_Enable_All                   
000083e9  DL_Timer_setCaptureCompareOutCtl    
000084a9  SYSCFG_DL_DMA_CH0_init              
00008679  Jy62_Yaw_Callback                   
0000868d  Laser_Off                           
000086a1  Laser_On                            
000086b5  Motor_B_EncoderInit                 
000086c9  Ordinary_Page_Exit                  
000086dd  Track_Pid__Kd_Callback              
000086f1  Track_Pid__Kp_Callback              
00008705  __aeabi_uldivmod                    
00008751  DL_UART_setClockConfig              
00008763  TI_memcpy_small                     
00008775  __TI_decompress_none                
000087a9  DL_Timer_setCaptureCompareValue     
000087b9  Motor_A_ResetEncoder                
000087c9  wcslen                              
000087d9  __TI_zero_init                      
000087e9  __aeabi_memset                      
000087e9  __aeabi_memset4                     
000087e9  __aeabi_memset8                     
00008805  strlen                              
00008813  TI_memset_small                     
00008821  Motor_B_GetEncoderCnt               
0000882d  Motor_B_ResetEncoder                
00008839  SYSCFG_DL_DMA_init                  
00008845  SYSCFG_DL_SYSTICK_init              
00008851  __aeabi_memclr                      
00008851  __aeabi_memclr4                     
00008851  __aeabi_memclr8                     
0000885d  Centeraim__Start_Callback           
00008867  DL_Common_delayCycles               
00008871  Knob_Init                           
0000889f  Still_Aim_Draw_Rectangle_Callback   
000088a9  Center_Aim_Round_Callback           
000088b1  __aeabi_errno_addr                  
000088b9  __aeabi_memcpy                      
000088b9  __aeabi_memcpy4                     
000088b9  __aeabi_memcpy8                     
000088c1  abort                               
000088c7  ADC0_IRQHandler                     
000088c7  ADC1_IRQHandler                     
000088c7  AES_IRQHandler                      
000088c7  CANFD0_IRQHandler                   
000088c7  DAC0_IRQHandler                     
000088c7  DMA_IRQHandler                      
000088c7  Default_Handler                     
000088c7  GROUP0_IRQHandler                   
000088c7  HardFault_Handler                   
000088c7  I2C0_IRQHandler                     
000088c7  I2C1_IRQHandler                     
000088c7  NMI_Handler                         
000088c7  PendSV_Handler                      
000088c7  RTC_IRQHandler                      
000088c7  SPI0_IRQHandler                     
000088c7  SPI1_IRQHandler                     
000088c7  SVC_Handler                         
000088c7  TIMA0_IRQHandler                    
000088c7  TIMA1_IRQHandler                    
000088c7  TIMG0_IRQHandler                    
000088c7  TIMG12_IRQHandler                   
000088c7  TIMG6_IRQHandler                    
000088c7  TIMG7_IRQHandler                    
000088c7  TIMG8_IRQHandler                    
000088c7  UART2_IRQHandler                    
000088c7  UART3_IRQHandler                    
000088ca  C$$EXIT                             
000088cb  HOSTexit                            
000088cf  Reset_Handler                       
000088e5  _system_pre_init                    
000088f0  asc2_1608                           
00008ee0  asc2_0806                           
00009110  __aeabi_ctype_table_                
00009110  __aeabi_ctype_table_C               
00009404  __TI_Handler_Table_Base             
00009410  __TI_Handler_Table_Limit            
00009418  __TI_CINIT_Base                     
00009428  __TI_CINIT_Limit                    
00009428  __TI_CINIT_Warm                     
20200000  __start___llvm_prf_bits             
20200000  __start___llvm_prf_cnts             
20200000  __stop___llvm_prf_bits              
20200000  __stop___llvm_prf_cnts              
202000b0  easy_menu                           
20200150  gQEI_0Backup                        
202001f0  ADC_VALUE                           
20200240  center_aim_round                    
2020026c  track_pid__kd                       
20200298  track_pid__kp                       
202002c4  trackline__round                    
202002f0  Cal_page                            
20200318  JY62_page                           
20200340  centeraim                           
20200368  home_page                           
20200390  mov_aim                             
202003b8  still_aim_task                      
202003e0  trackline                           
20200408  trackline_pid__page                 
20200430  Lspeed                              
20200454  Rspeed                              
20200478  jy62_yaw                            
2020049c  jy62_yaw_acc                        
202004c0  Cal_black                           
202004d8  Cal_white                           
202004f0  centeraim__start                    
20200508  still_aim                           
20200520  still_aim_draw_Rectangle            
20200538  trackline_start                     
20200550  goto__Cal_page                      
20200564  goto__JY62_page                     
20200578  goto__centeraim                     
2020058c  goto__mov_aim                       
202005a0  goto__still_aim_task                
202005b4  goto__trackline                     
202005c8  goto__trackline_pid__page           
20200600  Easy_Menu_Ui_Data                   
2020061c  g_Trackline                         
20200634  home_page_items                     
2020065c  JY62_page_items                     
20200697  g_k230_data                         
202006a4  Cal_page_items                      
202006ac  centeraim_items                     
202006b4  still_aim_task_items                
202006bc  trackline_items                     
202006c4  trackline_pid__page_items           
202006d4  __aeabi_errno                       
202006d8  ax                                  
202006dc  ay                                  
202006e0  az                                  
202006e4  delay_times                         
202006e8  g_SystemTick                        
2020072c  mov_aim_items                       
20200730  pitch_angle                         
20200734  roll_angle                          
2020073c  temperature                         
20200740  wx                                  
20200744  wy                                  
20200748  wz                                  
2020074c  yaw_angle                           
20200757  g_KnobEvent                         
2020075a  g_k230_new_frame                    
2020075b  g_laps                              
20200763  jy62_new_data                       
20200765  menu_move                           
20207e00  __stack                             
20208000  __STACK_END                         
ffffffff  __TI_pprof_out_hndl                 
ffffffff  __TI_prof_data_size                 
ffffffff  __TI_prof_data_start                
ffffffff  __binit__                           
ffffffff  binit                               
UNDEFED   __mpu_init                          
UNDEFED   _system_post_cinit                  

[357 symbols]
