******************************************************************************
            TI ARM Clang Linker PC v4.0.4                      
******************************************************************************
>> Linked Mon Apr 20 22:37:41 2026

OUTPUT FILE NAME:   <optoelectronicrace_26.out>
ENTRY POINT SYMBOL: "_c_int00_noargs"  address: 000041ed


MEMORY CONFIGURATION

         name            origin    length      used     unused   attr    fill
----------------------  --------  ---------  --------  --------  ----  --------
  FLASH                 00000000   00020000  00004fc8  0001b038  R  X
  SRAM                  20200000   00008000  000003e9  00007c17  RW X
  BCR_CONFIG            41c00000   000000ff  00000000  000000ff  R   
  BSL_CONFIG            41c00100   00000080  00000000  00000080  R   


SEGMENT ALLOCATION MAP

run origin  load origin   length   init length attrs members
----------  ----------- ---------- ----------- ----- -------
00000000    00000000    000045f8   000045f8    r-x
  00000000    00000000    000000c0   000000c0    r-- .intvecs
  000000c0    000000c0    00004538   00004538    r-x .text
00004600    00004600    000009d0   000009d0    r--
  00004600    00004600    00000990   00000990    r-- .rodata
  00004f90    00004f90    00000040   00000040    r-- .cinit
20200000    20200000    000001e9   00000000    rw-
  20200000    20200000    000001c0   00000000    rw- .bss
  202001c0    202001c0    00000029   00000000    rw- .data
20207e00    20207e00    00000200   00000000    rw-
  20207e00    20207e00    00000200   00000000    rw- .stack


SECTION ALLOCATION MAP

 output                                  attributes/
section   page    origin      length       input sections
--------  ----  ----------  ----------   ----------------
.intvecs   0    00000000    000000c0     
                  00000000    000000c0     startup_mspm0g350x_ticlang.o (.intvecs)

.text      0    000000c0    00004538     
                  000000c0    000009d0     libc.a : _printfi.c.obj (.text:__TI_printfi)
                  00000a90    000007d0     Easy_Menu_Page.o (.text.Ordinary_Page_Input)
                  00001260    000004a0     Easy_Menu.o (.text.Easy_Menu_All_Update)
                  00001700    0000042c     Easy_Menu_Page.o (.text.Ordinary_Page_Enter)
                  00001b2c    00000364     Easy_Menu_Page.o (.text.Ordinary_Page_Refresh)
                  00001e90    00000220     libc.a : _printfi.c.obj (.text._pconv_a)
                  000020b0    000001dc            : _printfi.c.obj (.text._pconv_g)
                  0000228c    000001d8     Easy_Menu_Page.o (.text.Ordinary_Page_Display)
                  00002464    00000192     libclang_rt.builtins.a : adddf3.S.obj (.text.adddf3_subdf3)
                  000025f6    00000002                            : aeabi_div0.c.obj (.text.__aeabi_idiv0)
                  000025f8    0000013c     libc.a : _printfi.c.obj (.text.fcvt)
                  00002734    00000120            : _printfi.c.obj (.text._pconv_e)
                  00002854    00000118     OLED.o (.text.OLED_ShowChar)
                  0000296c    0000010c     libclang_rt.builtins.a : divdf3.S.obj (.text.__divdf3)
                  00002a78    00000100     Easy_Menu_User.o (.text.Easy_Menu_Ui_Init)
                  00002b78    000000fa     OLED.o (.text.OLED_Init)
                  00002c72    00000002     libclang_rt.builtins.a : aeabi_div0.c.obj (.text.__aeabi_ldiv0)
                  00002c74    000000e4                            : muldf3.S.obj (.text.__muldf3)
                  00002d58    000000d8     libc.a : s_scalbn.c.obj (.text.scalbn)
                  00002e30    000000a2     libclang_rt.builtins.a : udivmoddi4.S.obj (.text)
                  00002ed2    00000002     --HOLE-- [fill = 0]
                  00002ed4    000000a0     Knob_drv.o (.text.Knob_get)
                  00002f74    00000090     Easy_Menu.o (.text.Easy_Menu_Area_Clear)
                  00003004    00000090     Easy_Menu_Core.o (.text.Easy_Menu_Goto_Page)
                  00003094    00000090     Easy_Menu_Page.o (.text.Show_Page_Input)
                  00003124    00000086     Easy_Menu.o (.text.Easy_Menu_Display_String)
                  000031aa    00000002     --HOLE-- [fill = 0]
                  000031ac    00000084     ti_msp_dl_config.o (.text.__NVIC_SetPriority)
                  00003230    00000080     Knob_drv.o (.text.Knob_Tick_1ms)
                  000032b0    00000080     ti_msp_dl_config.o (.text.SYSCFG_DL_GPIO_init)
                  00003330    0000007c     Easy_Menu_Page.o (.text.Ordinary_Page_Init)
                  000033ac    0000007c     libc.a : copy_decompress_lzss.c.obj (.text:decompress:lzss)
                  00003428    00000074     Easy_Menu_Core.o (.text.Easy_Menu_Display)
                  0000349c    00000074     OLED.o (.text.Send_Byte)
                  00003510    00000074     Easy_Menu_Page.o (.text.Show_Page_Init)
                  00003584    00000074     libclang_rt.builtins.a : comparedf2.c.obj (.text.__gedf2)
                  000035f8    0000006a     OLED.o (.text.OLED_Clear)
                  00003662    00000002     --HOLE-- [fill = 0]
                  00003664    00000068     libclang_rt.builtins.a : comparedf2.c.obj (.text.__ledf2)
                  000036cc    00000066     libc.a : _printfi.c.obj (.text._mcpy)
                  00003732    00000002     --HOLE-- [fill = 0]
                  00003734    00000062     libclang_rt.builtins.a : aeabi_dcmp.S.obj (.text.__aeabi_dcmp)
                  00003796    00000002     --HOLE-- [fill = 0]
                  00003798    0000005c     Easy_Menu.o (.text.Easy_Menu_All_Clear)
                  000037f4    0000005c     libc.a : s_frexp.c.obj (.text.frexp)
                  00003850    00000058            : _ltoa.c.obj (.text.__TI_ltoa)
                  000038a8    00000058            : _printfi.c.obj (.text._pconv_f)
                  00003900    00000056     libclang_rt.builtins.a : aeabi_idivmod.S.obj (.text.__aeabi_idivmod)
                  00003956    00000054     Easy_Menu.o (.text.Compare_String)
                  000039aa    00000002     --HOLE-- [fill = 0]
                  000039ac    00000054     Knob_drv.o (.text.Knob_EXTI_Handler)
                  00003a00    00000052     libc.a : _printfi.c.obj (.text._ecpy)
                  00003a52    00000002     --HOLE-- [fill = 0]
                  00003a54    00000050     ti_msp_dl_config.o (.text.SysTick_Config)
                  00003aa4    0000004e     OLED.o (.text.OLED_WR_Byte)
                  00003af2    00000002     --HOLE-- [fill = 0]
                  00003af4    0000004c     ti_msp_dl_config.o (.text.DL_GPIO_initDigitalInputFeatures)
                  00003b40    0000004a     libclang_rt.builtins.a : fixdfsi.S.obj (.text.__fixdfsi)
                  00003b8a    00000002     --HOLE-- [fill = 0]
                  00003b8c    00000048     Easy_Menu_Page.o (.text.Show_Page_Diaplsy)
                  00003bd4    00000044     Easy_Menu.o (.text.Easy_Menu_Display_Char)
                  00003c18    00000040     libclang_rt.builtins.a : aeabi_uidivmod.S.obj (.text.__aeabi_uidivmod)
                  00003c58    00000040                            : extendsfdf2.S.obj (.text.__extendsfdf2)
                  00003c98    00000040     libc.a : atoi.c.obj (.text.atoi)
                  00003cd8    00000040     main.o (.text.main)
                  00003d18    00000040     libc.a : vsnprintf.c.obj (.text.vsnprintf)
                  00003d58    0000003c     Easy_Menu_Core.o (.text.Easy_Menu_Init)
                  00003d94    0000003c     Easy_Menu.o (.text.Easy_Menu_Printf)
                  00003dd0    0000003c     OLED.o (.text.OLED_Set_Pos)
                  00003e0c    0000003c     libc.a : autoinit.c.obj (.text:__TI_auto_init_nobinit_nopinit)
                  00003e48    0000003a     libclang_rt.builtins.a : muldsi3.S.obj (.text.__muldsi3)
                  00003e82    00000002     --HOLE-- [fill = 0]
                  00003e84    00000038     Easy_Menu_Page.o (.text.Show_Page_Enter)
                  00003ebc    00000034     Easy_Menu_Item.o (.text.Goto_Item_Init)
                  00003ef0    00000034     OLED.o (.text.I2C_Start)
                  00003f24    00000034     ti_msp_dl_config.o (.text.SYSCFG_DL_initPower)
                  00003f58    00000034     Easy_Menu_Item.o (.text.Text_Item_Init)
                  00003f8c    00000030     Easy_Menu_Page.o (.text.Show_Page_Exit)
                  00003fbc    00000030     libc.a : _printfi.c.obj (.text._fcpy)
                  00003fec    00000030            : vsnprintf.c.obj (.text._outs)
                  0000401c    0000002e     Easy_Menu_Item.o (.text.Goto_Item_Input)
                  0000404a    00000002     --HOLE-- [fill = 0]
                  0000404c    0000002c     delay.o (.text.SysTick_Handler)
                  00004078    0000002c     Knob_drv.o (.text.__NVIC_EnableIRQ)
                  000040a4    0000002c     libclang_rt.builtins.a : floatsidf.S.obj (.text.__floatsidf)
                  000040d0    0000002a     Easy_Menu.o (.text.Display_Char)
                  000040fa    0000002a     Easy_Menu.o (.text.Display_Char_Line)
                  00004124    00000028     ti_msp_dl_config.o (.text.DL_Common_updateReg)
                  0000414c    00000028     Easy_Menu_Core.o (.text.Easy_Menu_Input)
                  00004174    00000028     OLED.o (.text.I2C_Stop)
                  0000419c    00000028     OLED.o (.text.I2C_WaitAck)
                  000041c4    00000028     Easy_Menu_Item.o (.text.Text_Item_Input)
                  000041ec    00000028     libc.a : boot_cortex_m.c.obj (.text:_c_int00_noargs)
                  00004214    00000026     ti_msp_dl_config.o (.text.SYSCFG_DL_SYSCTL_init)
                  0000423a    00000002     --HOLE-- [fill = 0]
                  0000423c    00000024     libclang_rt.builtins.a : muldi3.S.obj (.text.__muldi3)
                  00004260    00000022     libc.a : memccpy.c.obj (.text.memccpy)
                  00004282    00000002     --HOLE-- [fill = 0]
                  00004284    00000020     delay.o (.text.delay_ms)
                  000042a4    0000001e     libclang_rt.builtins.a : ashldi3.S.obj (.text.__ashldi3)
                  000042c2    00000002     --HOLE-- [fill = 0]
                  000042c4    0000001c     Knob_drv.o (.text.DL_GPIO_clearInterruptStatus)
                  000042e0    0000001c     ti_msp_dl_config.o (.text.DL_GPIO_clearInterruptStatus)
                  000042fc    0000001c     ti_msp_dl_config.o (.text.DL_GPIO_enableInterrupt)
                  00004318    0000001c     Knob_drv.o (.text.DL_Interrupt_getPendingGroup)
                  00004334    0000001c     ti_msp_dl_config.o (.text.DL_SYSCTL_setSYSOSCFreq)
                  00004350    00000018     ti_msp_dl_config.o (.text.DL_GPIO_enableOutput)
                  00004368    00000018     ti_msp_dl_config.o (.text.DL_GPIO_enablePower)
                  00004380    00000018     Knob_drv.o (.text.DL_GPIO_getEnabledInterruptStatus)
                  00004398    00000018     ti_msp_dl_config.o (.text.DL_GPIO_initDigitalOutput)
                  000043b0    00000018     ti_msp_dl_config.o (.text.DL_GPIO_reset)
                  000043c8    00000018     OLED.o (.text.DL_GPIO_setPins)
                  000043e0    00000018     ti_msp_dl_config.o (.text.DL_GPIO_setPins)
                  000043f8    00000018     ti_msp_dl_config.o (.text.DL_GPIO_setUpperPinsPolarity)
                  00004410    00000018     ti_msp_dl_config.o (.text.DL_SYSCTL_setBORThreshold)
                  00004428    00000018     libc.a : vsnprintf.c.obj (.text._outc)
                  00004440    00000016     Knob_drv.o (.text.DL_GPIO_readPins)
                  00004456    00000016     Knob_drv.o (.text.GROUP1_IRQHandler)
                  0000446c    00000016     libc.a : copy_zero_init.c.obj (.text:decompress:ZI:__TI_zero_init_nomemset)
                  00004482    00000014     OLED.o (.text.DL_GPIO_clearPins)
                  00004496    00000002     --HOLE-- [fill = 0]
                  00004498    00000014     ti_msp_dl_config.o (.text.DL_SYSCTL_disableSYSPLL)
                  000044ac    00000014     Easy_Menu_Page.o (.text.Ordinary_Page_Exit)
                  000044c0    00000014     ti_msp_dl_config.o (.text.SYSCFG_DL_init)
                  000044d4    00000014     libclang_rt.builtins.a : aeabi_uldivmod.S.obj (.text.__aeabi_uldivmod)
                  000044e8    00000014     libc.a : _printfi.c.obj (.text.strchr)
                  000044fc    00000012            : memcpy16.S.obj (.text:TI_memcpy_small)
                  0000450e    00000012            : copy_decompress_none.c.obj (.text:decompress:none)
                  00004520    00000010     ti_msp_dl_config.o (.text.DL_SYSCTL_disableHFXT)
                  00004530    00000010     libc.a : wcslen.c.obj (.text.wcslen)
                  00004540    0000000e     libclang_rt.builtins.a : aeabi_memset.S.obj (.text.__aeabi_memset)
                  0000454e    0000000e     libc.a : _printfi.c.obj (.text.strlen)
                  0000455c    0000000e            : strlen.c.obj (.text.strlen)
                  0000456a    0000000e            : memset16.S.obj (.text:TI_memset_small)
                  00004578    0000000c     ti_msp_dl_config.o (.text.SYSCFG_DL_SYSTICK_init)
                  00004584    0000000c     Easy_Menu_User.o (.text.Show__2__Page_Period_Callback)
                  00004590    0000000a     driverlib.a : dl_common.o (.text.DL_Common_delayCycles)
                  0000459a    0000000a     Knob_drv.o (.text.Knob_Init)
                  000045a4    0000000a     libc.a : _printfi.c.obj (.text.OUTLINED_FUNCTION_0)
                  000045ae    00000002     --HOLE-- [fill = 0]
                  000045b0    00000010     libclang_rt.builtins.a : adddf3.S.obj (.tramp.__aeabi_dsub.1)
                  000045c0    0000000a     libc.a : _printfi.c.obj (.text.OUTLINED_FUNCTION_1)
                  000045ca    00000002     --HOLE-- [fill = 0]
                  000045cc    00000008            : aeabi_portable.c.obj (.text.__aeabi_errno_addr)
                  000045d4    00000008     libclang_rt.builtins.a : aeabi_memcpy.S.obj (.text.__aeabi_memcpy)
                  000045dc    00000006     libc.a : exit.c.obj (.text:abort)
                  000045e2    00000004     startup_mspm0g350x_ticlang.o (.text.Default_Handler)
                  000045e6    00000004     libsysbm.a : hostexit.c.obj (.text.HOSTexit)
                  000045ea    00000004     startup_mspm0g350x_ticlang.o (.text.Reset_Handler)
                  000045ee    00000004     libc.a : pre_init.c.obj (.text._system_pre_init)
                  000045f2    00000006     --HOLE-- [fill = 0]

.cinit     0    00004f90    00000040     
                  00004f90    0000001c     (.cinit..data.load) [load image, compression = lzss]
                  00004fac    0000000c     (__TI_handler_table)
                  00004fb8    00000008     (.cinit..bss.load) [load image, compression = zero_init]
                  00004fc0    00000010     (__TI_cinit_table)

.rodata    0    00004600    00000990     
                  00004600    000005f0     OLED.o (.rodata.asc2_1608)
                  00004bf0    00000228     OLED.o (.rodata.asc2_0806)
                  00004e18    00000007     Easy_Menu_Page.o (.rodata.str1.10162903526471618397.1)
                  00004e1f    00000001     --HOLE-- [fill = 0]
                  00004e20    00000101     libc.a : aeabi_ctype.S.obj (.rodata:__aeabi_ctype_table_)
                  00004f21    00000011            : _printfi.c.obj (.rodata.str1.10348868589481759720.1)
                  00004f32    00000011            : _printfi.c.obj (.rodata.str1.15363888844622738466.1)
                  00004f43    00000009     Easy_Menu_User.o (.rodata.str1.16980020722660603416.1)
                  00004f4c    00000006     Easy_Menu_Page.o (.rodata.str1.11602794411890177903.1)
                  00004f52    00000006     Easy_Menu_User.o (.rodata.str1.14456782623604785242.1)
                  00004f58    00000006     Easy_Menu_User.o (.rodata.str1.8423479308304406733.1)
                  00004f5e    00000005     Easy_Menu_Page.o (.rodata.str1.10541918737141963520.1)
                  00004f63    00000005     Easy_Menu_Page.o (.rodata.str1.14526947901870425149.1)
                  00004f68    00000005     Easy_Menu_Page.o (.rodata.str1.17342757695734682319.1)
                  00004f6d    00000005     Easy_Menu_User.o (.rodata.str1.2484268131311446048.1)
                  00004f72    00000005     Easy_Menu_Page.o (.rodata.str1.2927598468843798870.1)
                  00004f77    00000004     Easy_Menu_User.o (.rodata.str1.11177260976807265928.1)
                  00004f7b    00000003     Easy_Menu_User.o (.rodata.str1.11262980610456716024.1)
                  00004f7e    00000003     Easy_Menu_User.o (.rodata.str1.17975632479887315808.1)
                  00004f81    00000002     Easy_Menu_Page.o (.rodata.str1.6187967722562398102.1)
                  00004f83    0000000d     --HOLE-- [fill = 0]

.init_array 
*          0    00000000    00000000     UNINITIALIZED

.binit     0    00000000    00000000     

.bss       0    20200000    000001c0     UNINITIALIZED
                  20200000    000000a0     (.common:easy_menu)
                  202000a0    00000030     (.common:show__2__page)
                  202000d0    00000028     (.common:home_page)
                  202000f8    00000028     (.common:ordinary__2__page)
                  20200120    00000028     (.common:ordinary__3__page)
                  20200148    00000014     (.common:goto__ordinary__2__page)
                  2020015c    00000014     (.common:goto__ordinary__3__page)
                  20200170    00000014     (.common:goto__show__2__page)
                  20200184    00000014     (.common:ordinary__2__page__1__item)
                  20200198    00000014     (.common:ordinary__2__page__2__item)
                  202001ac    00000014     (.common:ordinary__3__page__1__item)

.data      0    202001c0    00000029     UNINITIALIZED
                  202001c0    0000000c     Easy_Menu_User.o (.data.home_page_items)
                  202001cc    00000008     Easy_Menu_User.o (.data.ordinary__2__page_items)
                  202001d4    00000004     libc.a : aeabi_portable.c.obj (.data.__aeabi_errno)
                  202001d8    00000004     delay.o (.data.delay_times)
                  202001dc    00000004     delay.o (.data.g_SystemTick)
                  202001e0    00000004     Easy_Menu_User.o (.data.ordinary__3__page_items)
                  202001e4    00000002     Knob_drv.o (.data.s_press_cnt)
                  202001e6    00000001     Knob_drv.o (.data.g_KnobEvent)
                  202001e7    00000001     Knob_drv.o (.data.menu_move)
                  202001e8    00000001     Knob_drv.o (.data.s_long_pressed)

.stack     0    20207e00    00000200     UNINITIALIZED
                  20207e00    00000004     libc.a : boot_cortex_m.c.obj (.stack)
                  20207e04    000001fc     --HOLE--

__llvm_prf_cnts 
*          0    20200000    00000000     UNINITIALIZED

__llvm_prf_bits 
*          0    20200000    00000000     UNINITIALIZED

MODULE SUMMARY

       Module                         code    ro data   rw data
       ------                         ----    -------   -------
    .\
       ti_msp_dl_config.o             866     0         0      
       startup_mspm0g350x_ticlang.o   8       192       0      
       main.o                         64      0         0      
    +--+------------------------------+-------+---------+---------+
       Total:                         938     192       0      
                                                               
    .\BSP\
       delay.o                        76      0         8      
    +--+------------------------------+-------+---------+---------+
       Total:                         76      0         8      
                                                               
    .\Drive\Knob\
       Knob_drv.o                     550     0         5      
    +--+------------------------------+-------+---------+---------+
       Total:                         550     0         5      
                                                               
    .\Drive\OLED_Drv\
       OLED.o                         1066    2072      0      
    +--+------------------------------+-------+---------+---------+
       Total:                         1066    2072      0      
                                                               
    .\Menu\
       Easy_Menu_Page.o               4988    35        0      
       Easy_Menu.o                    1850    0         160    
       Easy_Menu_User.o               268     36        312    
       Easy_Menu_Core.o               360     0         0      
       Easy_Menu_Item.o               190     0         0      
    +--+------------------------------+-------+---------+---------+
       Total:                         7656    71        472    
                                                               
    D:/MSP-SDK/mspm0_sdk_2_10_00_04/source/ti/driverlib/lib/ticlang/m0p/mspm0g1x0x_g3x0x/driverlib.a
       dl_common.o                    10      0         0      
    +--+------------------------------+-------+---------+---------+
       Total:                         10      0         0      
                                                               
    D:\CCS\ccs\tools\compiler\ti-cgt-armllvm_4.0.4.LTS\lib\armv6m-ti-none-eabi/c/libc.a
       _printfi.c.obj                 4510    34        0      
       aeabi_ctype.S.obj              0       257       0      
       s_scalbn.c.obj                 216     0         0      
       vsnprintf.c.obj                136     0         0      
       copy_decompress_lzss.c.obj     124     0         0      
       s_frexp.c.obj                  92      0         0      
       _ltoa.c.obj                    88      0         0      
       atoi.c.obj                     64      0         0      
       autoinit.c.obj                 60      0         0      
       boot_cortex_m.c.obj            40      0         0      
       memccpy.c.obj                  34      0         0      
       copy_zero_init.c.obj           22      0         0      
       copy_decompress_none.c.obj     18      0         0      
       memcpy16.S.obj                 18      0         0      
       wcslen.c.obj                   16      0         0      
       memset16.S.obj                 14      0         0      
       strlen.c.obj                   14      0         0      
       aeabi_portable.c.obj           8       0         4      
       exit.c.obj                     6       0         0      
       pre_init.c.obj                 4       0         0      
    +--+------------------------------+-------+---------+---------+
       Total:                         5484    291       4      
                                                               
    D:\CCS\ccs\tools\compiler\ti-cgt-armllvm_4.0.4.LTS\lib\armv6m-ti-none-eabi/c/libsysbm.a
       hostexit.c.obj                 4       0         0      
    +--+------------------------------+-------+---------+---------+
       Total:                         4       0         0      
                                                               
    D:\CCS\ccs\tools\compiler\ti-cgt-armllvm_4.0.4.LTS\lib\armv6m-ti-none-eabi/libclang_rt.builtins.a
       adddf3.S.obj                   418     0         0      
       divdf3.S.obj                   268     0         0      
       muldf3.S.obj                   228     0         0      
       comparedf2.c.obj               220     0         0      
       udivmoddi4.S.obj               162     0         0      
       aeabi_dcmp.S.obj               98      0         0      
       aeabi_idivmod.S.obj            86      0         0      
       fixdfsi.S.obj                  74      0         0      
       aeabi_uidivmod.S.obj           64      0         0      
       extendsfdf2.S.obj              64      0         0      
       muldsi3.S.obj                  58      0         0      
       floatsidf.S.obj                44      0         0      
       muldi3.S.obj                   36      0         0      
       ashldi3.S.obj                  30      0         0      
       aeabi_uldivmod.S.obj           20      0         0      
       aeabi_memset.S.obj             14      0         0      
       aeabi_memcpy.S.obj             8       0         0      
       aeabi_div0.c.obj               4       0         0      
    +--+------------------------------+-------+---------+---------+
       Total:                         1896    0         0      
                                                               
       Stack:                         0       0         512    
       Linker Generated:              0       64        0      
    +--+------------------------------+-------+---------+---------+
       Grand Total:                   17680   2690      1001   


LINKER GENERATED COPY TABLES

__TI_cinit_table @ 00004fc0 records: 2, size/record: 8, table size: 16
	.data: load addr=00004f90, load size=0000001c bytes, run addr=202001c0, run size=00000029 bytes, compression=lzss
	.bss: load addr=00004fb8, load size=00000008 bytes, run addr=20200000, run size=000001c0 bytes, compression=zero_init


LINKER GENERATED HANDLER TABLE

__TI_handler_table @ 00004fac records: 3, size/record: 4, table size: 12
	index: 0, handler: __TI_decompress_lzss
	index: 1, handler: __TI_decompress_none
	index: 2, handler: __TI_zero_init


FAR CALL TRAMPOLINES

callee name               trampoline name
   callee addr  tramp addr   call addr  call info
--------------  -----------  ---------  ----------------
__aeabi_dsub              $Tramp$TT$L$PI$$__aeabi_dsub
   00002465     000045b0     000045ac   libc.a : _printfi.c.obj (.text.OUTLINED_FUNCTION_0)

[1 trampolines]
[1 trampoline calls]


GLOBAL SYMBOLS: SORTED ALPHABETICALLY BY Name 

address   name                          
-------   ----                          
000045e3  ADC0_IRQHandler               
000045e3  ADC1_IRQHandler               
000045e3  AES_IRQHandler                
000045e6  C$$EXIT                       
000045e3  CANFD0_IRQHandler             
00003957  Compare_String                
000045e3  DAC0_IRQHandler               
00004591  DL_Common_delayCycles         
000045e3  DMA_IRQHandler                
000045e3  Default_Handler               
000040d1  Display_Char                  
000040fb  Display_Char_Line             
00003799  Easy_Menu_All_Clear           
00001261  Easy_Menu_All_Update          
00002f75  Easy_Menu_Area_Clear          
00003429  Easy_Menu_Display             
00003bd5  Easy_Menu_Display_Char        
00003125  Easy_Menu_Display_String      
00003005  Easy_Menu_Goto_Page           
00003d59  Easy_Menu_Init                
0000414d  Easy_Menu_Input               
00003d95  Easy_Menu_Printf              
00002a79  Easy_Menu_Ui_Init             
000045e3  GROUP0_IRQHandler             
00004457  GROUP1_IRQHandler             
00003ebd  Goto_Item_Init                
0000401d  Goto_Item_Input               
000045e7  HOSTexit                      
000045e3  HardFault_Handler             
000045e3  I2C0_IRQHandler               
000045e3  I2C1_IRQHandler               
00003ef1  I2C_Start                     
00004175  I2C_Stop                      
0000419d  I2C_WaitAck                   
000039ad  Knob_EXTI_Handler             
0000459b  Knob_Init                     
00003231  Knob_Tick_1ms                 
00002ed5  Knob_get                      
000045e3  NMI_Handler                   
000035f9  OLED_Clear                    
00002b79  OLED_Init                     
00003dd1  OLED_Set_Pos                  
00002855  OLED_ShowChar                 
00003aa5  OLED_WR_Byte                  
0000228d  Ordinary_Page_Display         
00001701  Ordinary_Page_Enter           
000044ad  Ordinary_Page_Exit            
00003331  Ordinary_Page_Init            
00000a91  Ordinary_Page_Input           
00001b2d  Ordinary_Page_Refresh         
000045e3  PendSV_Handler                
000045e3  RTC_IRQHandler                
000045eb  Reset_Handler                 
000045e3  SPI0_IRQHandler               
000045e3  SPI1_IRQHandler               
000045e3  SVC_Handler                   
000032b1  SYSCFG_DL_GPIO_init           
00004215  SYSCFG_DL_SYSCTL_init         
00004579  SYSCFG_DL_SYSTICK_init        
000044c1  SYSCFG_DL_init                
00003f25  SYSCFG_DL_initPower           
0000349d  Send_Byte                     
00003b8d  Show_Page_Diaplsy             
00003e85  Show_Page_Enter               
00003f8d  Show_Page_Exit                
00003511  Show_Page_Init                
00003095  Show_Page_Input               
00004585  Show__2__Page_Period_Callback 
0000404d  SysTick_Handler               
000045e3  TIMA0_IRQHandler              
000045e3  TIMA1_IRQHandler              
000045e3  TIMG0_IRQHandler              
000045e3  TIMG12_IRQHandler             
000045e3  TIMG6_IRQHandler              
000045e3  TIMG7_IRQHandler              
000045e3  TIMG8_IRQHandler              
000044fd  TI_memcpy_small               
0000456b  TI_memset_small               
00003f59  Text_Item_Init                
000041c5  Text_Item_Input               
000045e3  UART0_IRQHandler              
000045e3  UART1_IRQHandler              
000045e3  UART2_IRQHandler              
000045e3  UART3_IRQHandler              
20208000  __STACK_END                   
00000200  __STACK_SIZE                  
00000000  __TI_ATRegion0_region_sz      
00000000  __TI_ATRegion0_src_addr       
00000000  __TI_ATRegion0_trg_addr       
00000000  __TI_ATRegion1_region_sz      
00000000  __TI_ATRegion1_src_addr       
00000000  __TI_ATRegion1_trg_addr       
00000000  __TI_ATRegion2_region_sz      
00000000  __TI_ATRegion2_src_addr       
00000000  __TI_ATRegion2_trg_addr       
00004fc0  __TI_CINIT_Base               
00004fd0  __TI_CINIT_Limit              
00004fd0  __TI_CINIT_Warm               
00004fac  __TI_Handler_Table_Base       
00004fb8  __TI_Handler_Table_Limit      
00003e0d  __TI_auto_init_nobinit_nopinit
000033ad  __TI_decompress_lzss          
0000450f  __TI_decompress_none          
00003851  __TI_ltoa                     
ffffffff  __TI_pprof_out_hndl           
000000c1  __TI_printfi                  
ffffffff  __TI_prof_data_size           
ffffffff  __TI_prof_data_start          
00000000  __TI_static_base__            
0000446d  __TI_zero_init_nomemset       
0000246f  __adddf3                      
00004e20  __aeabi_ctype_table_          
00004e20  __aeabi_ctype_table_C         
00003b41  __aeabi_d2iz                  
0000246f  __aeabi_dadd                  
00003735  __aeabi_dcmpeq                
00003771  __aeabi_dcmpge                
00003785  __aeabi_dcmpgt                
0000375d  __aeabi_dcmple                
00003749  __aeabi_dcmplt                
0000296d  __aeabi_ddiv                  
00002c75  __aeabi_dmul                  
00002465  __aeabi_dsub                  
202001d4  __aeabi_errno                 
000045cd  __aeabi_errno_addr            
00003c59  __aeabi_f2d                   
000040a5  __aeabi_i2d                   
00003901  __aeabi_idiv                  
000025f7  __aeabi_idiv0                 
00003901  __aeabi_idivmod               
00002c73  __aeabi_ldiv0                 
000042a5  __aeabi_llsl                  
0000423d  __aeabi_lmul                  
000045d5  __aeabi_memcpy                
000045d5  __aeabi_memcpy4               
000045d5  __aeabi_memcpy8               
00004541  __aeabi_memset                
00004541  __aeabi_memset4               
00004541  __aeabi_memset8               
00003c19  __aeabi_uidiv                 
00003c19  __aeabi_uidivmod              
000044d5  __aeabi_uldivmod              
000042a5  __ashldi3                     
ffffffff  __binit__                     
00003665  __cmpdf2                      
0000296d  __divdf3                      
00003665  __eqdf2                       
00003c59  __extendsfdf2                 
00003b41  __fixdfsi                     
000040a5  __floatsidf                   
00003585  __gedf2                       
00003585  __gtdf2                       
00003665  __ledf2                       
00003665  __ltdf2                       
UNDEFED   __mpu_init                    
00002c75  __muldf3                      
0000423d  __muldi3                      
00003e49  __muldsi3                     
00003665  __nedf2                       
20207e00  __stack                       
20200000  __start___llvm_prf_bits       
20200000  __start___llvm_prf_cnts       
20200000  __stop___llvm_prf_bits        
20200000  __stop___llvm_prf_cnts        
00002465  __subdf3                      
00002e31  __udivmoddi4                  
000041ed  _c_int00_noargs               
UNDEFED   _system_post_cinit            
000045ef  _system_pre_init              
000045dd  abort                         
00004bf0  asc2_0806                     
00004600  asc2_1608                     
00003c99  atoi                          
ffffffff  binit                         
00004285  delay_ms                      
202001d8  delay_times                   
20200000  easy_menu                     
000037f5  frexp                         
000037f5  frexpl                        
202001e6  g_KnobEvent                   
202001dc  g_SystemTick                  
20200148  goto__ordinary__2__page       
2020015c  goto__ordinary__3__page       
20200170  goto__show__2__page           
202000d0  home_page                     
202001c0  home_page_items               
00000000  interruptVectors              
00002d59  ldexp                         
00002d59  ldexpl                        
00003cd9  main                          
00004261  memccpy                       
202001e7  menu_move                     
202000f8  ordinary__2__page             
20200184  ordinary__2__page__1__item    
20200198  ordinary__2__page__2__item    
202001cc  ordinary__2__page_items       
20200120  ordinary__3__page             
202001ac  ordinary__3__page__1__item    
202001e0  ordinary__3__page_items       
00002d59  scalbn                        
00002d59  scalbnl                       
202000a0  show__2__page                 
0000455d  strlen                        
00003d19  vsnprintf                     
00004531  wcslen                        


GLOBAL SYMBOLS: SORTED BY Symbol Address 

address   name                          
-------   ----                          
00000000  __TI_ATRegion0_region_sz      
00000000  __TI_ATRegion0_src_addr       
00000000  __TI_ATRegion0_trg_addr       
00000000  __TI_ATRegion1_region_sz      
00000000  __TI_ATRegion1_src_addr       
00000000  __TI_ATRegion1_trg_addr       
00000000  __TI_ATRegion2_region_sz      
00000000  __TI_ATRegion2_src_addr       
00000000  __TI_ATRegion2_trg_addr       
00000000  __TI_static_base__            
00000000  interruptVectors              
000000c1  __TI_printfi                  
00000200  __STACK_SIZE                  
00000a91  Ordinary_Page_Input           
00001261  Easy_Menu_All_Update          
00001701  Ordinary_Page_Enter           
00001b2d  Ordinary_Page_Refresh         
0000228d  Ordinary_Page_Display         
00002465  __aeabi_dsub                  
00002465  __subdf3                      
0000246f  __adddf3                      
0000246f  __aeabi_dadd                  
000025f7  __aeabi_idiv0                 
00002855  OLED_ShowChar                 
0000296d  __aeabi_ddiv                  
0000296d  __divdf3                      
00002a79  Easy_Menu_Ui_Init             
00002b79  OLED_Init                     
00002c73  __aeabi_ldiv0                 
00002c75  __aeabi_dmul                  
00002c75  __muldf3                      
00002d59  ldexp                         
00002d59  ldexpl                        
00002d59  scalbn                        
00002d59  scalbnl                       
00002e31  __udivmoddi4                  
00002ed5  Knob_get                      
00002f75  Easy_Menu_Area_Clear          
00003005  Easy_Menu_Goto_Page           
00003095  Show_Page_Input               
00003125  Easy_Menu_Display_String      
00003231  Knob_Tick_1ms                 
000032b1  SYSCFG_DL_GPIO_init           
00003331  Ordinary_Page_Init            
000033ad  __TI_decompress_lzss          
00003429  Easy_Menu_Display             
0000349d  Send_Byte                     
00003511  Show_Page_Init                
00003585  __gedf2                       
00003585  __gtdf2                       
000035f9  OLED_Clear                    
00003665  __cmpdf2                      
00003665  __eqdf2                       
00003665  __ledf2                       
00003665  __ltdf2                       
00003665  __nedf2                       
00003735  __aeabi_dcmpeq                
00003749  __aeabi_dcmplt                
0000375d  __aeabi_dcmple                
00003771  __aeabi_dcmpge                
00003785  __aeabi_dcmpgt                
00003799  Easy_Menu_All_Clear           
000037f5  frexp                         
000037f5  frexpl                        
00003851  __TI_ltoa                     
00003901  __aeabi_idiv                  
00003901  __aeabi_idivmod               
00003957  Compare_String                
000039ad  Knob_EXTI_Handler             
00003aa5  OLED_WR_Byte                  
00003b41  __aeabi_d2iz                  
00003b41  __fixdfsi                     
00003b8d  Show_Page_Diaplsy             
00003bd5  Easy_Menu_Display_Char        
00003c19  __aeabi_uidiv                 
00003c19  __aeabi_uidivmod              
00003c59  __aeabi_f2d                   
00003c59  __extendsfdf2                 
00003c99  atoi                          
00003cd9  main                          
00003d19  vsnprintf                     
00003d59  Easy_Menu_Init                
00003d95  Easy_Menu_Printf              
00003dd1  OLED_Set_Pos                  
00003e0d  __TI_auto_init_nobinit_nopinit
00003e49  __muldsi3                     
00003e85  Show_Page_Enter               
00003ebd  Goto_Item_Init                
00003ef1  I2C_Start                     
00003f25  SYSCFG_DL_initPower           
00003f59  Text_Item_Init                
00003f8d  Show_Page_Exit                
0000401d  Goto_Item_Input               
0000404d  SysTick_Handler               
000040a5  __aeabi_i2d                   
000040a5  __floatsidf                   
000040d1  Display_Char                  
000040fb  Display_Char_Line             
0000414d  Easy_Menu_Input               
00004175  I2C_Stop                      
0000419d  I2C_WaitAck                   
000041c5  Text_Item_Input               
000041ed  _c_int00_noargs               
00004215  SYSCFG_DL_SYSCTL_init         
0000423d  __aeabi_lmul                  
0000423d  __muldi3                      
00004261  memccpy                       
00004285  delay_ms                      
000042a5  __aeabi_llsl                  
000042a5  __ashldi3                     
00004457  GROUP1_IRQHandler             
0000446d  __TI_zero_init_nomemset       
000044ad  Ordinary_Page_Exit            
000044c1  SYSCFG_DL_init                
000044d5  __aeabi_uldivmod              
000044fd  TI_memcpy_small               
0000450f  __TI_decompress_none          
00004531  wcslen                        
00004541  __aeabi_memset                
00004541  __aeabi_memset4               
00004541  __aeabi_memset8               
0000455d  strlen                        
0000456b  TI_memset_small               
00004579  SYSCFG_DL_SYSTICK_init        
00004585  Show__2__Page_Period_Callback 
00004591  DL_Common_delayCycles         
0000459b  Knob_Init                     
000045cd  __aeabi_errno_addr            
000045d5  __aeabi_memcpy                
000045d5  __aeabi_memcpy4               
000045d5  __aeabi_memcpy8               
000045dd  abort                         
000045e3  ADC0_IRQHandler               
000045e3  ADC1_IRQHandler               
000045e3  AES_IRQHandler                
000045e3  CANFD0_IRQHandler             
000045e3  DAC0_IRQHandler               
000045e3  DMA_IRQHandler                
000045e3  Default_Handler               
000045e3  GROUP0_IRQHandler             
000045e3  HardFault_Handler             
000045e3  I2C0_IRQHandler               
000045e3  I2C1_IRQHandler               
000045e3  NMI_Handler                   
000045e3  PendSV_Handler                
000045e3  RTC_IRQHandler                
000045e3  SPI0_IRQHandler               
000045e3  SPI1_IRQHandler               
000045e3  SVC_Handler                   
000045e3  TIMA0_IRQHandler              
000045e3  TIMA1_IRQHandler              
000045e3  TIMG0_IRQHandler              
000045e3  TIMG12_IRQHandler             
000045e3  TIMG6_IRQHandler              
000045e3  TIMG7_IRQHandler              
000045e3  TIMG8_IRQHandler              
000045e3  UART0_IRQHandler              
000045e3  UART1_IRQHandler              
000045e3  UART2_IRQHandler              
000045e3  UART3_IRQHandler              
000045e6  C$$EXIT                       
000045e7  HOSTexit                      
000045eb  Reset_Handler                 
000045ef  _system_pre_init              
00004600  asc2_1608                     
00004bf0  asc2_0806                     
00004e20  __aeabi_ctype_table_          
00004e20  __aeabi_ctype_table_C         
00004fac  __TI_Handler_Table_Base       
00004fb8  __TI_Handler_Table_Limit      
00004fc0  __TI_CINIT_Base               
00004fd0  __TI_CINIT_Limit              
00004fd0  __TI_CINIT_Warm               
20200000  __start___llvm_prf_bits       
20200000  __start___llvm_prf_cnts       
20200000  __stop___llvm_prf_bits        
20200000  __stop___llvm_prf_cnts        
20200000  easy_menu                     
202000a0  show__2__page                 
202000d0  home_page                     
202000f8  ordinary__2__page             
20200120  ordinary__3__page             
20200148  goto__ordinary__2__page       
2020015c  goto__ordinary__3__page       
20200170  goto__show__2__page           
20200184  ordinary__2__page__1__item    
20200198  ordinary__2__page__2__item    
202001ac  ordinary__3__page__1__item    
202001c0  home_page_items               
202001cc  ordinary__2__page_items       
202001d4  __aeabi_errno                 
202001d8  delay_times                   
202001dc  g_SystemTick                  
202001e0  ordinary__3__page_items       
202001e6  g_KnobEvent                   
202001e7  menu_move                     
20207e00  __stack                       
20208000  __STACK_END                   
ffffffff  __TI_pprof_out_hndl           
ffffffff  __TI_prof_data_size           
ffffffff  __TI_prof_data_start          
ffffffff  __binit__                     
ffffffff  binit                         
UNDEFED   __mpu_init                    
UNDEFED   _system_post_cinit            

[205 symbols]
