******************************************************************************
            TI ARM Clang Linker PC v4.0.4                      
******************************************************************************
>> Linked Thu May 21 22:49:25 2026

OUTPUT FILE NAME:   <optoelectronicrace_26.out>
ENTRY POINT SYMBOL: "_c_int00_noargs"  address: 00007f65


MEMORY CONFIGURATION

         name            origin    length      used     unused   attr    fill
----------------------  --------  ---------  --------  --------  ----  --------
  FLASH                 00000000   00020000  000095c8  00016a38  R  X
  SRAM                  20200000   00008000  0000095d  000076a3  RW X
  BCR_CONFIG            41c00000   000000ff  00000000  000000ff  R   
  BSL_CONFIG            41c00100   00000080  00000000  00000080  R   


SEGMENT ALLOCATION MAP

run origin  load origin   length   init length attrs members
----------  ----------- ---------- ----------- ----- -------
00000000    00000000    00008a88   00008a88    r-x
  00000000    00000000    000000c0   000000c0    r-- .intvecs
  000000c0    000000c0    000089c8   000089c8    r-x .text
00008a90    00008a90    00000b40   00000b40    r--
  00008a90    00008a90    00000a90   00000a90    r-- .rodata
  00009520    00009520    000000b0   000000b0    r-- .cinit
20200000    20200000    0000075d   00000000    rw-
  20200000    20200000    00000600   00000000    rw- .bss
  20200600    20200600    0000015d   00000000    rw- .data
20207e00    20207e00    00000200   00000000    rw-
  20207e00    20207e00    00000200   00000000    rw- .stack


SECTION ALLOCATION MAP

 output                                  attributes/
section   page    origin      length       input sections
--------  ----  ----------  ----------   ----------------
.intvecs   0    00000000    000000c0     
                  00000000    000000c0     startup_mspm0g350x_ticlang.o (.intvecs)

.text      0    000000c0    000089c8     
                  000000c0    000009d0     libc.a : _printfi.c.obj (.text:__TI_printfi)
                  00000a90    000007d0     Easy_Menu_Page.o (.text.Ordinary_Page_Input)
                  00001260    000007c4     Easy_Menu_Item.o (.text.Data_Item_Input)
                  00001a24    00000670     Trackline.o (.text.Trackline_Task)
                  00002094    000004a0     Easy_Menu.o (.text.Easy_Menu_All_Update)
                  00002534    0000042c     Easy_Menu_Page.o (.text.Ordinary_Page_Enter)
                  00002960    000003d4     Easy_Menu_User.o (.text.Easy_Menu_Ui_Init)
                  00002d34    00000380     k230_track.o (.text.K230_Aim_Task)
                  000030b4    00000364     Easy_Menu_Page.o (.text.Ordinary_Page_Refresh)
                  00003418    000002b0     JY62.o (.text.JY62_ProcessData)
                  000036c8    00000220     libc.a : _printfi.c.obj (.text._pconv_a)
                  000038e8    000001f8     Trackline.o (.text.trackline_pid_apply)
                  00003ae0    000001dc     libc.a : _printfi.c.obj (.text._pconv_g)
                  00003cbc    000001d8     Easy_Menu_Page.o (.text.Ordinary_Page_Display)
                  00003e94    000001d0     Motor.o (.text.Motor_SpeedControl)
                  00004064    000001ac     ti_msp_dl_config.o (.text.SYSCFG_DL_GPIO_init)
                  00004210    00000192     libclang_rt.builtins.a : adddf3.S.obj (.text.adddf3_subdf3)
                  000043a2    00000002                            : aeabi_div0.c.obj (.text.__aeabi_idiv0)
                  000043a4    00000188     Motor.o (.text.Motor_YawControl)
                  0000452c    00000188     No_Mcu_Ganv_Grayscale_Sensor.o (.text.No_MCU_Ganv_Sensor_Init)
                  000046b4    0000013c     libc.a : _printfi.c.obj (.text.fcvt)
                  000047f0    00000130     k230_track.o (.text.UART0_IRQHandler)
                  00004920    00000120     libc.a : _printfi.c.obj (.text._pconv_e)
                  00004a40    00000118     OLED.o (.text.OLED_ShowChar)
                  00004b58    0000010c     libclang_rt.builtins.a : divdf3.S.obj (.text.__divdf3)
                  00004c64    00000104     driverlib.a : dl_timer.o (.text.DL_Timer_initFourCCPWMMode)
                  00004d68    00000100     main.o (.text.main)
                  00004e68    000000fa     OLED.o (.text.OLED_Init)
                  00004f62    00000002     libclang_rt.builtins.a : aeabi_div0.c.obj (.text.__aeabi_ldiv0)
                  00004f64    000000e4                            : muldf3.S.obj (.text.__muldf3)
                  00005048    000000e0     JY62.o (.text.JY62_ConfigMode)
                  00005128    000000d8     libc.a : s_scalbn.c.obj (.text.scalbn)
                  00005200    000000d8     libclang_rt.builtins.a : addsf3.S.obj (.text)
                  000052d8    000000cc     Beep.o (.text.Beep_Tick_1ms)
                  000053a4    000000cc     Easy_Menu_Item.o (.text.Data_Item_Init)
                  00005470    000000c4     Knob_drv.o (.text.Knob_Tick_1ms)
                  00005534    000000bc     No_Mcu_Ganv_Grayscale_Sensor.o (.text.Get_Analog_value)
                  000055f0    000000b8     Easy_Menu_User.o (.text.Jy62_Yaw_Acc_Callback)
                  000056a8    000000b4     Beep.o (.text.Beep_Trigger)
                  0000575c    000000aa     No_Mcu_Ganv_Grayscale_Sensor.o (.text.normalizeAnalogValues)
                  00005806    00000002     --HOLE-- [fill = 0]
                  00005808    000000a2     libclang_rt.builtins.a : udivmoddi4.S.obj (.text)
                  000058aa    00000002     --HOLE-- [fill = 0]
                  000058ac    000000a0     Knob_drv.o (.text.Knob_get)
                  0000594c    0000009c     Motor.o (.text.Motor_A_SetSpeed)
                  000059e8    0000009c     Motor.o (.text.Motor_B_SetSpeed)
                  00005a84    0000009c     ti_msp_dl_config.o (.text.SYSCFG_DL_initPower)
                  00005b20    00000098     gimbal.o (.text.Gimbal_MovePosition)
                  00005bb8    00000098     Motor.o (.text.Motor_YawIsAtTarget)
                  00005c50    00000090     Easy_Menu.o (.text.Easy_Menu_Area_Clear)
                  00005ce0    00000090     Easy_Menu_Core.o (.text.Easy_Menu_Goto_Page)
                  00005d70    00000090     ti_msp_dl_config.o (.text.SYSCFG_DL_PWM_0_init)
                  00005e00    0000008c     libclang_rt.builtins.a : mulsf3.S.obj (.text.__mulsf3)
                  00005e8c    00000086     Easy_Menu.o (.text.Easy_Menu_Display_String)
                  00005f12    00000002     --HOLE-- [fill = 0]
                  00005f14    00000084     ti_msp_dl_config.o (.text.__NVIC_SetPriority)
                  00005f98    00000082     libclang_rt.builtins.a : divsf3.S.obj (.text.__divsf3)
                  0000601a    00000002     --HOLE-- [fill = 0]
                  0000601c    00000080     Motor.o (.text.Motor_B_EncoderIRQHandler)
                  0000609c    0000007c     Easy_Menu_Page.o (.text.Ordinary_Page_Init)
                  00006118    0000007c     libc.a : copy_decompress_lzss.c.obj (.text:decompress:lzss)
                  00006194    00000078     JY62.o (.text.JY62_Init)
                  0000620c    00000074     Easy_Menu_Core.o (.text.Easy_Menu_Display)
                  00006280    00000074     OLED.o (.text.Send_Byte)
                  000062f4    00000074     libclang_rt.builtins.a : comparedf2.c.obj (.text.__gedf2)
                  00006368    00000074     Motor.o (.text.clampSpeed)
                  000063dc    00000072     No_Mcu_Ganv_Grayscale_Sensor.o (.text.No_MCU_Ganv_Sensor_Init_Frist)
                  0000644e    00000002     --HOLE-- [fill = 0]
                  00006450    0000006c     Knob_drv.o (.text.Knob_EXTI_Handler)
                  000064bc    0000006c     ti_msp_dl_config.o (.text.SYSCFG_DL_ADC_line_detector_init)
                  00006528    0000006c     Trackline.o (.text.Trackline_Calibrate_Black)
                  00006594    0000006c     No_Mcu_Ganv_Grayscale_Sensor.o (.text.convertAnalogToDigital)
                  00006600    0000006a     OLED.o (.text.OLED_Clear)
                  0000666a    00000002     --HOLE-- [fill = 0]
                  0000666c    00000068     libclang_rt.builtins.a : comparedf2.c.obj (.text.__ledf2)
                  000066d4    00000066     libc.a : _printfi.c.obj (.text._mcpy)
                  0000673a    00000002     --HOLE-- [fill = 0]
                  0000673c    00000064     ti_msp_dl_config.o (.text.DL_ADC12_initSingleSample)
                  000067a0    00000062     libclang_rt.builtins.a : aeabi_dcmp.S.obj (.text.__aeabi_dcmp)
                  00006802    00000002     --HOLE-- [fill = 0]
                  00006804    00000062                            : aeabi_fcmp.S.obj (.text.__aeabi_fcmp)
                  00006866    00000002     --HOLE-- [fill = 0]
                  00006868    0000005c     Easy_Menu.o (.text.Easy_Menu_All_Clear)
                  000068c4    0000005c     ADC.o (.text.adc_getValue)
                  00006920    0000005c     libc.a : s_frexp.c.obj (.text.frexp)
                  0000697c    00000058     Easy_Menu_Item.o (.text.Switch_Item_Input)
                  000069d4    00000058     Trackline.o (.text.Trackline_Calibrate_White)
                  00006a2c    00000058     Trackline.o (.text.Trackline_Reset)
                  00006a84    00000058     libc.a : _ltoa.c.obj (.text.__TI_ltoa)
                  00006adc    00000058            : _printfi.c.obj (.text._pconv_f)
                  00006b34    00000056     libclang_rt.builtins.a : aeabi_idivmod.S.obj (.text.__aeabi_idivmod)
                  00006b8a    00000054     Easy_Menu.o (.text.Compare_String)
                  00006bde    00000002     --HOLE-- [fill = 0]
                  00006be0    00000054     ti_msp_dl_config.o (.text.DL_Timer_configQEI)
                  00006c34    00000054     Trackline.o (.text.Trackline_Init)
                  00006c88    00000052     Easy_Menu_Item.o (.text.Show_Item_Init)
                  00006cda    00000052     libc.a : _printfi.c.obj (.text._ecpy)
                  00006d2c    00000050     ti_msp_dl_config.o (.text.SYSCFG_DL_QEI_0_init)
                  00006d7c    00000050     ti_msp_dl_config.o (.text.SysTick_Config)
                  00006dcc    0000004e     OLED.o (.text.OLED_WR_Byte)
                  00006e1a    00000002     --HOLE-- [fill = 0]
                  00006e1c    0000004c     driverlib.a : dl_dma.o (.text.DL_DMA_initChannel)
                  00006e68    0000004c     ti_msp_dl_config.o (.text.DL_GPIO_initDigitalInputFeatures)
                  00006eb4    0000004c     JY62.o (.text.DL_UART_setBaudRateDivisor)
                  00006f00    0000004c     ti_msp_dl_config.o (.text.DL_UART_setBaudRateDivisor)
                  00006f4c    0000004c     Trackline.o (.text.line_mask_from_normal)
                  00006f98    0000004a     ti_msp_dl_config.o (.text.DL_ADC12_configConversionMem)
                  00006fe2    00000002     --HOLE-- [fill = 0]
                  00006fe4    0000004a     libclang_rt.builtins.a : fixdfsi.S.obj (.text.__fixdfsi)
                  0000702e    00000002     --HOLE-- [fill = 0]
                  00007030    00000048     driverlib.a : dl_uart.o (.text.DL_UART_init)
                  00007078    00000048     gimbal.o (.text.gimbal_send_frame)
                  000070c0    00000044     Easy_Menu.o (.text.Easy_Menu_Display_Char)
                  00007104    00000042     No_Mcu_Ganv_Grayscale_Sensor.o (.text.No_Mcu_Ganv_Sensor_Task_Without_tick)
                  00007146    00000042     k230_track.o (.text.pixel_to_pulse)
                  00007188    00000040     driverlib.a : dl_adc12.o (.text.DL_ADC12_setClockConfig)
                  000071c8    00000040     ti_msp_dl_config.o (.text.SYSCFG_DL_UART_0_init)
                  00007208    00000040     ti_msp_dl_config.o (.text.SYSCFG_DL_UART_JY62_init)
                  00007248    00000040     ti_msp_dl_config.o (.text.SYSCFG_DL_UART_UP_init)
                  00007288    00000040     Easy_Menu_Item.o (.text.Switch_Item_Init)
                  000072c8    00000040     libclang_rt.builtins.a : aeabi_uidivmod.S.obj (.text.__aeabi_uidivmod)
                  00007308    00000040                            : extendsfdf2.S.obj (.text.__extendsfdf2)
                  00007348    00000040     libc.a : atoi.c.obj (.text.atoi)
                  00007388    00000040            : vsnprintf.c.obj (.text.vsnprintf)
                  000073c8    0000003c     ti_msp_dl_config.o (.text.DL_Timer_setCounterControl)
                  00007404    0000003c     Easy_Menu_Core.o (.text.Easy_Menu_Init)
                  00007440    0000003c     Easy_Menu.o (.text.Easy_Menu_Printf)
                  0000747c    0000003c     gimbal.o (.text.Gimbal_Enable)
                  000074b8    0000003c     OLED.o (.text.OLED_Set_Pos)
                  000074f4    0000003c     ti_msp_dl_config.o (.text.SYSCFG_DL_init)
                  00007530    0000003c     libclang_rt.builtins.a : floatsisf.S.obj (.text.__floatsisf)
                  0000756c    0000003c                            : comparesf2.S.obj (.text.__gtsf2)
                  000075a8    0000003c     Beep.o (.text.start_off_phase)
                  000075e4    0000003c     Beep.o (.text.start_on_phase)
                  00007620    0000003c     libc.a : autoinit.c.obj (.text:__TI_auto_init_nobinit_nopinit)
                  0000765c    0000003a     libclang_rt.builtins.a : comparesf2.S.obj (.text.__eqsf2)
                  00007696    00000002     --HOLE-- [fill = 0]
                  00007698    0000003a                            : muldsi3.S.obj (.text.__muldsi3)
                  000076d2    00000038     No_Mcu_Ganv_Grayscale_Sensor.o (.text.Get_Normalize_For_User)
                  0000770a    00000002     --HOLE-- [fill = 0]
                  0000770c    00000038     k230_track.o (.text.K230_Aim_Reset)
                  00007744    00000038     Motor.o (.text.Motor_Brake)
                  0000777c    00000038     Motor.o (.text.Motor_Coast)
                  000077b4    00000038     libclang_rt.builtins.a : fixsfsi.S.obj (.text.__fixsfsi)
                  000077ec    00000036     No_Mcu_Ganv_Grayscale_Sensor.o (.text.Get_Anolog_Value)
                  00007822    00000002     --HOLE-- [fill = 0]
                  00007824    00000034     Easy_Menu_Item.o (.text.Goto_Item_Init)
                  00007858    00000034     OLED.o (.text.I2C_Start)
                  0000788c    00000034     ti_msp_dl_config.o (.text.SYSCFG_DL_SYSCTL_init)
                  000078c0    00000030     ti_msp_dl_config.o (.text.DL_DMA_setTransferSize)
                  000078f0    00000030     ti_msp_dl_config.o (.text.DL_GPIO_initDigitalOutputFeatures)
                  00007920    00000030     Easy_Menu.o (.text.Display_Char_Line)
                  00007950    00000030     gimbal.o (.text.Gimbal_Stop)
                  00007980    00000030     k230_track.o (.text.K230_Track_Init)
                  000079b0    00000030     Motor.o (.text.Motor_Init)
                  000079e0    00000030     Motor.o (.text.Motor_ResetSpeedControl)
                  00007a10    00000030     delay.o (.text.SysTick_Handler)
                  00007a40    00000030     JY62.o (.text.UART1_IRQHandler)
                  00007a70    00000030     libc.a : _printfi.c.obj (.text._fcpy)
                  00007aa0    00000030            : vsnprintf.c.obj (.text._outs)
                  00007ad0    0000002e     Easy_Menu_Item.o (.text.Goto_Item_Input)
                  00007afe    00000002     --HOLE-- [fill = 0]
                  00007b00    0000002c     ti_msp_dl_config.o (.text.DL_ADC12_setDMASamplesCnt)
                  00007b2c    0000002c     Knob_drv.o (.text.GROUP1_IRQHandler)
                  00007b58    0000002c     JY62.o (.text.__NVIC_ClearPendingIRQ)
                  00007b84    0000002c     k230_track.o (.text.__NVIC_ClearPendingIRQ)
                  00007bb0    0000002c     JY62.o (.text.__NVIC_EnableIRQ)
                  00007bdc    0000002c     Knob_drv.o (.text.__NVIC_EnableIRQ)
                  00007c08    0000002c     Motor.o (.text.__NVIC_EnableIRQ)
                  00007c34    0000002c     k230_track.o (.text.__NVIC_EnableIRQ)
                  00007c60    0000002c     libclang_rt.builtins.a : floatsidf.S.obj (.text.__floatsidf)
                  00007c8c    0000002c     Uart.o (.text.uart0_send_char)
                  00007cb8    0000002a     Easy_Menu.o (.text.Display_Char)
                  00007ce2    00000002     --HOLE-- [fill = 0]
                  00007ce4    00000028     Easy_Menu_User.o (.text.Cal_Black_Callback)
                  00007d0c    00000028     Easy_Menu_User.o (.text.Cal_White_Callback)
                  00007d34    00000028     JY62.o (.text.DL_Common_updateReg)
                  00007d5c    00000028     ti_msp_dl_config.o (.text.DL_Common_updateReg)
                  00007d84    00000028     Trackline.o (.text.DL_DMA_setDestAddr)
                  00007dac    00000028     Trackline.o (.text.DL_DMA_setSrcAddr)
                  00007dd4    00000028     Easy_Menu_Core.o (.text.Easy_Menu_Input)
                  00007dfc    00000028     OLED.o (.text.I2C_Stop)
                  00007e24    00000028     OLED.o (.text.I2C_WaitAck)
                  00007e4c    00000028     JY62.o (.text.JY62_Task)
                  00007e74    00000028     Easy_Menu_User.o (.text.Lspeed_Callback)
                  00007e9c    00000028     Motor.o (.text.Motor_SetSpeed)
                  00007ec4    00000028     Easy_Menu_User.o (.text.Rspeed_Callback)
                  00007eec    00000028     ti_msp_dl_config.o (.text.SYSCFG_DL_DMA_detector_out_init)
                  00007f14    00000028     Easy_Menu_User.o (.text.Trackline__Round_Callback)
                  00007f3c    00000028     libclang_rt.builtins.a : floatunsisf.S.obj (.text.__floatunsisf)
                  00007f64    00000028     libc.a : boot_cortex_m.c.obj (.text:_c_int00_noargs)
                  00007f8c    00000026     Trackline.o (.text.DL_DMA_enableChannel)
                  00007fb2    00000002     --HOLE-- [fill = 0]
                  00007fb4    00000024     Beep.o (.text.Beep_Stop)
                  00007fd8    00000024     Laser.o (.text.Laser_Init)
                  00007ffc    00000024     Motor.o (.text.Motor_A_GetEncoderCnt)
                  00008020    00000024     libclang_rt.builtins.a : floatunsidf.S.obj (.text.__floatunsidf)
                  00008044    00000024                            : muldi3.S.obj (.text.__muldi3)
                  00008068    00000022     libc.a : memccpy.c.obj (.text.memccpy)
                  0000808a    00000002     --HOLE-- [fill = 0]
                  0000808c    00000020     JY62.o (.text.DL_GPIO_initPeripheralInputFunction)
                  000080ac    00000020     ti_msp_dl_config.o (.text.DL_GPIO_initPeripheralInputFunction)
                  000080cc    00000020     Easy_Menu_User.o (.text.Trackline_Start_Callback)
                  000080ec    00000020     delay.o (.text.delay_ms)
                  0000810c    0000001e     JY62.o (.text.DL_UART_setOversampling)
                  0000812a    0000001e     ti_msp_dl_config.o (.text.DL_UART_setOversampling)
                  00008148    0000001e     libclang_rt.builtins.a : ashldi3.S.obj (.text.__ashldi3)
                  00008166    00000002     --HOLE-- [fill = 0]
                  00008168    0000001c     ti_msp_dl_config.o (.text.DL_ADC12_enableDMA)
                  00008184    0000001c     ti_msp_dl_config.o (.text.DL_ADC12_enableDMATrigger)
                  000081a0    0000001c     Trackline.o (.text.DL_ADC12_startConversion)
                  000081bc    0000001c     Knob_drv.o (.text.DL_GPIO_clearInterruptStatus)
                  000081d8    0000001c     Motor.o (.text.DL_GPIO_clearInterruptStatus)
                  000081f4    0000001c     ti_msp_dl_config.o (.text.DL_GPIO_clearInterruptStatus)
                  00008210    0000001c     ti_msp_dl_config.o (.text.DL_GPIO_enableInterrupt)
                  0000822c    0000001c     JY62.o (.text.DL_GPIO_initPeripheralOutputFunction)
                  00008248    0000001c     ti_msp_dl_config.o (.text.DL_GPIO_initPeripheralOutputFunction)
                  00008264    0000001c     ti_msp_dl_config.o (.text.DL_GPIO_setLowerPinsPolarity)
                  00008280    0000001c     Knob_drv.o (.text.DL_Interrupt_getPendingGroup)
                  0000829c    0000001c     ti_msp_dl_config.o (.text.DL_SYSCTL_setSYSOSCFreq)
                  000082b8    0000001c     driverlib.a : dl_timer.o (.text.DL_Timer_setCaptCompUpdateMethod)
                  000082d4    0000001c                 : dl_timer.o (.text.DL_Timer_setClockConfig)
                  000082f0    0000001c     k230_track.o (.text.DL_UART_disableDMAReceiveEvent)
                  0000830c    0000001c     JY62.o (.text.DL_UART_enableInterrupt)
                  00008328    0000001c     k230_track.o (.text.DL_UART_enableInterrupt)
                  00008344    0000001c     driverlib.a : dl_uart.o (.text.DL_UART_receiveDataCheck)
                  00008360    0000001c     Motor.o (.text.Motor_YawSetTarget)
                  0000837c    0000001a     gimbal.o (.text.Gimbal_Enable_All)
                  00008396    00000002     --HOLE-- [fill = 0]
                  00008398    00000018     ti_msp_dl_config.o (.text.DL_ADC12_enablePower)
                  000083b0    00000018     ti_msp_dl_config.o (.text.DL_ADC12_reset)
                  000083c8    00000018     ti_msp_dl_config.o (.text.DL_ADC12_setSampleTime0)
                  000083e0    00000018     Laser.o (.text.DL_GPIO_enableOutput)
                  000083f8    00000018     ti_msp_dl_config.o (.text.DL_GPIO_enableOutput)
                  00008410    00000018     ti_msp_dl_config.o (.text.DL_GPIO_enablePower)
                  00008428    00000018     Knob_drv.o (.text.DL_GPIO_getEnabledInterruptStatus)
                  00008440    00000018     Motor.o (.text.DL_GPIO_getEnabledInterruptStatus)
                  00008458    00000018     ti_msp_dl_config.o (.text.DL_GPIO_initDigitalOutput)
                  00008470    00000018     ti_msp_dl_config.o (.text.DL_GPIO_reset)
                  00008488    00000018     Beep.o (.text.DL_GPIO_setPins)
                  000084a0    00000018     Laser.o (.text.DL_GPIO_setPins)
                  000084b8    00000018     Motor.o (.text.DL_GPIO_setPins)
                  000084d0    00000018     No_Mcu_Ganv_Grayscale_Sensor.o (.text.DL_GPIO_setPins)
                  000084e8    00000018     OLED.o (.text.DL_GPIO_setPins)
                  00008500    00000018     ti_msp_dl_config.o (.text.DL_GPIO_setPins)
                  00008518    00000018     ti_msp_dl_config.o (.text.DL_GPIO_setUpperPinsPolarity)
                  00008530    00000018     ti_msp_dl_config.o (.text.DL_SYSCTL_setBORThreshold)
                  00008548    00000018     ti_msp_dl_config.o (.text.DL_Timer_enablePower)
                  00008560    00000018     ti_msp_dl_config.o (.text.DL_Timer_reset)
                  00008578    00000018     driverlib.a : dl_timer.o (.text.DL_Timer_setCaptureCompareOutCtl)
                  00008590    00000018     ti_msp_dl_config.o (.text.DL_Timer_setLoadValue)
                  000085a8    00000018     ti_msp_dl_config.o (.text.DL_Timer_startCounter)
                  000085c0    00000018     JY62.o (.text.DL_UART_enablePower)
                  000085d8    00000018     ti_msp_dl_config.o (.text.DL_UART_enablePower)
                  000085f0    00000018     JY62.o (.text.DL_UART_isBusy)
                  00008608    00000018     Uart.o (.text.DL_UART_isBusy)
                  00008620    00000018     ti_msp_dl_config.o (.text.DL_UART_reset)
                  00008638    00000018     ti_msp_dl_config.o (.text.SYSCFG_DL_DMA_CH0_init)
                  00008650    00000018     libc.a : vsnprintf.c.obj (.text._outc)
                  00008668    00000016     ti_msp_dl_config.o (.text.DL_ADC12_enableConversions)
                  0000867e    00000016     Knob_drv.o (.text.DL_GPIO_readPins)
                  00008694    00000016     Motor.o (.text.DL_GPIO_readPins)
                  000086aa    00000016     JY62.o (.text.DL_UART_enable)
                  000086c0    00000016     ti_msp_dl_config.o (.text.DL_UART_enable)
                  000086d6    00000016     JY62.o (.text.DL_UART_transmitData)
                  000086ec    00000016     Uart.o (.text.DL_UART_transmitData)
                  00008702    00000014     Beep.o (.text.DL_GPIO_clearPins)
                  00008716    00000014     Laser.o (.text.DL_GPIO_clearPins)
                  0000872a    00000014     Motor.o (.text.DL_GPIO_clearPins)
                  0000873e    00000014     No_Mcu_Ganv_Grayscale_Sensor.o (.text.DL_GPIO_clearPins)
                  00008752    00000014     OLED.o (.text.DL_GPIO_clearPins)
                  00008766    00000014     ti_msp_dl_config.o (.text.DL_GPIO_clearPins)
                  0000877a    00000002     --HOLE-- [fill = 0]
                  0000877c    00000014     ti_msp_dl_config.o (.text.DL_SYSCTL_disableSYSPLL)
                  00008790    00000014     ti_msp_dl_config.o (.text.DL_SYSCTL_enableMFCLK)
                  000087a4    00000014     ti_msp_dl_config.o (.text.DL_Timer_enableClock)
                  000087b8    00000014     ti_msp_dl_config.o (.text.DL_Timer_setCCPDirection)
                  000087cc    00000014     Motor.o (.text.DL_Timer_setTimerCount)
                  000087e0    00000014     JY62.o (.text.DL_UART_receiveData)
                  000087f4    00000014     k230_track.o (.text.DL_UART_receiveData)
                  00008808    00000014     Easy_Menu_User.o (.text.Jy62_Yaw_Callback)
                  0000881c    00000014     Laser.o (.text.Laser_Off)
                  00008830    00000014     Laser.o (.text.Laser_On)
                  00008844    00000014     Motor.o (.text.Motor_B_EncoderInit)
                  00008858    00000014     Easy_Menu_Page.o (.text.Ordinary_Page_Exit)
                  0000886c    00000014     Easy_Menu_User.o (.text.Track_Pid__Kd_Callback)
                  00008880    00000014     Easy_Menu_User.o (.text.Track_Pid__Kp_Callback)
                  00008894    00000014     libclang_rt.builtins.a : aeabi_uldivmod.S.obj (.text.__aeabi_uldivmod)
                  000088a8    00000014     libc.a : _printfi.c.obj (.text.strchr)
                  000088bc    00000012     JY62.o (.text.DL_UART_getPendingInterrupt)
                  000088ce    00000012     k230_track.o (.text.DL_UART_getPendingInterrupt)
                  000088e0    00000012     driverlib.a : dl_uart.o (.text.DL_UART_setClockConfig)
                  000088f2    00000012     libc.a : memcpy16.S.obj (.text:TI_memcpy_small)
                  00008904    00000012            : copy_decompress_none.c.obj (.text:decompress:none)
                  00008916    00000002     --HOLE-- [fill = 0]
                  00008918    00000010     ti_msp_dl_config.o (.text.DL_SYSCTL_disableHFXT)
                  00008928    00000010     Motor.o (.text.DL_Timer_getTimerCount)
                  00008938    00000010     driverlib.a : dl_timer.o (.text.DL_Timer_setCaptureCompareValue)
                  00008948    00000010     Motor.o (.text.Motor_A_ResetEncoder)
                  00008958    00000010     libc.a : wcslen.c.obj (.text.wcslen)
                  00008968    00000010            : copy_zero_init.c.obj (.text:decompress:ZI)
                  00008978    0000000e     libclang_rt.builtins.a : aeabi_memset.S.obj (.text.__aeabi_memset)
                  00008986    0000000e     libc.a : _printfi.c.obj (.text.strlen)
                  00008994    0000000e            : strlen.c.obj (.text.strlen)
                  000089a2    0000000e            : memset16.S.obj (.text:TI_memset_small)
                  000089b0    0000000c     Motor.o (.text.Motor_B_GetEncoderCnt)
                  000089bc    0000000c     Motor.o (.text.Motor_B_ResetEncoder)
                  000089c8    0000000c     ti_msp_dl_config.o (.text.SYSCFG_DL_DMA_init)
                  000089d4    0000000c     ti_msp_dl_config.o (.text.SYSCFG_DL_SYSTICK_init)
                  000089e0    0000000c     libclang_rt.builtins.a : aeabi_memset.S.obj (.text.__aeabi_memclr)
                  000089ec    0000000a     Easy_Menu_User.o (.text.Centeraim__Start_Callback)
                  000089f6    0000000a     driverlib.a : dl_common.o (.text.DL_Common_delayCycles)
                  00008a00    0000000a     Knob_drv.o (.text.Knob_Init)
                  00008a0a    0000000a     libc.a : _printfi.c.obj (.text.OUTLINED_FUNCTION_0)
                  00008a14    00000010     libclang_rt.builtins.a : adddf3.S.obj (.tramp.__aeabi_dsub.1)
                  00008a24    0000000a     libc.a : _printfi.c.obj (.text.OUTLINED_FUNCTION_1)
                  00008a2e    0000000a     Easy_Menu_User.o (.text.Still_Aim_Callback)
                  00008a38    0000000a     Easy_Menu_User.o (.text.Still_Aim_Draw_Rectangle_Callback)
                  00008a42    00000008     Easy_Menu_User.o (.text.Center_Aim_Round_Callback)
                  00008a4a    00000002     --HOLE-- [fill = 0]
                  00008a4c    00000008     libc.a : aeabi_portable.c.obj (.text.__aeabi_errno_addr)
                  00008a54    00000008     libclang_rt.builtins.a : aeabi_memcpy.S.obj (.text.__aeabi_memcpy)
                  00008a5c    00000006     libc.a : exit.c.obj (.text:abort)
                  00008a62    00000004     startup_mspm0g350x_ticlang.o (.text.Default_Handler)
                  00008a66    00000004     libsysbm.a : hostexit.c.obj (.text.HOSTexit)
                  00008a6a    00000004     startup_mspm0g350x_ticlang.o (.text.Reset_Handler)
                  00008a6e    00000002     --HOLE-- [fill = 0]
                  00008a70    00000010     libc.a : boot_cortex_m.c.obj (.tramp._c_int00_noargs.1)
                  00008a80    00000004            : pre_init.c.obj (.text._system_pre_init)
                  00008a84    00000004     --HOLE-- [fill = 0]

.cinit     0    00009520    000000b0     
                  00009520    00000087     (.cinit..data.load) [load image, compression = lzss]
                  000095a7    00000001     --HOLE-- [fill = 0]
                  000095a8    0000000c     (__TI_handler_table)
                  000095b4    00000008     (.cinit..bss.load) [load image, compression = zero_init]
                  000095bc    00000010     (__TI_cinit_table)
                  000095cc    00000004     --HOLE-- [fill = 0]

.rodata    0    00008a90    00000a90     
                  00008a90    000005f0     OLED.o (.rodata.asc2_1608)
                  00009080    00000228     OLED.o (.rodata.asc2_0806)
                  000092a8    00000008     ti_msp_dl_config.o (.rodata.gADC_line_detectorClockConfig)
                  000092b0    00000101     libc.a : aeabi_ctype.S.obj (.rodata:__aeabi_ctype_table_)
                  000093b1    00000003     ti_msp_dl_config.o (.rodata.gPWM_0ClockConfig)
                  000093b4    00000018     ti_msp_dl_config.o (.rodata.gDMA_CH0Config)
                  000093cc    00000018     ti_msp_dl_config.o (.rodata.gDMA_detector_outConfig)
                  000093e4    00000011     libc.a : _printfi.c.obj (.rodata.str1.10348868589481759720.1)
                  000093f5    00000011            : _printfi.c.obj (.rodata.str1.15363888844622738466.1)
                  00009406    00000010     Trackline.o (.rodata.WEIGHTS)
                  00009416    0000000f     Easy_Menu_User.o (.rodata.str1.8128223861994239923.1)
                  00009425    0000000e     Easy_Menu_User.o (.rodata.str1.17975632479887315808.1)
                  00009433    0000000b     Easy_Menu_User.o (.rodata.str1.8423479308304406733.1)
                  0000943e    0000000a     JY62.o (.rodata.gJY62UartConfig)
                  00009448    0000000a     ti_msp_dl_config.o (.rodata.gUART_0Config)
                  00009452    0000000a     ti_msp_dl_config.o (.rodata.gUART_JY62Config)
                  0000945c    0000000a     ti_msp_dl_config.o (.rodata.gUART_UPConfig)
                  00009466    0000000a     Easy_Menu_User.o (.rodata.str1.11177260976807265928.1)
                  00009470    0000000a     Easy_Menu_User.o (.rodata.str1.14456782623604785242.1)
                  0000947a    0000000a     Easy_Menu_User.o (.rodata.str1.15320261422703930955.1)
                  00009484    0000000a     Easy_Menu_User.o (.rodata.str1.16881440453266969404.1)
                  0000948e    0000000a     Easy_Menu_User.o (.rodata.str1.3897238317517470892.1)
                  00009498    00000009     Easy_Menu_User.o (.rodata.str1.13332061176481328327.1)
                  000094a1    00000009     Easy_Menu_User.o (.rodata.str1.2853082316097330648.1)
                  000094aa    00000002     JY62.o (.rodata.gJY62UartClockConfig)
                  000094ac    00000008     ti_msp_dl_config.o (.rodata.gPWM_0Config)
                  000094b4    00000008     Easy_Menu_User.o (.rodata.str1.11262980610456716024.1)
                  000094bc    00000008     Easy_Menu_User.o (.rodata.str1.18047220919239444222.1)
                  000094c4    00000007     Easy_Menu_Page.o (.rodata.str1.10162903526471618397.1)
                  000094cb    00000007     Easy_Menu_User.o (.rodata.str1.3961208515143357932.1)
                  000094d2    00000007     Easy_Menu_User.o (.rodata.str1.8156445364985626389.1)
                  000094d9    00000006     Easy_Menu_User.o (.rodata.str1.10308413330439174504.1)
                  000094df    00000006     Easy_Menu_Page.o (.rodata.str1.11602794411890177903.1)
                  000094e5    00000006     Easy_Menu_User.o (.rodata.str1.1318127491109019352.1)
                  000094eb    00000005     Easy_Menu_Page.o (.rodata.str1.10541918737141963520.1)
                  000094f0    00000005     Easy_Menu_Page.o (.rodata.str1.14526947901870425149.1)
                  000094f5    00000005     Easy_Menu_User.o (.rodata.str1.16980020722660603416.1)
                  000094fa    00000005     Easy_Menu_Page.o (.rodata.str1.17342757695734682319.1)
                  000094ff    00000005     Easy_Menu_User.o (.rodata.str1.2484268131311446048.1)
                  00009504    00000005     Easy_Menu_Page.o (.rodata.str1.2927598468843798870.1)
                  00009509    00000004     Easy_Menu_User.o (.rodata.str1.4408185141669307452.1)
                  0000950d    00000003     ti_msp_dl_config.o (.rodata.gQEI_0ClockConfig)
                  00009510    00000002     ti_msp_dl_config.o (.rodata.gUART_0ClockConfig)
                  00009512    00000002     ti_msp_dl_config.o (.rodata.gUART_JY62ClockConfig)
                  00009514    00000002     ti_msp_dl_config.o (.rodata.gUART_UPClockConfig)
                  00009516    00000002     Easy_Menu_Page.o (.rodata.str1.6187967722562398102.1)
                  00009518    00000008     --HOLE-- [fill = 0]

.init_array 
*          0    00000000    00000000     UNINITIALIZED

.binit     0    00000000    00000000     

.bss       0    20200000    00000600     UNINITIALIZED
                  20200000    000000b0     Trackline.o (.bss.sensor)
                  202000b0    000000a0     (.common:easy_menu)
                  20200150    000000a0     (.common:gQEI_0Backup)
                  202001f0    00000050     (.common:ADC_VALUE)
                  20200240    0000002c     (.common:center_aim_round)
                  2020026c    0000002c     (.common:track_pid__kd)
                  20200298    0000002c     (.common:track_pid__kp)
                  202002c4    0000002c     (.common:trackline__round)
                  202002f0    00000028     (.common:Cal_page)
                  20200318    00000028     (.common:JY62_page)
                  20200340    00000028     (.common:centeraim)
                  20200368    00000028     (.common:home_page)
                  20200390    00000028     (.common:mov_aim)
                  202003b8    00000028     (.common:still_aim_task)
                  202003e0    00000028     (.common:trackline)
                  20200408    00000028     (.common:trackline_pid__page)
                  20200430    00000024     (.common:Lspeed)
                  20200454    00000024     (.common:Rspeed)
                  20200478    00000024     (.common:jy62_yaw)
                  2020049c    00000024     (.common:jy62_yaw_acc)
                  202004c0    00000018     (.common:Cal_black)
                  202004d8    00000018     (.common:Cal_white)
                  202004f0    00000018     (.common:centeraim__start)
                  20200508    00000018     (.common:still_aim)
                  20200520    00000018     (.common:still_aim_draw_Rectangle)
                  20200538    00000018     (.common:trackline_start)
                  20200550    00000014     (.common:goto__Cal_page)
                  20200564    00000014     (.common:goto__JY62_page)
                  20200578    00000014     (.common:goto__centeraim)
                  2020058c    00000014     (.common:goto__mov_aim)
                  202005a0    00000014     (.common:goto__still_aim_task)
                  202005b4    00000014     (.common:goto__trackline)
                  202005c8    00000014     (.common:goto__trackline_pid__page)
                  202005dc    00000010     Trackline.o (.bss.Normal)
                  202005ec    0000000d     k230_track.o (.bss.g_rx_buf)
                  202005f9    00000003     --HOLE--
                  202005fc    00000004     Trackline.o (.bss.g_pivotStartEncA)

.data      0    20200600    0000015d     UNINITIALIZED
                  20200600    0000001c     Easy_Menu_User.o (.data.Easy_Menu_Ui_Data)
                  2020061c    00000018     Trackline.o (.data.g_Trackline)
                  20200634    00000018     Easy_Menu_User.o (.data.home_page_items)
                  2020064c    00000010     Trackline.o (.data.Anolog)
                  2020065c    00000010     Easy_Menu_User.o (.data.JY62_page_items)
                  2020066c    00000010     Trackline.o (.data.black)
                  2020067c    00000010     Trackline.o (.data.white)
                  2020068c    0000000b     JY62.o (.data.rx_buffer)
                  20200697    0000000a     k230_track.o (.data.g_k230_data)
                  202006a1    00000001     JY62.o (.data.data_index)
                  202006a2    00000002     Trackline.o (.data.g_approachPulses)
                  202006a4    00000008     Easy_Menu_User.o (.data.Cal_page_items)
                  202006ac    00000008     Easy_Menu_User.o (.data.centeraim_items)
                  202006b4    00000008     Easy_Menu_User.o (.data.still_aim_task_items)
                  202006bc    00000008     Easy_Menu_User.o (.data.trackline_items)
                  202006c4    00000008     Easy_Menu_User.o (.data.trackline_pid__page_items)
                  202006cc    00000004     Easy_Menu_User.o (.data.Lspeed_Callback.lastEncA)
                  202006d0    00000004     Easy_Menu_User.o (.data.Rspeed_Callback.lastEncB)
                  202006d4    00000004     libc.a : aeabi_portable.c.obj (.data.__aeabi_errno)
                  202006d8    00000004     JY62.o (.data.ax)
                  202006dc    00000004     JY62.o (.data.ay)
                  202006e0    00000004     JY62.o (.data.az)
                  202006e4    00000004     delay.o (.data.delay_times)
                  202006e8    00000004     delay.o (.data.g_SystemTick)
                  202006ec    00000004     Trackline.o (.data.g_approachTargetYaw)
                  202006f0    00000004     Motor.o (.data.g_encoderB_cnt)
                  202006f4    00000004     Trackline.o (.data.g_initialYaw)
                  202006f8    00000004     Motor.o (.data.g_lastEncA)
                  202006fc    00000004     Motor.o (.data.g_lastEncB)
                  20200700    00000004     k230_track.o (.data.g_pitch_pos)
                  20200704    00000004     Trackline.o (.data.g_straightTargetYaw)
                  20200708    00000004     Motor.o (.data.g_velIntA)
                  2020070c    00000004     Motor.o (.data.g_velIntB)
                  20200710    00000004     Motor.o (.data.g_yawLastError)
                  20200714    00000004     Motor.o (.data.g_yawTarget)
                  20200718    00000004     Easy_Menu_User.o (.data.mov_aim_items)
                  2020071c    00000004     JY62.o (.data.pitch_angle)
                  20200720    00000004     JY62.o (.data.roll_angle)
                  20200724    00000004     Beep.o (.data.s_tick_start)
                  20200728    00000004     JY62.o (.data.temperature)
                  2020072c    00000004     JY62.o (.data.wx)
                  20200730    00000004     JY62.o (.data.wy)
                  20200734    00000004     JY62.o (.data.wz)
                  20200738    00000004     JY62.o (.data.yaw_angle)
                  2020073c    00000002     Beep.o (.data.s_off_time)
                  2020073e    00000002     Beep.o (.data.s_on_time)
                  20200740    00000002     Knob_drv.o (.data.s_press_cnt)
                  20200742    00000001     JY62.o (.data.frame_started)
                  20200743    00000001     Knob_drv.o (.data.g_KnobEvent)
                  20200744    00000001     k230_track.o (.data.g_aim_state)
                  20200745    00000001     Trackline.o (.data.g_cornerCount)
                  20200746    00000001     k230_track.o (.data.g_fine_tries)
                  20200747    00000001     k230_track.o (.data.g_k230_new_frame)
                  20200748    00000001     Trackline.o (.data.g_laps)
                  20200749    00000001     k230_track.o (.data.g_laser_latched)
                  2020074a    00000001     Trackline.o (.data.g_lineDebounce)
                  2020074b    00000001     Trackline.o (.data.g_phase)
                  2020074c    00000001     k230_track.o (.data.g_rx_idx)
                  2020074d    00000001     k230_track.o (.data.g_rx_state)
                  2020074e    00000001     k230_track.o (.data.g_stable_cnt)
                  2020074f    00000001     Trackline.o (.data.g_turnDir)
                  20200750    00000001     k230_track.o (.data.g_wait_cnt)
                  20200751    00000001     JY62.o (.data.jy62_new_data)
                  20200752    00000001     main.o (.data.main.aim_off_cnt)
                  20200753    00000001     main.o (.data.main.last_start)
                  20200754    00000001     main.o (.data.main.prev_aim)
                  20200755    00000001     Knob_drv.o (.data.menu_move)
                  20200756    00000001     Beep.o (.data.s_cycle_cnt)
                  20200757    00000001     Beep.o (.data.s_cycle_target)
                  20200758    00000001     Knob_drv.o (.data.s_debounce_cnt)
                  20200759    00000001     Knob_drv.o (.data.s_long_pressed)
                  2020075a    00000001     Beep.o (.data.s_mode)
                  2020075b    00000001     Knob_drv.o (.data.s_release_cnt)
                  2020075c    00000001     Beep.o (.data.s_state)

.stack     0    20207e00    00000200     UNINITIALIZED
                  20207e00    00000004     libc.a : boot_cortex_m.c.obj (.stack)
                  20207e04    000001fc     --HOLE--

__llvm_prf_cnts 
*          0    20200000    00000000     UNINITIALIZED

__llvm_prf_bits 
*          0    20200000    00000000     UNINITIALIZED

MODULE SUMMARY

       Module                           code    ro data   rw data
       ------                           ----    -------   -------
    .\
       ti_msp_dl_config.o               2972    106       160    
       main.o                           256     0         3      
       startup_mspm0g350x_ticlang.o     8       192       0      
    +--+--------------------------------+-------+---------+---------+
       Total:                           3236    298       163    
                                                                 
    .\APP\
       Trackline.o                      2742    16        287    
       JY62.o                           1572    12        54     
       k230_track.o                     1552    0         35     
       gimbal.o                         358     0         0      
       Laser.o                          144     0         0      
    +--+--------------------------------+-------+---------+---------+
       Total:                           6368    28        376    
                                                                 
    .\BSP\
       Uart.o                           90      0         0      
       delay.o                          80      0         8      
    +--+--------------------------------+-------+---------+---------+
       Total:                           170     0         8      
                                                                 
    .\Drive\Beep\
       Beep.o                           584     0         12     
    +--+--------------------------------+-------+---------+---------+
       Total:                           584     0         12     
                                                                 
    .\Drive\Grayscale_Sensor\
       No_Mcu_Ganv_Grayscale_Sensor.o   1192    0         0      
       ADC.o                            92      0         80     
    +--+--------------------------------+-------+---------+---------+
       Total:                           1284    0         80     
                                                                 
    .\Drive\Knob\
       Knob_drv.o                       664     0         7      
    +--+--------------------------------+-------+---------+---------+
       Total:                           664     0         7      
                                                                 
    .\Drive\Motor\
       Motor.o                          2134    0         28     
    +--+--------------------------------+-------+---------+---------+
       Total:                           2134    0         28     
                                                                 
    .\Drive\OLED_Drv\
       OLED.o                           1066    2072      0      
    +--+--------------------------------+-------+---------+---------+
       Total:                           1066    2072      0      
                                                                 
    .\Menu\
       Easy_Menu_Page.o                 4552    35        0      
       Easy_Menu_User.o                 1494    164       1044   
       Easy_Menu_Item.o                 2524    0         0      
       Easy_Menu.o                      1856    0         160    
       Easy_Menu_Core.o                 360     0         0      
    +--+--------------------------------+-------+---------+---------+
       Total:                           10786   199       1204   
                                                                 
    D:/MSP-SDK/mspm0_sdk_2_10_00_04/source/ti/driverlib/lib/ticlang/m0p/mspm0g1x0x_g3x0x/driverlib.a
       dl_timer.o                       356     0         0      
       dl_uart.o                        118     0         0      
       dl_dma.o                         76      0         0      
       dl_adc12.o                       64      0         0      
       dl_common.o                      10      0         0      
    +--+--------------------------------+-------+---------+---------+
       Total:                           624     0         0      
                                                                 
    D:\CCS\ccs\tools\compiler\ti-cgt-armllvm_4.0.4.LTS\lib\armv6m-ti-none-eabi/c/libc.a
       _printfi.c.obj                   4510    34        0      
       aeabi_ctype.S.obj                0       257       0      
       s_scalbn.c.obj                   216     0         0      
       vsnprintf.c.obj                  136     0         0      
       copy_decompress_lzss.c.obj       124     0         0      
       s_frexp.c.obj                    92      0         0      
       _ltoa.c.obj                      88      0         0      
       atoi.c.obj                       64      0         0      
       autoinit.c.obj                   60      0         0      
       boot_cortex_m.c.obj              56      0         0      
       memccpy.c.obj                    34      0         0      
       copy_decompress_none.c.obj       18      0         0      
       memcpy16.S.obj                   18      0         0      
       copy_zero_init.c.obj             16      0         0      
       wcslen.c.obj                     16      0         0      
       memset16.S.obj                   14      0         0      
       strlen.c.obj                     14      0         0      
       aeabi_portable.c.obj             8       0         4      
       exit.c.obj                       6       0         0      
       pre_init.c.obj                   4       0         0      
    +--+--------------------------------+-------+---------+---------+
       Total:                           5494    291       4      
                                                                 
    D:\CCS\ccs\tools\compiler\ti-cgt-armllvm_4.0.4.LTS\lib\armv6m-ti-none-eabi/c/libsysbm.a
       hostexit.c.obj                   4       0         0      
    +--+--------------------------------+-------+---------+---------+
       Total:                           4       0         0      
                                                                 
    D:\CCS\ccs\tools\compiler\ti-cgt-armllvm_4.0.4.LTS\lib\armv6m-ti-none-eabi/libclang_rt.builtins.a
       adddf3.S.obj                     418     0         0      
       divdf3.S.obj                     268     0         0      
       muldf3.S.obj                     228     0         0      
       comparedf2.c.obj                 220     0         0      
       addsf3.S.obj                     216     0         0      
       udivmoddi4.S.obj                 162     0         0      
       mulsf3.S.obj                     140     0         0      
       divsf3.S.obj                     130     0         0      
       comparesf2.S.obj                 118     0         0      
       aeabi_dcmp.S.obj                 98      0         0      
       aeabi_fcmp.S.obj                 98      0         0      
       aeabi_idivmod.S.obj              86      0         0      
       fixdfsi.S.obj                    74      0         0      
       aeabi_uidivmod.S.obj             64      0         0      
       extendsfdf2.S.obj                64      0         0      
       floatsisf.S.obj                  60      0         0      
       muldsi3.S.obj                    58      0         0      
       fixsfsi.S.obj                    56      0         0      
       floatsidf.S.obj                  44      0         0      
       floatunsisf.S.obj                40      0         0      
       floatunsidf.S.obj                36      0         0      
       muldi3.S.obj                     36      0         0      
       ashldi3.S.obj                    30      0         0      
       aeabi_memset.S.obj               26      0         0      
       aeabi_uldivmod.S.obj             20      0         0      
       aeabi_memcpy.S.obj               8       0         0      
       aeabi_div0.c.obj                 4       0         0      
    +--+--------------------------------+-------+---------+---------+
       Total:                           2802    0         0      
                                                                 
       Stack:                           0       0         512    
       Linker Generated:                0       171       0      
    +--+--------------------------------+-------+---------+---------+
       Grand Total:                     35216   3059      2394   


LINKER GENERATED COPY TABLES

__TI_cinit_table @ 000095bc records: 2, size/record: 8, table size: 16
	.data: load addr=00009520, load size=00000087 bytes, run addr=20200600, run size=0000015d bytes, compression=lzss
	.bss: load addr=000095b4, load size=00000008 bytes, run addr=20200000, run size=00000600 bytes, compression=zero_init


LINKER GENERATED HANDLER TABLE

__TI_handler_table @ 000095a8 records: 3, size/record: 4, table size: 12
	index: 0, handler: __TI_decompress_lzss
	index: 1, handler: __TI_decompress_none
	index: 2, handler: __TI_zero_init


FAR CALL TRAMPOLINES

callee name               trampoline name
   callee addr  tramp addr   call addr  call info
--------------  -----------  ---------  ----------------
__aeabi_dsub              $Tramp$TT$L$PI$$__aeabi_dsub
   00004211     00008a14     00008a12   libc.a : _printfi.c.obj (.text.OUTLINED_FUNCTION_0)
_c_int00_noargs           $Tramp$TT$L$PI$$_c_int00_noargs
   00007f65     00008a70     00008a6a   startup_mspm0g350x_ticlang.o (.text.Reset_Handler)

[2 trampolines]
[2 trampoline calls]


GLOBAL SYMBOLS: SORTED ALPHABETICALLY BY Name 

address   name                                
-------   ----                                
00008a63  ADC0_IRQHandler                     
00008a63  ADC1_IRQHandler                     
202001f0  ADC_VALUE                           
00008a63  AES_IRQHandler                      
00007fb5  Beep_Stop                           
000052d9  Beep_Tick_1ms                       
000056a9  Beep_Trigger                        
00008a66  C$$EXIT                             
00008a63  CANFD0_IRQHandler                   
00007ce5  Cal_Black_Callback                  
00007d0d  Cal_White_Callback                  
202004c0  Cal_black                           
202002f0  Cal_page                            
202006a4  Cal_page_items                      
202004d8  Cal_white                           
00008a43  Center_Aim_Round_Callback           
000089ed  Centeraim__Start_Callback           
00006b8b  Compare_String                      
00008a63  DAC0_IRQHandler                     
00007189  DL_ADC12_setClockConfig             
000089f7  DL_Common_delayCycles               
00006e1d  DL_DMA_initChannel                  
00004c65  DL_Timer_initFourCCPWMMode          
000082b9  DL_Timer_setCaptCompUpdateMethod    
00008579  DL_Timer_setCaptureCompareOutCtl    
00008939  DL_Timer_setCaptureCompareValue     
000082d5  DL_Timer_setClockConfig             
00007031  DL_UART_init                        
00008345  DL_UART_receiveDataCheck            
000088e1  DL_UART_setClockConfig              
00008a63  DMA_IRQHandler                      
000053a5  Data_Item_Init                      
00001261  Data_Item_Input                     
00008a63  Default_Handler                     
00007cb9  Display_Char                        
00007921  Display_Char_Line                   
00006869  Easy_Menu_All_Clear                 
00002095  Easy_Menu_All_Update                
00005c51  Easy_Menu_Area_Clear                
0000620d  Easy_Menu_Display                   
000070c1  Easy_Menu_Display_Char              
00005e8d  Easy_Menu_Display_String            
00005ce1  Easy_Menu_Goto_Page                 
00007405  Easy_Menu_Init                      
00007dd5  Easy_Menu_Input                     
00007441  Easy_Menu_Printf                    
20200600  Easy_Menu_Ui_Data                   
00002961  Easy_Menu_Ui_Init                   
00008a63  GROUP0_IRQHandler                   
00007b2d  GROUP1_IRQHandler                   
00005535  Get_Analog_value                    
000077ed  Get_Anolog_Value                    
000076d3  Get_Normalize_For_User              
0000747d  Gimbal_Enable                       
0000837d  Gimbal_Enable_All                   
00005b21  Gimbal_MovePosition                 
00007951  Gimbal_Stop                         
00007825  Goto_Item_Init                      
00007ad1  Goto_Item_Input                     
00008a67  HOSTexit                            
00008a63  HardFault_Handler                   
00008a63  I2C0_IRQHandler                     
00008a63  I2C1_IRQHandler                     
00007859  I2C_Start                           
00007dfd  I2C_Stop                            
00007e25  I2C_WaitAck                         
00005049  JY62_ConfigMode                     
00006195  JY62_Init                           
00003419  JY62_ProcessData                    
00007e4d  JY62_Task                           
20200318  JY62_page                           
2020065c  JY62_page_items                     
000055f1  Jy62_Yaw_Acc_Callback               
00008809  Jy62_Yaw_Callback                   
0000770d  K230_Aim_Reset                      
00002d35  K230_Aim_Task                       
00007981  K230_Track_Init                     
00006451  Knob_EXTI_Handler                   
00008a01  Knob_Init                           
00005471  Knob_Tick_1ms                       
000058ad  Knob_get                            
00007fd9  Laser_Init                          
0000881d  Laser_Off                           
00008831  Laser_On                            
20200430  Lspeed                              
00007e75  Lspeed_Callback                     
00007ffd  Motor_A_GetEncoderCnt               
00008949  Motor_A_ResetEncoder                
0000594d  Motor_A_SetSpeed                    
0000601d  Motor_B_EncoderIRQHandler           
00008845  Motor_B_EncoderInit                 
000089b1  Motor_B_GetEncoderCnt               
000089bd  Motor_B_ResetEncoder                
000059e9  Motor_B_SetSpeed                    
00007745  Motor_Brake                         
0000777d  Motor_Coast                         
000079b1  Motor_Init                          
000079e1  Motor_ResetSpeedControl             
00007e9d  Motor_SetSpeed                      
00003e95  Motor_SpeedControl                  
000043a5  Motor_YawControl                    
00005bb9  Motor_YawIsAtTarget                 
00008361  Motor_YawSetTarget                  
00008a63  NMI_Handler                         
0000452d  No_MCU_Ganv_Sensor_Init             
000063dd  No_MCU_Ganv_Sensor_Init_Frist       
00007105  No_Mcu_Ganv_Sensor_Task_Without_tick
00006601  OLED_Clear                          
00004e69  OLED_Init                           
000074b9  OLED_Set_Pos                        
00004a41  OLED_ShowChar                       
00006dcd  OLED_WR_Byte                        
00003cbd  Ordinary_Page_Display               
00002535  Ordinary_Page_Enter                 
00008859  Ordinary_Page_Exit                  
0000609d  Ordinary_Page_Init                  
00000a91  Ordinary_Page_Input                 
000030b5  Ordinary_Page_Refresh               
00008a63  PendSV_Handler                      
00008a63  RTC_IRQHandler                      
00008a6b  Reset_Handler                       
20200454  Rspeed                              
00007ec5  Rspeed_Callback                     
00008a63  SPI0_IRQHandler                     
00008a63  SPI1_IRQHandler                     
00008a63  SVC_Handler                         
000064bd  SYSCFG_DL_ADC_line_detector_init    
00008639  SYSCFG_DL_DMA_CH0_init              
00007eed  SYSCFG_DL_DMA_detector_out_init     
000089c9  SYSCFG_DL_DMA_init                  
00004065  SYSCFG_DL_GPIO_init                 
00005d71  SYSCFG_DL_PWM_0_init                
00006d2d  SYSCFG_DL_QEI_0_init                
0000788d  SYSCFG_DL_SYSCTL_init               
000089d5  SYSCFG_DL_SYSTICK_init              
000071c9  SYSCFG_DL_UART_0_init               
00007209  SYSCFG_DL_UART_JY62_init            
00007249  SYSCFG_DL_UART_UP_init              
000074f5  SYSCFG_DL_init                      
00005a85  SYSCFG_DL_initPower                 
00006281  Send_Byte                           
00006c89  Show_Item_Init                      
00008a2f  Still_Aim_Callback                  
00008a39  Still_Aim_Draw_Rectangle_Callback   
00007289  Switch_Item_Init                    
0000697d  Switch_Item_Input                   
00007a11  SysTick_Handler                     
00008a63  TIMA0_IRQHandler                    
00008a63  TIMA1_IRQHandler                    
00008a63  TIMG0_IRQHandler                    
00008a63  TIMG12_IRQHandler                   
00008a63  TIMG6_IRQHandler                    
00008a63  TIMG7_IRQHandler                    
00008a63  TIMG8_IRQHandler                    
000088f3  TI_memcpy_small                     
000089a3  TI_memset_small                     
0000886d  Track_Pid__Kd_Callback              
00008881  Track_Pid__Kp_Callback              
00006529  Trackline_Calibrate_Black           
000069d5  Trackline_Calibrate_White           
00006c35  Trackline_Init                      
00006a2d  Trackline_Reset                     
000080cd  Trackline_Start_Callback            
00001a25  Trackline_Task                      
00007f15  Trackline__Round_Callback           
000047f1  UART0_IRQHandler                    
00007a41  UART1_IRQHandler                    
00008a63  UART2_IRQHandler                    
00008a63  UART3_IRQHandler                    
20208000  __STACK_END                         
00000200  __STACK_SIZE                        
00000000  __TI_ATRegion0_region_sz            
00000000  __TI_ATRegion0_src_addr             
00000000  __TI_ATRegion0_trg_addr             
00000000  __TI_ATRegion1_region_sz            
00000000  __TI_ATRegion1_src_addr             
00000000  __TI_ATRegion1_trg_addr             
00000000  __TI_ATRegion2_region_sz            
00000000  __TI_ATRegion2_src_addr             
00000000  __TI_ATRegion2_trg_addr             
000095bc  __TI_CINIT_Base                     
000095cc  __TI_CINIT_Limit                    
000095cc  __TI_CINIT_Warm                     
000095a8  __TI_Handler_Table_Base             
000095b4  __TI_Handler_Table_Limit            
00007621  __TI_auto_init_nobinit_nopinit      
00006119  __TI_decompress_lzss                
00008905  __TI_decompress_none                
00006a85  __TI_ltoa                           
ffffffff  __TI_pprof_out_hndl                 
000000c1  __TI_printfi                        
ffffffff  __TI_prof_data_size                 
ffffffff  __TI_prof_data_start                
00000000  __TI_static_base__                  
00008969  __TI_zero_init                      
0000421b  __adddf3                            
0000520b  __addsf3                            
000092b0  __aeabi_ctype_table_                
000092b0  __aeabi_ctype_table_C               
00006fe5  __aeabi_d2iz                        
0000421b  __aeabi_dadd                        
000067a1  __aeabi_dcmpeq                      
000067dd  __aeabi_dcmpge                      
000067f1  __aeabi_dcmpgt                      
000067c9  __aeabi_dcmple                      
000067b5  __aeabi_dcmplt                      
00004b59  __aeabi_ddiv                        
00004f65  __aeabi_dmul                        
00004211  __aeabi_dsub                        
202006d4  __aeabi_errno                       
00008a4d  __aeabi_errno_addr                  
00007309  __aeabi_f2d                         
000077b5  __aeabi_f2iz                        
0000520b  __aeabi_fadd                        
00006805  __aeabi_fcmpeq                      
00006841  __aeabi_fcmpge                      
00006855  __aeabi_fcmpgt                      
0000682d  __aeabi_fcmple                      
00006819  __aeabi_fcmplt                      
00005f99  __aeabi_fdiv                        
00005e01  __aeabi_fmul                        
00005201  __aeabi_fsub                        
00007c61  __aeabi_i2d                         
00007531  __aeabi_i2f                         
00006b35  __aeabi_idiv                        
000043a3  __aeabi_idiv0                       
00006b35  __aeabi_idivmod                     
00004f63  __aeabi_ldiv0                       
00008149  __aeabi_llsl                        
00008045  __aeabi_lmul                        
000089e1  __aeabi_memclr                      
000089e1  __aeabi_memclr4                     
000089e1  __aeabi_memclr8                     
00008a55  __aeabi_memcpy                      
00008a55  __aeabi_memcpy4                     
00008a55  __aeabi_memcpy8                     
00008979  __aeabi_memset                      
00008979  __aeabi_memset4                     
00008979  __aeabi_memset8                     
00008021  __aeabi_ui2d                        
00007f3d  __aeabi_ui2f                        
000072c9  __aeabi_uidiv                       
000072c9  __aeabi_uidivmod                    
00008895  __aeabi_uldivmod                    
00008149  __ashldi3                           
ffffffff  __binit__                           
0000666d  __cmpdf2                            
0000765d  __cmpsf2                            
00004b59  __divdf3                            
00005f99  __divsf3                            
0000666d  __eqdf2                             
0000765d  __eqsf2                             
00007309  __extendsfdf2                       
00006fe5  __fixdfsi                           
000077b5  __fixsfsi                           
00007c61  __floatsidf                         
00007531  __floatsisf                         
00008021  __floatunsidf                       
00007f3d  __floatunsisf                       
000062f5  __gedf2                             
0000756d  __gesf2                             
000062f5  __gtdf2                             
0000756d  __gtsf2                             
0000666d  __ledf2                             
0000765d  __lesf2                             
0000666d  __ltdf2                             
0000765d  __ltsf2                             
UNDEFED   __mpu_init                          
00004f65  __muldf3                            
00008045  __muldi3                            
00007699  __muldsi3                           
00005e01  __mulsf3                            
0000666d  __nedf2                             
0000765d  __nesf2                             
20207e00  __stack                             
20200000  __start___llvm_prf_bits             
20200000  __start___llvm_prf_cnts             
20200000  __stop___llvm_prf_bits              
20200000  __stop___llvm_prf_cnts              
00004211  __subdf3                            
00005201  __subsf3                            
00005809  __udivmoddi4                        
00007f65  _c_int00_noargs                     
UNDEFED   _system_post_cinit                  
00008a81  _system_pre_init                    
00008a5d  abort                               
000068c5  adc_getValue                        
00009080  asc2_0806                           
00008a90  asc2_1608                           
00007349  atoi                                
202006d8  ax                                  
202006dc  ay                                  
202006e0  az                                  
ffffffff  binit                               
20200240  center_aim_round                    
20200340  centeraim                           
202004f0  centeraim__start                    
202006ac  centeraim_items                     
00006595  convertAnalogToDigital              
000080ed  delay_ms                            
202006e4  delay_times                         
202000b0  easy_menu                           
00006921  frexp                               
00006921  frexpl                              
20200150  gQEI_0Backup                        
20200743  g_KnobEvent                         
202006e8  g_SystemTick                        
2020061c  g_Trackline                         
20200697  g_k230_data                         
20200747  g_k230_new_frame                    
20200748  g_laps                              
20200550  goto__Cal_page                      
20200564  goto__JY62_page                     
20200578  goto__centeraim                     
2020058c  goto__mov_aim                       
202005a0  goto__still_aim_task                
202005b4  goto__trackline                     
202005c8  goto__trackline_pid__page           
20200368  home_page                           
20200634  home_page_items                     
00000000  interruptVectors                    
20200751  jy62_new_data                       
20200478  jy62_yaw                            
2020049c  jy62_yaw_acc                        
00005129  ldexp                               
00005129  ldexpl                              
00004d69  main                                
00008069  memccpy                             
20200755  menu_move                           
20200390  mov_aim                             
20200718  mov_aim_items                       
0000575d  normalizeAnalogValues               
2020071c  pitch_angle                         
20200720  roll_angle                          
00005129  scalbn                              
00005129  scalbnl                             
20200508  still_aim                           
20200520  still_aim_draw_Rectangle            
202003b8  still_aim_task                      
202006b4  still_aim_task_items                
00008995  strlen                              
20200728  temperature                         
2020026c  track_pid__kd                       
20200298  track_pid__kp                       
202003e0  trackline                           
202002c4  trackline__round                    
202006bc  trackline_items                     
20200408  trackline_pid__page                 
202006c4  trackline_pid__page_items           
20200538  trackline_start                     
00007c8d  uart0_send_char                     
00007389  vsnprintf                           
00008959  wcslen                              
2020072c  wx                                  
20200730  wy                                  
20200734  wz                                  
20200738  yaw_angle                           


GLOBAL SYMBOLS: SORTED BY Symbol Address 

address   name                                
-------   ----                                
00000000  __TI_ATRegion0_region_sz            
00000000  __TI_ATRegion0_src_addr             
00000000  __TI_ATRegion0_trg_addr             
00000000  __TI_ATRegion1_region_sz            
00000000  __TI_ATRegion1_src_addr             
00000000  __TI_ATRegion1_trg_addr             
00000000  __TI_ATRegion2_region_sz            
00000000  __TI_ATRegion2_src_addr             
00000000  __TI_ATRegion2_trg_addr             
00000000  __TI_static_base__                  
00000000  interruptVectors                    
000000c1  __TI_printfi                        
00000200  __STACK_SIZE                        
00000a91  Ordinary_Page_Input                 
00001261  Data_Item_Input                     
00001a25  Trackline_Task                      
00002095  Easy_Menu_All_Update                
00002535  Ordinary_Page_Enter                 
00002961  Easy_Menu_Ui_Init                   
00002d35  K230_Aim_Task                       
000030b5  Ordinary_Page_Refresh               
00003419  JY62_ProcessData                    
00003cbd  Ordinary_Page_Display               
00003e95  Motor_SpeedControl                  
00004065  SYSCFG_DL_GPIO_init                 
00004211  __aeabi_dsub                        
00004211  __subdf3                            
0000421b  __adddf3                            
0000421b  __aeabi_dadd                        
000043a3  __aeabi_idiv0                       
000043a5  Motor_YawControl                    
0000452d  No_MCU_Ganv_Sensor_Init             
000047f1  UART0_IRQHandler                    
00004a41  OLED_ShowChar                       
00004b59  __aeabi_ddiv                        
00004b59  __divdf3                            
00004c65  DL_Timer_initFourCCPWMMode          
00004d69  main                                
00004e69  OLED_Init                           
00004f63  __aeabi_ldiv0                       
00004f65  __aeabi_dmul                        
00004f65  __muldf3                            
00005049  JY62_ConfigMode                     
00005129  ldexp                               
00005129  ldexpl                              
00005129  scalbn                              
00005129  scalbnl                             
00005201  __aeabi_fsub                        
00005201  __subsf3                            
0000520b  __addsf3                            
0000520b  __aeabi_fadd                        
000052d9  Beep_Tick_1ms                       
000053a5  Data_Item_Init                      
00005471  Knob_Tick_1ms                       
00005535  Get_Analog_value                    
000055f1  Jy62_Yaw_Acc_Callback               
000056a9  Beep_Trigger                        
0000575d  normalizeAnalogValues               
00005809  __udivmoddi4                        
000058ad  Knob_get                            
0000594d  Motor_A_SetSpeed                    
000059e9  Motor_B_SetSpeed                    
00005a85  SYSCFG_DL_initPower                 
00005b21  Gimbal_MovePosition                 
00005bb9  Motor_YawIsAtTarget                 
00005c51  Easy_Menu_Area_Clear                
00005ce1  Easy_Menu_Goto_Page                 
00005d71  SYSCFG_DL_PWM_0_init                
00005e01  __aeabi_fmul                        
00005e01  __mulsf3                            
00005e8d  Easy_Menu_Display_String            
00005f99  __aeabi_fdiv                        
00005f99  __divsf3                            
0000601d  Motor_B_EncoderIRQHandler           
0000609d  Ordinary_Page_Init                  
00006119  __TI_decompress_lzss                
00006195  JY62_Init                           
0000620d  Easy_Menu_Display                   
00006281  Send_Byte                           
000062f5  __gedf2                             
000062f5  __gtdf2                             
000063dd  No_MCU_Ganv_Sensor_Init_Frist       
00006451  Knob_EXTI_Handler                   
000064bd  SYSCFG_DL_ADC_line_detector_init    
00006529  Trackline_Calibrate_Black           
00006595  convertAnalogToDigital              
00006601  OLED_Clear                          
0000666d  __cmpdf2                            
0000666d  __eqdf2                             
0000666d  __ledf2                             
0000666d  __ltdf2                             
0000666d  __nedf2                             
000067a1  __aeabi_dcmpeq                      
000067b5  __aeabi_dcmplt                      
000067c9  __aeabi_dcmple                      
000067dd  __aeabi_dcmpge                      
000067f1  __aeabi_dcmpgt                      
00006805  __aeabi_fcmpeq                      
00006819  __aeabi_fcmplt                      
0000682d  __aeabi_fcmple                      
00006841  __aeabi_fcmpge                      
00006855  __aeabi_fcmpgt                      
00006869  Easy_Menu_All_Clear                 
000068c5  adc_getValue                        
00006921  frexp                               
00006921  frexpl                              
0000697d  Switch_Item_Input                   
000069d5  Trackline_Calibrate_White           
00006a2d  Trackline_Reset                     
00006a85  __TI_ltoa                           
00006b35  __aeabi_idiv                        
00006b35  __aeabi_idivmod                     
00006b8b  Compare_String                      
00006c35  Trackline_Init                      
00006c89  Show_Item_Init                      
00006d2d  SYSCFG_DL_QEI_0_init                
00006dcd  OLED_WR_Byte                        
00006e1d  DL_DMA_initChannel                  
00006fe5  __aeabi_d2iz                        
00006fe5  __fixdfsi                           
00007031  DL_UART_init                        
000070c1  Easy_Menu_Display_Char              
00007105  No_Mcu_Ganv_Sensor_Task_Without_tick
00007189  DL_ADC12_setClockConfig             
000071c9  SYSCFG_DL_UART_0_init               
00007209  SYSCFG_DL_UART_JY62_init            
00007249  SYSCFG_DL_UART_UP_init              
00007289  Switch_Item_Init                    
000072c9  __aeabi_uidiv                       
000072c9  __aeabi_uidivmod                    
00007309  __aeabi_f2d                         
00007309  __extendsfdf2                       
00007349  atoi                                
00007389  vsnprintf                           
00007405  Easy_Menu_Init                      
00007441  Easy_Menu_Printf                    
0000747d  Gimbal_Enable                       
000074b9  OLED_Set_Pos                        
000074f5  SYSCFG_DL_init                      
00007531  __aeabi_i2f                         
00007531  __floatsisf                         
0000756d  __gesf2                             
0000756d  __gtsf2                             
00007621  __TI_auto_init_nobinit_nopinit      
0000765d  __cmpsf2                            
0000765d  __eqsf2                             
0000765d  __lesf2                             
0000765d  __ltsf2                             
0000765d  __nesf2                             
00007699  __muldsi3                           
000076d3  Get_Normalize_For_User              
0000770d  K230_Aim_Reset                      
00007745  Motor_Brake                         
0000777d  Motor_Coast                         
000077b5  __aeabi_f2iz                        
000077b5  __fixsfsi                           
000077ed  Get_Anolog_Value                    
00007825  Goto_Item_Init                      
00007859  I2C_Start                           
0000788d  SYSCFG_DL_SYSCTL_init               
00007921  Display_Char_Line                   
00007951  Gimbal_Stop                         
00007981  K230_Track_Init                     
000079b1  Motor_Init                          
000079e1  Motor_ResetSpeedControl             
00007a11  SysTick_Handler                     
00007a41  UART1_IRQHandler                    
00007ad1  Goto_Item_Input                     
00007b2d  GROUP1_IRQHandler                   
00007c61  __aeabi_i2d                         
00007c61  __floatsidf                         
00007c8d  uart0_send_char                     
00007cb9  Display_Char                        
00007ce5  Cal_Black_Callback                  
00007d0d  Cal_White_Callback                  
00007dd5  Easy_Menu_Input                     
00007dfd  I2C_Stop                            
00007e25  I2C_WaitAck                         
00007e4d  JY62_Task                           
00007e75  Lspeed_Callback                     
00007e9d  Motor_SetSpeed                      
00007ec5  Rspeed_Callback                     
00007eed  SYSCFG_DL_DMA_detector_out_init     
00007f15  Trackline__Round_Callback           
00007f3d  __aeabi_ui2f                        
00007f3d  __floatunsisf                       
00007f65  _c_int00_noargs                     
00007fb5  Beep_Stop                           
00007fd9  Laser_Init                          
00007ffd  Motor_A_GetEncoderCnt               
00008021  __aeabi_ui2d                        
00008021  __floatunsidf                       
00008045  __aeabi_lmul                        
00008045  __muldi3                            
00008069  memccpy                             
000080cd  Trackline_Start_Callback            
000080ed  delay_ms                            
00008149  __aeabi_llsl                        
00008149  __ashldi3                           
000082b9  DL_Timer_setCaptCompUpdateMethod    
000082d5  DL_Timer_setClockConfig             
00008345  DL_UART_receiveDataCheck            
00008361  Motor_YawSetTarget                  
0000837d  Gimbal_Enable_All                   
00008579  DL_Timer_setCaptureCompareOutCtl    
00008639  SYSCFG_DL_DMA_CH0_init              
00008809  Jy62_Yaw_Callback                   
0000881d  Laser_Off                           
00008831  Laser_On                            
00008845  Motor_B_EncoderInit                 
00008859  Ordinary_Page_Exit                  
0000886d  Track_Pid__Kd_Callback              
00008881  Track_Pid__Kp_Callback              
00008895  __aeabi_uldivmod                    
000088e1  DL_UART_setClockConfig              
000088f3  TI_memcpy_small                     
00008905  __TI_decompress_none                
00008939  DL_Timer_setCaptureCompareValue     
00008949  Motor_A_ResetEncoder                
00008959  wcslen                              
00008969  __TI_zero_init                      
00008979  __aeabi_memset                      
00008979  __aeabi_memset4                     
00008979  __aeabi_memset8                     
00008995  strlen                              
000089a3  TI_memset_small                     
000089b1  Motor_B_GetEncoderCnt               
000089bd  Motor_B_ResetEncoder                
000089c9  SYSCFG_DL_DMA_init                  
000089d5  SYSCFG_DL_SYSTICK_init              
000089e1  __aeabi_memclr                      
000089e1  __aeabi_memclr4                     
000089e1  __aeabi_memclr8                     
000089ed  Centeraim__Start_Callback           
000089f7  DL_Common_delayCycles               
00008a01  Knob_Init                           
00008a2f  Still_Aim_Callback                  
00008a39  Still_Aim_Draw_Rectangle_Callback   
00008a43  Center_Aim_Round_Callback           
00008a4d  __aeabi_errno_addr                  
00008a55  __aeabi_memcpy                      
00008a55  __aeabi_memcpy4                     
00008a55  __aeabi_memcpy8                     
00008a5d  abort                               
00008a63  ADC0_IRQHandler                     
00008a63  ADC1_IRQHandler                     
00008a63  AES_IRQHandler                      
00008a63  CANFD0_IRQHandler                   
00008a63  DAC0_IRQHandler                     
00008a63  DMA_IRQHandler                      
00008a63  Default_Handler                     
00008a63  GROUP0_IRQHandler                   
00008a63  HardFault_Handler                   
00008a63  I2C0_IRQHandler                     
00008a63  I2C1_IRQHandler                     
00008a63  NMI_Handler                         
00008a63  PendSV_Handler                      
00008a63  RTC_IRQHandler                      
00008a63  SPI0_IRQHandler                     
00008a63  SPI1_IRQHandler                     
00008a63  SVC_Handler                         
00008a63  TIMA0_IRQHandler                    
00008a63  TIMA1_IRQHandler                    
00008a63  TIMG0_IRQHandler                    
00008a63  TIMG12_IRQHandler                   
00008a63  TIMG6_IRQHandler                    
00008a63  TIMG7_IRQHandler                    
00008a63  TIMG8_IRQHandler                    
00008a63  UART2_IRQHandler                    
00008a63  UART3_IRQHandler                    
00008a66  C$$EXIT                             
00008a67  HOSTexit                            
00008a6b  Reset_Handler                       
00008a81  _system_pre_init                    
00008a90  asc2_1608                           
00009080  asc2_0806                           
000092b0  __aeabi_ctype_table_                
000092b0  __aeabi_ctype_table_C               
000095a8  __TI_Handler_Table_Base             
000095b4  __TI_Handler_Table_Limit            
000095bc  __TI_CINIT_Base                     
000095cc  __TI_CINIT_Limit                    
000095cc  __TI_CINIT_Warm                     
20200000  __start___llvm_prf_bits             
20200000  __start___llvm_prf_cnts             
20200000  __stop___llvm_prf_bits              
20200000  __stop___llvm_prf_cnts              
202000b0  easy_menu                           
20200150  gQEI_0Backup                        
202001f0  ADC_VALUE                           
20200240  center_aim_round                    
2020026c  track_pid__kd                       
20200298  track_pid__kp                       
202002c4  trackline__round                    
202002f0  Cal_page                            
20200318  JY62_page                           
20200340  centeraim                           
20200368  home_page                           
20200390  mov_aim                             
202003b8  still_aim_task                      
202003e0  trackline                           
20200408  trackline_pid__page                 
20200430  Lspeed                              
20200454  Rspeed                              
20200478  jy62_yaw                            
2020049c  jy62_yaw_acc                        
202004c0  Cal_black                           
202004d8  Cal_white                           
202004f0  centeraim__start                    
20200508  still_aim                           
20200520  still_aim_draw_Rectangle            
20200538  trackline_start                     
20200550  goto__Cal_page                      
20200564  goto__JY62_page                     
20200578  goto__centeraim                     
2020058c  goto__mov_aim                       
202005a0  goto__still_aim_task                
202005b4  goto__trackline                     
202005c8  goto__trackline_pid__page           
20200600  Easy_Menu_Ui_Data                   
2020061c  g_Trackline                         
20200634  home_page_items                     
2020065c  JY62_page_items                     
20200697  g_k230_data                         
202006a4  Cal_page_items                      
202006ac  centeraim_items                     
202006b4  still_aim_task_items                
202006bc  trackline_items                     
202006c4  trackline_pid__page_items           
202006d4  __aeabi_errno                       
202006d8  ax                                  
202006dc  ay                                  
202006e0  az                                  
202006e4  delay_times                         
202006e8  g_SystemTick                        
20200718  mov_aim_items                       
2020071c  pitch_angle                         
20200720  roll_angle                          
20200728  temperature                         
2020072c  wx                                  
20200730  wy                                  
20200734  wz                                  
20200738  yaw_angle                           
20200743  g_KnobEvent                         
20200747  g_k230_new_frame                    
20200748  g_laps                              
20200751  jy62_new_data                       
20200755  menu_move                           
20207e00  __stack                             
20208000  __STACK_END                         
ffffffff  __TI_pprof_out_hndl                 
ffffffff  __TI_prof_data_size                 
ffffffff  __TI_prof_data_start                
ffffffff  __binit__                           
ffffffff  binit                               
UNDEFED   __mpu_init                          
UNDEFED   _system_post_cinit                  

[357 symbols]
